
 RUN  v3.2.7 /Users/lijinlong/Desktop/Jinlong_Project/Coding_project/AI_Desktop/XAI_Desktop

 ❯ docs/reviews/web-ai-tool-receipt-fix/no-subscriber.test.tsx (1 test | 1 failed) 1805ms
   × does not tell the model that a tool succeeded when no business subscriber replies 1805ms
     → expected [ { text: 'Create task', …(4) }, …(1) ] to have a length of 1 but got 2

⎯⎯⎯⎯⎯⎯⎯ Failed Tests 1 ⎯⎯⎯⎯⎯⎯⎯

 FAIL  docs/reviews/web-ai-tool-receipt-fix/no-subscriber.test.tsx > does not tell the model that a tool succeeded when no business subscriber replies
AssertionError: expected [ { text: 'Create task', …(4) }, …(1) ] to have a length of 1 but got 2

- Expected
+ Received

- 1
+ 2

 ❯ docs/reviews/web-ai-tool-receipt-fix/no-subscriber.test.tsx:19:17
     17|   });
     18|   await act(async () => { fireEvent.click(container.querySelector('.ai…
     19|   expect(calls).toHaveLength(1);
       |                 ^
     20|   expect(screen.getByRole('alert').textContent).toMatch(/not saved|not…
     21|   expect(container.querySelector('.ai-confirmation-card')).not.toBeNul…

⎯⎯⎯⎯⎯⎯⎯⎯⎯⎯⎯⎯⎯⎯⎯⎯⎯⎯⎯⎯⎯⎯⎯⎯[1/1]⎯


 Test Files  1 failed (1)
      Tests  1 failed (1)
   Start at  14:20:25
   Duration  2.96s (transform 308ms, setup 87ms, collect 493ms, tests 1.81s, environment 232ms, prepare 63ms)

