requested_revision=24073b5
resolved_commit=24073b522262d8b4bec0abfa29347db28adbdd9e
resolved_tree=95b4aaff59927eee82248a6133e357e9c70e04ec
appearance_package_tree=4a55201cf0b55ed76c272e90006b5986790d0a2f shell_package_tree=372b08be267a7dd7f734c8ff0c770a7ca3a87cf1 web_app_tree=23f1070ec28841df45d13c12f0523e679f46dcba
mode=replay
suffix=oe2
command=XAI_DEPS_ROOT=/Users/lijinlong/Desktop/Jinlong_Project/Coding_project/AI_Desktop/XAI_Desktop node docs/reviews/web-appearance-recovery-oracle-erratum/verify-erratum.mjs 24073b5 replay oe2
runner_checkout_head=3552631c8accc9b0b2b8af1b6d2bfbc1bcadb2fd
vitest_bin=/Users/lijinlong/Desktop/Jinlong_Project/Coding_project/AI_Desktop/XAI_Desktop/packages/xai-web-settings-appearance/node_modules/.bin/vitest
vitest_version=3.2.7 vite_version=7.3.6 jsdom_version=26.1.0 node=v24.16.0 platform=darwin-arm64 tz=America/Los_Angeles
dependency_root=/Users/lijinlong/Desktop/Jinlong_Project/Coding_project/AI_Desktop/XAI_Desktop
lockfile_gate_sha256=df05f2ddfd7f2d04d526ec3cccf6559991686188a0e4bcbc48d2b0451c9aeab9
dependency_lockfile_sha256=df05f2ddfd7f2d04d526ec3cccf6559991686188a0e4bcbc48d2b0451c9aeab9
archive_lockfile_sha256=df05f2ddfd7f2d04d526ec3cccf6559991686188a0e4bcbc48d2b0451c9aeab9
extracted_lockfile_sha256=df05f2ddfd7f2d04d526ec3cccf6559991686188a0e4bcbc48d2b0451c9aeab9
frozen_inputs_sha256 docs/reviews/web-appearance-recovery-sol/fixture.tsx=acd26ad860c90e1a688232db2f8da4b2d016b7a537d53afb3fea528f584666e3 docs/reviews/web-appearance-recovery-sol/continuity-export.test.tsx=776da524f7479e03d067c2426345df1fb30e518581c7bbfd33a0f1d0838e79ce docs/reviews/web-appearance-recovery-sol/verify-fixed.mjs=a451df6aa05fcae5b6fb77266d6ef8d990b4e97b91755c0723f442239fbf5c1e
erratum_sha256 verify-erratum.mjs=354c220b0cddb6997486a52afe88182c11d622d490d00da7fd2cabd3fddf81d8 continuity-export.corrected.test.tsx=6e9c7def13a5128534a245653c90414c805a5af7597e7a12644189a258a5909a continuity-export.corrected.diff=354bf6561db0ba238212f554597e1a9c23065a2b8e6a36d053f8c13cd2b030c1 oe-replay.test.tsx=6261aa76d3b934d2d614876ecf7b96c0900388d76778875b2606d181b796ce18
staged docs/reviews/web-appearance-recovery-sol/fixture.tsx->docs/reviews/web-appearance-recovery-oracle-erratum/fixture.tsx=acd26ad860c90e1a688232db2f8da4b2d016b7a537d53afb3fea528f584666e3 docs/reviews/web-appearance-recovery-oracle-erratum/oe-replay.test.tsx->docs/reviews/web-appearance-recovery-oracle-erratum/oe-replay.test.tsx=6261aa76d3b934d2d614876ecf7b96c0900388d76778875b2606d181b796ce18
corrected_diff_check not-applicable
archive_file_sha256 packages/xai-web-settings-appearance/src/AppearancePane.tsx=0818f7ee1cb9b525e6fac603ba4958b175dd401e0fd754d05ed3ac7d88e27c8f packages/xai-web-settings-appearance/src/internal/appearancePane.tsx=34b938200d1a43a9e73b1e5e6397ed7014ca763abb5082040d72cd309f43309c packages/xai-web-settings-appearance/src/types.ts=40a72a058ba1e4b64f40afe8a31d590935d800e786d065248a8030f3137eeae3 packages/xai-web-settings-appearance/src/index.ts=9113e85cab3eee31e1f54e5220b87e8d8eac69a48f73b2697a8662dac1d5caef packages/xai-web-settings-appearance/src/styles.css=c3d3393d48b98b61aa4f218d4eec7ff61ed56b5ab2961961e368f3d24ba192bf packages/xai-web-settings-appearance/vitest.setup.ts=8f6aedf733a84b6244bde5e8be1421625cf2eccab78683488963f0e749a9057e packages/xai-web-settings-appearance/vitest.config.ts=d12410da12f81e89d4aa07db2fc0856d3b58768e398809d3e31942052bc465c6 apps/web/src/App.tsx=24461a52a34c83d9e9e51dc92d99db6d76e4c56435bec3e5293e0937a8cc935a packages/xai-web-shell/src/Topbar.tsx=87b243344cb055d0a55b5e749bfeceb97b16c6a72a442ee1f990a76ced74c1f0 packages/xai-web-shell/src/Shell.tsx=1f5fc6c7281c74d1c08b5fac99d90feae79637f5c349fa38823dc2f042428c5f packages/xai-web-shell/src/types.ts=ada0b296ed314bdb74b8847dac2b6a20bc3ffc297ded929b7f4f8ad09a88d93a apps/web/src/routes/modules/departureCoordinator.tsx=0844a697b146b07fceb1835da7c4410db8812bc07bdea362f3386e991a2bc075 packages/plugin-web-settings-shell/src/SettingsFooter.tsx=afecc734e7a96a8f7d289de2c3f6def5a1391c72e59f2fa61700f67a691c76ce packages/plugin-web-storage/src/internal/usePrefAsync.ts=541fae97413104b8db90c20d7b565a5492f17fc74d79b3e975f954d7189a4491 packages/plugin-web-storage/src/internal/prefMutation.ts=3f8840ac8e7e824ddc9aacb6839d19a0602244235dbfd542f686ca749125ec00 packages/plugin-web-storage/src/internal/usePref.ts=e1f2c9131cb9a00a2dff3951f4c95b2a7ad68692d0bf409b0ef511df137fa188 packages/plugin-web-storage/src/internal/storage.ts=b51bcaa0de96cb9731df1253d256896397286cdbdad2ff9285984be15ebd6421 packages/plugin-web-storage/src/AccountDataGate.tsx=7519485bb7bbec8765909ae1855391e0458ca6a2a18ef6f81fa0fcac472328b9 packages/xai-web-settings-appearance/src/internal/appearanceController.tsx=64d6c8b74f689bc989bc8d1bcfa85bb333b068826829269f1e31d97cd2878e5a
oracle_dependency_links react->node_modules/.pnpm/react@19.2.0/node_modules/react@19.2.0 react-dom->node_modules/.pnpm/react-dom@19.2.0_react@19.2.0/node_modules/react-dom@19.2.0 @testing-library/react->node_modules/.pnpm/@testing-library+react@16.3.2_@testing-library+dom@10.4.1_@types+react-dom@19.2.2_@types+reac_e3xwhmuswug3dvrnpc5jogthwq/node_modules/@testing-library/react@16.3.2 @testing-library/user-event->node_modules/.pnpm/@testing-library+user-event@14.6.1_@testing-library+dom@10.4.1/node_modules/@testing-library/user-event@14.6.1 react-router->node_modules/.pnpm/react-router@7.15.1_react-dom@19.2.0_react@19.2.0__react@19.2.0/node_modules/react-router@7.15.1 vitest->node_modules/.pnpm/vitest@3.2.7_@types+node@22.15.3_jsdom@26.1.0/node_modules/vitest@3.2.7 @types/react->node_modules/.pnpm/@types+react@19.2.2/node_modules/@types/react@19.2.2
node_modules_links third_party=448 workspace=281
tsconfig_extends_unresolved=none (checked 46)
aliases=75 exact-match archive export specifiers
run[0] oe-replay.test.tsx: include=docs/reviews/web-appearance-recovery-oracle-erratum/oe-replay.test.tsx vitest_args=run --config /private/var/folders/zk/bxw8sv_15xx51q2mf6xhdb8c0000gn/T/xai-appearance-erratum-furpyo/appearance-erratum-replay.vitest.config.mjs --reporter=verbose --reporter=json --outputFile.json=/private/var/folders/zk/bxw8sv_15xx51q2mf6xhdb8c0000gn/T/xai-appearance-erratum-furpyo/.report-replay.json vitest_exit=0 cases=2 passed=2 failed=0 precondition_failures=0 suite_errors=0 unhandled_error_lines=0 json_report=success=true numTotalTests=2 numPassedTests=2 numFailedTests=0
exit=0
harness_checks=PASS (7/7)
==== run[0] oe-replay.test.tsx ====
---- stdout ----

 RUN  v3.2.7 /private/var/folders/zk/bxw8sv_15xx51q2mf6xhdb8c0000gn/T/xai-appearance-erratum-furpyo

stdout | docs/reviews/web-appearance-recovery-oracle-erratum/oe-replay.test.tsx > REPLAY OE-1 case 006 steps unchanged (native write after mount, no StorageEvent), then record Reset, Retry and Discard
SOL-OBS OE-1 after the accent edit {"accent":"295"}

stdout | docs/reviews/web-appearance-recovery-oracle-erratum/oe-replay.test.tsx > REPLAY OE-1 case 006 steps unchanged (native write after mount, no StorageEvent), then record Reset, Retry and Discard
SOL-OBS OE-1 after Reset to defaults {"writes":["remove:xai_accent_hue"],"bytes":{"accent":null,"rail":"top","bg":"peach"},"shown":{"accent":165,"rail":"left","bg":"default"},"notReset":{"accent":false,"rail":true,"bg":true},"notSaved":{"accent":false,"rail":false,"bg":false},"retry":{"accent":false,"rail":true,"bg":true},"discard":{"accent":false,"rail":true,"bg":true},"statusLine":"2 appearance changes are not saved.","unloadWarns":true}

stdout | docs/reviews/web-appearance-recovery-oracle-erratum/oe-replay.test.tsx > REPLAY OE-1 case 006 steps unchanged (native write after mount, no StorageEvent), then record Reset, Retry and Discard
SOL-OBS OE-1 after Retry Sidebar position {"retryRendered":true,"writes":[],"rail":"top","notReset":true,"statusLine":"2 appearance changes are not saved."}

stdout | docs/reviews/web-appearance-recovery-oracle-erratum/oe-replay.test.tsx > REPLAY OE-1 case 006 steps unchanged (native write after mount, no StorageEvent), then record Reset, Retry and Discard
SOL-OBS OE-1 after Discard Sidebar position {"discardRendered":true,"writes":[],"rail":"top","shown":"top","notReset":false,"statusLine":"1 appearance change is not saved."}

 ✓ docs/reviews/web-appearance-recovery-oracle-erratum/oe-replay.test.tsx > REPLAY OE-1 case 006 steps unchanged (native write after mount, no StorageEvent), then record Reset, Retry and Discard 370ms
stdout | docs/reviews/web-appearance-recovery-oracle-erratum/oe-replay.test.tsx > REPLAY OE-2 case 007 steps unchanged up to the Mist choice with only the tone write failing, then record the writes and the bytes at unmount
SOL-OBS OE-2 after the Mist choice {"writes":["set:xai_bg_tone=mist!threw","set:xai_accent_hue=230"],"bytes":{"accent":"230","rail":null,"bg":null},"shown":{"accent":230,"rail":"left","bg":"mist"},"notReset":{"accent":false,"rail":false,"bg":false},"notSaved":{"accent":false,"rail":false,"bg":true},"retry":{"accent":false,"rail":false,"bg":true},"discard":{"accent":false,"rail":false,"bg":true},"statusLine":"1 appearance change is not saved.","unloadWarns":true}
SOL-OBS OE-2 after unmount {"unloadWarns":false,"accent":"230","rail":null,"bg":null,"attemptsSinceUnmount":0}

 ✓ docs/reviews/web-appearance-recovery-oracle-erratum/oe-replay.test.tsx > REPLAY OE-2 case 007 steps unchanged up to the Mist choice with only the tone write failing, then record the writes and the bytes at unmount 218ms

 Test Files  1 passed (1)
      Tests  2 passed (2)
   Start at  01:12:55
   Duration  4.70s (transform 2.08s, setup 76ms, collect 3.36s, tests 588ms, environment 350ms, prepare 62ms)

JSON report written to /private/var/folders/zk/bxw8sv_15xx51q2mf6xhdb8c0000gn/T/xai-appearance-erratum-furpyo/.report-replay.json

---- stderr ----

---- run pin record ----
pin_config {"root":"/private/var/folders/zk/bxw8sv_15xx51q2mf6xhdb8c0000gn/T/xai-appearance-erratum-furpyo","cacheDir":"/private/var/folders/zk/bxw8sv_15xx51q2mf6xhdb8c0000gn/T/xai-appearance-erratum-furpyo/.appearance-erratum-vite-cache/vitest/da39a3ee5e6b4b0d3255bfef95601890afd80709","environment":"jsdom","globals":true,"setupFiles":["/private/var/folders/zk/bxw8sv_15xx51q2mf6xhdb8c0000gn/T/xai-appearance-erratum-furpyo/packages/xai-web-settings-appearance/vitest.setup.ts"],"include":["docs/reviews/web-appearance-recovery-oracle-erratum/oe-replay.test.tsx"]}
pin_unaliased_repo_imports=0
pin_required_provenance_missing=none
pin_required_provenance packages/xai-web-settings-appearance/src/AppearancePane.tsx packages/xai-web-settings-appearance/src/internal/appearancePane.tsx packages/plugin-web-storage/src/internal/usePref.ts packages/plugin-web-storage/src/internal/usePrefAsync.ts packages/plugin-web-storage/src/internal/prefMutation.ts packages/plugin-web-storage/src/internal/accountScope.ts packages/plugin-web-storage/src/internal/storage.ts apps/web/src/App.tsx apps/web/src/routes/router.tsx apps/web/src/routes/RouteGateElements.tsx apps/web/src/routes/modules/composedSettingsRegistration.tsx apps/web/src/routes/modules/departureCoordinator.tsx apps/web/src/providers/AccountStorageGate.tsx packages/plugin-web-storage/src/AccountDataGate.tsx packages/xai-web-shell/src/Shell.tsx packages/xai-web-shell/src/Topbar.tsx packages/xai-web-shell/src/AppRail.tsx packages/xai-web-pet/src/DesktopPet.tsx packages/xai-web-cmdk/src/CommandPalette.tsx packages/xai-web-event-bus/src/emitter.ts packages/web-auth-device-session/src/session.tsx packages/web-auth-device-session/src/guards.tsx
pin_modules=625 by package: apps/web=27 docs/reviews=2 packages/core-data=11 packages/core=8 packages/plugin-productivity=8 packages/plugin-web-ai-chat=29 packages/plugin-web-board-core=21 packages/plugin-web-board-views=16 packages/plugin-web-board-workspaces=30 packages/plugin-web-bookkeeping=13 packages/plugin-web-countdown=17 packages/plugin-web-metric-tracker=10 packages/plugin-web-pomodoro=22 packages/plugin-web-settings-rest=42 packages/plugin-web-settings-shell=14 packages/plugin-web-statistics=26 packages/plugin-web-storage=23 packages/plugin-web-time-tracker=9 packages/plugin-web-tokens=7 packages/web-auth-device-session=20 packages/xai-web-calendar=46 packages/xai-web-cmdk=28 packages/xai-web-dashboard-grid=20 packages/xai-web-dashboard-widgets=42 packages/xai-web-event-bus=4 packages/xai-web-habits=26 packages/xai-web-matrix=20 packages/xai-web-meditation=19 packages/xai-web-pet=10 packages/xai-web-settings-appearance=11 packages/xai-web-settings-features-panel=12 packages/xai-web-shell=9 packages/xai-web-tasks=23
---- runner summary ----
totals cases=2 passed=2 failed=0 skipped=0 precondition_failures=0
harness PASS [oe-replay.test.tsx] JSON report parsed
harness PASS [oe-replay.test.tsx] reported files equal the requested include
harness PASS [oe-replay.test.tsx] config in effect (environment jsdom, globals true, setupFiles [packages/xai-web-settings-appearance/vitest.setup.ts], root = archive)
harness PASS [oe-replay.test.tsx] guard plugin active (archive modules recorded)
harness PASS [oe-replay.test.tsx] required product modules loaded from the archive (22)
harness PASS [oe-replay.test.tsx] no test-file suite error
harness PASS [oe-replay.test.tsx] staged fixture is the frozen fixture (acd26ad860c9…) and was loaded from the archive
case 001 PASSED | REPLAY OE-1 case 006 steps unchanged (native write after mount, no StorageEvent), then record Reset, Retry and Discard
case 002 PASSED | REPLAY OE-2 case 007 steps unchanged up to the Mist choice with only the tone write failing, then record the writes and the bytes at unmount
