revision=40ffbe1 fixed_commit=40ffbe1667e0e7391c390c04b533ff6343e0e8ad
exit=0

 RUN  v3.2.7 /var/folders/zk/bxw8sv_15xx51q2mf6xhdb8c0000gn/T/xai-detail-review-ahZi5Z

 ✓ packages/plugin-web-settings-rest/src/__tests__/DeleteAccountConfirmModal.test.tsx (19 tests) 115ms
 ✓ packages/plugin-web-settings-rest/src/__tests__/accountDeletionRecovery.test.tsx (10 tests) 126ms
 ✓ packages/plugin-web-settings-rest/src/__tests__/accountPane.test.tsx (12 tests) 241ms
 ✓ packages/plugin-web-settings-rest/src/__tests__/useAccountDeleteOrchestrator.test.tsx (15 tests) 63ms
 ✓ packages/plugin-web-settings-rest/src/__tests__/integrationsPane.test.tsx (18 tests) 444ms
 ✓ packages/plugin-web-settings-rest/src/__tests__/aiPane.test.tsx (13 tests) 247ms
 ✓ packages/plugin-web-settings-rest/src/__tests__/accountDeleteHttpFailure.test.tsx (7 tests) 109ms
 ✓ packages/plugin-web-settings-rest/src/__tests__/CallbackPage.test.tsx (9 tests) 194ms
 ✓ packages/plugin-web-settings-rest/src/__tests__/smartListsRecovery.test.tsx (4 tests) 1024ms
   ✓ Smart Lists async map recovery > persists all twelve DOM producers as one valid sparse map and retains an unknown extension  426ms
 ✓ packages/plugin-web-settings-rest/src/__tests__/oauthState.test.ts (12 tests) 40ms
 ✓ packages/plugin-web-settings-rest/src/__tests__/no-localstorage-clear.test.ts (2 tests) 16ms
 ✓ packages/plugin-web-settings-rest/src/__tests__/morePane.test.tsx (12 tests) 1017ms
 ✓ packages/plugin-web-settings-rest/src/__tests__/CheckoutSuccessPage.test.tsx (10 tests) 222ms
 ✓ packages/plugin-web-settings-rest/src/__tests__/DeviceRecoveryExport.test.tsx (4 tests) 438ms
 ✓ packages/plugin-web-settings-rest/src/__tests__/stickyPane.test.tsx (10 tests) 345ms
 ✓ packages/plugin-web-settings-rest/src/__tests__/no-stripe-secret-key.test.ts (2 tests) 14ms
 ✓ packages/plugin-web-settings-rest/src/__tests__/no-stripe-js-bundle.test.ts (2 tests) 14ms
 ✓ packages/plugin-web-settings-rest/src/__tests__/integrationConnectButton.test.tsx (5 tests) 478ms
 ✓ packages/plugin-web-settings-rest/src/__tests__/usePremiumTier.test.tsx (6 tests) 28ms
 ✓ packages/plugin-web-settings-rest/src/__tests__/notificationsPane.test.tsx (9 tests) 116ms
 ✓ packages/plugin-web-settings-rest/src/__tests__/CheckoutCancelPage.test.tsx (6 tests) 60ms
 ✓ packages/plugin-web-settings-rest/src/__tests__/buildAuthorizeUrl.test.ts (6 tests) 12ms
 ✓ packages/plugin-web-settings-rest/src/__tests__/premiumCancelButton.test.tsx (5 tests) 71ms
 ✓ packages/plugin-web-settings-rest/src/__tests__/premiumPane.test.tsx (9 tests) 117ms
 ✓ packages/plugin-web-settings-rest/src/__tests__/premiumUpgradeButton.test.tsx (5 tests) 113ms
 ✓ packages/plugin-web-settings-rest/src/__tests__/aboutPane.test.tsx (7 tests) 60ms
 ✓ packages/plugin-web-settings-rest/src/__tests__/no-hex-literals.test.ts (1 test) 5ms
 ✓ packages/plugin-web-settings-rest/src/__tests__/pkce.test.ts (8 tests) 4ms
 ✓ packages/plugin-web-settings-rest/src/__tests__/applyRestPanesToRegistry.test.ts (5 tests) 5ms
 ✓ packages/plugin-web-settings-rest/src/__tests__/integrationDisconnectButton.test.tsx (3 tests) 101ms
 ✓ packages/plugin-web-settings-rest/src/__tests__/dateTimePane.test.tsx (6 tests) 100ms
 ✓ packages/plugin-web-settings-rest/src/__tests__/no-math-random.test.ts (7 tests) 5ms
 ✓ packages/plugin-web-settings-rest/src/__tests__/smartListsPane.test.tsx (6 tests) 88ms
 ✓ packages/plugin-web-settings-rest/src/__tests__/collaboratePane.test.tsx (4 tests) 47ms
 ✓ packages/plugin-web-settings-rest/src/__tests__/integrationProviders.test.ts (4 tests) 5ms
 ✓ packages/plugin-web-settings-rest/src/__tests__/usePremiumConfig.test.tsx (3 tests) 2ms
 ✓ packages/plugin-web-settings-rest/src/__tests__/index-barrel.test.ts (3 tests) 5ms
 ✓ packages/plugin-web-settings-rest/src/__tests__/premiumDisclosureBanner.test.tsx (3 tests) 23ms
 ✓ packages/plugin-web-settings-rest/src/__tests__/PremiumTierBadge.test.tsx (2 tests) 19ms
 ✓ packages/plugin-web-settings-rest/src/__tests__/hotkeysPane.test.tsx (3 tests) 30ms
 ✓ packages/plugin-web-settings-rest/src/__tests__/restPanesById.test.ts (3 tests) 2ms
 ✓ packages/plugin-web-settings-rest/src/__tests__/premiumTier.test.ts (4 tests) 2ms
 ✓ packages/plugin-web-settings-rest/src/__tests__/integrationStubBanner.test.tsx (2 tests) 17ms

 Test Files  43 passed (43)
      Tests  286 passed (286)
   Start at  21:35:56
   Duration  9.45s (transform 3.02s, setup 8.57s, collect 9.72s, tests 6.18s, environment 25.80s, prepare 3.42s)


stderr | packages/plugin-web-settings-rest/src/__tests__/morePane.test.tsx > REL-03 a stale reset callback cannot reset B or device settings
An update to MorePaneContent inside a test was not wrapped in act(...).

When testing, code that causes React state updates should be wrapped into act(...):

act(() => {
  /* fire events that update state */
});
/* assert on the output */

This ensures that you're testing the behavior the user would see in the browser. Learn more at https://react.dev/link/wrap-tests-with-act
An update to MorePaneContent inside a test was not wrapped in act(...).

When testing, code that causes React state updates should be wrapped into act(...):

act(() => {
  /* fire events that update state */
});
/* assert on the output */

This ensures that you're testing the behavior the user would see in the browser. Learn more at https://react.dev/link/wrap-tests-with-act
An update to MorePaneContent inside a test was not wrapped in act(...).

When testing, code that causes React state updates should be wrapped into act(...):

act(() => {
  /* fire events that update state */
});
/* assert on the output */

This ensures that you're testing the behavior the user would see in the browser. Learn more at https://react.dev/link/wrap-tests-with-act
An update to MorePaneContent inside a test was not wrapped in act(...).

When testing, code that causes React state updates should be wrapped into act(...):

act(() => {
  /* fire events that update state */
});
/* assert on the output */

This ensures that you're testing the behavior the user would see in the browser. Learn more at https://react.dev/link/wrap-tests-with-act
An update to MorePaneContent inside a test was not wrapped in act(...).

When testing, code that causes React state updates should be wrapped into act(...):

act(() => {
  /* fire events that update state */
});
/* assert on the output */

This ensures that you're testing the behavior the user would see in the browser. Learn more at https://react.dev/link/wrap-tests-with-act
An update to MorePaneContent inside a test was not wrapped in act(...).

When testing, code that causes React state updates should be wrapped into act(...):

act(() => {
  /* fire events that update state */
});
/* assert on the output */

This ensures that you're testing the behavior the user would see in the browser. Learn more at https://react.dev/link/wrap-tests-with-act
An update to MorePaneContent inside a test was not wrapped in act(...).

When testing, code that causes React state updates should be wrapped into act(...):

act(() => {
  /* fire events that update state */
});
/* assert on the output */

This ensures that you're testing the behavior the user would see in the browser. Learn more at https://react.dev/link/wrap-tests-with-act
An update to MorePaneContent inside a test was not wrapped in act(...).

When testing, code that causes React state updates should be wrapped into act(...):

act(() => {
  /* fire events that update state */
});
/* assert on the output */

This ensures that you're testing the behavior the user would see in the browser. Learn more at https://react.dev/link/wrap-tests-with-act
An update to MorePaneContent inside a test was not wrapped in act(...).

When testing, code that causes React state updates should be wrapped into act(...):

act(() => {
  /* fire events that update state */
});
/* assert on the output */

This ensures that you're testing the behavior the user would see in the browser. Learn more at https://react.dev/link/wrap-tests-with-act
An update to MorePaneContent inside a test was not wrapped in act(...).

When testing, code that causes React state updates should be wrapped into act(...):

act(() => {
  /* fire events that update state */
});
/* assert on the output */

This ensures that you're testing the behavior the user would see in the browser. Learn more at https://react.dev/link/wrap-tests-with-act
An update to MorePaneContent inside a test was not wrapped in act(...).

When testing, code that causes React state updates should be wrapped into act(...):

act(() => {
  /* fire events that update state */
});
/* assert on the output */

This ensures that you're testing the behavior the user would see in the browser. Learn more at https://react.dev/link/wrap-tests-with-act
An update to MorePaneContent inside a test was not wrapped in act(...).

When testing, code that causes React state updates should be wrapped into act(...):

act(() => {
  /* fire events that update state */
});
/* assert on the output */

This ensures that you're testing the behavior the user would see in the browser. Learn more at https://react.dev/link/wrap-tests-with-act
An update to MorePaneContent inside a test was not wrapped in act(...).

When testing, code that causes React state updates should be wrapped into act(...):

act(() => {
  /* fire events that update state */
});
/* assert on the output */

This ensures that you're testing the behavior the user would see in the browser. Learn more at https://react.dev/link/wrap-tests-with-act
An update to MorePaneContent inside a test was not wrapped in act(...).

When testing, code that causes React state updates should be wrapped into act(...):

act(() => {
  /* fire events that update state */
});
/* assert on the output */

This ensures that you're testing the behavior the user would see in the browser. Learn more at https://react.dev/link/wrap-tests-with-act
An update to MorePaneContent inside a test was not wrapped in act(...).

When testing, code that causes React state updates should be wrapped into act(...):

act(() => {
  /* fire events that update state */
});
/* assert on the output */

This ensures that you're testing the behavior the user would see in the browser. Learn more at https://react.dev/link/wrap-tests-with-act
An update to MorePaneContent inside a test was not wrapped in act(...).

When testing, code that causes React state updates should be wrapped into act(...):

act(() => {
  /* fire events that update state */
});
/* assert on the output */

This ensures that you're testing the behavior the user would see in the browser. Learn more at https://react.dev/link/wrap-tests-with-act
An update to MorePaneContent inside a test was not wrapped in act(...).

When testing, code that causes React state updates should be wrapped into act(...):

act(() => {
  /* fire events that update state */
});
/* assert on the output */

This ensures that you're testing the behavior the user would see in the browser. Learn more at https://react.dev/link/wrap-tests-with-act
An update to MorePaneContent inside a test was not wrapped in act(...).

When testing, code that causes React state updates should be wrapped into act(...):

act(() => {
  /* fire events that update state */
});
/* assert on the output */

This ensures that you're testing the behavior the user would see in the browser. Learn more at https://react.dev/link/wrap-tests-with-act
An update to MorePaneContent inside a test was not wrapped in act(...).

When testing, code that causes React state updates should be wrapped into act(...):

act(() => {
  /* fire events that update state */
});
/* assert on the output */

This ensures that you're testing the behavior the user would see in the browser. Learn more at https://react.dev/link/wrap-tests-with-act
An update to MorePaneContent inside a test was not wrapped in act(...).

When testing, code that causes React state updates should be wrapped into act(...):

act(() => {
  /* fire events that update state */
});
/* assert on the output */

This ensures that you're testing the behavior the user would see in the browser. Learn more at https://react.dev/link/wrap-tests-with-act
An update to MorePaneContent inside a test was not wrapped in act(...).

When testing, code that causes React state updates should be wrapped into act(...):

act(() => {
  /* fire events that update state */
});
/* assert on the output */

This ensures that you're testing the behavior the user would see in the browser. Learn more at https://react.dev/link/wrap-tests-with-act
An update to MorePaneContent inside a test was not wrapped in act(...).

When testing, code that causes React state updates should be wrapped into act(...):

act(() => {
  /* fire events that update state */
});
/* assert on the output */

This ensures that you're testing the behavior the user would see in the browser. Learn more at https://react.dev/link/wrap-tests-with-act
An update to MorePaneContent inside a test was not wrapped in act(...).

When testing, code that causes React state updates should be wrapped into act(...):

act(() => {
  /* fire events that update state */
});
/* assert on the output */

This ensures that you're testing the behavior the user would see in the browser. Learn more at https://react.dev/link/wrap-tests-with-act
An update to MorePaneContent inside a test was not wrapped in act(...).

When testing, code that causes React state updates should be wrapped into act(...):

act(() => {
  /* fire events that update state */
});
/* assert on the output */

This ensures that you're testing the behavior the user would see in the browser. Learn more at https://react.dev/link/wrap-tests-with-act
An update to MorePaneContent inside a test was not wrapped in act(...).

When testing, code that causes React state updates should be wrapped into act(...):

act(() => {
  /* fire events that update state */
});
/* assert on the output */

This ensures that you're testing the behavior the user would see in the browser. Learn more at https://react.dev/link/wrap-tests-with-act
An update to MorePaneContent inside a test was not wrapped in act(...).

When testing, code that causes React state updates should be wrapped into act(...):

act(() => {
  /* fire events that update state */
});
/* assert on the output */

This ensures that you're testing the behavior the user would see in the browser. Learn more at https://react.dev/link/wrap-tests-with-act
An update to MorePaneContent inside a test was not wrapped in act(...).

When testing, code that causes React state updates should be wrapped into act(...):

act(() => {
  /* fire events that update state */
});
/* assert on the output */

This ensures that you're testing the behavior the user would see in the browser. Learn more at https://react.dev/link/wrap-tests-with-act
An update to MorePaneContent inside a test was not wrapped in act(...).

When testing, code that causes React state updates should be wrapped into act(...):

act(() => {
  /* fire events that update state */
});
/* assert on the output */

This ensures that you're testing the behavior the user would see in the browser. Learn more at https://react.dev/link/wrap-tests-with-act
An update to MorePaneContent inside a test was not wrapped in act(...).

When testing, code that causes React state updates should be wrapped into act(...):

act(() => {
  /* fire events that update state */
});
/* assert on the output */

This ensures that you're testing the behavior the user would see in the browser. Learn more at https://react.dev/link/wrap-tests-with-act
An update to MorePaneContent inside a test was not wrapped in act(...).

When testing, code that causes React state updates should be wrapped into act(...):

act(() => {
  /* fire events that update state */
});
/* assert on the output */

This ensures that you're testing the behavior the user would see in the browser. Learn more at https://react.dev/link/wrap-tests-with-act
An update to MorePaneContent inside a test was not wrapped in act(...).

When testing, code that causes React state updates should be wrapped into act(...):

act(() => {
  /* fire events that update state */
});
/* assert on the output */

This ensures that you're testing the behavior the user would see in the browser. Learn more at https://react.dev/link/wrap-tests-with-act
An update to MorePaneContent inside a test was not wrapped in act(...).

When testing, code that causes React state updates should be wrapped into act(...):

act(() => {
  /* fire events that update state */
});
/* assert on the output */

This ensures that you're testing the behavior the user would see in the browser. Learn more at https://react.dev/link/wrap-tests-with-act
