
 RUN  v3.2.7 /Users/lijinlong/Desktop/Jinlong_Project/Coding_project/AI_Desktop/XAI_Desktop

stderr | docs/reviews/web-ai-save-recovery/save-contract.test.tsx > shows an unsaved result when the initial conversation cannot be persisted
[plugin-web-storage] quota exceeded for xai_ai_convos.
[plugin-web-storage] quota exceeded for xai_ai_convos.

stderr | docs/reviews/web-ai-save-recovery/save-contract.test.tsx > shows an unsaved result when the initial conversation cannot be persisted
[plugin-web-storage] quota exceeded for xai_ai_convos.

stderr | docs/reviews/web-ai-save-recovery/save-contract.test.tsx > does not silently keep an empty store after storage recovers and another message is sent
[plugin-web-storage] quota exceeded for xai_ai_convos.
[plugin-web-storage] quota exceeded for xai_ai_convos.

stderr | docs/reviews/web-ai-save-recovery/save-contract.test.tsx > does not silently keep an empty store after storage recovers and another message is sent
[plugin-web-storage] quota exceeded for xai_ai_convos.

 ❯ docs/reviews/web-ai-save-recovery/save-contract.test.tsx (2 tests | 2 failed) 206ms
   × shows an unsaved result when the initial conversation cannot be persisted 169ms
     → Unable to find an accessible element with the role "alert"

Here are the accessible roles:

  complementary:

  Name "":
  [36m<aside[39m
    [33mclass[39m=[32m"ai-side open"[39m
  [36m/>[39m

  --------------------------------------------------
  banner:

  Name "":
  [36m<header[39m
    [33mclass[39m=[32m"ai-side-head"[39m
  [36m/>[39m

  --------------------------------------------------
  button:

  Name "Collapse":
  [36m<button[39m
    [33maria-label[39m=[32m"Collapse"[39m
    [33mclass[39m=[32m"ai-icon-round"[39m
    [33mtitle[39m=[32m"Collapse"[39m
    [33mtype[39m=[32m"button"[39m
  [36m/>[39m

  Name "New chat":
  [36m<button[39m
    [33mclass[39m=[32m"ai-new-btn"[39m
    [33mtype[39m=[32m"button"[39m
  [36m/>[39m

  Name "New chat":
  [36m<button[39m
    [33maria-label[39m=[32m"New chat"[39m
    [33mclass[39m=[32m"ai-new-corner"[39m
    [33mtitle[39m=[32m"New chat"[39m
    [33mtype[39m=[32m"button"[39m
  [36m/>[39m

  Name "Hide insights":
  [36m<button[39m
    [33maria-label[39m=[32m"Hide insights"[39m
    [33maria-pressed[39m=[32m"true"[39m
    [33mclass[39m=[32m"ai-insights-toggle on"[39m
    [33mtitle[39m=[32m"Hide insights"[39m
    [33mtype[39m=[32m"button"[39m
  [36m/>[39m

  Name "Attach":
  [36m<button[39m
    [33maria-label[39m=[32m"Attach"[39m
    [33mclass[39m=[32m"ai-icon-round"[39m
    [33mtitle[39m=[32m"Attach"[39m
    [33mtype[39m=[32m"button"[39m
  [36m/>[39m

  Name "Voice off":
  [36m<button[39m
    [33maria-label[39m=[32m"Voice off"[39m
    [33maria-pressed[39m=[32m"false"[39m
    [33mclass[39m=[32m"ai-icon-round muted"[39m
    [33mtitle[39m=[32m"Voice off"[39m
    [33mtype[39m=[32m"button"[39m
  [36m/>[39m

  Name "Send":
  [36m<button[39m
    [33maria-label[39m=[32m"Send"[39m
    [33mclass[39m=[32m"ai-send"[39m
    [33mdisabled[39m=[32m""[39m
    [33mtype[39m=[32m"button"[39m
  [36m/>[39m

  --------------------------------------------------
  textbox:

  Name "Search chats":
  [36m<input[39m
    [33maria-label[39m=[32m"Search chats"[39m
    [33mplaceholder[39m=[32m"Search chats"[39m
    [33mreadonly[39m=[32m""[39m
    [33mtype[39m=[32m"text"[39m
  [36m/>[39m

  Name "Ask XAI":
  [36m<input[39m
    [33maria-label[39m=[32m"Ask XAI"[39m
    [33mclass[39m=[32m"ai-input"[39m
    [33mplaceholder[39m=[32m"Ask XAI"[39m
    [33mtype[39m=[32m"text"[39m
    [33mvalue[39m=[32m""[39m
  [36m/>[39m

  --------------------------------------------------
  list:

  Name "":
  [36m<ul[39m
    [33mclass[39m=[32m"ai-convos"[39m
  [36m/>[39m

  --------------------------------------------------
  main:

  Name "":
  [36m<main[39m
    [33mclass[39m=[32m"ai-main with-side"[39m
  [36m/>[39m

  --------------------------------------------------
  paragraph:

  Name "":
  [36m<p />[39m

  --------------------------------------------------

Ignored nodes: comments, script, style
[36m<body>[39m
  [36m<div>[39m
    [36m<div[39m
      [33mclass[39m=[32m"module module-ai"[39m
    [36m>[39m
      [36m<aside[39m
        [33mclass[39m=[32m"ai-side open"[39m
      [36m>[39m
        [36m<header[39m
          [33mclass[39m=[32m"ai-side-head"[39m
        [36m>[39m
          [36m<button[39m
            [33maria-label[39m=[32m"Collapse"[39m
            [33mclass[39m=[32m"ai-icon-round"[39m
            [33mtitle[39m=[32m"Collapse"[39m
            [33mtype[39m=[32m"button"[39m
          [36m>[39m
            [36m<svg[39m
              [33maria-hidden[39m=[32m"true"[39m
              [33mfill[39m=[32m"none"[39m
              [33mheight[39m=[32m"16"[39m
              [33mstroke[39m=[32m"currentColor"[39m
              [33mstroke-linecap[39m=[32m"round"[39m
              [33mstroke-linejoin[39m=[32m"round"[39m
              [33mstroke-width[39m=[32m"2"[39m
              [33mviewBox[39m=[32m"0 0 24 24"[39m
              [33mwidth[39m=[32m"16"[39m
              [33mxmlns[39m=[32m"http://www.w3.org/2000/svg"[39m
            [36m>[39m
              [36m<line[39m
                [33mx1[39m=[32m"3"[39m
                [33mx2[39m=[32m"21"[39m
                [33my1[39m=[32m"6"[39m
                [33my2[39m=[32m"6"[39m
              [36m/>[39m
              [36m<line[39m
                [33mx1[39m=[32m"3"[39m
                [33mx2[39m=[32m"21"[39m
                [33my1[39m=[32m"12"[39m
                [33my2[39m=[32m"12"[39m
              [36m/>[39m
              [36m<line[39m
                [33mx1[39m=[32m"3"[39m
                [33mx2[39m=[32m"21"[39m
                [33my1[39m=[32m"18"[39m
                [33my2[39m=[32m"18"[39m
              [36m/>[39m
            [36m</svg>[39m
          [36m</button>[39m
          [36m<button[39m
            [33mclass[39m=[32m"ai-new-btn"[39m
            [33mtype[39m=[32m"button"[39m
          [36m>[39m
            [36m<svg[39m
              [33maria-hidden[39m=[32m"true"[39m
              [33mfill[39m=[32m"none"[39m
              [33mheight[39m=[32m"13"[39m
              [33mstroke[39m=[32m"currentColor"[39m
              [33mstroke-linecap[39m=[32m"round"[39m
              [33mstroke-linejoin[39m=[32m"round"[39m
              [33mstroke-width[39m=[32m"2"[39m
              [33mviewBox[39m=[32m"0 0 24 24"[39m
              [33mwidth[39m=[32m"13"[39m
              [33mxmlns[39m=[32m"http://www.w3.org/2000/svg"[39m
            [36m>[39m
              [36m<line[39m
                [33mx1[39m=[32m"12"[39m
                [33mx2[39m=[32m"12"[39m
                [33my1[39m=[32m"5"[39m
                [33my2[39m=[32m"19"[39m
              [36m/>[39m
              [36m<line[39m
                [33mx1[39m=[32m"5"[39m
                [33mx2[39m=[32m"19"[39m
                [33my1[39m=[32m"12"[39m
                [33my2[39m=[32m"12"[39m
              [36m/>[39m
            [36m</svg>[39m
            [36m<span>[39m
              [0mNew chat[0m
            [36m</span>[39m
          [36m</button>[39m
        [36m</header>[39m
        [36m<div[39m
          [33mclass[39m=[32m"ai-search"[39m
        [36m>[39m
          [36m<svg[39m
            [33maria-hidden[39m=[32m"true"[39m
            [33mfill[39m=[32m"none"[39m
            [33mheight[39m=[32m"13"[39m
            [33mstroke[39m=[32m"currentColor"[39m
            [33mstroke-linecap[39m=[32m"round"[39m
            [33mstroke-linejoin[39m=[32m"round"[39m
            [33mstroke-width[39m=[32m"2"[39m
            [33mviewBox[39m=[32m"0 0 24 24"[39m
            [33mwidth[39m=[32m"13"[39m
            [33mxmlns[39m=[32m"http://www.w3.org/2000/svg"[39m
          [36m>[39m
            [36m<circle[39m
              [33mcx[39m=[32m"11"[39m
              [33mcy[39m=[32m"11"[39m
              [33mr[39m=[32m"7"[39m
            [36m/>[39m
            [36m<line[39m
              [33mx1[39m=[32m"21"[39m
              [33mx2[39m=[32m"16.65"[39m
              [33my1[39m=[32m"21"[39m
              [33my2[39m=[32m"16.65"[39m
            [36m/>[39m
          [36m</svg>[39m
          [36m<input[39m
            [33maria-label[39m=[32m"Search chats"[39m
            [33mplaceholder[39m=[32m"Search chats"[39m
            [33mreadonly[39m=[32m""[39m
            [33mtype[39m=[32m"text"[39m
          [36m/>[39m
        [36m</div>[39m
        [36m<div[39m
          [33mclass[39m=[32m"ai-side-section"[39m
        [36m>[39m
          [36m<div[39m
            [33mclass[39m=[32m"ai-side-label"[39m
          [36m>[39m
            [0mRecent[0m
          [36m</div>[39m
          [36m<ul[39m
            [33mclass[39m=[32m"ai-convos"[39m
          [36m/>[39m
        [36m</div>[39m
      [36m</aside>[39m
      [36m<main[39m
        [33mclass[39m=[32m"ai-main with-side"[39m
      [36m>[39m
        [36m<button[39m
          [33maria-label[39m=[32m"New chat"[39m
          [33mclass[39m=[32m"ai-new-corner"[39m
          [33mtitle[39m=[32m"New chat"[39m
          [33mtype[39m=[32m"button"[39m
        [36m>[39m
          [36m<svg[39m
            [33maria-hidden[39m=[32m"true"[39m
            [33mfill[39m=[32m"none"[39m
            [33mheight[39m=[32m"14"[39m
            [33mstroke[39m=[32m"currentColor"[39m
            [33mstroke-linecap[39m=[32m"round"[39m
            [33mstroke-linejoin[39m=[32m"round"[39m
            [33mstroke-width[39m=[32m"2"[39m
            [33mviewBox[39m=[32m"0 0 24 24"[39m
            [33mwidth[39m=[32m"14"[39m
            [33mxmlns[39m=[32m"http://www.w3.org/2000/svg"[39m
          [36m>[39m
            [36m<line[39m
              [33mx1[39m=[32m"12"[39m
              [33mx2[39m=[32m"12"[39m
              [33my1[39m=[32m"5"[39m
              [33my2[39m=[32m"19"[39m
            [36m/>[39m
            [36m<line[39m
              [33mx1[39m=[32m"5"[39m
              [33mx2[39m=[32m"19"[39m
              [33my1[39m=[32m"12"[39m
              [33my2[39m=[32m"12"[39m
            [36m/>[39m
          [36m</svg>[39m
        [36m</button>[39m
        [36m<button[39m
          [33maria-label[39m=[32m"Hide insights"[39m
          [33maria-pressed[39m=[32m"true"[39m
          [33mclass[39m=[32m"ai-insights-toggle on"[39m
          [33mtitle[39m=[32m"Hide insights"[39m
          [33mtype[39m=[32m"button"[39m
        [36m>[39m
          [36m<svg[39m
            [33maria-hidden[39m=[32m"true"[39m
            [33mfill[39m=[32m"none"[39m
            [33mheight[39m=[32m"13"[39m
            [33mstroke[39m=[32m"currentColor"[39m
            [33mstroke-linecap[39m=[32m...
   × does not silently keep an empty store after storage recovers and another message is sent 36ms
     → expected [] to have a length of 1 but got +0

⎯⎯⎯⎯⎯⎯⎯ Failed Tests 2 ⎯⎯⎯⎯⎯⎯⎯

 FAIL  docs/reviews/web-ai-save-recovery/save-contract.test.tsx > shows an unsaved result when the initial conversation cannot be persisted
TestingLibraryElementError: Unable to find an accessible element with the role "alert"

Here are the accessible roles:

  complementary:

  Name "":
  [36m<aside[39m
    [33mclass[39m=[32m"ai-side open"[39m
  [36m/>[39m

  --------------------------------------------------
  banner:

  Name "":
  [36m<header[39m
    [33mclass[39m=[32m"ai-side-head"[39m
  [36m/>[39m

  --------------------------------------------------
  button:

  Name "Collapse":
  [36m<button[39m
    [33maria-label[39m=[32m"Collapse"[39m
    [33mclass[39m=[32m"ai-icon-round"[39m
    [33mtitle[39m=[32m"Collapse"[39m
    [33mtype[39m=[32m"button"[39m
  [36m/>[39m

  Name "New chat":
  [36m<button[39m
    [33mclass[39m=[32m"ai-new-btn"[39m
    [33mtype[39m=[32m"button"[39m
  [36m/>[39m

  Name "New chat":
  [36m<button[39m
    [33maria-label[39m=[32m"New chat"[39m
    [33mclass[39m=[32m"ai-new-corner"[39m
    [33mtitle[39m=[32m"New chat"[39m
    [33mtype[39m=[32m"button"[39m
  [36m/>[39m

  Name "Hide insights":
  [36m<button[39m
    [33maria-label[39m=[32m"Hide insights"[39m
    [33maria-pressed[39m=[32m"true"[39m
    [33mclass[39m=[32m"ai-insights-toggle on"[39m
    [33mtitle[39m=[32m"Hide insights"[39m
    [33mtype[39m=[32m"button"[39m
  [36m/>[39m

  Name "Attach":
  [36m<button[39m
    [33maria-label[39m=[32m"Attach"[39m
    [33mclass[39m=[32m"ai-icon-round"[39m
    [33mtitle[39m=[32m"Attach"[39m
    [33mtype[39m=[32m"button"[39m
  [36m/>[39m

  Name "Voice off":
  [36m<button[39m
    [33maria-label[39m=[32m"Voice off"[39m
    [33maria-pressed[39m=[32m"false"[39m
    [33mclass[39m=[32m"ai-icon-round muted"[39m
    [33mtitle[39m=[32m"Voice off"[39m
    [33mtype[39m=[32m"button"[39m
  [36m/>[39m

  Name "Send":
  [36m<button[39m
    [33maria-label[39m=[32m"Send"[39m
    [33mclass[39m=[32m"ai-send"[39m
    [33mdisabled[39m=[32m""[39m
    [33mtype[39m=[32m"button"[39m
  [36m/>[39m

  --------------------------------------------------
  textbox:

  Name "Search chats":
  [36m<input[39m
    [33maria-label[39m=[32m"Search chats"[39m
    [33mplaceholder[39m=[32m"Search chats"[39m
    [33mreadonly[39m=[32m""[39m
    [33mtype[39m=[32m"text"[39m
  [36m/>[39m

  Name "Ask XAI":
  [36m<input[39m
    [33maria-label[39m=[32m"Ask XAI"[39m
    [33mclass[39m=[32m"ai-input"[39m
    [33mplaceholder[39m=[32m"Ask XAI"[39m
    [33mtype[39m=[32m"text"[39m
    [33mvalue[39m=[32m""[39m
  [36m/>[39m

  --------------------------------------------------
  list:

  Name "":
  [36m<ul[39m
    [33mclass[39m=[32m"ai-convos"[39m
  [36m/>[39m

  --------------------------------------------------
  main:

  Name "":
  [36m<main[39m
    [33mclass[39m=[32m"ai-main with-side"[39m
  [36m/>[39m

  --------------------------------------------------
  paragraph:

  Name "":
  [36m<p />[39m

  --------------------------------------------------

Ignored nodes: comments, script, style
[36m<body>[39m
  [36m<div>[39m
    [36m<div[39m
      [33mclass[39m=[32m"module module-ai"[39m
    [36m>[39m
      [36m<aside[39m
        [33mclass[39m=[32m"ai-side open"[39m
      [36m>[39m
        [36m<header[39m
          [33mclass[39m=[32m"ai-side-head"[39m
        [36m>[39m
          [36m<button[39m
            [33maria-label[39m=[32m"Collapse"[39m
            [33mclass[39m=[32m"ai-icon-round"[39m
            [33mtitle[39m=[32m"Collapse"[39m
            [33mtype[39m=[32m"button"[39m
          [36m>[39m
            [36m<svg[39m
              [33maria-hidden[39m=[32m"true"[39m
              [33mfill[39m=[32m"none"[39m
              [33mheight[39m=[32m"16"[39m
              [33mstroke[39m=[32m"currentColor"[39m
              [33mstroke-linecap[39m=[32m"round"[39m
              [33mstroke-linejoin[39m=[32m"round"[39m
              [33mstroke-width[39m=[32m"2"[39m
              [33mviewBox[39m=[32m"0 0 24 24"[39m
              [33mwidth[39m=[32m"16"[39m
              [33mxmlns[39m=[32m"http://www.w3.org/2000/svg"[39m
            [36m>[39m
              [36m<line[39m
                [33mx1[39m=[32m"3"[39m
                [33mx2[39m=[32m"21"[39m
                [33my1[39m=[32m"6"[39m
                [33my2[39m=[32m"6"[39m
              [36m/>[39m
              [36m<line[39m
                [33mx1[39m=[32m"3"[39m
                [33mx2[39m=[32m"21"[39m
                [33my1[39m=[32m"12"[39m
                [33my2[39m=[32m"12"[39m
              [36m/>[39m
              [36m<line[39m
                [33mx1[39m=[32m"3"[39m
                [33mx2[39m=[32m"21"[39m
                [33my1[39m=[32m"18"[39m
                [33my2[39m=[32m"18"[39m
              [36m/>[39m
            [36m</svg>[39m
          [36m</button>[39m
          [36m<button[39m
            [33mclass[39m=[32m"ai-new-btn"[39m
            [33mtype[39m=[32m"button"[39m
          [36m>[39m
            [36m<svg[39m
              [33maria-hidden[39m=[32m"true"[39m
              [33mfill[39m=[32m"none"[39m
              [33mheight[39m=[32m"13"[39m
              [33mstroke[39m=[32m"currentColor"[39m
              [33mstroke-linecap[39m=[32m"round"[39m
              [33mstroke-linejoin[39m=[32m"round"[39m
              [33mstroke-width[39m=[32m"2"[39m
              [33mviewBox[39m=[32m"0 0 24 24"[39m
              [33mwidth[39m=[32m"13"[39m
              [33mxmlns[39m=[32m"http://www.w3.org/2000/svg"[39m
            [36m>[39m
              [36m<line[39m
                [33mx1[39m=[32m"12"[39m
                [33mx2[39m=[32m"12"[39m
                [33my1[39m=[32m"5"[39m
                [33my2[39m=[32m"19"[39m
              [36m/>[39m
              [36m<line[39m
                [33mx1[39m=[32m"5"[39m
                [33mx2[39m=[32m"19"[39m
                [33my1[39m=[32m"12"[39m
                [33my2[39m=[32m"12"[39m
              [36m/>[39m
            [36m</svg>[39m
            [36m<span>[39m
              [0mNew chat[0m
            [36m</span>[39m
          [36m</button>[39m
        [36m</header>[39m
        [36m<div[39m
          [33mclass[39m=[32m"ai-search"[39m
        [36m>[39m
          [36m<svg[39m
            [33maria-hidden[39m=[32m"true"[39m
            [33mfill[39m=[32m"none"[39m
            [33mheight[39m=[32m"13"[39m
            [33mstroke[39m=[32m"currentColor"[39m
            [33mstroke-linecap[39m=[32m"round"[39m
            [33mstroke-linejoin[39m=[32m"round"[39m
            [33mstroke-width[39m=[32m"2"[39m
            [33mviewBox[39m=[32m"0 0 24 24"[39m
            [33mwidth[39m=[32m"13"[39m
            [33mxmlns[39m=[32m"http://www.w3.org/2000/svg"[39m
          [36m>[39m
            [36m<circle[39m
              [33mcx[39m=[32m"11"[39m
              [33mcy[39m=[32m"11"[39m
              [33mr[39m=[32m"7"[39m
            [36m/>[39m
            [36m<line[39m
              [33mx1[39m=[32m"21"[39m
              [33mx2[39m=[32m"16.65"[39m
              [33my1[39m=[32m"21"[39m
              [33my2[39m=[32m"16.65"[39m
            [36m/>[39m
          [36m</svg>[39m
          [36m<input[39m
            [33maria-label[39m=[32m"Search chats"[39m
            [33mplaceholder[39m=[32m"Search chats"[39m
            [33mreadonly[39m=[32m""[39m
            [33mtype[39m=[32m"text"[39m
          [36m/>[39m
        [36m</div>[39m
        [36m<div[39m
          [33mclass[39m=[32m"ai-side-section"[39m
        [36m>[39m
          [36m<div[39m
            [33mclass[39m=[32m"ai-side-label"[39m
          [36m>[39m
            [0mRecent[0m
          [36m</div>[39m
          [36m<ul[39m
            [33mclass[39m=[32m"ai-convos"[39m
          [36m/>[39m
        [36m</div>[39m
      [36m</aside>[39m
      [36m<main[39m
        [33mclass[39m=[32m"ai-main with-side"[39m
      [36m>[39m
        [36m<button[39m
          [33maria-label[39m=[32m"New chat"[39m
          [33mclass[39m=[32m"ai-new-corner"[39m
          [33mtitle[39m=[32m"New chat"[39m
          [33mtype[39m=[32m"button"[39m
        [36m>[39m
          [36m<svg[39m
            [33maria-hidden[39m=[32m"true"[39m
            [33mfill[39m=[32m"none"[39m
            [33mheight[39m=[32m"14"[39m
            [33mstroke[39m=[32m"currentColor"[39m
            [33mstroke-linecap[39m=[32m"round"[39m
            [33mstroke-linejoin[39m=[32m"round"[39m
            [33mstroke-width[39m=[32m"2"[39m
            [33mviewBox[39m=[32m"0 0 24 24"[39m
            [33mwidth[39m=[32m"14"[39m
            [33mxmlns[39m=[32m"http://www.w3.org/2000/svg"[39m
          [36m>[39m
            [36m<line[39m
              [33mx1[39m=[32m"12"[39m
              [33mx2[39m=[32m"12"[39m
              [33my1[39m=[32m"5"[39m
              [33my2[39m=[32m"19"[39m
            [36m/>[39m
            [36m<line[39m
              [33mx1[39m=[32m"5"[39m
              [33mx2[39m=[32m"19"[39m
              [33my1[39m=[32m"12"[39m
              [33my2[39m=[32m"12"[39m
            [36m/>[39m
          [36m</svg>[39m
        [36m</button>[39m
        [36m<button[39m
          [33maria-label[39m=[32m"Hide insights"[39m
          [33maria-pressed[39m=[32m"true"[39m
          [33mclass[39m=[32m"ai-insights-toggle on"[39m
          [33mtitle[39m=[32m"Hide insights"[39m
          [33mtype[39m=[32m"button"[39m
        [36m>[39m
          [36m<svg[39m
            [33maria-hidden[39m=[32m"true"[39m
            [33mfill[39m=[32m"none"[39m
            [33mheight[39m=[32m"13"[39m
            [33mstroke[39m=[32m"currentColor"[39m
            [33mstroke-linecap[39m=[32m...
 ❯ Object.getElementError node_modules/.pnpm/@testing-library+dom@10.4.1/node_modules/@testing-library/dom/dist/config.js:37:19
 ❯ node_modules/.pnpm/@testing-library+dom@10.4.1/node_modules/@testing-library/dom/dist/query-helpers.js:76:38
 ❯ node_modules/.pnpm/@testing-library+dom@10.4.1/node_modules/@testing-library/dom/dist/query-helpers.js:52:17
 ❯ node_modules/.pnpm/@testing-library+dom@10.4.1/node_modules/@testing-library/dom/dist/query-helpers.js:95:19
 ❯ docs/reviews/web-ai-save-recovery/save-contract.test.tsx:32:17
     30| it('shows an unsaved result when the initial conversation cannot be pe…
     31|   await failedSeed();
     32|   expect(screen.getByRole('alert').textContent).toMatch(/not saved|uns…
       |                 ^
     33| });
     34| it('does not silently keep an empty store after storage recovers and a…

⎯⎯⎯⎯⎯⎯⎯⎯⎯⎯⎯⎯⎯⎯⎯⎯⎯⎯⎯⎯⎯⎯⎯⎯[1/2]⎯

 FAIL  docs/reviews/web-ai-save-recovery/save-contract.test.tsx > does not silently keep an empty store after storage recovers and another message is sent
AssertionError: expected [] to have a length of 1 but got +0

- Expected
+ Received

- 1
+ 0

 ❯ docs/reviews/web-ai-save-recovery/save-contract.test.tsx:39:19
     37|   await send('second request');
     38|   const records = JSON.parse(localStorage.getItem(key) ?? '[]');
     39|   expect(records).toHaveLength(1);
       |                   ^
     40|   expect(records[0].messages.some((message: { text: string }) => messa…
     41| });

⎯⎯⎯⎯⎯⎯⎯⎯⎯⎯⎯⎯⎯⎯⎯⎯⎯⎯⎯⎯⎯⎯⎯⎯[2/2]⎯


 Test Files  1 failed (1)
      Tests  2 failed (2)
   Start at  14:06:38
   Duration  1.72s (transform 280ms, setup 123ms, collect 438ms, tests 206ms, environment 643ms, prepare 71ms)

