revision=96c4915 fixed_commit=96c491542e1a47847fcce0bd431491773dbabbf4
exit=0

 RUN  v3.2.7 /var/folders/zk/bxw8sv_15xx51q2mf6xhdb8c0000gn/T/xai-detail-review-CAXAWU

 ✓ packages/plugin-web-settings-rest/src/__tests__/integrationConnectButton.test.tsx (5 tests) 371ms
 ✓ packages/plugin-web-settings-rest/src/__tests__/accountPane.test.tsx (12 tests) 548ms
 ✓ packages/plugin-web-settings-rest/src/__tests__/aiPane.test.tsx (13 tests) 327ms
 ✓ packages/plugin-web-settings-rest/src/__tests__/smartListsRecovery.test.tsx (4 tests) 1051ms
   ✓ Smart Lists async map recovery > persists all twelve DOM producers as one valid sparse map and retains an unknown extension  310ms
   ✓ Smart Lists async map recovery > refuses an invalid source without writing, then reloads an externally repaired map  403ms
 ✓ packages/plugin-web-settings-rest/src/__tests__/collaboratePane.test.tsx (11 tests) 565ms
 ✓ packages/plugin-web-settings-rest/src/__tests__/integrationsPane.test.tsx (18 tests) 966ms
 ✓ packages/plugin-web-settings-rest/src/__tests__/morePane.test.tsx (12 tests) 725ms
 ✓ packages/plugin-web-settings-rest/src/__tests__/integrationDisconnectButton.test.tsx (3 tests) 391ms
   ✓ IntegrationDisconnectButton > DB1: renders with EN label 'Disconnect'  331ms
 ✓ packages/plugin-web-settings-rest/src/__tests__/DeleteAccountConfirmModal.test.tsx (19 tests) 291ms
 ✓ packages/plugin-web-settings-rest/src/__tests__/DeviceRecoveryExport.test.tsx (4 tests) 244ms
 ✓ packages/plugin-web-settings-rest/src/__tests__/CallbackPage.test.tsx (9 tests) 753ms
   ✓ CallbackPage > CP2: valid state path — emits web:settings:integration-connected exactly once  307ms
 ✓ packages/plugin-web-settings-rest/src/__tests__/CheckoutSuccessPage.test.tsx (10 tests) 744ms
   ✓ CheckoutSuccessPage > CS1: renders without error (pending state initially)  476ms
 ✓ packages/plugin-web-settings-rest/src/__tests__/stickyPane.test.tsx (10 tests) 1107ms
   ✓ stickyPane > ST5: no hex literals in swatch inline styles  309ms
 ✓ packages/plugin-web-settings-rest/src/__tests__/useAccountDeleteOrchestrator.test.tsx (15 tests) 114ms
 ✓ packages/plugin-web-settings-rest/src/__tests__/accountDeletionRecovery.test.tsx (10 tests) 346ms
   ✓ recovery notice outside authenticated routes > survives unmount/remount, shows no identity/content, and completes local cleanup while signed out  302ms
 ✓ packages/plugin-web-settings-rest/src/__tests__/smartListsPane.test.tsx (6 tests) 430ms
 ✓ packages/plugin-web-settings-rest/src/__tests__/notificationsPane.test.tsx (9 tests) 511ms
 ✓ packages/plugin-web-settings-rest/src/__tests__/premiumUpgradeButton.test.tsx (5 tests) 60ms
 ✓ packages/plugin-web-settings-rest/src/__tests__/premiumPane.test.tsx (9 tests) 284ms
 ✓ packages/plugin-web-settings-rest/src/__tests__/accountDeleteHttpFailure.test.tsx (7 tests) 370ms
 ✓ packages/plugin-web-settings-rest/src/__tests__/aboutPane.test.tsx (7 tests) 185ms
 ✓ packages/plugin-web-settings-rest/src/__tests__/PremiumTierBadge.test.tsx (2 tests) 88ms
 ✓ packages/plugin-web-settings-rest/src/__tests__/usePremiumTier.test.tsx (6 tests) 116ms
 ✓ packages/plugin-web-settings-rest/src/__tests__/hotkeysPane.test.tsx (3 tests) 201ms
 ✓ packages/plugin-web-settings-rest/src/__tests__/premiumDisclosureBanner.test.tsx (3 tests) 21ms
 ✓ packages/plugin-web-settings-rest/src/__tests__/no-stripe-js-bundle.test.ts (2 tests) 65ms
 ✓ packages/plugin-web-settings-rest/src/__tests__/premiumCancelButton.test.tsx (5 tests) 133ms
 ✓ packages/plugin-web-settings-rest/src/__tests__/CheckoutCancelPage.test.tsx (6 tests) 387ms
 ✓ packages/plugin-web-settings-rest/src/__tests__/integrationStubBanner.test.tsx (2 tests) 348ms
   ✓ IntegrationStubBanner > SB1: renders with EN copy  343ms
 ✓ packages/plugin-web-settings-rest/src/__tests__/no-hex-literals.test.ts (1 test) 38ms
 ✓ packages/plugin-web-settings-rest/src/__tests__/pkce.test.ts (8 tests) 16ms
 ✓ packages/plugin-web-settings-rest/src/__tests__/no-localstorage-clear.test.ts (2 tests) 145ms
 ✓ packages/plugin-web-settings-rest/src/__tests__/dateTimePane.test.tsx (6 tests) 662ms
 ✓ packages/plugin-web-settings-rest/src/__tests__/oauthState.test.ts (12 tests) 27ms
 ✓ packages/plugin-web-settings-rest/src/__tests__/no-stripe-secret-key.test.ts (2 tests) 24ms
 ✓ packages/plugin-web-settings-rest/src/__tests__/buildAuthorizeUrl.test.ts (6 tests) 13ms
 ✓ packages/plugin-web-settings-rest/src/__tests__/no-math-random.test.ts (7 tests) 13ms
 ✓ packages/plugin-web-settings-rest/src/__tests__/integrationProviders.test.ts (4 tests) 25ms
 ✓ packages/plugin-web-settings-rest/src/__tests__/restPanesById.test.ts (3 tests) 23ms
 ✓ packages/plugin-web-settings-rest/src/__tests__/applyRestPanesToRegistry.test.ts (5 tests) 14ms
 ✓ packages/plugin-web-settings-rest/src/__tests__/premiumTier.test.ts (4 tests) 2ms
 ✓ packages/plugin-web-settings-rest/src/__tests__/usePremiumConfig.test.tsx (3 tests) 5ms
 ✓ packages/plugin-web-settings-rest/src/__tests__/index-barrel.test.ts (3 tests) 3ms

 Test Files  43 passed (43)
      Tests  293 passed (293)
   Start at  01:31:46
   Duration  24.39s (transform 5.37s, setup 20.89s, collect 23.58s, tests 12.75s, environment 62.22s, prepare 9.60s)


stderr | packages/plugin-web-settings-rest/src/__tests__/morePane.test.tsx > REL-03 a stale reset callback cannot reset B or device settings
An update to MorePaneContent inside a test was not wrapped in act(...).

When testing, code that causes React state updates should be wrapped into act(...):

act(() => {
  /* fire events that update state */
});
/* assert on the output */

This ensures that you're testing the behavior the user would see in the browser. Learn more at https://react.dev/link/wrap-tests-with-act
An update to MorePaneContent inside a test was not wrapped in act(...).

When testing, code that causes React state updates should be wrapped into act(...):

act(() => {
  /* fire events that update state */
});
/* assert on the output */

This ensures that you're testing the behavior the user would see in the browser. Learn more at https://react.dev/link/wrap-tests-with-act
An update to MorePaneContent inside a test was not wrapped in act(...).

When testing, code that causes React state updates should be wrapped into act(...):

act(() => {
  /* fire events that update state */
});
/* assert on the output */

This ensures that you're testing the behavior the user would see in the browser. Learn more at https://react.dev/link/wrap-tests-with-act
An update to MorePaneContent inside a test was not wrapped in act(...).

When testing, code that causes React state updates should be wrapped into act(...):

act(() => {
  /* fire events that update state */
});
/* assert on the output */

This ensures that you're testing the behavior the user would see in the browser. Learn more at https://react.dev/link/wrap-tests-with-act
An update to MorePaneContent inside a test was not wrapped in act(...).

When testing, code that causes React state updates should be wrapped into act(...):

act(() => {
  /* fire events that update state */
});
/* assert on the output */

This ensures that you're testing the behavior the user would see in the browser. Learn more at https://react.dev/link/wrap-tests-with-act
An update to MorePaneContent inside a test was not wrapped in act(...).

When testing, code that causes React state updates should be wrapped into act(...):

act(() => {
  /* fire events that update state */
});
/* assert on the output */

This ensures that you're testing the behavior the user would see in the browser. Learn more at https://react.dev/link/wrap-tests-with-act
An update to MorePaneContent inside a test was not wrapped in act(...).

When testing, code that causes React state updates should be wrapped into act(...):

act(() => {
  /* fire events that update state */
});
/* assert on the output */

This ensures that you're testing the behavior the user would see in the browser. Learn more at https://react.dev/link/wrap-tests-with-act
An update to MorePaneContent inside a test was not wrapped in act(...).

When testing, code that causes React state updates should be wrapped into act(...):

act(() => {
  /* fire events that update state */
});
/* assert on the output */

This ensures that you're testing the behavior the user would see in the browser. Learn more at https://react.dev/link/wrap-tests-with-act
An update to MorePaneContent inside a test was not wrapped in act(...).

When testing, code that causes React state updates should be wrapped into act(...):

act(() => {
  /* fire events that update state */
});
/* assert on the output */

This ensures that you're testing the behavior the user would see in the browser. Learn more at https://react.dev/link/wrap-tests-with-act
An update to MorePaneContent inside a test was not wrapped in act(...).

When testing, code that causes React state updates should be wrapped into act(...):

act(() => {
  /* fire events that update state */
});
/* assert on the output */

This ensures that you're testing the behavior the user would see in the browser. Learn more at https://react.dev/link/wrap-tests-with-act
An update to MorePaneContent inside a test was not wrapped in act(...).

When testing, code that causes React state updates should be wrapped into act(...):

act(() => {
  /* fire events that update state */
});
/* assert on the output */

This ensures that you're testing the behavior the user would see in the browser. Learn more at https://react.dev/link/wrap-tests-with-act
An update to MorePaneContent inside a test was not wrapped in act(...).

When testing, code that causes React state updates should be wrapped into act(...):

act(() => {
  /* fire events that update state */
});
/* assert on the output */

This ensures that you're testing the behavior the user would see in the browser. Learn more at https://react.dev/link/wrap-tests-with-act
An update to MorePaneContent inside a test was not wrapped in act(...).

When testing, code that causes React state updates should be wrapped into act(...):

act(() => {
  /* fire events that update state */
});
/* assert on the output */

This ensures that you're testing the behavior the user would see in the browser. Learn more at https://react.dev/link/wrap-tests-with-act
An update to MorePaneContent inside a test was not wrapped in act(...).

When testing, code that causes React state updates should be wrapped into act(...):

act(() => {
  /* fire events that update state */
});
/* assert on the output */

This ensures that you're testing the behavior the user would see in the browser. Learn more at https://react.dev/link/wrap-tests-with-act
An update to MorePaneContent inside a test was not wrapped in act(...).

When testing, code that causes React state updates should be wrapped into act(...):

act(() => {
  /* fire events that update state */
});
/* assert on the output */

This ensures that you're testing the behavior the user would see in the browser. Learn more at https://react.dev/link/wrap-tests-with-act
An update to MorePaneContent inside a test was not wrapped in act(...).

When testing, code that causes React state updates should be wrapped into act(...):

act(() => {
  /* fire events that update state */
});
/* assert on the output */

This ensures that you're testing the behavior the user would see in the browser. Learn more at https://react.dev/link/wrap-tests-with-act
An update to MorePaneContent inside a test was not wrapped in act(...).

When testing, code that causes React state updates should be wrapped into act(...):

act(() => {
  /* fire events that update state */
});
/* assert on the output */

This ensures that you're testing the behavior the user would see in the browser. Learn more at https://react.dev/link/wrap-tests-with-act
An update to MorePaneContent inside a test was not wrapped in act(...).

When testing, code that causes React state updates should be wrapped into act(...):

act(() => {
  /* fire events that update state */
});
/* assert on the output */

This ensures that you're testing the behavior the user would see in the browser. Learn more at https://react.dev/link/wrap-tests-with-act
An update to MorePaneContent inside a test was not wrapped in act(...).

When testing, code that causes React state updates should be wrapped into act(...):

act(() => {
  /* fire events that update state */
});
/* assert on the output */

This ensures that you're testing the behavior the user would see in the browser. Learn more at https://react.dev/link/wrap-tests-with-act
An update to MorePaneContent inside a test was not wrapped in act(...).

When testing, code that causes React state updates should be wrapped into act(...):

act(() => {
  /* fire events that update state */
});
/* assert on the output */

This ensures that you're testing the behavior the user would see in the browser. Learn more at https://react.dev/link/wrap-tests-with-act
An update to MorePaneContent inside a test was not wrapped in act(...).

When testing, code that causes React state updates should be wrapped into act(...):

act(() => {
  /* fire events that update state */
});
/* assert on the output */

This ensures that you're testing the behavior the user would see in the browser. Learn more at https://react.dev/link/wrap-tests-with-act
An update to MorePaneContent inside a test was not wrapped in act(...).

When testing, code that causes React state updates should be wrapped into act(...):

act(() => {
  /* fire events that update state */
});
/* assert on the output */

This ensures that you're testing the behavior the user would see in the browser. Learn more at https://react.dev/link/wrap-tests-with-act
An update to MorePaneContent inside a test was not wrapped in act(...).

When testing, code that causes React state updates should be wrapped into act(...):

act(() => {
  /* fire events that update state */
});
/* assert on the output */

This ensures that you're testing the behavior the user would see in the browser. Learn more at https://react.dev/link/wrap-tests-with-act
An update to MorePaneContent inside a test was not wrapped in act(...).

When testing, code that causes React state updates should be wrapped into act(...):

act(() => {
  /* fire events that update state */
});
/* assert on the output */

This ensures that you're testing the behavior the user would see in the browser. Learn more at https://react.dev/link/wrap-tests-with-act
An update to MorePaneContent inside a test was not wrapped in act(...).

When testing, code that causes React state updates should be wrapped into act(...):

act(() => {
  /* fire events that update state */
});
/* assert on the output */

This ensures that you're testing the behavior the user would see in the browser. Learn more at https://react.dev/link/wrap-tests-with-act
An update to MorePaneContent inside a test was not wrapped in act(...).

When testing, code that causes React state updates should be wrapped into act(...):

act(() => {
  /* fire events that update state */
});
/* assert on the output */

This ensures that you're testing the behavior the user would see in the browser. Learn more at https://react.dev/link/wrap-tests-with-act
An update to MorePaneContent inside a test was not wrapped in act(...).

When testing, code that causes React state updates should be wrapped into act(...):

act(() => {
  /* fire events that update state */
});
/* assert on the output */

This ensures that you're testing the behavior the user would see in the browser. Learn more at https://react.dev/link/wrap-tests-with-act
An update to MorePaneContent inside a test was not wrapped in act(...).

When testing, code that causes React state updates should be wrapped into act(...):

act(() => {
  /* fire events that update state */
});
/* assert on the output */

This ensures that you're testing the behavior the user would see in the browser. Learn more at https://react.dev/link/wrap-tests-with-act
An update to MorePaneContent inside a test was not wrapped in act(...).

When testing, code that causes React state updates should be wrapped into act(...):

act(() => {
  /* fire events that update state */
});
/* assert on the output */

This ensures that you're testing the behavior the user would see in the browser. Learn more at https://react.dev/link/wrap-tests-with-act
An update to MorePaneContent inside a test was not wrapped in act(...).

When testing, code that causes React state updates should be wrapped into act(...):

act(() => {
  /* fire events that update state */
});
/* assert on the output */

This ensures that you're testing the behavior the user would see in the browser. Learn more at https://react.dev/link/wrap-tests-with-act
An update to MorePaneContent inside a test was not wrapped in act(...).

When testing, code that causes React state updates should be wrapped into act(...):

act(() => {
  /* fire events that update state */
});
/* assert on the output */

This ensures that you're testing the behavior the user would see in the browser. Learn more at https://react.dev/link/wrap-tests-with-act
An update to MorePaneContent inside a test was not wrapped in act(...).

When testing, code that causes React state updates should be wrapped into act(...):

act(() => {
  /* fire events that update state */
});
/* assert on the output */

This ensures that you're testing the behavior the user would see in the browser. Learn more at https://react.dev/link/wrap-tests-with-act
