revision=e1a69fb fixed_commit=e1a69fbb5305356decb75f03e85fdb4933761699
exit=1

 RUN  v3.2.7 /var/folders/zk/bxw8sv_15xx51q2mf6xhdb8c0000gn/T/xai-detail-review-5W2gVp

 ❯ docs/reviews/web-pomodoro-departure-astra/draft-attribution.test.tsx (14 tests | 2 failed) 705ms
   ✓ preset: discard clears only its actual failed draft, preserving successful siblings and timer bytes 59ms
   ✓ custom_minutes: discard clears only its actual failed draft, preserving successful siblings and timer bytes 35ms
   ✓ display_style: discard clears only its actual failed draft, preserving successful siblings and timer bytes 25ms
   ✓ theme: discard clears only its actual failed draft, preserving successful siblings and timer bytes 26ms
   ✓ sound: discard clears only its actual failed draft, preserving successful siblings and timer bytes 28ms
   ✓ muted: discard clears only its actual failed draft, preserving successful siblings and timer bytes 23ms
   ✓ same-value successor failure stays a real draft after an earlier matching value committed 69ms
   × Retry during a predecessor pending save cannot attribute its success to a newer failed choice 41ms
     → the newer violet choice failed and is still a real unsaved draft: expected false to be true // Object.is equality
   ✓ readback uncertainty unchanged: departure tracks the actual token outcome without duplicate settlement 36ms
   ✓ readback uncertainty changed: departure tracks the actual token outcome without duplicate settlement 58ms
   ✓ source-only repair is clean while repairing one source leaves another actual failed draft guarded 53ms
   × old epoch and disposed discard capabilities cannot clear surviving or successor device choices 29ms
     → expected 'false' to be 'true' // Object.is equality
   ✓ running timer is not a preference draft and preference discard leaves its actual active record untouched 20ms
   ✓ completion-driven failed next preset is a draft; successful retry releases it without replaying history or event 202ms

 Test Files  1 failed (1)
      Tests  2 failed | 12 passed (14)
   Start at  23:52:50
   Duration  1.85s (transform 259ms, setup 0ms, collect 449ms, tests 705ms, environment 384ms, prepare 104ms)



⎯⎯⎯⎯⎯⎯⎯ Failed Tests 2 ⎯⎯⎯⎯⎯⎯⎯

 FAIL  docs/reviews/web-pomodoro-departure-astra/draft-attribution.test.tsx > Retry during a predecessor pending save cannot attribute its success to a newer failed choice
AssertionError: the newer violet choice failed and is still a real unsaved draft: expected false to be true // Object.is equality

- Expected
+ Received

- true
+ false

 ❯ docs/reviews/web-pomodoro-departure-astra/draft-attribution.test.tsx:58:100

⎯⎯⎯⎯⎯⎯⎯⎯⎯⎯⎯⎯⎯⎯⎯⎯⎯⎯⎯⎯⎯⎯⎯⎯[1/2]⎯

 FAIL  docs/reviews/web-pomodoro-departure-astra/draft-attribution.test.tsx > old epoch and disposed discard capabilities cannot clear surviving or successor device choices
AssertionError: expected 'false' to be 'true' // Object.is equality

Expected: "true"
Received: "false"

 ❯ docs/reviews/web-pomodoro-departure-astra/draft-attribution.test.tsx:96:69

⎯⎯⎯⎯⎯⎯⎯⎯⎯⎯⎯⎯⎯⎯⎯⎯⎯⎯⎯⎯⎯⎯⎯⎯[2/2]⎯
