
 RUN  v3.2.7 /private/var/folders/zk/bxw8sv_15xx51q2mf6xhdb8c0000gn/T/xai-metrics-save-iJIse0/source/packages/xai-web-dashboard-grid

 ❯ src/__tests__/independent-save.test.tsx (8 tests | 7 failed) 104ms
   × Independent Dashboard grid failure business oracles > failed layout must not silently publish new dimensions 16ms
     → expected { cols: 8, minHeight: 300 } to deeply equal { cols: 2, minHeight: 118 }
   × Independent Dashboard grid failure business oracles > failed appearance must not silently publish new color 3ms
     → expected { tone: 'rose', alpha: 0.6 } to deeply equal { tone: 'clear', alpha: 0.42 }
   × Independent Dashboard grid failure business oracles > failed widget removal keeps widget or provides visible unsaved recovery 65ms
     → expected false to be true // Object.is equality
   × Independent Dashboard grid failure business oracles > failed add keeps picker and must not emit widget-added success 14ms
     → expected [ { widgetId: 'bravo', …(1) } ] to have a length of +0 but got 1
   × Independent Dashboard grid failure business oracles > layout physical storage notification must refresh rendered saved size 1ms
     → expected { cols: 2, minHeight: 118 } to deeply equal { cols: 6, minHeight: 240 }
   × Independent Dashboard grid failure business oracles > old A layout callback must not seed A map into B 1ms
     → expected '{"alpha":{"cols":9,"minHeight":300},"…' to be null // Object.is equality
   × Independent Dashboard grid failure business oracles > a newer external layout entry must survive a local edit of another widget 2ms
     → expected { cols: 2, minHeight: 118 } to deeply equal { cols: 8, minHeight: 250 }
   ✓ Independent Dashboard grid failure business oracles > order failure control retains original persisted and rendered order 1ms

 Test Files  1 failed (1)
      Tests  7 failed | 1 passed (8)
   Start at  14:10:51
   Duration  1.69s (transform 232ms, setup 291ms, collect 143ms, tests 104ms, environment 581ms, prepare 175ms)


stderr | src/__tests__/independent-save.test.tsx > Independent Dashboard grid failure business oracles > failed layout must not silently publish new dimensions
[plugin-web-storage] quota exceeded for xai_pref_dashboard_widget_layout.

stderr | src/__tests__/independent-save.test.tsx > Independent Dashboard grid failure business oracles > failed appearance must not silently publish new color
[plugin-web-storage] quota exceeded for xai_pref_dashboard_widget_appearance.

stderr | src/__tests__/independent-save.test.tsx > Independent Dashboard grid failure business oracles > failed widget removal keeps widget or provides visible unsaved recovery
[plugin-web-storage] quota exceeded for xai_dash_order.
[plugin-web-storage] quota exceeded for xai_dash_order.

stderr | src/__tests__/independent-save.test.tsx > Independent Dashboard grid failure business oracles > failed add keeps picker and must not emit widget-added success
[plugin-web-storage] quota exceeded for xai_dash_order.

stderr | src/__tests__/independent-save.test.tsx > Independent Dashboard grid failure business oracles > order failure control retains original persisted and rendered order
[plugin-web-storage] quota exceeded for xai_dash_order.


⎯⎯⎯⎯⎯⎯⎯ Failed Tests 7 ⎯⎯⎯⎯⎯⎯⎯

 FAIL  src/__tests__/independent-save.test.tsx > Independent Dashboard grid failure business oracles > failed layout must not silently publish new dimensions
AssertionError: expected { cols: 8, minHeight: 300 } to deeply equal { cols: 2, minHeight: 118 }

- Expected
+ Received

  {
-   "cols": 2,
-   "minHeight": 118,
+   "cols": 8,
+   "minHeight": 300,
  }

 ❯ src/__tests__/independent-save.test.tsx:16:406


⎯⎯⎯⎯⎯⎯⎯⎯⎯⎯⎯⎯⎯⎯⎯⎯⎯⎯⎯⎯⎯⎯⎯⎯[1/7]⎯

 FAIL  src/__tests__/independent-save.test.tsx > Independent Dashboard grid failure business oracles > failed appearance must not silently publish new color
AssertionError: expected { tone: 'rose', alpha: 0.6 } to deeply equal { tone: 'clear', alpha: 0.42 }

- Expected
+ Received

  {
-   "alpha": 0.42,
-   "tone": "clear",
+   "alpha": 0.6,
+   "tone": "rose",
  }

 ❯ src/__tests__/independent-save.test.tsx:19:415


⎯⎯⎯⎯⎯⎯⎯⎯⎯⎯⎯⎯⎯⎯⎯⎯⎯⎯⎯⎯⎯⎯⎯⎯[2/7]⎯

 FAIL  src/__tests__/independent-save.test.tsx > Independent Dashboard grid failure business oracles > failed widget removal keeps widget or provides visible unsaved recovery
AssertionError: expected false to be true // Object.is equality

- Expected
+ Received

- true
+ false

 ❯ src/__tests__/independent-save.test.tsx:22:445


⎯⎯⎯⎯⎯⎯⎯⎯⎯⎯⎯⎯⎯⎯⎯⎯⎯⎯⎯⎯⎯⎯⎯⎯[3/7]⎯

 FAIL  src/__tests__/independent-save.test.tsx > Independent Dashboard grid failure business oracles > failed add keeps picker and must not emit widget-added success
AssertionError: expected [ { widgetId: 'bravo', …(1) } ] to have a length of +0 but got 1

- Expected
+ Received

- 0
+ 1

 ❯ src/__tests__/independent-save.test.tsx:25:590


⎯⎯⎯⎯⎯⎯⎯⎯⎯⎯⎯⎯⎯⎯⎯⎯⎯⎯⎯⎯⎯⎯⎯⎯[4/7]⎯

 FAIL  src/__tests__/independent-save.test.tsx > Independent Dashboard grid failure business oracles > layout physical storage notification must refresh rendered saved size
AssertionError: expected { cols: 2, minHeight: 118 } to deeply equal { cols: 6, minHeight: 240 }

- Expected
+ Received

  {
-   "cols": 6,
-   "minHeight": 240,
+   "cols": 2,
+   "minHeight": 118,
  }

 ❯ src/__tests__/independent-save.test.tsx:28:446


⎯⎯⎯⎯⎯⎯⎯⎯⎯⎯⎯⎯⎯⎯⎯⎯⎯⎯⎯⎯⎯⎯⎯⎯[5/7]⎯

 FAIL  src/__tests__/independent-save.test.tsx > Independent Dashboard grid failure business oracles > old A layout callback must not seed A map into B
AssertionError: expected '{"alpha":{"cols":9,"minHeight":300},"…' to be null // Object.is equality

- Expected: 
null

+ Received: 
"{\"alpha\":{\"cols\":9,\"minHeight\":300},\"bravo\":{\"cols\":4,\"minHeight\":200}}"

 ❯ src/__tests__/independent-save.test.tsx:31:415


⎯⎯⎯⎯⎯⎯⎯⎯⎯⎯⎯⎯⎯⎯⎯⎯⎯⎯⎯⎯⎯⎯⎯⎯[6/7]⎯

 FAIL  src/__tests__/independent-save.test.tsx > Independent Dashboard grid failure business oracles > a newer external layout entry must survive a local edit of another widget
AssertionError: expected { cols: 2, minHeight: 118 } to deeply equal { cols: 8, minHeight: 250 }

- Expected
+ Received

  {
-   "cols": 8,
-   "minHeight": 250,
+   "cols": 2,
+   "minHeight": 118,
  }

 ❯ src/__tests__/independent-save.test.tsx:34:391


⎯⎯⎯⎯⎯⎯⎯⎯⎯⎯⎯⎯⎯⎯⎯⎯⎯⎯⎯⎯⎯⎯⎯⎯[7/7]⎯

