▲ [WARNING] "import.meta" is not available with the "iife" output format and will be empty [empty-import-meta]

    packages/plugin-web-tokens/src/i18n.ts:745:17:
      745 │       if (typeof import.meta !== "undefined" && (import.meta as {...
          ╵                  ~~~~~~~~~~~

  You need to set the output format to "esm" for "import.meta" to work correctly.

▲ [WARNING] "import.meta" is not available with the "iife" output format and will be empty [empty-import-meta]

    packages/plugin-web-tokens/src/i18n.ts:745:49:
      745 │ ....meta !== "undefined" && (import.meta as { env?: { DEV?: boole...
          ╵                              ~~~~~~~~~~~

  You need to set the output format to "esm" for "import.meta" to work correctly.

▲ [WARNING] "import.meta" is not available with the "iife" output format and will be empty [empty-import-meta]

    packages/plugin-web-tokens/src/i18n.ts:753:17:
      753 │       if (typeof import.meta !== "undefined" && (import.meta as {...
          ╵                  ~~~~~~~~~~~

  You need to set the output format to "esm" for "import.meta" to work correctly.

▲ [WARNING] "import.meta" is not available with the "iife" output format and will be empty [empty-import-meta]

    packages/plugin-web-tokens/src/i18n.ts:753:49:
      753 │ ....meta !== "undefined" && (import.meta as { env?: { DEV?: boole...
          ╵                              ~~~~~~~~~~~

  You need to set the output format to "esm" for "import.meta" to work correctly.

▲ [WARNING] "import.meta" is not available with the "iife" output format and will be empty [empty-import-meta]

    packages/plugin-web-tokens/src/i18n.ts:761:15:
      761 │     if (typeof import.meta !== "undefined" && (import.meta as { e...
          ╵                ~~~~~~~~~~~

  You need to set the output format to "esm" for "import.meta" to work correctly.

▲ [WARNING] "import.meta" is not available with the "iife" output format and will be empty [empty-import-meta]

    packages/plugin-web-tokens/src/i18n.ts:761:47:
      761 │ ....meta !== "undefined" && (import.meta as { env?: { DEV?: boole...
          ╵                              ~~~~~~~~~~~

  You need to set the output format to "esm" for "import.meta" to work correctly.

{
  "pass": true,
  "checks": [
    "Actual start/pause controls persist absolute elapsed without counting paused absence",
    "Reload restores paused session; permission denial is visible, retry starts native audio",
    "Actual module unmount stops every native ambient source",
    "Whole Chrome process close/reopen keeps running deadline and requires explicit audio opening",
    "Past deadline ends once at deadline, stops native sources and creates no duplicate terminal write",
    "Native Storage quota preserves original active bytes and explicit retry commits pause",
    "Native Web Locks: while A stays held, B can start; late A cannot mutate B or erase A"
  ],
  "nativeAudio": {
    "starts": 2,
    "stops": 2
  },
  "pids": [
    47047,
    47093
  ]
}
