▲ [WARNING] "import.meta" is not available with the "iife" output format and will be empty [empty-import-meta]

    packages/plugin-web-tokens/src/i18n.ts:745:17:
      745 │       if (typeof import.meta !== "undefined" && (import.meta as {...
          ╵                  ~~~~~~~~~~~

  You need to set the output format to "esm" for "import.meta" to work correctly.

▲ [WARNING] "import.meta" is not available with the "iife" output format and will be empty [empty-import-meta]

    packages/plugin-web-tokens/src/i18n.ts:745:49:
      745 │ ....meta !== "undefined" && (import.meta as { env?: { DEV?: boole...
          ╵                              ~~~~~~~~~~~

  You need to set the output format to "esm" for "import.meta" to work correctly.

▲ [WARNING] "import.meta" is not available with the "iife" output format and will be empty [empty-import-meta]

    packages/plugin-web-tokens/src/i18n.ts:753:17:
      753 │       if (typeof import.meta !== "undefined" && (import.meta as {...
          ╵                  ~~~~~~~~~~~

  You need to set the output format to "esm" for "import.meta" to work correctly.

▲ [WARNING] "import.meta" is not available with the "iife" output format and will be empty [empty-import-meta]

    packages/plugin-web-tokens/src/i18n.ts:753:49:
      753 │ ....meta !== "undefined" && (import.meta as { env?: { DEV?: boole...
          ╵                              ~~~~~~~~~~~

  You need to set the output format to "esm" for "import.meta" to work correctly.

▲ [WARNING] "import.meta" is not available with the "iife" output format and will be empty [empty-import-meta]

    packages/plugin-web-tokens/src/i18n.ts:761:15:
      761 │     if (typeof import.meta !== "undefined" && (import.meta as { e...
          ╵                ~~~~~~~~~~~

  You need to set the output format to "esm" for "import.meta" to work correctly.

▲ [WARNING] "import.meta" is not available with the "iife" output format and will be empty [empty-import-meta]

    packages/plugin-web-tokens/src/i18n.ts:761:47:
      761 │ ....meta !== "undefined" && (import.meta as { env?: { DEV?: boole...
          ╵                              ~~~~~~~~~~~

  You need to set the output format to "esm" for "import.meta" to work correctly.

{
  "base": "8eb163d",
  "frozenSourceFiles": 25,
  "pass": true,
  "initial": {
    "originalBytes": true,
    "editorRetained": true,
    "failureVisible": true,
    "retryVisible": true,
    "exportVisible": true
  },
  "checks": [
    "Latest draft export/retry",
    "Newer raw conflict preserved",
    "Captured account rejects old retry/export"
  ],
  "pids": [
    66601
  ]
}
