revision=f532ad5
exit=1

 RUN  v3.2.7 /var/folders/zk/bxw8sv_15xx51q2mf6xhdb8c0000gn/T/xai-detail-review-TZySp5

 ❯ docs/reviews/web-d2-dashboard-note-astra/contracts.test.tsx (11 tests | 3 failed) 300ms
   ✓ duplicate Save Enter blur shares one pending commit and preserves unload warning 126ms
   ✓ newer explicit submission while first is queued eventually saves latest and closes only latest 25ms
   ✓ Clear pending then newer typing keeps editor and warning; next explicit save persists latest 21ms
   ✓ dirty storage event cannot rebase draft and conflict export contains latest text 24ms
   ✓ external change while lock queued refuses without replacing draft 16ms
   × A to B pending masks every A note text while retaining inert recovery and refusing old export 19ms
     → expected 'Good morning, Hello.Wednesday, Septem…' not to contain 'Original A'
   ✓ clean A to B displays B note and permits independent B editor 13ms
   × position-only failure can export latest offset and committed note without ever opening note editor 8ms
     → expected undefined to be defined
   ✓ export failure retains newest draft and unload guard 11ms
   ✓ Escape cancels an unsubmitted edit and reopening captures fresh external baseline 17ms
   × changed draft Retry after quota still applies explicit note normalization 18ms
     → expected '  Latest    text  ' to be 'Latest text' // Object.is equality

 Test Files  1 failed (1)
      Tests  3 failed | 8 passed (11)
   Start at  20:29:51
   Duration  1.51s (transform 205ms, setup 312ms, collect 54ms, tests 300ms, environment 533ms, prepare 79ms)


stderr | docs/reviews/web-d2-dashboard-note-astra/contracts.test.tsx > position-only failure can export latest offset and committed note without ever opening note editor
[plugin-web-storage] localStorage is unavailable (possibly Safari Private Mode); all operations will no-op.


⎯⎯⎯⎯⎯⎯⎯ Failed Tests 3 ⎯⎯⎯⎯⎯⎯⎯

 FAIL  docs/reviews/web-d2-dashboard-note-astra/contracts.test.tsx > A to B pending masks every A note text while retaining inert recovery and refusing old export
AssertionError: expected 'Good morning, Hello.Wednesday, Septem…' not to contain 'Original A'

Expected: "Original A"
Received: "Good morning, Hello.Wednesday, September 9Original AAdd widgetNote or position was not saved. Drafts stay on this page only; retry or export before leaving.The account or saved content changed. Export your draft and reopen to avoid overwriting newer data.Retry note saveExport note draft"

 ❯ docs/reviews/web-d2-dashboard-note-astra/contracts.test.tsx:22:358

⎯⎯⎯⎯⎯⎯⎯⎯⎯⎯⎯⎯⎯⎯⎯⎯⎯⎯⎯⎯⎯⎯⎯⎯[1/3]⎯

 FAIL  docs/reviews/web-d2-dashboard-note-astra/contracts.test.tsx > position-only failure can export latest offset and committed note without ever opening note editor
AssertionError: expected undefined to be defined
 ❯ docs/reviews/web-d2-dashboard-note-astra/contracts.test.tsx:16:289
 ❯ docs/reviews/web-d2-dashboard-note-astra/contracts.test.tsx:24:830

⎯⎯⎯⎯⎯⎯⎯⎯⎯⎯⎯⎯⎯⎯⎯⎯⎯⎯⎯⎯⎯⎯⎯⎯[2/3]⎯

 FAIL  docs/reviews/web-d2-dashboard-note-astra/contracts.test.tsx > changed draft Retry after quota still applies explicit note normalization
AssertionError: expected '  Latest    text  ' to be 'Latest text' // Object.is equality

Expected: "Latest text"
Received: "  Latest    text  "

 ❯ docs/reviews/web-d2-dashboard-note-astra/contracts.test.tsx:27:670

⎯⎯⎯⎯⎯⎯⎯⎯⎯⎯⎯⎯⎯⎯⎯⎯⎯⎯⎯⎯⎯⎯⎯⎯[3/3]⎯
