revision=7b216a3 fixed_commit=7b216a3d5a4947d0f66da042fb275302737fb762
exit=0

 RUN  v3.2.7 /var/folders/zk/bxw8sv_15xx51q2mf6xhdb8c0000gn/T/xai-notif-sol-au0G6D

 ✓ docs/reviews/web-notifications-recovery-sol/recovery.test.tsx (3 tests) 385ms

 Test Files  1 passed (1)
      Tests  3 passed (3)
   Start at  01:21:58
   Duration  1.47s (transform 305ms, setup 236ms, collect 273ms, tests 385ms, environment 212ms, prepare 85ms)


stderr | docs/reviews/web-notifications-recovery-sol/recovery.test.tsx > quiet=false keeps failed hidden time drafts exportable and independently recoverable when re-enabled
An update to NotificationsPaneContent inside a test was not wrapped in act(...).

When testing, code that causes React state updates should be wrapped into act(...):

act(() => {
  /* fire events that update state */
});
/* assert on the output */

This ensures that you're testing the behavior the user would see in the browser. Learn more at https://react.dev/link/wrap-tests-with-act

stderr | docs/reviews/web-notifications-recovery-sol/recovery.test.tsx > all eight held drafts export exact device-only memory including hidden times
An update to NotificationsPaneContent inside a test was not wrapped in act(...).

When testing, code that causes React state updates should be wrapped into act(...):

act(() => {
  /* fire events that update state */
});
/* assert on the output */

This ensures that you're testing the behavior the user would see in the browser. Learn more at https://react.dev/link/wrap-tests-with-act
