revision=afbfb24 fixed_commit=afbfb24d6f7311366b77852eda927d08467478c2
exit=0

 RUN  v3.2.7 /var/folders/zk/bxw8sv_15xx51q2mf6xhdb8c0000gn/T/xai-notif-sol-7aNDUm

 ✓ docs/reviews/web-notifications-recovery-sol/recovery.test.tsx (3 tests) 393ms

 Test Files  1 passed (1)
      Tests  3 passed (3)
   Start at  05:45:04
   Duration  1.72s (transform 319ms, setup 275ms, collect 231ms, tests 393ms, environment 395ms, prepare 83ms)


stderr | docs/reviews/web-notifications-recovery-sol/recovery.test.tsx > quiet=false keeps failed hidden time drafts exportable and independently recoverable when re-enabled
An update to NotificationsPaneContent inside a test was not wrapped in act(...).

When testing, code that causes React state updates should be wrapped into act(...):

act(() => {
  /* fire events that update state */
});
/* assert on the output */

This ensures that you're testing the behavior the user would see in the browser. Learn more at https://react.dev/link/wrap-tests-with-act

stderr | docs/reviews/web-notifications-recovery-sol/recovery.test.tsx > all eight held drafts export exact device-only memory including hidden times
An update to NotificationsPaneContent inside a test was not wrapped in act(...).

When testing, code that causes React state updates should be wrapped into act(...):

act(() => {
  /* fire events that update state */
});
/* assert on the output */

This ensures that you're testing the behavior the user would see in the browser. Learn more at https://react.dev/link/wrap-tests-with-act
