revision=f359be6 fixed_commit=f359be6d838393e0f9e93efd80b88b5b09f6144e
exit=0

 RUN  v3.2.7 /var/folders/zk/bxw8sv_15xx51q2mf6xhdb8c0000gn/T/xai-notif-sol-jmXssC

 ✓ docs/reviews/web-notifications-recovery-sol/recovery.test.tsx (3 tests) 383ms

 Test Files  1 passed (1)
      Tests  3 passed (3)
   Start at  23:29:20
   Duration  1.26s (transform 243ms, setup 207ms, collect 210ms, tests 383ms, environment 217ms, prepare 45ms)


stderr | docs/reviews/web-notifications-recovery-sol/recovery.test.tsx > quiet=false keeps failed hidden time drafts exportable and independently recoverable when re-enabled
An update to NotificationsPaneContent inside a test was not wrapped in act(...).

When testing, code that causes React state updates should be wrapped into act(...):

act(() => {
  /* fire events that update state */
});
/* assert on the output */

This ensures that you're testing the behavior the user would see in the browser. Learn more at https://react.dev/link/wrap-tests-with-act

stderr | docs/reviews/web-notifications-recovery-sol/recovery.test.tsx > all eight held drafts export exact device-only memory including hidden times
An update to NotificationsPaneContent inside a test was not wrapped in act(...).

When testing, code that causes React state updates should be wrapped into act(...):

act(() => {
  /* fire events that update state */
});
/* assert on the output */

This ensures that you're testing the behavior the user would see in the browser. Learn more at https://react.dev/link/wrap-tests-with-act
