revision=6b90b22 fixed_commit=6b90b220459facdc80a42e4de6c4073c2b57f1eb
exit=0

 RUN  v3.2.7 /var/folders/zk/bxw8sv_15xx51q2mf6xhdb8c0000gn/T/xai-notif-astra-Lwri3t

 ✓ docs/reviews/web-notifications-recovery-astra/boundaries.test.tsx (20 tests) 1762ms
   ✓ recovered predecessor cannot clear a queued latest time that fails then succeeds on its own Retry  308ms

 Test Files  1 passed (1)
      Tests  20 passed (20)
   Start at  05:28:33
   Duration  3.39s (transform 413ms, setup 288ms, collect 312ms, tests 1.76s, environment 384ms, prepare 169ms)


stderr | docs/reviews/web-notifications-recovery-astra/boundaries.test.tsx > hidden same-field source repair never acknowledges repaired bytes as an actual time draft
An update to NotificationsPaneContent inside a test was not wrapped in act(...).

When testing, code that causes React state updates should be wrapped into act(...):

act(() => {
  /* fire events that update state */
});
/* assert on the output */

This ensures that you're testing the behavior the user would see in the browser. Learn more at https://react.dev/link/wrap-tests-with-act
An update to NotificationsPaneContent inside a test was not wrapped in act(...).

When testing, code that causes React state updates should be wrapped into act(...):

act(() => {
  /* fire events that update state */
});
/* assert on the output */

This ensures that you're testing the behavior the user would see in the browser. Learn more at https://react.dev/link/wrap-tests-with-act

stderr | docs/reviews/web-notifications-recovery-astra/boundaries.test.tsx > old host capabilities refuse in the owner-change turn and fresh locked permission retains hidden work
An update to NotificationsPaneContent inside a test was not wrapped in act(...).

When testing, code that causes React state updates should be wrapped into act(...):

act(() => {
  /* fire events that update state */
});
/* assert on the output */

This ensures that you're testing the behavior the user would see in the browser. Learn more at https://react.dev/link/wrap-tests-with-act
