{"name":"header","purpose":"K-1 batch 44: check-by-check comparison of each committed frozen log with the K-1 reproduction run (frozen dispatch + passive key audit) and the K-1 corrected rerun (no nativeVirtualKeyCode + key-audit precondition) of the same mode at the same product SHA","cwd":"docs/reviews","commands":["node web-native-keyinput-k1/compare-k1.mjs native <committed native-5cd63ff-before1-<mode>.log> <k1 log> ... (pairs in the order of the comparison records below)","node web-native-keyinput-k1/compare-k1.mjs f1 <committed f1 log> <k1 log> ... (pairs in the order of the comparison records below)"]}
{"name":"comparison","committed":"web-appearance-recovery-native/native-5cd63ff-before1-h3.log","k1":"web-native-keyinput-k1/native-5cd63ff-k1corr1-h3.log","kind":"native","preconditions":{"committed":177,"k1":177,"identicalSequence":true,"firstDivergence":null,"allPassCommitted":true,"allPassK1":true},"k1AuditPrecondition":{"name":"check","id":"run:k1-keyboard-trace-contains-only-the-runner-key-presses","kind":"precondition","pass":true,"documents":18,"runnerPresses":6,"keydowns":6,"keyups":6,"keypresses":0,"mismatches":0},"outcomes":{"total":18,"same":18,"different":[]},"result":{"committed":{"harnessValid":true,"verdict":null,"pass":null,"requirementFailures":["H3-en-lang-b:silent","H3-en-theme-b:silent","H3-en-density-b:silent","H3-zh-lang-b:silent","H3-zh-theme-b:silent","H3-zh-density-b:silent"],"deferredFailures":null,"runtimeErrors":0,"exceptions":0,"consoleWarnings":0,"dialogs":[],"checkId":null},"k1":{"harnessValid":true,"verdict":null,"pass":null,"requirementFailures":["H3-en-lang-b:silent","H3-en-theme-b:silent","H3-en-density-b:silent","H3-zh-lang-b:silent","H3-zh-theme-b:silent","H3-zh-density-b:silent"],"deferredFailures":null,"runtimeErrors":0,"exceptions":0,"consoleWarnings":0,"dialogs":[],"checkId":null},"same":true},"evidence":{"records":31,"recordsK1":31,"identical":31,"withDifferences":0},"sequenceFootprint":{"recordsWithSequence":6,"maxDelta":0,"recordsDifferingByMoreThan50":[]}}
{"name":"outcome","committed":"fact:true","id":"H3-en-lang-a:applied-while-bytes-keep-old-value","k1":"fact:true","same":true}
{"name":"outcome","committed":"holds:false","id":"H3-en-lang-b:silent","k1":"holds:false","same":true}
{"name":"outcome","committed":"fact:true","id":"H3-en-lang-c:reverts-after-reload","k1":"fact:true","same":true}
{"name":"outcome","committed":"fact:true","id":"H3-en-theme-a:applied-while-bytes-keep-old-value","k1":"fact:true","same":true}
{"name":"outcome","committed":"holds:false","id":"H3-en-theme-b:silent","k1":"holds:false","same":true}
{"name":"outcome","committed":"fact:true","id":"H3-en-theme-c:reverts-after-reload","k1":"fact:true","same":true}
{"name":"outcome","committed":"fact:true","id":"H3-en-density-a:applied-while-bytes-keep-old-value","k1":"fact:true","same":true}
{"name":"outcome","committed":"holds:false","id":"H3-en-density-b:silent","k1":"holds:false","same":true}
{"name":"outcome","committed":"fact:true","id":"H3-en-density-c:reverts-after-reload","k1":"fact:true","same":true}
{"name":"outcome","committed":"fact:true","id":"H3-zh-lang-a:applied-while-bytes-keep-old-value","k1":"fact:true","same":true}
{"name":"outcome","committed":"holds:false","id":"H3-zh-lang-b:silent","k1":"holds:false","same":true}
{"name":"outcome","committed":"fact:true","id":"H3-zh-lang-c:reverts-after-reload","k1":"fact:true","same":true}
{"name":"outcome","committed":"fact:true","id":"H3-zh-theme-a:applied-while-bytes-keep-old-value","k1":"fact:true","same":true}
{"name":"outcome","committed":"holds:false","id":"H3-zh-theme-b:silent","k1":"holds:false","same":true}
{"name":"outcome","committed":"fact:true","id":"H3-zh-theme-c:reverts-after-reload","k1":"fact:true","same":true}
{"name":"outcome","committed":"fact:true","id":"H3-zh-density-a:applied-while-bytes-keep-old-value","k1":"fact:true","same":true}
{"name":"outcome","committed":"holds:false","id":"H3-zh-density-b:silent","k1":"holds:false","same":true}
{"name":"outcome","committed":"fact:true","id":"H3-zh-density-c:reverts-after-reload","k1":"fact:true","same":true}
{"name":"comparison","committed":"web-appearance-recovery-native/native-5cd63ff-before1-h5.log","k1":"web-native-keyinput-k1/native-5cd63ff-k1corr1-h5.log","kind":"native","preconditions":{"committed":83,"k1":83,"identicalSequence":true,"firstDivergence":null,"allPassCommitted":true,"allPassK1":true},"k1AuditPrecondition":{"name":"check","id":"run:k1-keyboard-trace-contains-only-the-runner-key-presses","kind":"precondition","pass":true,"documents":4,"runnerPresses":4,"keydowns":4,"keyups":4,"keypresses":0,"mismatches":0},"outcomes":{"total":4,"same":4,"different":[]},"result":{"committed":{"harnessValid":true,"verdict":null,"pass":null,"requirementFailures":["H5-en-a:topbar-change-not-reflected-in-pane","H5-en-b:save-and-apply-reverts-topbar-choice","H5-zh-a:topbar-change-not-reflected-in-pane","H5-zh-b:save-and-apply-reverts-topbar-choice"],"deferredFailures":null,"runtimeErrors":0,"exceptions":0,"consoleWarnings":0,"dialogs":[],"checkId":null},"k1":{"harnessValid":true,"verdict":null,"pass":null,"requirementFailures":["H5-en-a:topbar-change-not-reflected-in-pane","H5-en-b:save-and-apply-reverts-topbar-choice","H5-zh-a:topbar-change-not-reflected-in-pane","H5-zh-b:save-and-apply-reverts-topbar-choice"],"deferredFailures":null,"runtimeErrors":0,"exceptions":0,"consoleWarnings":0,"dialogs":[],"checkId":null},"same":true},"evidence":{"records":9,"recordsK1":9,"identical":9,"withDifferences":0},"sequenceFootprint":{"recordsWithSequence":2,"maxDelta":0,"recordsDifferingByMoreThan50":[]}}
{"name":"outcome","committed":"holds:false","id":"H5-en-a:topbar-change-not-reflected-in-pane","k1":"holds:false","same":true}
{"name":"outcome","committed":"holds:false","id":"H5-en-b:save-and-apply-reverts-topbar-choice","k1":"holds:false","same":true}
{"name":"outcome","committed":"holds:false","id":"H5-zh-a:topbar-change-not-reflected-in-pane","k1":"holds:false","same":true}
{"name":"outcome","committed":"holds:false","id":"H5-zh-b:save-and-apply-reverts-topbar-choice","k1":"holds:false","same":true}
{"name":"comparison","committed":"web-appearance-recovery-native/native-5cd63ff-before1-h10.log","k1":"web-native-keyinput-k1/native-5cd63ff-k1corr1-h10.log","kind":"native","preconditions":{"committed":107,"k1":107,"identicalSequence":true,"firstDivergence":null,"allPassCommitted":true,"allPassK1":true},"k1AuditPrecondition":{"name":"check","id":"run:k1-keyboard-trace-contains-only-the-runner-key-presses","kind":"precondition","pass":true,"documents":8,"runnerPresses":8,"keydowns":8,"keyups":8,"keypresses":0,"mismatches":0},"outcomes":{"total":10,"same":10,"different":[]},"result":{"committed":{"harnessValid":true,"verdict":null,"pass":null,"requirementFailures":["H10-en-lang:not-reflected-until-reload","H10-en-theme:not-reflected-until-reload","H10-en-density:not-reflected-until-reload","H10-en-fontScale:not-reflected-until-reload","H10-zh-lang:not-reflected-until-reload","H10-zh-theme:not-reflected-until-reload","H10-zh-density:not-reflected-until-reload","H10-zh-fontScale:not-reflected-until-reload"],"deferredFailures":null,"runtimeErrors":0,"exceptions":0,"consoleWarnings":0,"dialogs":[],"checkId":null},"k1":{"harnessValid":true,"verdict":null,"pass":null,"requirementFailures":["H10-en-lang:not-reflected-until-reload","H10-en-theme:not-reflected-until-reload","H10-en-density:not-reflected-until-reload","H10-en-fontScale:not-reflected-until-reload","H10-zh-lang:not-reflected-until-reload","H10-zh-theme:not-reflected-until-reload","H10-zh-density:not-reflected-until-reload","H10-zh-fontScale:not-reflected-until-reload"],"deferredFailures":null,"runtimeErrors":0,"exceptions":0,"consoleWarnings":0,"dialogs":[],"checkId":null},"same":true},"evidence":{"records":17,"recordsK1":17,"identical":17,"withDifferences":0},"sequenceFootprint":{"recordsWithSequence":2,"maxDelta":0,"recordsDifferingByMoreThan50":[]}}
{"name":"outcome","committed":"holds:false","id":"H10-en-lang:not-reflected-until-reload","k1":"holds:false","same":true}
{"name":"outcome","committed":"holds:false","id":"H10-en-theme:not-reflected-until-reload","k1":"holds:false","same":true}
{"name":"outcome","committed":"holds:false","id":"H10-en-density:not-reflected-until-reload","k1":"holds:false","same":true}
{"name":"outcome","committed":"holds:false","id":"H10-en-fontScale:not-reflected-until-reload","k1":"holds:false","same":true}
{"name":"outcome","committed":"fact:true","id":"H10-en-reload:reflected-after-reload","k1":"fact:true","same":true}
{"name":"outcome","committed":"holds:false","id":"H10-zh-lang:not-reflected-until-reload","k1":"holds:false","same":true}
{"name":"outcome","committed":"holds:false","id":"H10-zh-theme:not-reflected-until-reload","k1":"holds:false","same":true}
{"name":"outcome","committed":"holds:false","id":"H10-zh-density:not-reflected-until-reload","k1":"holds:false","same":true}
{"name":"outcome","committed":"holds:false","id":"H10-zh-fontScale:not-reflected-until-reload","k1":"holds:false","same":true}
{"name":"outcome","committed":"fact:true","id":"H10-zh-reload:reflected-after-reload","k1":"fact:true","same":true}
{"name":"comparison","committed":"web-appearance-recovery-native/native-5cd63ff-before1-h15.log","k1":"web-native-keyinput-k1/native-5cd63ff-k1corr1-h15.log","kind":"native","preconditions":{"committed":91,"k1":91,"identicalSequence":true,"firstDivergence":null,"allPassCommitted":true,"allPassK1":true},"k1AuditPrecondition":{"name":"check","id":"run:k1-keyboard-trace-contains-only-the-runner-key-presses","kind":"precondition","pass":true,"documents":4,"runnerPresses":4,"keydowns":4,"keyups":4,"keypresses":0,"mismatches":0},"outcomes":{"total":10,"same":10,"different":[]},"result":{"committed":{"harnessValid":true,"verdict":null,"pass":null,"requirementFailures":["H15-en-a:zero-attempts-on-failed-accent","H15-en-b:rewrites-four-root-keys-from-pane-values","H15-en-c:swallows-failure","H15-en-d:saved-flash-in-every-case","H15-en-e:no-per-field-result","H15-zh-a:zero-attempts-on-failed-accent","H15-zh-b:rewrites-four-root-keys-from-pane-values","H15-zh-c:swallows-failure","H15-zh-d:saved-flash-in-every-case","H15-zh-e:no-per-field-result"],"deferredFailures":null,"runtimeErrors":0,"exceptions":0,"consoleWarnings":2,"dialogs":[],"checkId":null},"k1":{"harnessValid":true,"verdict":null,"pass":null,"requirementFailures":["H15-en-a:zero-attempts-on-failed-accent","H15-en-b:rewrites-four-root-keys-from-pane-values","H15-en-c:swallows-failure","H15-en-d:saved-flash-in-every-case","H15-en-e:no-per-field-result","H15-zh-a:zero-attempts-on-failed-accent","H15-zh-b:rewrites-four-root-keys-from-pane-values","H15-zh-c:swallows-failure","H15-zh-d:saved-flash-in-every-case","H15-zh-e:no-per-field-result"],"deferredFailures":null,"runtimeErrors":0,"exceptions":0,"consoleWarnings":2,"dialogs":[],"checkId":null},"same":true},"evidence":{"records":17,"recordsK1":17,"identical":13,"withDifferences":4},"sequenceFootprint":{"recordsWithSequence":8,"maxDelta":1493,"recordsDifferingByMoreThan50":[{"record":"check:h15:en:trusted-click-observed-on-save-and-apply","committed":1573,"k1":103,"delta":1470},{"record":"observation:h15:en:activation","committed":1577,"k1":107,"delta":1470},{"record":"check:h15:zh:trusted-click-observed-on-save-and-apply","committed":1596,"k1":103,"delta":1493},{"record":"observation:h15:zh:activation","committed":1600,"k1":107,"delta":1493}]}}
{"name":"outcome","committed":"holds:false","id":"H15-en-a:zero-attempts-on-failed-accent","k1":"holds:false","same":true}
{"name":"outcome","committed":"holds:false","id":"H15-en-b:rewrites-four-root-keys-from-pane-values","k1":"holds:false","same":true}
{"name":"outcome","committed":"holds:false","id":"H15-en-c:swallows-failure","k1":"holds:false","same":true}
{"name":"outcome","committed":"holds:false","id":"H15-en-d:saved-flash-in-every-case","k1":"holds:false","same":true}
{"name":"outcome","committed":"holds:false","id":"H15-en-e:no-per-field-result","k1":"holds:false","same":true}
{"name":"outcome","committed":"holds:false","id":"H15-zh-a:zero-attempts-on-failed-accent","k1":"holds:false","same":true}
{"name":"outcome","committed":"holds:false","id":"H15-zh-b:rewrites-four-root-keys-from-pane-values","k1":"holds:false","same":true}
{"name":"outcome","committed":"holds:false","id":"H15-zh-c:swallows-failure","k1":"holds:false","same":true}
{"name":"outcome","committed":"holds:false","id":"H15-zh-d:saved-flash-in-every-case","k1":"holds:false","same":true}
{"name":"outcome","committed":"holds:false","id":"H15-zh-e:no-per-field-result","k1":"holds:false","same":true}
{"name":"evidence-difference","committed":"native-5cd63ff-before1-h15.log","id":"h15:en:activation","paths":[{"path":".attempts.0","committed":"\"1574:set:xai_pref_lang=\\\"en\\\":ok\"","k1":"\"104:set:xai_pref_lang=\\\"en\\\":ok\""},{"path":".attempts.1","committed":"\"1575:set:xai_pref_theme=\\\"light\\\":ok\"","k1":"\"105:set:xai_pref_theme=\\\"light\\\":ok\""},{"path":".attempts.2","committed":"\"1576:set:xai_pref_density=\\\"comfortable\\\":ok\"","k1":"\"106:set:xai_pref_density=\\\"comfortable\\\":ok\""},{"path":".attempts.3","committed":"\"1577:set:xai_pref_font_scale=1:denied\"","k1":"\"107:set:xai_pref_font_scale=1:denied\""},{"path":".flash.framesShowingSaved","committed":"110","k1":"108"}]}
{"name":"evidence-difference","committed":"native-5cd63ff-before1-h15.log","id":"H15-en-d:saved-flash-in-every-case","paths":[{"path":".flash.framesShowingSaved","committed":"110","k1":"108"}]}
{"name":"evidence-difference","committed":"native-5cd63ff-before1-h15.log","id":"h15:zh:activation","paths":[{"path":".attempts.0","committed":"\"1597:set:xai_pref_lang=\\\"zh\\\":ok\"","k1":"\"104:set:xai_pref_lang=\\\"zh\\\":ok\""},{"path":".attempts.1","committed":"\"1598:set:xai_pref_theme=\\\"light\\\":ok\"","k1":"\"105:set:xai_pref_theme=\\\"light\\\":ok\""},{"path":".attempts.2","committed":"\"1599:set:xai_pref_density=\\\"comfortable\\\":ok\"","k1":"\"106:set:xai_pref_density=\\\"comfortable\\\":ok\""},{"path":".attempts.3","committed":"\"1600:set:xai_pref_font_scale=1:denied\"","k1":"\"107:set:xai_pref_font_scale=1:denied\""},{"path":".flash.framesShowingSaved","committed":"110","k1":"108"}]}
{"name":"evidence-difference","committed":"native-5cd63ff-before1-h15.log","id":"H15-zh-d:saved-flash-in-every-case","paths":[{"path":".flash.framesShowingSaved","committed":"110","k1":"108"}]}
{"name":"comparison","committed":"web-appearance-recovery-native/native-5cd63ff-before1-h17.log","k1":"web-native-keyinput-k1/native-5cd63ff-k1corr1-h17.log","kind":"native","preconditions":{"committed":78,"k1":78,"identicalSequence":true,"firstDivergence":null,"allPassCommitted":true,"allPassK1":true},"k1AuditPrecondition":{"name":"check","id":"run:k1-keyboard-trace-contains-only-the-runner-key-presses","kind":"precondition","pass":true,"documents":6,"runnerPresses":54,"keydowns":54,"keyups":54,"keypresses":0,"mismatches":0},"outcomes":{"total":10,"same":10,"different":[]},"result":{"committed":{"harnessValid":true,"verdict":null,"pass":null,"requirementFailures":["H17-en-a:no-disabled-nothing-to-retry-state","H17-en-b:clean-state-activation-is-not-inert","H17-en-c:saved-flash-although-nothing-was-unsaved","H17-zh-a:no-disabled-nothing-to-retry-state","H17-zh-b:clean-state-activation-is-not-inert","H17-zh-c:saved-flash-although-nothing-was-unsaved"],"deferredFailures":null,"runtimeErrors":0,"exceptions":0,"consoleWarnings":0,"dialogs":[],"checkId":null},"k1":{"harnessValid":true,"verdict":null,"pass":null,"requirementFailures":["H17-en-a:no-disabled-nothing-to-retry-state","H17-en-b:clean-state-activation-is-not-inert","H17-en-c:saved-flash-although-nothing-was-unsaved","H17-zh-a:no-disabled-nothing-to-retry-state","H17-zh-b:clean-state-activation-is-not-inert","H17-zh-c:saved-flash-although-nothing-was-unsaved"],"deferredFailures":null,"runtimeErrors":0,"exceptions":0,"consoleWarnings":0,"dialogs":[],"checkId":null},"same":true},"evidence":{"records":18,"recordsK1":18,"identical":18,"withDifferences":0},"sequenceFootprint":{"recordsWithSequence":4,"maxDelta":0,"recordsDifferingByMoreThan50":[]}}
{"name":"outcome","committed":"holds:false","id":"H17-en-a:no-disabled-nothing-to-retry-state","k1":"holds:false","same":true}
{"name":"outcome","committed":"fact:true","id":"H17-en-b1:exactly-four-root-setitem-attempts-with-pane-values","k1":"fact:true","same":true}
{"name":"outcome","committed":"fact:true","id":"H17-en-b2:zero-attempts-on-registered-keys","k1":"fact:true","same":true}
{"name":"outcome","committed":"holds:false","id":"H17-en-b:clean-state-activation-is-not-inert","k1":"holds:false","same":true}
{"name":"outcome","committed":"holds:false","id":"H17-en-c:saved-flash-although-nothing-was-unsaved","k1":"holds:false","same":true}
{"name":"outcome","committed":"holds:false","id":"H17-zh-a:no-disabled-nothing-to-retry-state","k1":"holds:false","same":true}
{"name":"outcome","committed":"fact:true","id":"H17-zh-b1:exactly-four-root-setitem-attempts-with-pane-values","k1":"fact:true","same":true}
{"name":"outcome","committed":"fact:true","id":"H17-zh-b2:zero-attempts-on-registered-keys","k1":"fact:true","same":true}
{"name":"outcome","committed":"holds:false","id":"H17-zh-b:clean-state-activation-is-not-inert","k1":"holds:false","same":true}
{"name":"outcome","committed":"holds:false","id":"H17-zh-c:saved-flash-although-nothing-was-unsaved","k1":"holds:false","same":true}
{"name":"comparison","committed":"web-appearance-recovery-native/native-5cd63ff-before1-h3.log","k1":"web-native-keyinput-k1/native-5cd63ff-k1repro1-h3.log","kind":"native","preconditions":{"committed":177,"k1":177,"identicalSequence":true,"firstDivergence":null,"allPassCommitted":true,"allPassK1":true},"k1AuditPrecondition":null,"outcomes":{"total":18,"same":18,"different":[]},"result":{"committed":{"harnessValid":true,"verdict":null,"pass":null,"requirementFailures":["H3-en-lang-b:silent","H3-en-theme-b:silent","H3-en-density-b:silent","H3-zh-lang-b:silent","H3-zh-theme-b:silent","H3-zh-density-b:silent"],"deferredFailures":null,"runtimeErrors":0,"exceptions":0,"consoleWarnings":0,"dialogs":[],"checkId":null},"k1":{"harnessValid":true,"verdict":null,"pass":null,"requirementFailures":["H3-en-lang-b:silent","H3-en-theme-b:silent","H3-en-density-b:silent","H3-zh-lang-b:silent","H3-zh-theme-b:silent","H3-zh-density-b:silent"],"deferredFailures":null,"runtimeErrors":0,"exceptions":0,"consoleWarnings":0,"dialogs":[],"checkId":null},"same":true},"evidence":{"records":31,"recordsK1":31,"identical":31,"withDifferences":0},"sequenceFootprint":{"recordsWithSequence":6,"maxDelta":0,"recordsDifferingByMoreThan50":[]}}
{"name":"outcome","committed":"fact:true","id":"H3-en-lang-a:applied-while-bytes-keep-old-value","k1":"fact:true","same":true}
{"name":"outcome","committed":"holds:false","id":"H3-en-lang-b:silent","k1":"holds:false","same":true}
{"name":"outcome","committed":"fact:true","id":"H3-en-lang-c:reverts-after-reload","k1":"fact:true","same":true}
{"name":"outcome","committed":"fact:true","id":"H3-en-theme-a:applied-while-bytes-keep-old-value","k1":"fact:true","same":true}
{"name":"outcome","committed":"holds:false","id":"H3-en-theme-b:silent","k1":"holds:false","same":true}
{"name":"outcome","committed":"fact:true","id":"H3-en-theme-c:reverts-after-reload","k1":"fact:true","same":true}
{"name":"outcome","committed":"fact:true","id":"H3-en-density-a:applied-while-bytes-keep-old-value","k1":"fact:true","same":true}
{"name":"outcome","committed":"holds:false","id":"H3-en-density-b:silent","k1":"holds:false","same":true}
{"name":"outcome","committed":"fact:true","id":"H3-en-density-c:reverts-after-reload","k1":"fact:true","same":true}
{"name":"outcome","committed":"fact:true","id":"H3-zh-lang-a:applied-while-bytes-keep-old-value","k1":"fact:true","same":true}
{"name":"outcome","committed":"holds:false","id":"H3-zh-lang-b:silent","k1":"holds:false","same":true}
{"name":"outcome","committed":"fact:true","id":"H3-zh-lang-c:reverts-after-reload","k1":"fact:true","same":true}
{"name":"outcome","committed":"fact:true","id":"H3-zh-theme-a:applied-while-bytes-keep-old-value","k1":"fact:true","same":true}
{"name":"outcome","committed":"holds:false","id":"H3-zh-theme-b:silent","k1":"holds:false","same":true}
{"name":"outcome","committed":"fact:true","id":"H3-zh-theme-c:reverts-after-reload","k1":"fact:true","same":true}
{"name":"outcome","committed":"fact:true","id":"H3-zh-density-a:applied-while-bytes-keep-old-value","k1":"fact:true","same":true}
{"name":"outcome","committed":"holds:false","id":"H3-zh-density-b:silent","k1":"holds:false","same":true}
{"name":"outcome","committed":"fact:true","id":"H3-zh-density-c:reverts-after-reload","k1":"fact:true","same":true}
{"name":"comparison","committed":"web-appearance-recovery-native/native-5cd63ff-before1-h5.log","k1":"web-native-keyinput-k1/native-5cd63ff-k1repro1-h5.log","kind":"native","preconditions":{"committed":83,"k1":83,"identicalSequence":true,"firstDivergence":null,"allPassCommitted":true,"allPassK1":true},"k1AuditPrecondition":null,"outcomes":{"total":4,"same":4,"different":[]},"result":{"committed":{"harnessValid":true,"verdict":null,"pass":null,"requirementFailures":["H5-en-a:topbar-change-not-reflected-in-pane","H5-en-b:save-and-apply-reverts-topbar-choice","H5-zh-a:topbar-change-not-reflected-in-pane","H5-zh-b:save-and-apply-reverts-topbar-choice"],"deferredFailures":null,"runtimeErrors":0,"exceptions":0,"consoleWarnings":0,"dialogs":[],"checkId":null},"k1":{"harnessValid":true,"verdict":null,"pass":null,"requirementFailures":["H5-en-a:topbar-change-not-reflected-in-pane","H5-en-b:save-and-apply-reverts-topbar-choice","H5-zh-a:topbar-change-not-reflected-in-pane","H5-zh-b:save-and-apply-reverts-topbar-choice"],"deferredFailures":null,"runtimeErrors":0,"exceptions":0,"consoleWarnings":0,"dialogs":[],"checkId":null},"same":true},"evidence":{"records":9,"recordsK1":9,"identical":9,"withDifferences":0},"sequenceFootprint":{"recordsWithSequence":2,"maxDelta":0,"recordsDifferingByMoreThan50":[]}}
{"name":"outcome","committed":"holds:false","id":"H5-en-a:topbar-change-not-reflected-in-pane","k1":"holds:false","same":true}
{"name":"outcome","committed":"holds:false","id":"H5-en-b:save-and-apply-reverts-topbar-choice","k1":"holds:false","same":true}
{"name":"outcome","committed":"holds:false","id":"H5-zh-a:topbar-change-not-reflected-in-pane","k1":"holds:false","same":true}
{"name":"outcome","committed":"holds:false","id":"H5-zh-b:save-and-apply-reverts-topbar-choice","k1":"holds:false","same":true}
{"name":"comparison","committed":"web-appearance-recovery-native/native-5cd63ff-before1-h10.log","k1":"web-native-keyinput-k1/native-5cd63ff-k1repro1-h10.log","kind":"native","preconditions":{"committed":107,"k1":107,"identicalSequence":true,"firstDivergence":null,"allPassCommitted":true,"allPassK1":true},"k1AuditPrecondition":null,"outcomes":{"total":10,"same":10,"different":[]},"result":{"committed":{"harnessValid":true,"verdict":null,"pass":null,"requirementFailures":["H10-en-lang:not-reflected-until-reload","H10-en-theme:not-reflected-until-reload","H10-en-density:not-reflected-until-reload","H10-en-fontScale:not-reflected-until-reload","H10-zh-lang:not-reflected-until-reload","H10-zh-theme:not-reflected-until-reload","H10-zh-density:not-reflected-until-reload","H10-zh-fontScale:not-reflected-until-reload"],"deferredFailures":null,"runtimeErrors":0,"exceptions":0,"consoleWarnings":0,"dialogs":[],"checkId":null},"k1":{"harnessValid":true,"verdict":null,"pass":null,"requirementFailures":["H10-en-lang:not-reflected-until-reload","H10-en-theme:not-reflected-until-reload","H10-en-density:not-reflected-until-reload","H10-en-fontScale:not-reflected-until-reload","H10-zh-lang:not-reflected-until-reload","H10-zh-theme:not-reflected-until-reload","H10-zh-density:not-reflected-until-reload","H10-zh-fontScale:not-reflected-until-reload"],"deferredFailures":null,"runtimeErrors":0,"exceptions":0,"consoleWarnings":0,"dialogs":[],"checkId":null},"same":true},"evidence":{"records":17,"recordsK1":17,"identical":17,"withDifferences":0},"sequenceFootprint":{"recordsWithSequence":2,"maxDelta":0,"recordsDifferingByMoreThan50":[]}}
{"name":"outcome","committed":"holds:false","id":"H10-en-lang:not-reflected-until-reload","k1":"holds:false","same":true}
{"name":"outcome","committed":"holds:false","id":"H10-en-theme:not-reflected-until-reload","k1":"holds:false","same":true}
{"name":"outcome","committed":"holds:false","id":"H10-en-density:not-reflected-until-reload","k1":"holds:false","same":true}
{"name":"outcome","committed":"holds:false","id":"H10-en-fontScale:not-reflected-until-reload","k1":"holds:false","same":true}
{"name":"outcome","committed":"fact:true","id":"H10-en-reload:reflected-after-reload","k1":"fact:true","same":true}
{"name":"outcome","committed":"holds:false","id":"H10-zh-lang:not-reflected-until-reload","k1":"holds:false","same":true}
{"name":"outcome","committed":"holds:false","id":"H10-zh-theme:not-reflected-until-reload","k1":"holds:false","same":true}
{"name":"outcome","committed":"holds:false","id":"H10-zh-density:not-reflected-until-reload","k1":"holds:false","same":true}
{"name":"outcome","committed":"holds:false","id":"H10-zh-fontScale:not-reflected-until-reload","k1":"holds:false","same":true}
{"name":"outcome","committed":"fact:true","id":"H10-zh-reload:reflected-after-reload","k1":"fact:true","same":true}
{"name":"comparison","committed":"web-appearance-recovery-native/native-5cd63ff-before1-h15.log","k1":"web-native-keyinput-k1/native-5cd63ff-k1repro1-h15.log","kind":"native","preconditions":{"committed":91,"k1":91,"identicalSequence":true,"firstDivergence":null,"allPassCommitted":true,"allPassK1":true},"k1AuditPrecondition":null,"outcomes":{"total":10,"same":10,"different":[]},"result":{"committed":{"harnessValid":true,"verdict":null,"pass":null,"requirementFailures":["H15-en-a:zero-attempts-on-failed-accent","H15-en-b:rewrites-four-root-keys-from-pane-values","H15-en-c:swallows-failure","H15-en-d:saved-flash-in-every-case","H15-en-e:no-per-field-result","H15-zh-a:zero-attempts-on-failed-accent","H15-zh-b:rewrites-four-root-keys-from-pane-values","H15-zh-c:swallows-failure","H15-zh-d:saved-flash-in-every-case","H15-zh-e:no-per-field-result"],"deferredFailures":null,"runtimeErrors":0,"exceptions":0,"consoleWarnings":2,"dialogs":[],"checkId":null},"k1":{"harnessValid":true,"verdict":null,"pass":null,"requirementFailures":["H15-en-a:zero-attempts-on-failed-accent","H15-en-b:rewrites-four-root-keys-from-pane-values","H15-en-c:swallows-failure","H15-en-d:saved-flash-in-every-case","H15-en-e:no-per-field-result","H15-zh-a:zero-attempts-on-failed-accent","H15-zh-b:rewrites-four-root-keys-from-pane-values","H15-zh-c:swallows-failure","H15-zh-d:saved-flash-in-every-case","H15-zh-e:no-per-field-result"],"deferredFailures":null,"runtimeErrors":0,"exceptions":0,"consoleWarnings":2,"dialogs":[],"checkId":null},"same":true},"evidence":{"records":17,"recordsK1":17,"identical":13,"withDifferences":4},"sequenceFootprint":{"recordsWithSequence":8,"maxDelta":86,"recordsDifferingByMoreThan50":[{"record":"check:h15:en:trusted-click-observed-on-save-and-apply","committed":1573,"k1":1487,"delta":86},{"record":"observation:h15:en:activation","committed":1577,"k1":1491,"delta":86},{"record":"check:h15:zh:trusted-click-observed-on-save-and-apply","committed":1596,"k1":1519,"delta":77},{"record":"observation:h15:zh:activation","committed":1600,"k1":1523,"delta":77}]}}
{"name":"outcome","committed":"holds:false","id":"H15-en-a:zero-attempts-on-failed-accent","k1":"holds:false","same":true}
{"name":"outcome","committed":"holds:false","id":"H15-en-b:rewrites-four-root-keys-from-pane-values","k1":"holds:false","same":true}
{"name":"outcome","committed":"holds:false","id":"H15-en-c:swallows-failure","k1":"holds:false","same":true}
{"name":"outcome","committed":"holds:false","id":"H15-en-d:saved-flash-in-every-case","k1":"holds:false","same":true}
{"name":"outcome","committed":"holds:false","id":"H15-en-e:no-per-field-result","k1":"holds:false","same":true}
{"name":"outcome","committed":"holds:false","id":"H15-zh-a:zero-attempts-on-failed-accent","k1":"holds:false","same":true}
{"name":"outcome","committed":"holds:false","id":"H15-zh-b:rewrites-four-root-keys-from-pane-values","k1":"holds:false","same":true}
{"name":"outcome","committed":"holds:false","id":"H15-zh-c:swallows-failure","k1":"holds:false","same":true}
{"name":"outcome","committed":"holds:false","id":"H15-zh-d:saved-flash-in-every-case","k1":"holds:false","same":true}
{"name":"outcome","committed":"holds:false","id":"H15-zh-e:no-per-field-result","k1":"holds:false","same":true}
{"name":"evidence-difference","committed":"native-5cd63ff-before1-h15.log","id":"h15:en:activation","paths":[{"path":".attempts.0","committed":"\"1574:set:xai_pref_lang=\\\"en\\\":ok\"","k1":"\"1488:set:xai_pref_lang=\\\"en\\\":ok\""},{"path":".attempts.1","committed":"\"1575:set:xai_pref_theme=\\\"light\\\":ok\"","k1":"\"1489:set:xai_pref_theme=\\\"light\\\":ok\""},{"path":".attempts.2","committed":"\"1576:set:xai_pref_density=\\\"comfortable\\\":ok\"","k1":"\"1490:set:xai_pref_density=\\\"comfortable\\\":ok\""},{"path":".attempts.3","committed":"\"1577:set:xai_pref_font_scale=1:denied\"","k1":"\"1491:set:xai_pref_font_scale=1:denied\""},{"path":".flash.framesShowingSaved","committed":"110","k1":"112"}]}
{"name":"evidence-difference","committed":"native-5cd63ff-before1-h15.log","id":"H15-en-d:saved-flash-in-every-case","paths":[{"path":".flash.framesShowingSaved","committed":"110","k1":"112"}]}
{"name":"evidence-difference","committed":"native-5cd63ff-before1-h15.log","id":"h15:zh:activation","paths":[{"path":".attempts.0","committed":"\"1597:set:xai_pref_lang=\\\"zh\\\":ok\"","k1":"\"1520:set:xai_pref_lang=\\\"zh\\\":ok\""},{"path":".attempts.1","committed":"\"1598:set:xai_pref_theme=\\\"light\\\":ok\"","k1":"\"1521:set:xai_pref_theme=\\\"light\\\":ok\""},{"path":".attempts.2","committed":"\"1599:set:xai_pref_density=\\\"comfortable\\\":ok\"","k1":"\"1522:set:xai_pref_density=\\\"comfortable\\\":ok\""},{"path":".attempts.3","committed":"\"1600:set:xai_pref_font_scale=1:denied\"","k1":"\"1523:set:xai_pref_font_scale=1:denied\""},{"path":".flash.framesShowingSaved","committed":"110","k1":"118"}]}
{"name":"evidence-difference","committed":"native-5cd63ff-before1-h15.log","id":"H15-zh-d:saved-flash-in-every-case","paths":[{"path":".flash.framesShowingSaved","committed":"110","k1":"118"}]}
{"name":"comparison","committed":"web-appearance-recovery-native/native-5cd63ff-before1-h17.log","k1":"web-native-keyinput-k1/native-5cd63ff-k1repro1-h17.log","kind":"native","preconditions":{"committed":78,"k1":78,"identicalSequence":true,"firstDivergence":null,"allPassCommitted":true,"allPassK1":true},"k1AuditPrecondition":null,"outcomes":{"total":10,"same":10,"different":[]},"result":{"committed":{"harnessValid":true,"verdict":null,"pass":null,"requirementFailures":["H17-en-a:no-disabled-nothing-to-retry-state","H17-en-b:clean-state-activation-is-not-inert","H17-en-c:saved-flash-although-nothing-was-unsaved","H17-zh-a:no-disabled-nothing-to-retry-state","H17-zh-b:clean-state-activation-is-not-inert","H17-zh-c:saved-flash-although-nothing-was-unsaved"],"deferredFailures":null,"runtimeErrors":0,"exceptions":0,"consoleWarnings":0,"dialogs":[],"checkId":null},"k1":{"harnessValid":true,"verdict":null,"pass":null,"requirementFailures":["H17-en-a:no-disabled-nothing-to-retry-state","H17-en-b:clean-state-activation-is-not-inert","H17-en-c:saved-flash-although-nothing-was-unsaved","H17-zh-a:no-disabled-nothing-to-retry-state","H17-zh-b:clean-state-activation-is-not-inert","H17-zh-c:saved-flash-although-nothing-was-unsaved"],"deferredFailures":null,"runtimeErrors":0,"exceptions":0,"consoleWarnings":0,"dialogs":[],"checkId":null},"same":true},"evidence":{"records":18,"recordsK1":18,"identical":18,"withDifferences":0},"sequenceFootprint":{"recordsWithSequence":4,"maxDelta":0,"recordsDifferingByMoreThan50":[]}}
{"name":"outcome","committed":"holds:false","id":"H17-en-a:no-disabled-nothing-to-retry-state","k1":"holds:false","same":true}
{"name":"outcome","committed":"fact:true","id":"H17-en-b1:exactly-four-root-setitem-attempts-with-pane-values","k1":"fact:true","same":true}
{"name":"outcome","committed":"fact:true","id":"H17-en-b2:zero-attempts-on-registered-keys","k1":"fact:true","same":true}
{"name":"outcome","committed":"holds:false","id":"H17-en-b:clean-state-activation-is-not-inert","k1":"holds:false","same":true}
{"name":"outcome","committed":"holds:false","id":"H17-en-c:saved-flash-although-nothing-was-unsaved","k1":"holds:false","same":true}
{"name":"outcome","committed":"holds:false","id":"H17-zh-a:no-disabled-nothing-to-retry-state","k1":"holds:false","same":true}
{"name":"outcome","committed":"fact:true","id":"H17-zh-b1:exactly-four-root-setitem-attempts-with-pane-values","k1":"fact:true","same":true}
{"name":"outcome","committed":"fact:true","id":"H17-zh-b2:zero-attempts-on-registered-keys","k1":"fact:true","same":true}
{"name":"outcome","committed":"holds:false","id":"H17-zh-b:clean-state-activation-is-not-inert","k1":"holds:false","same":true}
{"name":"outcome","committed":"holds:false","id":"H17-zh-c:saved-flash-although-nothing-was-unsaved","k1":"holds:false","same":true}
{"name":"comparison","committed":"web-appearance-recovery-f1/f1-5cd63ff-selfcheck-before1.log","k1":"web-native-keyinput-k1/f1-5cd63ff-selfcheck-k1corr1.log","kind":"f1","preconditions":{"committed":134,"k1":134,"identicalSequence":true,"firstDivergence":null,"allPassCommitted":true,"allPassK1":true},"k1AuditPrecondition":{"name":"check","id":"run:k1-keyboard-trace-contains-only-the-runner-key-presses","kind":"precondition","pass":true,"documents":5,"runnerPresses":2,"keydowns":2,"keyups":2,"keypresses":0,"mismatches":0},"outcomes":{"total":4,"same":4,"different":[]},"result":{"committed":{"harnessValid":true,"verdict":"harness-valid","pass":true,"requirementFailures":null,"deferredFailures":[],"runtimeErrors":0,"exceptions":null,"consoleWarnings":0,"dialogs":["confirm:true:true"],"checkId":null},"k1":{"harnessValid":true,"verdict":"harness-valid","pass":true,"requirementFailures":null,"deferredFailures":[],"runtimeErrors":0,"exceptions":null,"consoleWarnings":0,"dialogs":["confirm:true:true"],"checkId":null},"same":true},"evidence":{"records":4,"recordsK1":4,"identical":4,"withDifferences":0},"sequenceFootprint":{"recordsWithSequence":8,"maxDelta":0,"recordsDifferingByMoreThan50":[]}}
{"name":"outcome","committed":"state:null;proceeds:0;dup:0;nonLive:0;invalid:0;runtime:0;f1:false","id":"outcome:pc1-sidebar-release","k1":"state:null;proceeds:0;dup:0;nonLive:0;invalid:0;runtime:0;f1:false","same":true}
{"name":"outcome","committed":"state:null;proceeds:1;dup:0;nonLive:0;invalid:0;runtime:0;f1:false","id":"outcome:pc2-back-release","k1":"state:null;proceeds:1;dup:0;nonLive:0;invalid:0;runtime:0;f1:false","same":true}
{"name":"outcome","committed":"state:null;proceeds:0;dup:0;nonLive:0;invalid:0;runtime:0;f1:false","id":"outcome:pc3-signout-held-stay","k1":"state:null;proceeds:0;dup:0;nonLive:0;invalid:0;runtime:0;f1:false","same":true}
{"name":"outcome","committed":"state:null;proceeds:0;dup:0;nonLive:0;invalid:0;runtime:0;f1:false","id":"outcome:pc4-signout-proceeds","k1":"state:null;proceeds:0;dup:0;nonLive:0;invalid:0;runtime:0;f1:false","same":true}
{"name":"comparison","committed":"web-appearance-recovery-f1/f1-5cd63ff-appearance-before1.log","k1":"web-native-keyinput-k1/f1-5cd63ff-appearance-k1corr1.log","kind":"f1","preconditions":{"committed":97,"k1":97,"identicalSequence":true,"firstDivergence":null,"allPassCommitted":true,"allPassK1":true},"k1AuditPrecondition":{"name":"check","id":"run:k1-keyboard-trace-contains-only-the-runner-key-presses","kind":"precondition","pass":true,"documents":5,"runnerPresses":3,"keydowns":3,"keyups":3,"keypresses":0,"mismatches":0},"outcomes":{"total":18,"same":18,"different":[]},"result":{"committed":{"harnessValid":true,"verdict":"before-correct","pass":false,"requirementFailures":null,"deferredFailures":["a1:appearance-status-control-exists","a2:topbar-status-shown-on-destination","a3:appearance-sign-out-step-asked-once-with-normative-text-ok","a4:appearance-sign-out-step-asked-once-with-normative-text-cancel","a4:cancel-resolves-false-identity-intact-zero-history-mutations","a4:topbar-status-kept"],"runtimeErrors":0,"exceptions":null,"consoleWarnings":1,"dialogs":["beforeunload:true:true"],"checkId":null},"k1":{"harnessValid":true,"verdict":"before-correct","pass":false,"requirementFailures":null,"deferredFailures":["a1:appearance-status-control-exists","a2:topbar-status-shown-on-destination","a3:appearance-sign-out-step-asked-once-with-normative-text-ok","a4:appearance-sign-out-step-asked-once-with-normative-text-cancel","a4:cancel-resolves-false-identity-intact-zero-history-mutations","a4:topbar-status-kept"],"runtimeErrors":0,"exceptions":null,"consoleWarnings":1,"dialogs":["beforeunload:true:true"],"checkId":null},"same":true},"evidence":{"records":5,"recordsK1":5,"identical":5,"withDifferences":0},"sequenceFootprint":{"recordsWithSequence":3,"maxDelta":0,"recordsDifferingByMoreThan50":[]}}
{"name":"outcome","committed":"pass:false","id":"a1:appearance-status-control-exists","k1":"pass:false","same":true}
{"name":"outcome","committed":"pass:true","id":"a1:zero-runtime-errors-no-error-boundary","k1":"pass:true","same":true}
{"name":"outcome","committed":"pass:true","id":"a2:back-not-held-location-deep-equal-p","k1":"pass:true","same":true}
{"name":"outcome","committed":"pass:true","id":"a2:zero-blocker-calls-one-pop-commit-zero-push-replace","k1":"pass:true","same":true}
{"name":"outcome","committed":"pass:false","id":"a2:topbar-status-shown-on-destination","k1":"pass:false","same":true}
{"name":"outcome","committed":"pass:true","id":"a2:zero-runtime-errors-no-error-boundary","k1":"pass:true","same":true}
{"name":"outcome","committed":"pass:false","id":"a3:appearance-sign-out-step-asked-once-with-normative-text-ok","k1":"pass:false","same":true}
{"name":"outcome","committed":"pass:true","id":"a3:coordinator-holds-after-the-appearance-step","k1":"pass:true","same":true}
{"name":"outcome","committed":"pass:true","id":"a3:stay-resolves-false-identity-intact-zero-history-mutations","k1":"pass:true","same":true}
{"name":"outcome","committed":"pass:true","id":"a3:zero-runtime-errors-no-error-boundary","k1":"pass:true","same":true}
{"name":"outcome","committed":"pass:false","id":"a4:appearance-sign-out-step-asked-once-with-normative-text-cancel","k1":"pass:false","same":true}
{"name":"outcome","committed":"pass:false","id":"a4:cancel-resolves-false-identity-intact-zero-history-mutations","k1":"pass:false","same":true}
{"name":"outcome","committed":"pass:false","id":"a4:topbar-status-kept","k1":"pass:false","same":true}
{"name":"outcome","committed":"pass:true","id":"a4:zero-runtime-errors-no-error-boundary","k1":"pass:true","same":true}
{"name":"outcome","committed":"state:before-absent;proceeds:0;dup:0;nonLive:0;invalid:0;runtime:0;f1:false","id":"outcome:a1","k1":"state:before-absent;proceeds:0;dup:0;nonLive:0;invalid:0;runtime:0;f1:false","same":true}
{"name":"outcome","committed":"state:before-no-indicator;proceeds:0;dup:0;nonLive:0;invalid:0;runtime:0;f1:false","id":"outcome:a2","k1":"state:before-no-indicator;proceeds:0;dup:0;nonLive:0;invalid:0;runtime:0;f1:false","same":true}
{"name":"outcome","committed":"state:before-no-appearance-step;proceeds:0;dup:0;nonLive:0;invalid:0;runtime:0;f1:false","id":"outcome:a3","k1":"state:before-no-appearance-step;proceeds:0;dup:0;nonLive:0;invalid:0;runtime:0;f1:false","same":true}
{"name":"outcome","committed":"state:before-unprotected;proceeds:0;dup:0;nonLive:0;invalid:0;runtime:0;f1:false","id":"outcome:a4","k1":"state:before-unprotected;proceeds:0;dup:0;nonLive:0;invalid:0;runtime:0;f1:false","same":true}
{"name":"comparison","committed":"web-appearance-recovery-f1/f1-24073b5-selfcheck-fixed1.log","k1":"web-native-keyinput-k1/f1-24073b5-selfcheck-k1corr1.log","kind":"f1","preconditions":{"committed":134,"k1":134,"identicalSequence":true,"firstDivergence":null,"allPassCommitted":true,"allPassK1":true},"k1AuditPrecondition":{"name":"check","id":"run:k1-keyboard-trace-contains-only-the-runner-key-presses","kind":"precondition","pass":true,"documents":5,"runnerPresses":2,"keydowns":2,"keyups":2,"keypresses":0,"mismatches":0},"outcomes":{"total":4,"same":4,"different":[]},"result":{"committed":{"harnessValid":true,"verdict":"harness-valid","pass":true,"requirementFailures":null,"deferredFailures":[],"runtimeErrors":0,"exceptions":null,"consoleWarnings":0,"dialogs":["confirm:true:true"],"checkId":null},"k1":{"harnessValid":true,"verdict":"harness-valid","pass":true,"requirementFailures":null,"deferredFailures":[],"runtimeErrors":0,"exceptions":null,"consoleWarnings":0,"dialogs":["confirm:true:true"],"checkId":null},"same":true},"evidence":{"records":4,"recordsK1":4,"identical":4,"withDifferences":0},"sequenceFootprint":{"recordsWithSequence":8,"maxDelta":0,"recordsDifferingByMoreThan50":[]}}
{"name":"outcome","committed":"state:null;proceeds:0;dup:0;nonLive:0;invalid:0;runtime:0;f1:false","id":"outcome:pc1-sidebar-release","k1":"state:null;proceeds:0;dup:0;nonLive:0;invalid:0;runtime:0;f1:false","same":true}
{"name":"outcome","committed":"state:null;proceeds:1;dup:0;nonLive:0;invalid:0;runtime:0;f1:false","id":"outcome:pc2-back-release","k1":"state:null;proceeds:1;dup:0;nonLive:0;invalid:0;runtime:0;f1:false","same":true}
{"name":"outcome","committed":"state:null;proceeds:0;dup:0;nonLive:0;invalid:0;runtime:0;f1:false","id":"outcome:pc3-signout-held-stay","k1":"state:null;proceeds:0;dup:0;nonLive:0;invalid:0;runtime:0;f1:false","same":true}
{"name":"outcome","committed":"state:null;proceeds:0;dup:0;nonLive:0;invalid:0;runtime:0;f1:false","id":"outcome:pc4-signout-proceeds","k1":"state:null;proceeds:0;dup:0;nonLive:0;invalid:0;runtime:0;f1:false","same":true}
{"name":"comparison","committed":"web-appearance-recovery-f1/f1-24073b5-appearance-fixed1.log","k1":"web-native-keyinput-k1/f1-24073b5-appearance-k1corr1.log","kind":"f1","preconditions":{"committed":103,"k1":103,"identicalSequence":true,"firstDivergence":null,"allPassCommitted":true,"allPassK1":true},"k1AuditPrecondition":{"name":"check","id":"run:k1-keyboard-trace-contains-only-the-runner-key-presses","kind":"precondition","pass":true,"documents":5,"runnerPresses":3,"keydowns":3,"keyups":3,"keypresses":0,"mismatches":0},"outcomes":{"total":23,"same":23,"different":[]},"result":{"committed":{"harnessValid":true,"verdict":"fixed-pass","pass":true,"requirementFailures":null,"deferredFailures":[],"runtimeErrors":0,"exceptions":null,"consoleWarnings":0,"dialogs":["beforeunload:true:true","beforeunload:true:true","confirm:true:true","confirm:false:true"],"checkId":null},"k1":{"harnessValid":true,"verdict":"fixed-pass","pass":true,"requirementFailures":null,"deferredFailures":[],"runtimeErrors":0,"exceptions":null,"consoleWarnings":0,"dialogs":["beforeunload:true:true","beforeunload:true:true","confirm:true:true","confirm:false:true"],"checkId":null},"same":true},"evidence":{"records":5,"recordsK1":5,"identical":5,"withDifferences":0},"sequenceFootprint":{"recordsWithSequence":4,"maxDelta":0,"recordsDifferingByMoreThan50":[]}}
{"name":"outcome","committed":"pass:true","id":"a1:appearance-status-control-exists","k1":"pass:true","same":true}
{"name":"outcome","committed":"pass:true","id":"a1:status-navigation-held-by-coordinator-dialog","k1":"pass:true","same":true}
{"name":"outcome","committed":"pass:true","id":"a1:released-exactly-once-to-appearance-one-commit","k1":"pass:true","same":true}
{"name":"outcome","committed":"pass:true","id":"a1:one-live-release-zero-non-live-blocker-calls","k1":"pass:true","same":true}
{"name":"outcome","committed":"pass:true","id":"a1:dialog-closed-more-latest-written-once","k1":"pass:true","same":true}
{"name":"outcome","committed":"pass:true","id":"a1:zero-runtime-errors-no-error-boundary","k1":"pass:true","same":true}
{"name":"outcome","committed":"pass:true","id":"a2:back-not-held-location-deep-equal-p","k1":"pass:true","same":true}
{"name":"outcome","committed":"pass:true","id":"a2:zero-blocker-calls-one-pop-commit-zero-push-replace","k1":"pass:true","same":true}
{"name":"outcome","committed":"pass:true","id":"a2:topbar-status-shown-on-destination","k1":"pass:true","same":true}
{"name":"outcome","committed":"pass:true","id":"a2:draft-intact-after-forward","k1":"pass:true","same":true}
{"name":"outcome","committed":"pass:true","id":"a2:zero-runtime-errors-no-error-boundary","k1":"pass:true","same":true}
{"name":"outcome","committed":"pass:true","id":"a3:appearance-sign-out-step-asked-once-with-normative-text-ok","k1":"pass:true","same":true}
{"name":"outcome","committed":"pass:true","id":"a3:coordinator-holds-after-the-appearance-step","k1":"pass:true","same":true}
{"name":"outcome","committed":"pass:true","id":"a3:stay-resolves-false-identity-intact-zero-history-mutations","k1":"pass:true","same":true}
{"name":"outcome","committed":"pass:true","id":"a3:zero-runtime-errors-no-error-boundary","k1":"pass:true","same":true}
{"name":"outcome","committed":"pass:true","id":"a4:appearance-sign-out-step-asked-once-with-normative-text-cancel","k1":"pass:true","same":true}
{"name":"outcome","committed":"pass:true","id":"a4:cancel-resolves-false-identity-intact-zero-history-mutations","k1":"pass:true","same":true}
{"name":"outcome","committed":"pass:true","id":"a4:topbar-status-kept","k1":"pass:true","same":true}
{"name":"outcome","committed":"pass:true","id":"a4:zero-runtime-errors-no-error-boundary","k1":"pass:true","same":true}
{"name":"outcome","committed":"state:fixed-pass;proceeds:0;dup:0;nonLive:0;invalid:0;runtime:0;f1:false","id":"outcome:a1","k1":"state:fixed-pass;proceeds:0;dup:0;nonLive:0;invalid:0;runtime:0;f1:false","same":true}
{"name":"outcome","committed":"state:fixed-pass;proceeds:0;dup:0;nonLive:0;invalid:0;runtime:0;f1:false","id":"outcome:a2","k1":"state:fixed-pass;proceeds:0;dup:0;nonLive:0;invalid:0;runtime:0;f1:false","same":true}
{"name":"outcome","committed":"state:fixed-pass;proceeds:0;dup:0;nonLive:0;invalid:0;runtime:0;f1:false","id":"outcome:a3","k1":"state:fixed-pass;proceeds:0;dup:0;nonLive:0;invalid:0;runtime:0;f1:false","same":true}
{"name":"outcome","committed":"state:fixed-pass;proceeds:0;dup:0;nonLive:0;invalid:0;runtime:0;f1:false","id":"outcome:a4","k1":"state:fixed-pass;proceeds:0;dup:0;nonLive:0;invalid:0;runtime:0;f1:false","same":true}
{"name":"comparison","committed":"web-appearance-recovery-f1/f1-5cd63ff-selfcheck-before1.log","k1":"web-native-keyinput-k1/f1-5cd63ff-selfcheck-k1repro1.log","kind":"f1","preconditions":{"committed":134,"k1":134,"identicalSequence":true,"firstDivergence":null,"allPassCommitted":true,"allPassK1":true},"k1AuditPrecondition":null,"outcomes":{"total":4,"same":4,"different":[]},"result":{"committed":{"harnessValid":true,"verdict":"harness-valid","pass":true,"requirementFailures":null,"deferredFailures":[],"runtimeErrors":0,"exceptions":null,"consoleWarnings":0,"dialogs":["confirm:true:true"],"checkId":null},"k1":{"harnessValid":true,"verdict":"harness-valid","pass":true,"requirementFailures":null,"deferredFailures":[],"runtimeErrors":0,"exceptions":null,"consoleWarnings":0,"dialogs":["confirm:true:true"],"checkId":null},"same":true},"evidence":{"records":4,"recordsK1":4,"identical":4,"withDifferences":0},"sequenceFootprint":{"recordsWithSequence":8,"maxDelta":0,"recordsDifferingByMoreThan50":[]}}
{"name":"outcome","committed":"state:null;proceeds:0;dup:0;nonLive:0;invalid:0;runtime:0;f1:false","id":"outcome:pc1-sidebar-release","k1":"state:null;proceeds:0;dup:0;nonLive:0;invalid:0;runtime:0;f1:false","same":true}
{"name":"outcome","committed":"state:null;proceeds:1;dup:0;nonLive:0;invalid:0;runtime:0;f1:false","id":"outcome:pc2-back-release","k1":"state:null;proceeds:1;dup:0;nonLive:0;invalid:0;runtime:0;f1:false","same":true}
{"name":"outcome","committed":"state:null;proceeds:0;dup:0;nonLive:0;invalid:0;runtime:0;f1:false","id":"outcome:pc3-signout-held-stay","k1":"state:null;proceeds:0;dup:0;nonLive:0;invalid:0;runtime:0;f1:false","same":true}
{"name":"outcome","committed":"state:null;proceeds:0;dup:0;nonLive:0;invalid:0;runtime:0;f1:false","id":"outcome:pc4-signout-proceeds","k1":"state:null;proceeds:0;dup:0;nonLive:0;invalid:0;runtime:0;f1:false","same":true}
{"name":"comparison","committed":"web-appearance-recovery-f1/f1-5cd63ff-appearance-before1.log","k1":"web-native-keyinput-k1/f1-5cd63ff-appearance-k1repro1.log","kind":"f1","preconditions":{"committed":97,"k1":97,"identicalSequence":true,"firstDivergence":null,"allPassCommitted":true,"allPassK1":true},"k1AuditPrecondition":null,"outcomes":{"total":18,"same":18,"different":[]},"result":{"committed":{"harnessValid":true,"verdict":"before-correct","pass":false,"requirementFailures":null,"deferredFailures":["a1:appearance-status-control-exists","a2:topbar-status-shown-on-destination","a3:appearance-sign-out-step-asked-once-with-normative-text-ok","a4:appearance-sign-out-step-asked-once-with-normative-text-cancel","a4:cancel-resolves-false-identity-intact-zero-history-mutations","a4:topbar-status-kept"],"runtimeErrors":0,"exceptions":null,"consoleWarnings":1,"dialogs":["beforeunload:true:true"],"checkId":null},"k1":{"harnessValid":true,"verdict":"before-correct","pass":false,"requirementFailures":null,"deferredFailures":["a1:appearance-status-control-exists","a2:topbar-status-shown-on-destination","a3:appearance-sign-out-step-asked-once-with-normative-text-ok","a4:appearance-sign-out-step-asked-once-with-normative-text-cancel","a4:cancel-resolves-false-identity-intact-zero-history-mutations","a4:topbar-status-kept"],"runtimeErrors":0,"exceptions":null,"consoleWarnings":1,"dialogs":["beforeunload:true:true"],"checkId":null},"same":true},"evidence":{"records":5,"recordsK1":5,"identical":5,"withDifferences":0},"sequenceFootprint":{"recordsWithSequence":3,"maxDelta":-1,"recordsDifferingByMoreThan50":[]}}
{"name":"outcome","committed":"pass:false","id":"a1:appearance-status-control-exists","k1":"pass:false","same":true}
{"name":"outcome","committed":"pass:true","id":"a1:zero-runtime-errors-no-error-boundary","k1":"pass:true","same":true}
{"name":"outcome","committed":"pass:true","id":"a2:back-not-held-location-deep-equal-p","k1":"pass:true","same":true}
{"name":"outcome","committed":"pass:true","id":"a2:zero-blocker-calls-one-pop-commit-zero-push-replace","k1":"pass:true","same":true}
{"name":"outcome","committed":"pass:false","id":"a2:topbar-status-shown-on-destination","k1":"pass:false","same":true}
{"name":"outcome","committed":"pass:true","id":"a2:zero-runtime-errors-no-error-boundary","k1":"pass:true","same":true}
{"name":"outcome","committed":"pass:false","id":"a3:appearance-sign-out-step-asked-once-with-normative-text-ok","k1":"pass:false","same":true}
{"name":"outcome","committed":"pass:true","id":"a3:coordinator-holds-after-the-appearance-step","k1":"pass:true","same":true}
{"name":"outcome","committed":"pass:true","id":"a3:stay-resolves-false-identity-intact-zero-history-mutations","k1":"pass:true","same":true}
{"name":"outcome","committed":"pass:true","id":"a3:zero-runtime-errors-no-error-boundary","k1":"pass:true","same":true}
{"name":"outcome","committed":"pass:false","id":"a4:appearance-sign-out-step-asked-once-with-normative-text-cancel","k1":"pass:false","same":true}
{"name":"outcome","committed":"pass:false","id":"a4:cancel-resolves-false-identity-intact-zero-history-mutations","k1":"pass:false","same":true}
{"name":"outcome","committed":"pass:false","id":"a4:topbar-status-kept","k1":"pass:false","same":true}
{"name":"outcome","committed":"pass:true","id":"a4:zero-runtime-errors-no-error-boundary","k1":"pass:true","same":true}
{"name":"outcome","committed":"state:before-absent;proceeds:0;dup:0;nonLive:0;invalid:0;runtime:0;f1:false","id":"outcome:a1","k1":"state:before-absent;proceeds:0;dup:0;nonLive:0;invalid:0;runtime:0;f1:false","same":true}
{"name":"outcome","committed":"state:before-no-indicator;proceeds:0;dup:0;nonLive:0;invalid:0;runtime:0;f1:false","id":"outcome:a2","k1":"state:before-no-indicator;proceeds:0;dup:0;nonLive:0;invalid:0;runtime:0;f1:false","same":true}
{"name":"outcome","committed":"state:before-no-appearance-step;proceeds:0;dup:0;nonLive:0;invalid:0;runtime:0;f1:false","id":"outcome:a3","k1":"state:before-no-appearance-step;proceeds:0;dup:0;nonLive:0;invalid:0;runtime:0;f1:false","same":true}
{"name":"outcome","committed":"state:before-unprotected;proceeds:0;dup:0;nonLive:0;invalid:0;runtime:0;f1:false","id":"outcome:a4","k1":"state:before-unprotected;proceeds:0;dup:0;nonLive:0;invalid:0;runtime:0;f1:false","same":true}
{"name":"comparison","committed":"web-appearance-recovery-f1/f1-24073b5-selfcheck-fixed1.log","k1":"web-native-keyinput-k1/f1-24073b5-selfcheck-k1repro1.log","kind":"f1","preconditions":{"committed":134,"k1":134,"identicalSequence":true,"firstDivergence":null,"allPassCommitted":true,"allPassK1":true},"k1AuditPrecondition":null,"outcomes":{"total":4,"same":4,"different":[]},"result":{"committed":{"harnessValid":true,"verdict":"harness-valid","pass":true,"requirementFailures":null,"deferredFailures":[],"runtimeErrors":0,"exceptions":null,"consoleWarnings":0,"dialogs":["confirm:true:true"],"checkId":null},"k1":{"harnessValid":true,"verdict":"harness-valid","pass":true,"requirementFailures":null,"deferredFailures":[],"runtimeErrors":0,"exceptions":null,"consoleWarnings":0,"dialogs":["confirm:true:true"],"checkId":null},"same":true},"evidence":{"records":4,"recordsK1":4,"identical":4,"withDifferences":0},"sequenceFootprint":{"recordsWithSequence":8,"maxDelta":0,"recordsDifferingByMoreThan50":[]}}
{"name":"outcome","committed":"state:null;proceeds:0;dup:0;nonLive:0;invalid:0;runtime:0;f1:false","id":"outcome:pc1-sidebar-release","k1":"state:null;proceeds:0;dup:0;nonLive:0;invalid:0;runtime:0;f1:false","same":true}
{"name":"outcome","committed":"state:null;proceeds:1;dup:0;nonLive:0;invalid:0;runtime:0;f1:false","id":"outcome:pc2-back-release","k1":"state:null;proceeds:1;dup:0;nonLive:0;invalid:0;runtime:0;f1:false","same":true}
{"name":"outcome","committed":"state:null;proceeds:0;dup:0;nonLive:0;invalid:0;runtime:0;f1:false","id":"outcome:pc3-signout-held-stay","k1":"state:null;proceeds:0;dup:0;nonLive:0;invalid:0;runtime:0;f1:false","same":true}
{"name":"outcome","committed":"state:null;proceeds:0;dup:0;nonLive:0;invalid:0;runtime:0;f1:false","id":"outcome:pc4-signout-proceeds","k1":"state:null;proceeds:0;dup:0;nonLive:0;invalid:0;runtime:0;f1:false","same":true}
{"name":"comparison","committed":"web-appearance-recovery-f1/f1-24073b5-appearance-fixed1.log","k1":"web-native-keyinput-k1/f1-24073b5-appearance-k1repro1.log","kind":"f1","preconditions":{"committed":103,"k1":103,"identicalSequence":true,"firstDivergence":null,"allPassCommitted":true,"allPassK1":true},"k1AuditPrecondition":null,"outcomes":{"total":23,"same":23,"different":[]},"result":{"committed":{"harnessValid":true,"verdict":"fixed-pass","pass":true,"requirementFailures":null,"deferredFailures":[],"runtimeErrors":0,"exceptions":null,"consoleWarnings":0,"dialogs":["beforeunload:true:true","beforeunload:true:true","confirm:true:true","confirm:false:true"],"checkId":null},"k1":{"harnessValid":true,"verdict":"fixed-pass","pass":true,"requirementFailures":null,"deferredFailures":[],"runtimeErrors":0,"exceptions":null,"consoleWarnings":0,"dialogs":["beforeunload:true:true","beforeunload:true:true","confirm:true:true","confirm:false:true"],"checkId":null},"same":true},"evidence":{"records":5,"recordsK1":5,"identical":5,"withDifferences":0},"sequenceFootprint":{"recordsWithSequence":4,"maxDelta":0,"recordsDifferingByMoreThan50":[]}}
{"name":"outcome","committed":"pass:true","id":"a1:appearance-status-control-exists","k1":"pass:true","same":true}
{"name":"outcome","committed":"pass:true","id":"a1:status-navigation-held-by-coordinator-dialog","k1":"pass:true","same":true}
{"name":"outcome","committed":"pass:true","id":"a1:released-exactly-once-to-appearance-one-commit","k1":"pass:true","same":true}
{"name":"outcome","committed":"pass:true","id":"a1:one-live-release-zero-non-live-blocker-calls","k1":"pass:true","same":true}
{"name":"outcome","committed":"pass:true","id":"a1:dialog-closed-more-latest-written-once","k1":"pass:true","same":true}
{"name":"outcome","committed":"pass:true","id":"a1:zero-runtime-errors-no-error-boundary","k1":"pass:true","same":true}
{"name":"outcome","committed":"pass:true","id":"a2:back-not-held-location-deep-equal-p","k1":"pass:true","same":true}
{"name":"outcome","committed":"pass:true","id":"a2:zero-blocker-calls-one-pop-commit-zero-push-replace","k1":"pass:true","same":true}
{"name":"outcome","committed":"pass:true","id":"a2:topbar-status-shown-on-destination","k1":"pass:true","same":true}
{"name":"outcome","committed":"pass:true","id":"a2:draft-intact-after-forward","k1":"pass:true","same":true}
{"name":"outcome","committed":"pass:true","id":"a2:zero-runtime-errors-no-error-boundary","k1":"pass:true","same":true}
{"name":"outcome","committed":"pass:true","id":"a3:appearance-sign-out-step-asked-once-with-normative-text-ok","k1":"pass:true","same":true}
{"name":"outcome","committed":"pass:true","id":"a3:coordinator-holds-after-the-appearance-step","k1":"pass:true","same":true}
{"name":"outcome","committed":"pass:true","id":"a3:stay-resolves-false-identity-intact-zero-history-mutations","k1":"pass:true","same":true}
{"name":"outcome","committed":"pass:true","id":"a3:zero-runtime-errors-no-error-boundary","k1":"pass:true","same":true}
{"name":"outcome","committed":"pass:true","id":"a4:appearance-sign-out-step-asked-once-with-normative-text-cancel","k1":"pass:true","same":true}
{"name":"outcome","committed":"pass:true","id":"a4:cancel-resolves-false-identity-intact-zero-history-mutations","k1":"pass:true","same":true}
{"name":"outcome","committed":"pass:true","id":"a4:topbar-status-kept","k1":"pass:true","same":true}
{"name":"outcome","committed":"pass:true","id":"a4:zero-runtime-errors-no-error-boundary","k1":"pass:true","same":true}
{"name":"outcome","committed":"state:fixed-pass;proceeds:0;dup:0;nonLive:0;invalid:0;runtime:0;f1:false","id":"outcome:a1","k1":"state:fixed-pass;proceeds:0;dup:0;nonLive:0;invalid:0;runtime:0;f1:false","same":true}
{"name":"outcome","committed":"state:fixed-pass;proceeds:0;dup:0;nonLive:0;invalid:0;runtime:0;f1:false","id":"outcome:a2","k1":"state:fixed-pass;proceeds:0;dup:0;nonLive:0;invalid:0;runtime:0;f1:false","same":true}
{"name":"outcome","committed":"state:fixed-pass;proceeds:0;dup:0;nonLive:0;invalid:0;runtime:0;f1:false","id":"outcome:a3","k1":"state:fixed-pass;proceeds:0;dup:0;nonLive:0;invalid:0;runtime:0;f1:false","same":true}
{"name":"outcome","committed":"state:fixed-pass;proceeds:0;dup:0;nonLive:0;invalid:0;runtime:0;f1:false","id":"outcome:a4","k1":"state:fixed-pass;proceeds:0;dup:0;nonLive:0;invalid:0;runtime:0;f1:false","same":true}
