{"name":"dt-log","log":"native-18f4e82-visual-fix-clean.log","commit":"18f4e82","browser":"Chrome/152.0.7977.83","mode":"clean","result":"pass","runtimeErrors":0,"keySends":"typeahead (nativeVirtualKeyCode 1 for s, 36 for 周)","typeaheadPresses":[{"press":1,"listeners":1,"keydowns":1,"keyups":1,"keys":["s"],"trusted":true,"stray":0,"valueAfter":"sunday"}]}
{"name":"dt-log","log":"native-18f4e82-visual-fix-focus.log","commit":"18f4e82","browser":"Chrome/152.0.7977.83","mode":"focus","result":"pass","runtimeErrors":0,"keySends":"focus: Shift+Tab, Tab, Escape (no nativeVirtualKeyCode)","typeaheadPresses":[]}
{"name":"dt-log","log":"native-18f4e82-visual-fix-toggle-states.log","commit":"18f4e82","browser":"Chrome/152.0.7977.83","mode":"toggle-states","result":"pass","runtimeErrors":0,"keySends":"none","typeaheadPresses":[]}
{"name":"dt-log","log":"native-18f4e82-visual-fix-visual-zh.log","commit":"18f4e82","browser":"Chrome/152.0.7977.83","mode":"visual-zh","result":"pass","runtimeErrors":0,"keySends":"typeahead (nativeVirtualKeyCode 1 for s, 36 for 周)","typeaheadPresses":[{"press":1,"listeners":1,"keydowns":1,"keyups":1,"keys":["周"],"trusted":true,"stray":0,"valueAfter":"sunday"}]}
{"name":"dt-log","log":"native-18f4e82-visual-fix-visual.log","commit":"18f4e82","browser":"Chrome/152.0.7977.83","mode":"visual","result":"pass","runtimeErrors":0,"keySends":"typeahead (nativeVirtualKeyCode 1 for s, 36 for 周)","typeaheadPresses":[{"press":1,"listeners":1,"keydowns":1,"keyups":1,"keys":["s"],"trusted":true,"stray":0,"valueAfter":"sunday"}]}
{"name":"dt-log","log":"native-2c09719-after-clean.log","commit":"2c09719","browser":"Chrome/152.0.7977.83","mode":"clean","result":"pass","runtimeErrors":0,"keySends":"typeahead (nativeVirtualKeyCode 1 for s, 36 for 周)","typeaheadPresses":[{"press":1,"listeners":1,"keydowns":1,"keyups":1,"keys":["s"],"trusted":true,"stray":0,"valueAfter":"sunday"}]}
{"name":"dt-log","log":"native-2c09719-after-controls.log","commit":"2c09719","browser":"Chrome/152.0.7977.83","mode":"controls","result":"pass","runtimeErrors":0,"keySends":"typeahead (nativeVirtualKeyCode 1 for s, 36 for 周)","typeaheadPresses":[{"press":1,"listeners":1,"keydowns":1,"keyups":1,"keys":["s"],"trusted":true,"stray":0,"valueAfter":"sunday"}]}
{"name":"dt-log","log":"native-2c09719-after-rail.log","commit":"2c09719","browser":"Chrome/152.0.7977.83","mode":"rail","result":"pass","runtimeErrors":0,"keySends":"none","typeaheadPresses":[]}
{"name":"dt-log","log":"native-2c09719-after-route.log","commit":"2c09719","browser":"Chrome/152.0.7977.83","mode":"route","result":"pass","runtimeErrors":0,"keySends":"none","typeaheadPresses":[]}
{"name":"dt-log","log":"native-2c09719-after-signout.log","commit":"2c09719","browser":"Chrome/152.0.7977.83","mode":"signout","result":"pass","runtimeErrors":0,"keySends":"none","typeaheadPresses":[]}
{"name":"dt-log","log":"native-2c09719-after-unload.log","commit":"2c09719","browser":"Chrome/152.0.7977.83","mode":"unload","result":"pass","runtimeErrors":0,"keySends":"none","typeaheadPresses":[]}
{"name":"dt-log","log":"native-611062e-before-fix-predecessor-failure.log","commit":"611062e","browser":"Chrome/153.0.8010.36","mode":"predecessor-failure","result":"fail","runtimeErrors":[],"keySends":"typeahead (nativeVirtualKeyCode 1 for s, 36 for 周)","typeaheadPresses":[{"press":1,"listeners":1,"keydowns":1,"keyups":1,"keys":["s"],"trusted":true,"stray":0,"valueAfter":"sunday"},{"press":2,"listeners":2,"keydowns":2,"keyups":2,"keys":["s"],"trusted":true,"stray":0,"valueAfter":"saturday"}]}
{"name":"dt-log","log":"native-611062e-final-parent-clean.log","commit":"611062e","browser":"Chrome/153.0.8010.36","mode":"clean","result":"pass","runtimeErrors":0,"keySends":"typeahead (nativeVirtualKeyCode 1 for s, 36 for 周)","typeaheadPresses":[{"press":1,"listeners":1,"keydowns":1,"keyups":1,"keys":["s"],"trusted":true,"stray":0,"valueAfter":"sunday"}]}
{"name":"dt-log","log":"native-611062e-final-parent-controls.log","commit":"611062e","browser":"Chrome/153.0.8010.36","mode":"controls","result":"pass","runtimeErrors":0,"keySends":"typeahead (nativeVirtualKeyCode 1 for s, 36 for 周)","typeaheadPresses":[{"press":1,"listeners":1,"keydowns":1,"keyups":1,"keys":["s"],"trusted":true,"stray":0,"valueAfter":"sunday"}]}
{"name":"dt-log","log":"native-611062e-final-parent-crossdoc-conflict.log","commit":"611062e","browser":"Chrome/153.0.8010.36","mode":"crossdoc-conflict","result":"pass","runtimeErrors":0,"keySends":"none","typeaheadPresses":[]}
{"name":"dt-log","log":"native-611062e-final-parent-export-all.log","commit":"611062e","browser":"Chrome/153.0.8010.36","mode":"export-all","result":"pass","runtimeErrors":0,"keySends":"typeahead (nativeVirtualKeyCode 1 for s, 36 for 周)","typeaheadPresses":[{"press":1,"listeners":1,"keydowns":1,"keyups":1,"keys":["s"],"trusted":true,"stray":0,"valueAfter":"sunday"}]}
{"name":"dt-log","log":"native-611062e-final-parent-export-sparse.log","commit":"611062e","browser":"Chrome/153.0.8010.36","mode":"export-sparse","result":"pass","runtimeErrors":0,"keySends":"none","typeaheadPresses":[]}
{"name":"dt-log","log":"native-611062e-final-parent-focus.log","commit":"611062e","browser":"Chrome/153.0.8010.36","mode":"focus","result":"pass","runtimeErrors":0,"keySends":"focus: Shift+Tab, Tab, Escape (no nativeVirtualKeyCode)","typeaheadPresses":[]}
{"name":"dt-log","log":"native-611062e-final-parent-latest-pending-retry.log","commit":"611062e","browser":"Chrome/153.0.8010.36","mode":"latest-pending-retry","result":"pass","runtimeErrors":0,"keySends":"typeahead (nativeVirtualKeyCode 1 for s, 36 for 周)","typeaheadPresses":[{"press":1,"listeners":1,"keydowns":1,"keyups":1,"keys":["s"],"trusted":true,"stray":0,"valueAfter":"sunday"},{"press":2,"listeners":2,"keydowns":2,"keyups":2,"keys":["s"],"trusted":true,"stray":0,"valueAfter":"saturday"}]}
{"name":"dt-log","log":"native-611062e-final-parent-owner.log","commit":"611062e","browser":"Chrome/153.0.8010.36","mode":"owner","result":"pass","runtimeErrors":0,"keySends":"none","typeaheadPresses":[]}
{"name":"dt-log","log":"native-611062e-final-parent-pending.log","commit":"611062e","browser":"Chrome/153.0.8010.36","mode":"pending","result":"pass","runtimeErrors":0,"keySends":"none","typeaheadPresses":[]}
{"name":"dt-log","log":"native-611062e-final-parent-rail.log","commit":"611062e","browser":"Chrome/153.0.8010.36","mode":"rail","result":"pass","runtimeErrors":0,"keySends":"none","typeaheadPresses":[]}
{"name":"dt-log","log":"native-611062e-final-parent-route.log","commit":"611062e","browser":"Chrome/153.0.8010.36","mode":"route","result":"pass","runtimeErrors":0,"keySends":"none","typeaheadPresses":[]}
{"name":"dt-log","log":"native-611062e-final-parent-signout.log","commit":"611062e","browser":"Chrome/153.0.8010.36","mode":"signout","result":"pass","runtimeErrors":0,"keySends":"none","typeaheadPresses":[]}
{"name":"dt-log","log":"native-611062e-final-parent-source-reload.log","commit":"611062e","browser":"Chrome/153.0.8010.36","mode":"source-reload","result":"pass","runtimeErrors":0,"keySends":"typeahead (nativeVirtualKeyCode 1 for s, 36 for 周)","typeaheadPresses":[{"press":1,"listeners":1,"keydowns":1,"keyups":1,"keys":["s"],"trusted":true,"stray":0,"valueAfter":"sunday"}]}
{"name":"dt-log","log":"native-611062e-final-parent-source.log","commit":"611062e","browser":"Chrome/153.0.8010.36","mode":"source","result":"pass","runtimeErrors":0,"keySends":"none","typeaheadPresses":[]}
{"name":"dt-log","log":"native-611062e-final-parent-uncertainty-conflict.log","commit":"611062e","browser":"Chrome/153.0.8010.36","mode":"uncertainty-conflict","result":"pass","runtimeErrors":0,"keySends":"none","typeaheadPresses":[]}
{"name":"dt-log","log":"native-611062e-final-parent-uncertainty-read-retry.log","commit":"611062e","browser":"Chrome/153.0.8010.36","mode":"uncertainty-read-retry","result":"pass","runtimeErrors":0,"keySends":"none","typeaheadPresses":[]}
{"name":"dt-log","log":"native-611062e-final-parent-uncertainty.log","commit":"611062e","browser":"Chrome/153.0.8010.36","mode":"uncertainty","result":"pass","runtimeErrors":0,"keySends":"none","typeaheadPresses":[]}
{"name":"dt-log","log":"native-611062e-final-parent-unload.log","commit":"611062e","browser":"Chrome/153.0.8010.36","mode":"unload","result":"pass","runtimeErrors":0,"keySends":"none","typeaheadPresses":[]}
{"name":"dt-log","log":"native-73b4eb9-all-five-before-clean.log","commit":"73b4eb9","browser":"Chrome/152.0.7977.83","mode":"clean","result":"pass","runtimeErrors":0,"keySends":"typeahead (nativeVirtualKeyCode 1 for s, 36 for 周)","typeaheadPresses":[{"press":1,"listeners":1,"keydowns":1,"keyups":1,"keys":["s"],"trusted":true,"stray":0,"valueAfter":"sunday"}]}
{"name":"dt-log","log":"native-73b4eb9-before-clean.log","commit":"73b4eb9","browser":"Chrome/152.0.7977.83","mode":"clean","result":"fail","runtimeErrors":[],"keySends":"input-setup diagnostic from an uncommitted predecessor runner (excluded from the product verdict, review.md); traced keys: no trace recorded","typeaheadPresses":[]}
{"name":"dt-log","log":"native-73b4eb9-before-controls.log","commit":"73b4eb9","browser":"Chrome/152.0.7977.83","mode":"controls","result":"fail","runtimeErrors":[],"keySends":"input-setup diagnostic from an uncommitted predecessor runner (excluded from the product verdict, review.md); traced keys: no trace recorded","typeaheadPresses":[]}
{"name":"dt-log","log":"native-73b4eb9-focus-emulation-before-clean.log","commit":"73b4eb9","browser":"Chrome/152.0.7977.83","mode":"clean","result":"fail","runtimeErrors":[],"keySends":"input-setup diagnostic from an uncommitted predecessor runner (excluded from the product verdict, review.md); traced keys: ArrowDown, Enter","typeaheadPresses":[{"press":1,"listeners":1,"keydowns":2,"keyups":2,"keys":["ArrowDown","Enter"],"trusted":true,"stray":0,"valueAfter":"monday"}]}
{"name":"dt-log","log":"native-73b4eb9-focused-raw-before-clean.log","commit":"73b4eb9","browser":"Chrome/152.0.7977.83","mode":"clean","result":"fail","runtimeErrors":[],"keySends":"input-setup diagnostic from an uncommitted predecessor runner (excluded from the product verdict, review.md); traced keys: ArrowDown, Enter","typeaheadPresses":[{"press":1,"listeners":1,"keydowns":2,"keyups":2,"keys":["ArrowDown","Enter"],"trusted":false,"stray":0,"valueAfter":"monday"}]}
{"name":"dt-log","log":"native-73b4eb9-keyboard-before-clean.log","commit":"73b4eb9","browser":"Chrome/152.0.7977.83","mode":"clean","result":"fail","runtimeErrors":[],"keySends":"input-setup diagnostic from an uncommitted predecessor runner (excluded from the product verdict, review.md); traced keys: ArrowDown, Enter","typeaheadPresses":[{"press":1,"listeners":1,"keydowns":2,"keyups":2,"keys":["ArrowDown","Enter"],"trusted":false,"stray":0,"valueAfter":"monday"}]}
{"name":"dt-log","log":"native-73b4eb9-raw-key-before-clean.log","commit":"73b4eb9","browser":"Chrome/152.0.7977.83","mode":"clean","result":"fail","runtimeErrors":[],"keySends":"input-setup diagnostic from an uncommitted predecessor runner (excluded from the product verdict, review.md); traced keys: ArrowDown, Enter","typeaheadPresses":[{"press":1,"listeners":1,"keydowns":2,"keyups":2,"keys":["ArrowDown","Enter"],"trusted":false,"stray":0,"valueAfter":"monday"}]}
{"name":"dt-log","log":"native-73b4eb9-typeahead-before-clean.log","commit":"73b4eb9","browser":"Chrome/152.0.7977.83","mode":"clean","result":"pass","runtimeErrors":0,"keySends":"typeahead (nativeVirtualKeyCode 1 for s, 36 for 周)","typeaheadPresses":[{"press":1,"listeners":1,"keydowns":1,"keyups":1,"keys":["s"],"trusted":true,"stray":0,"valueAfter":"sunday"}]}
{"name":"dt-log","log":"native-73b4eb9-validated-before-controls.log","commit":"73b4eb9","browser":"Chrome/152.0.7977.83","mode":"controls","result":"fail","runtimeErrors":[],"keySends":"typeahead (nativeVirtualKeyCode 1 for s, 36 for 周)","typeaheadPresses":[{"press":1,"listeners":1,"keydowns":1,"keyups":1,"keys":["s"],"trusted":true,"stray":0,"valueAfter":"monday"}]}
{"name":"dt-log","log":"native-73b4eb9-validated-before-rail.log","commit":"73b4eb9","browser":"Chrome/152.0.7977.83","mode":"rail","result":"fail","runtimeErrors":[],"keySends":"none","typeaheadPresses":[]}
{"name":"dt-log","log":"native-73b4eb9-validated-before-route.log","commit":"73b4eb9","browser":"Chrome/152.0.7977.83","mode":"route","result":"fail","runtimeErrors":[],"keySends":"none","typeaheadPresses":[]}
{"name":"dt-log","log":"native-73b4eb9-validated-before-signout.log","commit":"73b4eb9","browser":"Chrome/152.0.7977.83","mode":"signout","result":"fail","runtimeErrors":[],"keySends":"none","typeaheadPresses":[]}
{"name":"dt-log","log":"native-73b4eb9-validated-before-unload.log","commit":"73b4eb9","browser":"Chrome/152.0.7977.83","mode":"unload","result":"fail","runtimeErrors":[],"keySends":"none","typeaheadPresses":[]}
{"name":"dt-log","log":"native-96c4915-before-fix-latest-pending-retry.log","commit":"96c4915","browser":"Chrome/152.0.7977.83","mode":"latest-pending-retry","result":"fail","runtimeErrors":[],"keySends":"typeahead (nativeVirtualKeyCode 1 for s, 36 for 周)","typeaheadPresses":[{"press":1,"listeners":1,"keydowns":1,"keyups":1,"keys":["s"],"trusted":true,"stray":0,"valueAfter":"sunday"},{"press":2,"listeners":2,"keydowns":2,"keyups":2,"keys":["s"],"trusted":true,"stray":0,"valueAfter":"saturday"}]}
{"name":"dt-log","log":"native-96c4915-before-fix-source-reload.log","commit":"96c4915","browser":"Chrome/152.0.7977.83","mode":"source-reload","result":"fail","runtimeErrors":[],"keySends":"typeahead (nativeVirtualKeyCode 1 for s, 36 for 周)","typeaheadPresses":[{"press":1,"listeners":1,"keydowns":1,"keyups":1,"keys":["s"],"trusted":true,"stray":0,"valueAfter":"sunday"}]}
{"name":"dt-log","log":"native-96c4915-shared-retry-clean.log","commit":"96c4915","browser":"Chrome/152.0.7977.83","mode":"clean","result":"pass","runtimeErrors":0,"keySends":"typeahead (nativeVirtualKeyCode 1 for s, 36 for 周)","typeaheadPresses":[{"press":1,"listeners":1,"keydowns":1,"keyups":1,"keys":["s"],"trusted":true,"stray":0,"valueAfter":"sunday"}]}
{"name":"dt-log","log":"native-96c4915-shared-retry-controls.log","commit":"96c4915","browser":"Chrome/152.0.7977.83","mode":"controls","result":"pass","runtimeErrors":0,"keySends":"typeahead (nativeVirtualKeyCode 1 for s, 36 for 周)","typeaheadPresses":[{"press":1,"listeners":1,"keydowns":1,"keyups":1,"keys":["s"],"trusted":true,"stray":0,"valueAfter":"sunday"}]}
{"name":"dt-log","log":"native-96c4915-shared-retry-crossdoc-conflict.log","commit":"96c4915","browser":"Chrome/152.0.7977.83","mode":"crossdoc-conflict","result":"pass","runtimeErrors":0,"keySends":"none","typeaheadPresses":[]}
{"name":"dt-log","log":"native-96c4915-shared-retry-export-all.log","commit":"96c4915","browser":"Chrome/152.0.7977.83","mode":"export-all","result":"pass","runtimeErrors":0,"keySends":"typeahead (nativeVirtualKeyCode 1 for s, 36 for 周)","typeaheadPresses":[{"press":1,"listeners":1,"keydowns":1,"keyups":1,"keys":["s"],"trusted":true,"stray":0,"valueAfter":"sunday"}]}
{"name":"dt-log","log":"native-96c4915-shared-retry-export-sparse.log","commit":"96c4915","browser":"Chrome/152.0.7977.83","mode":"export-sparse","result":"pass","runtimeErrors":0,"keySends":"none","typeaheadPresses":[]}
{"name":"dt-log","log":"native-96c4915-shared-retry-focus.log","commit":"96c4915","browser":"Chrome/152.0.7977.83","mode":"focus","result":"pass","runtimeErrors":0,"keySends":"focus: Shift+Tab, Tab, Escape (no nativeVirtualKeyCode)","typeaheadPresses":[]}
{"name":"dt-log","log":"native-96c4915-shared-retry-owner.log","commit":"96c4915","browser":"Chrome/152.0.7977.83","mode":"owner","result":"pass","runtimeErrors":0,"keySends":"none","typeaheadPresses":[]}
{"name":"dt-log","log":"native-96c4915-shared-retry-pending.log","commit":"96c4915","browser":"Chrome/152.0.7977.83","mode":"pending","result":"pass","runtimeErrors":0,"keySends":"none","typeaheadPresses":[]}
{"name":"dt-log","log":"native-96c4915-shared-retry-rail.log","commit":"96c4915","browser":"Chrome/152.0.7977.83","mode":"rail","result":"pass","runtimeErrors":0,"keySends":"none","typeaheadPresses":[]}
{"name":"dt-log","log":"native-96c4915-shared-retry-route.log","commit":"96c4915","browser":"Chrome/152.0.7977.83","mode":"route","result":"pass","runtimeErrors":0,"keySends":"none","typeaheadPresses":[]}
{"name":"dt-log","log":"native-96c4915-shared-retry-signout.log","commit":"96c4915","browser":"Chrome/152.0.7977.83","mode":"signout","result":"pass","runtimeErrors":0,"keySends":"none","typeaheadPresses":[]}
{"name":"dt-log","log":"native-96c4915-shared-retry-source.log","commit":"96c4915","browser":"Chrome/152.0.7977.83","mode":"source","result":"pass","runtimeErrors":0,"keySends":"none","typeaheadPresses":[]}
{"name":"dt-log","log":"native-96c4915-shared-retry-uncertainty-conflict.log","commit":"96c4915","browser":"Chrome/152.0.7977.83","mode":"uncertainty-conflict","result":"pass","runtimeErrors":0,"keySends":"none","typeaheadPresses":[]}
{"name":"dt-log","log":"native-96c4915-shared-retry-uncertainty-read-retry.log","commit":"96c4915","browser":"Chrome/152.0.7977.83","mode":"uncertainty-read-retry","result":"pass","runtimeErrors":0,"keySends":"none","typeaheadPresses":[]}
{"name":"dt-log","log":"native-96c4915-shared-retry-uncertainty.log","commit":"96c4915","browser":"Chrome/152.0.7977.83","mode":"uncertainty","result":"pass","runtimeErrors":0,"keySends":"none","typeaheadPresses":[]}
{"name":"dt-log","log":"native-96c4915-shared-retry-unload.log","commit":"96c4915","browser":"Chrome/152.0.7977.83","mode":"unload","result":"pass","runtimeErrors":0,"keySends":"none","typeaheadPresses":[]}
{"name":"dt-log","log":"native-d9d9fdd-queue-fixed-clean.log","commit":"d9d9fdd","browser":"Chrome/153.0.8010.36","mode":"clean","result":"pass","runtimeErrors":0,"keySends":"typeahead (nativeVirtualKeyCode 1 for s, 36 for 周)","typeaheadPresses":[{"press":1,"listeners":1,"keydowns":1,"keyups":1,"keys":["s"],"trusted":true,"stray":0,"valueAfter":"sunday"}]}
{"name":"dt-log","log":"native-d9d9fdd-queue-fixed-controls.log","commit":"d9d9fdd","browser":"Chrome/153.0.8010.36","mode":"controls","result":"pass","runtimeErrors":0,"keySends":"typeahead (nativeVirtualKeyCode 1 for s, 36 for 周)","typeaheadPresses":[{"press":1,"listeners":1,"keydowns":1,"keyups":1,"keys":["s"],"trusted":true,"stray":0,"valueAfter":"sunday"}]}
{"name":"dt-log","log":"native-d9d9fdd-queue-fixed-crossdoc-conflict.log","commit":"d9d9fdd","browser":"Chrome/153.0.8010.36","mode":"crossdoc-conflict","result":"pass","runtimeErrors":0,"keySends":"none","typeaheadPresses":[]}
{"name":"dt-log","log":"native-d9d9fdd-queue-fixed-export-all.log","commit":"d9d9fdd","browser":"Chrome/153.0.8010.36","mode":"export-all","result":"pass","runtimeErrors":0,"keySends":"typeahead (nativeVirtualKeyCode 1 for s, 36 for 周)","typeaheadPresses":[{"press":1,"listeners":1,"keydowns":1,"keyups":1,"keys":["s"],"trusted":true,"stray":0,"valueAfter":"sunday"}]}
{"name":"dt-log","log":"native-d9d9fdd-queue-fixed-export-sparse.log","commit":"d9d9fdd","browser":"Chrome/153.0.8010.36","mode":"export-sparse","result":"pass","runtimeErrors":0,"keySends":"none","typeaheadPresses":[]}
{"name":"dt-log","log":"native-d9d9fdd-queue-fixed-focus.log","commit":"d9d9fdd","browser":"Chrome/153.0.8010.36","mode":"focus","result":"pass","runtimeErrors":0,"keySends":"focus: Shift+Tab, Tab, Escape (no nativeVirtualKeyCode)","typeaheadPresses":[]}
{"name":"dt-log","log":"native-d9d9fdd-queue-fixed-latest-pending-retry.log","commit":"d9d9fdd","browser":"Chrome/153.0.8010.36","mode":"latest-pending-retry","result":"pass","runtimeErrors":0,"keySends":"typeahead (nativeVirtualKeyCode 1 for s, 36 for 周)","typeaheadPresses":[{"press":1,"listeners":1,"keydowns":1,"keyups":1,"keys":["s"],"trusted":true,"stray":0,"valueAfter":"sunday"},{"press":2,"listeners":2,"keydowns":2,"keyups":2,"keys":["s"],"trusted":true,"stray":0,"valueAfter":"saturday"}]}
{"name":"dt-log","log":"native-d9d9fdd-queue-fixed-owner.log","commit":"d9d9fdd","browser":"Chrome/153.0.8010.36","mode":"owner","result":"pass","runtimeErrors":0,"keySends":"none","typeaheadPresses":[]}
{"name":"dt-log","log":"native-d9d9fdd-queue-fixed-pending.log","commit":"d9d9fdd","browser":"Chrome/153.0.8010.36","mode":"pending","result":"pass","runtimeErrors":0,"keySends":"none","typeaheadPresses":[]}
{"name":"dt-log","log":"native-d9d9fdd-queue-fixed-predecessor-failure.log","commit":"d9d9fdd","browser":"Chrome/153.0.8010.36","mode":"predecessor-failure","result":"pass","runtimeErrors":0,"keySends":"typeahead (nativeVirtualKeyCode 1 for s, 36 for 周)","typeaheadPresses":[{"press":1,"listeners":1,"keydowns":1,"keyups":1,"keys":["s"],"trusted":true,"stray":0,"valueAfter":"sunday"},{"press":2,"listeners":2,"keydowns":2,"keyups":2,"keys":["s"],"trusted":true,"stray":0,"valueAfter":"saturday"}]}
{"name":"dt-log","log":"native-d9d9fdd-queue-fixed-rail.log","commit":"d9d9fdd","browser":"Chrome/153.0.8010.36","mode":"rail","result":"pass","runtimeErrors":0,"keySends":"none","typeaheadPresses":[]}
{"name":"dt-log","log":"native-d9d9fdd-queue-fixed-route.log","commit":"d9d9fdd","browser":"Chrome/153.0.8010.36","mode":"route","result":"pass","runtimeErrors":0,"keySends":"none","typeaheadPresses":[]}
{"name":"dt-log","log":"native-d9d9fdd-queue-fixed-signout.log","commit":"d9d9fdd","browser":"Chrome/153.0.8010.36","mode":"signout","result":"pass","runtimeErrors":0,"keySends":"none","typeaheadPresses":[]}
{"name":"dt-log","log":"native-d9d9fdd-queue-fixed-source-reload.log","commit":"d9d9fdd","browser":"Chrome/153.0.8010.36","mode":"source-reload","result":"pass","runtimeErrors":0,"keySends":"typeahead (nativeVirtualKeyCode 1 for s, 36 for 周)","typeaheadPresses":[{"press":1,"listeners":1,"keydowns":1,"keyups":1,"keys":["s"],"trusted":true,"stray":0,"valueAfter":"sunday"}]}
{"name":"dt-log","log":"native-d9d9fdd-queue-fixed-source.log","commit":"d9d9fdd","browser":"Chrome/153.0.8010.36","mode":"source","result":"pass","runtimeErrors":0,"keySends":"none","typeaheadPresses":[]}
{"name":"dt-log","log":"native-d9d9fdd-queue-fixed-uncertainty-conflict.log","commit":"d9d9fdd","browser":"Chrome/153.0.8010.36","mode":"uncertainty-conflict","result":"pass","runtimeErrors":0,"keySends":"none","typeaheadPresses":[]}
{"name":"dt-log","log":"native-d9d9fdd-queue-fixed-uncertainty-read-retry.log","commit":"d9d9fdd","browser":"Chrome/153.0.8010.36","mode":"uncertainty-read-retry","result":"pass","runtimeErrors":0,"keySends":"none","typeaheadPresses":[]}
{"name":"dt-log","log":"native-d9d9fdd-queue-fixed-uncertainty.log","commit":"d9d9fdd","browser":"Chrome/153.0.8010.36","mode":"uncertainty","result":"pass","runtimeErrors":0,"keySends":"none","typeaheadPresses":[]}
{"name":"dt-log","log":"native-d9d9fdd-queue-fixed-unload.log","commit":"d9d9fdd","browser":"Chrome/153.0.8010.36","mode":"unload","result":"pass","runtimeErrors":0,"keySends":"none","typeaheadPresses":[]}
{"name":"dt-log","log":"native-e9213fb-before-fix-crossdoc-conflict.log","commit":"e9213fb","browser":"Chrome/152.0.7977.83","mode":"crossdoc-conflict","result":"fail","runtimeErrors":[],"keySends":"none","typeaheadPresses":[]}
{"name":"dt-log","log":"native-e9213fb-before-fix-uncertainty-conflict.log","commit":"e9213fb","browser":"Chrome/152.0.7977.83","mode":"uncertainty-conflict","result":"fail","runtimeErrors":[],"keySends":"none","typeaheadPresses":[]}
{"name":"dt-log","log":"native-e9213fb-before-fix-uncertainty-read-retry.log","commit":"e9213fb","browser":"Chrome/152.0.7977.83","mode":"uncertainty-read-retry","result":"fail","runtimeErrors":[],"keySends":"none","typeaheadPresses":[]}
{"name":"dt-log","log":"native-e9213fb-expanded-export-all.log","commit":"e9213fb","browser":"Chrome/152.0.7977.83","mode":"export-all","result":"pass","runtimeErrors":0,"keySends":"typeahead (nativeVirtualKeyCode 1 for s, 36 for 周)","typeaheadPresses":[{"press":1,"listeners":1,"keydowns":1,"keyups":1,"keys":["s"],"trusted":true,"stray":0,"valueAfter":"sunday"}]}
{"name":"dt-log","log":"native-e9213fb-expanded-export-sparse.log","commit":"e9213fb","browser":"Chrome/152.0.7977.83","mode":"export-sparse","result":"pass","runtimeErrors":0,"keySends":"none","typeaheadPresses":[]}
{"name":"dt-log","log":"native-e9213fb-expanded-focus.log","commit":"e9213fb","browser":"Chrome/152.0.7977.83","mode":"focus","result":"pass","runtimeErrors":0,"keySends":"focus: Shift+Tab, Tab, Escape (no nativeVirtualKeyCode)","typeaheadPresses":[]}
{"name":"dt-log","log":"native-e9213fb-expanded-owner.log","commit":"e9213fb","browser":"Chrome/152.0.7977.83","mode":"owner","result":"pass","runtimeErrors":0,"keySends":"none","typeaheadPresses":[]}
{"name":"dt-log","log":"native-e9213fb-expanded-pending.log","commit":"e9213fb","browser":"Chrome/152.0.7977.83","mode":"pending","result":"pass","runtimeErrors":0,"keySends":"none","typeaheadPresses":[]}
{"name":"dt-log","log":"native-e9213fb-expanded-source.log","commit":"e9213fb","browser":"Chrome/152.0.7977.83","mode":"source","result":"pass","runtimeErrors":0,"keySends":"none","typeaheadPresses":[]}
{"name":"dt-log","log":"native-e9213fb-expanded-uncertainty.log","commit":"e9213fb","browser":"Chrome/152.0.7977.83","mode":"uncertainty","result":"pass","runtimeErrors":0,"keySends":"none","typeaheadPresses":[]}
{"name":"dt-log","log":"native-e9213fb-expanded-visual-zh.log","commit":"e9213fb","browser":"Chrome/152.0.7977.83","mode":"visual-zh","result":"fail","runtimeErrors":[],"keySends":"typeahead (nativeVirtualKeyCode 1 for s, 36 for 周)","typeaheadPresses":[{"press":1,"listeners":1,"keydowns":1,"keyups":1,"keys":["s"],"trusted":true,"stray":0,"valueAfter":"monday"}]}
{"name":"dt-log","log":"native-e9213fb-expanded-visual.log","commit":"e9213fb","browser":"Chrome/152.0.7977.83","mode":"visual","result":"pass","runtimeErrors":0,"keySends":"typeahead (nativeVirtualKeyCode 1 for s, 36 for 周)","typeaheadPresses":[{"press":1,"listeners":1,"keydowns":1,"keyups":1,"keys":["s"],"trusted":true,"stray":0,"valueAfter":"sunday"}]}
{"name":"dt-log","log":"native-e9213fb-localized-visual-zh.log","commit":"e9213fb","browser":"Chrome/152.0.7977.83","mode":"visual-zh","result":"pass","runtimeErrors":0,"keySends":"typeahead (nativeVirtualKeyCode 1 for s, 36 for 周)","typeaheadPresses":[{"press":1,"listeners":1,"keydowns":1,"keyups":1,"keys":["周"],"trusted":true,"stray":0,"valueAfter":"sunday"}]}
{"name":"dt-log","log":"native-f359be6-f1post1-clean.log","commit":"f359be6","browser":"Chrome/154.0.8037.97","mode":"clean","result":"pass","runtimeErrors":0,"keySends":"typeahead (nativeVirtualKeyCode 1 for s, 36 for 周)","typeaheadPresses":[{"press":1,"listeners":1,"keydowns":1,"keyups":1,"keys":["s"],"trusted":true,"stray":0,"valueAfter":"sunday"}]}
{"name":"dt-log","log":"native-f359be6-f1post1-controls.log","commit":"f359be6","browser":"Chrome/154.0.8037.97","mode":"controls","result":"pass","runtimeErrors":0,"keySends":"typeahead (nativeVirtualKeyCode 1 for s, 36 for 周)","typeaheadPresses":[{"press":1,"listeners":1,"keydowns":1,"keyups":1,"keys":["s"],"trusted":true,"stray":0,"valueAfter":"sunday"}]}
{"name":"dt-log","log":"native-f359be6-f1post1-crossdoc-conflict.log","commit":"f359be6","browser":"Chrome/154.0.8037.97","mode":"crossdoc-conflict","result":"pass","runtimeErrors":0,"keySends":"none","typeaheadPresses":[]}
{"name":"dt-log","log":"native-f359be6-f1post1-export-all.log","commit":"f359be6","browser":"Chrome/154.0.8037.97","mode":"export-all","result":"pass","runtimeErrors":0,"keySends":"typeahead (nativeVirtualKeyCode 1 for s, 36 for 周)","typeaheadPresses":[{"press":1,"listeners":1,"keydowns":1,"keyups":1,"keys":["s"],"trusted":true,"stray":0,"valueAfter":"sunday"}]}
{"name":"dt-log","log":"native-f359be6-f1post1-export-sparse.log","commit":"f359be6","browser":"Chrome/154.0.8037.97","mode":"export-sparse","result":"pass","runtimeErrors":0,"keySends":"none","typeaheadPresses":[]}
{"name":"dt-log","log":"native-f359be6-f1post1-focus.log","commit":"f359be6","browser":"Chrome/154.0.8037.97","mode":"focus","result":"pass","runtimeErrors":0,"keySends":"focus: Shift+Tab, Tab, Escape (no nativeVirtualKeyCode)","typeaheadPresses":[]}
{"name":"dt-log","log":"native-f359be6-f1post1-owner.log","commit":"f359be6","browser":"Chrome/154.0.8037.97","mode":"owner","result":"pass","runtimeErrors":0,"keySends":"none","typeaheadPresses":[]}
{"name":"dt-log","log":"native-f359be6-f1post1-pending.log","commit":"f359be6","browser":"Chrome/154.0.8037.97","mode":"pending","result":"pass","runtimeErrors":0,"keySends":"none","typeaheadPresses":[]}
{"name":"dt-log","log":"native-f359be6-f1post1-rail.log","commit":"f359be6","browser":"Chrome/154.0.8037.97","mode":"rail","result":"pass","runtimeErrors":0,"keySends":"none","typeaheadPresses":[]}
{"name":"dt-log","log":"native-f359be6-f1post1-route.log","commit":"f359be6","browser":"Chrome/154.0.8037.97","mode":"route","result":"pass","runtimeErrors":0,"keySends":"none","typeaheadPresses":[]}
{"name":"dt-log","log":"native-f359be6-f1post1-signout.log","commit":"f359be6","browser":"Chrome/154.0.8037.97","mode":"signout","result":"pass","runtimeErrors":0,"keySends":"none","typeaheadPresses":[]}
{"name":"dt-log","log":"native-f359be6-f1post1-source.log","commit":"f359be6","browser":"Chrome/154.0.8037.97","mode":"source","result":"pass","runtimeErrors":0,"keySends":"none","typeaheadPresses":[]}
{"name":"dt-log","log":"native-f359be6-f1post1-uncertainty-conflict.log","commit":"f359be6","browser":"Chrome/154.0.8037.97","mode":"uncertainty-conflict","result":"pass","runtimeErrors":0,"keySends":"none","typeaheadPresses":[]}
{"name":"dt-log","log":"native-f359be6-f1post1-uncertainty-read-retry.log","commit":"f359be6","browser":"Chrome/154.0.8037.97","mode":"uncertainty-read-retry","result":"pass","runtimeErrors":0,"keySends":"none","typeaheadPresses":[]}
{"name":"dt-log","log":"native-f359be6-f1post1-uncertainty.log","commit":"f359be6","browser":"Chrome/154.0.8037.97","mode":"uncertainty","result":"pass","runtimeErrors":0,"keySends":"none","typeaheadPresses":[]}
{"name":"dt-log","log":"native-f359be6-f1post1-unload.log","commit":"f359be6","browser":"Chrome/154.0.8037.97","mode":"unload","result":"pass","runtimeErrors":0,"keySends":"none","typeaheadPresses":[]}
{"name":"dt-summary","logs":109,"logsWithTrace":36,"typeaheadLogs":32,"diagnosticLogs":6,"tracedPresses":41,"strayKeydowns":0,"focusModeLogs":6,"logsWithoutKeys":65}
