
 RUN  v3.2.7 /private/var/folders/zk/bxw8sv_15xx51q2mf6xhdb8c0000gn/T/xai-tt02-independent-q5b_xf8_

 ✓ packages/plugin-web-time-tracker/src/__tests__/time.test.ts (3 tests) 4ms
 ✓ packages/plugin-web-time-tracker/src/__tests__/sessionInvariants.test.ts (5 tests) 8ms
 ✓ packages/plugin-web-time-tracker/src/__tests__/sessionController.test.ts (6 tests) 9ms
 ✓ packages/plugin-web-time-tracker/src/__tests__/windowAccounting.test.ts (7 tests) 12ms
 ✓ packages/plugin-web-time-tracker/src/__tests__/sessionEditor.test.tsx (4 tests) 1150ms
   ✓ note-only edit keeps exact source intervals and their pause gap  427ms
   ✓ missing locks rejects manual Save visibly and retains editor draft  321ms
 ✓ packages/plugin-web-time-tracker/src/__tests__/localDate.test.ts (1 test) 4ms
 ✓ packages/plugin-web-time-tracker/src/__tests__/accountIsolation.test.ts (1 test) 4ms
 ✓ packages/plugin-web-time-tracker/src/__tests__/registration.test.tsx (1 test) 3ms
 ✓ packages/plugin-web-time-tracker/src/__tests__/windowConsumers.test.tsx (26 tests) 2524ms
 ✓ packages/plugin-web-time-tracker/src/__tests__/TimeTrackerModule.test.tsx (24 tests) 3555ms
   ✓ TimeTrackerModule > renders bilingual module title and default categories  521ms
   ✓ TimeTrackerModule > renders and persists the compact time status cards  450ms
   ✓ TimeTrackerModule > creates and restores custom target time status cards  319ms
   ✓ TimeTrackerModule > adjusts a completed record time with inline hour minute second controls  308ms

 Test Files  10 passed (10)
      Tests  78 passed (78)
   Start at  12:55:01
   Duration  6.42s (transform 1.14s, setup 3.63s, collect 3.29s, tests 7.27s, environment 12.81s, prepare 1.92s)

stderr | packages/plugin-web-time-tracker/src/__tests__/windowConsumers.test.tsx > range delete explicitly deletes the original crossing record and preserves future source
An update to TimeTrackerModule inside a test was not wrapped in act(...).

When testing, code that causes React state updates should be wrapped into act(...):

act(() => {
  /* fire events that update state */
});
/* assert on the output */

This ensures that you're testing the behavior the user would see in the browser. Learn more at https://react.dev/link/wrap-tests-with-act
An update to TimeTrackerModule inside a test was not wrapped in act(...).

When testing, code that causes React state updates should be wrapped into act(...):

act(() => {
  /* fire events that update state */
});
/* assert on the output */

This ensures that you're testing the behavior the user would see in the browser. Learn more at https://react.dev/link/wrap-tests-with-act

