requested_revision=419e56d
resolved_commit=419e56de9f23e4467fea806fbd4a990e1f429941
resolved_tree=7aabbd832be446aeca1441eff34f2fd35945290a
features_package_tree=3f25c84b5b582719d74fda8872db4e6e1db388f1
mode=bytes
suffix=appearance-final-v1
include=docs/reviews/web-features-recovery-sol/bytes.test.tsx
command=XAI_DEPS_ROOT=/Users/lijinlong/Desktop/Jinlong_Project/Coding_project/AI_Desktop/XAI_Desktop node docs/reviews/web-features-recovery-sol/verify-fixed.mjs 419e56d bytes appearance-final-v1
runner_checkout_head=68686c562da3cd4885577178ca03d8ecf4be3094
vitest_bin=/Users/lijinlong/Desktop/Jinlong_Project/Coding_project/AI_Desktop/XAI_Desktop/packages/xai-web-settings-features-panel/node_modules/.bin/vitest
vitest_args=run --config /private/var/folders/zk/bxw8sv_15xx51q2mf6xhdb8c0000gn/T/xai-features-sol-oYGp8z/features-sol-bytes.vitest.config.mjs --reporter=verbose --reporter=json --outputFile.json=/private/var/folders/zk/bxw8sv_15xx51q2mf6xhdb8c0000gn/T/xai-features-sol-oYGp8z/.report-bytes.json
vitest_version=3.2.7 vite_version=7.3.6 jsdom_version=26.1.0 node=v24.16.0 platform=darwin-arm64 tz=America/Los_Angeles
dependency_root=/Users/lijinlong/Desktop/Jinlong_Project/Coding_project/AI_Desktop/XAI_Desktop
dependency_lockfile_sha256=df05f2ddfd7f2d04d526ec3cccf6559991686188a0e4bcbc48d2b0451c9aeab9
archive_lockfile_sha256=df05f2ddfd7f2d04d526ec3cccf6559991686188a0e4bcbc48d2b0451c9aeab9
extracted_lockfile_sha256=df05f2ddfd7f2d04d526ec3cccf6559991686188a0e4bcbc48d2b0451c9aeab9
oracle_sha256 fixture.tsx=f0b5d272695026f8e60df6dd2dbf5889790b3d2e834256259e86bb0432050ef8 bytes.test.tsx=904cb0de88eb5047365309df501ebbb8cb725a485963d23df022e7bbd26aba14 fields.test.tsx=506d54cbc39d0b69c53e7f45d4e3fa90ae77ae99f2ea68beb23d7540f08c0bc4 reset.test.tsx=dc4ee31e52a5800f30e7dbd924834e25f6f8a77dd5e88c8262443e1c322ac8e9 queues.test.tsx=d58160748187b7d7a7aeabfc620b694e7bc1e2714d37491aa99dbf8d8cb16f2b continuity-export.test.tsx=1e3066f963edc15ba161937d26cbee949cb2886f1c3122740fd4c7c143c5a55a downstream.test.tsx=88cf89c821b5f51abf2e4f373d1047304d51bb8817b33a1d7b8094516d38624d verify-fixed.mjs=b5ac75fa1bc5ff65352afb5b598dc7309fb7435aa9ca96518dfd1d7ffb2f2f16
archive_file_sha256 packages/xai-web-settings-features-panel/src/FeaturesPane.tsx=54a3f10c90fdc415a9c1bb89801fe4cdc1870022235752229e9180a2a683d701 packages/xai-web-settings-features-panel/src/internal/featuresPane.tsx=572bdd478954059f02dde83c8ec7383f992ca0f6f33f8b5e2c96ba85e7f935a7 packages/xai-web-settings-features-panel/src/types.ts=f97c4e6212d99723d9baeb1133866f05860db7b97ce274ba2be0b27128cd8406 packages/xai-web-settings-features-panel/src/styles.css=65fdf6f08b299c242bf79397a5e731fa0b605cc2f5a7476e2778a4caa350b5c3 packages/xai-web-settings-features-panel/src/index.ts=cf89e7454252927a457f48f9e4bcf9190219b94862d896240999626a1b097c68 packages/xai-web-settings-features-panel/src/__tests__/FeaturesPane.test.tsx=993f0d069b9dc23de53d910d5dda4967eca2e436596ec3fbc2b33fad16ed1d64 packages/xai-web-settings-features-panel/vitest.setup.ts=8f6aedf733a84b6244bde5e8be1421625cf2eccab78683488963f0e749a9057e packages/xai-web-settings-features-panel/vitest.config.ts=d12410da12f81e89d4aa07db2fc0856d3b58768e398809d3e31942052bc465c6 apps/web/src/App.tsx=24461a52a34c83d9e9e51dc92d99db6d76e4c56435bec3e5293e0937a8cc935a packages/plugin-web-storage/src/AccountDataGate.tsx=7519485bb7bbec8765909ae1855391e0458ca6a2a18ef6f81fa0fcac472328b9 packages/plugin-web-storage/src/internal/prefMutation.ts=3f8840ac8e7e824ddc9aacb6839d19a0602244235dbfd542f686ca749125ec00 packages/plugin-web-storage/src/internal/usePrefAsync.ts=541fae97413104b8db90c20d7b565a5492f17fc74d79b3e975f954d7189a4491 packages/plugin-web-storage/src/internal/usePref.ts=e1f2c9131cb9a00a2dff3951f4c95b2a7ad68692d0bf409b0ef511df137fa188
oracle_dependency_links react->node_modules/.pnpm/react@19.2.0/node_modules/react@19.2.0 react-dom->node_modules/.pnpm/react-dom@19.2.0_react@19.2.0/node_modules/react-dom@19.2.0 @testing-library/react->node_modules/.pnpm/@testing-library+react@16.3.2_@testing-library+dom@10.4.1_@types+react-dom@19.2.2_@types+reac_e3xwhmuswug3dvrnpc5jogthwq/node_modules/@testing-library/react@16.3.2 react-router->node_modules/.pnpm/react-router@7.15.1_react-dom@19.2.0_react@19.2.0__react@19.2.0/node_modules/react-router@7.15.1
node_modules_links third_party=448 workspace=281
tsconfig_extends_unresolved=none (checked 46)
aliases=75 exact-match archive export specifiers
vitest_exit=0
harness_checks=PASS (6/6)
exit=0
---- stdout ----

 RUN  v3.2.7 /private/var/folders/zk/bxw8sv_15xx51q2mf6xhdb8c0000gn/T/xai-features-sol-oYGp8z

 ✓ docs/reviews/web-features-recovery-sol/bytes.test.tsx > FIXTURE storage injector logs every get/set/remove attempt before delegating; faults fire, count, arm (after set or remove) and disarm 2ms
 ✓ docs/reviews/web-features-recovery-sol/bytes.test.tsx > FIXTURE Web Lock fixture is exclusive, asynchronous and observable; deny and missing capability are explicit 23ms
 ✓ docs/reviews/web-features-recovery-sol/bytes.test.tsx > FIXTURE real accountScope transitions keep the 8 keys unscoped; host registry, download harness, confirm recorder and StorageEvent counter observe 10ms
 ✓ docs/reviews/web-features-recovery-sol/bytes.test.tsx > PC §2 §10.11 the 8 keys: product id order and key mapping, boolean codec, default true, schema 1, category pref, device ownership, lifecycle and per-key lock 2ms
 ✓ docs/reviews/web-features-recovery-sol/bytes.test.tsx > PC §10.1 'tasks' > PC §10.1 tasks: both values persist exact codec bytes at the unscoped device key; on stores "true", never a removal 97ms
 ✓ docs/reviews/web-features-recovery-sol/bytes.test.tsx > PC §10.1 'board' > PC §10.1 board: both values persist exact codec bytes at the unscoped device key; on stores "true", never a removal 79ms
 ✓ docs/reviews/web-features-recovery-sol/bytes.test.tsx > PC §10.1 'dashboard' > PC §10.1 dashboard: both values persist exact codec bytes at the unscoped device key; on stores "true", never a removal 74ms
 ✓ docs/reviews/web-features-recovery-sol/bytes.test.tsx > PC §10.1 'calendar' > PC §10.1 calendar: both values persist exact codec bytes at the unscoped device key; on stores "true", never a removal 82ms
 ✓ docs/reviews/web-features-recovery-sol/bytes.test.tsx > PC §10.1 'matrix' > PC §10.1 matrix: both values persist exact codec bytes at the unscoped device key; on stores "true", never a removal 74ms
 ✓ docs/reviews/web-features-recovery-sol/bytes.test.tsx > PC §10.1 'pomodoro' > PC §10.1 pomodoro: both values persist exact codec bytes at the unscoped device key; on stores "true", never a removal 74ms
 ✓ docs/reviews/web-features-recovery-sol/bytes.test.tsx > PC §10.1 'habits' > PC §10.1 habits: both values persist exact codec bytes at the unscoped device key; on stores "true", never a removal 73ms
 ✓ docs/reviews/web-features-recovery-sol/bytes.test.tsx > PC §10.1 'meditation' > PC §10.1 meditation: both values persist exact codec bytes at the unscoped device key; on stores "true", never a removal 77ms
 ✓ docs/reviews/web-features-recovery-sol/bytes.test.tsx > PC §5.1 absent sources: all 8 display the default on with zero set/remove attempts on mount and rerenders; clean state 118ms
 ✓ docs/reviews/web-features-recovery-sol/bytes.test.tsx > PC §5.1 valid stored true/false sources display exactly with zero set/remove attempts; clean state 52ms
 ✓ docs/reviews/web-features-recovery-sol/bytes.test.tsx > PC §9 a standalone render({lang}) without a guard still renders and edits 45ms
 ✓ docs/reviews/web-features-recovery-sol/bytes.test.tsx > PC §6 a declined reset confirmation makes zero get/set/remove attempts and changes nothing 46ms
 ✓ docs/reviews/web-features-recovery-sol/bytes.test.tsx > PC §6 an accepted reset removes all 8 keys, displays on, and never writes true 57ms

 Test Files  1 passed (1)
      Tests  17 passed (17)
   Start at  13:31:39
   Duration  1.74s (transform 235ms, setup 35ms, collect 344ms, tests 986ms, environment 186ms, prepare 45ms)

JSON report written to /private/var/folders/zk/bxw8sv_15xx51q2mf6xhdb8c0000gn/T/xai-features-sol-oYGp8z/.report-bytes.json

---- stderr ----

---- runner summary ----
json_report=success=true numTotalTests=17 numPassedTests=17 numFailedTests=0 numPendingTests=0 numTodoTests=0
totals cases=17 passed=17 failed=0 skipped=0 precondition_failures=0 suite_errors=0 unhandled_error_lines=0
harness PASS JSON report parsed
harness PASS reported files equal the requested include
harness PASS config in effect (environment jsdom, globals true, setupFiles [packages/xai-web-settings-features-panel/vitest.setup.ts], root = archive)
harness PASS guard plugin active (archive modules recorded)
harness PASS required product modules loaded from the archive (6)
harness PASS no test-file suite error
case 001 PASSED | FIXTURE storage injector logs every get/set/remove attempt before delegating; faults fire, count, arm (after set or remove) and disarm
case 002 PASSED | FIXTURE Web Lock fixture is exclusive, asynchronous and observable; deny and missing capability are explicit
case 003 PASSED | FIXTURE real accountScope transitions keep the 8 keys unscoped; host registry, download harness, confirm recorder and StorageEvent counter observe
case 004 PASSED | PC §2 §10.11 the 8 keys: product id order and key mapping, boolean codec, default true, schema 1, category pref, device ownership, lifecycle and per-key lock
case 005 PASSED | PC §10.1 'tasks' PC §10.1 tasks: both values persist exact codec bytes at the unscoped device key; on stores "true", never a removal
case 006 PASSED | PC §10.1 'board' PC §10.1 board: both values persist exact codec bytes at the unscoped device key; on stores "true", never a removal
case 007 PASSED | PC §10.1 'dashboard' PC §10.1 dashboard: both values persist exact codec bytes at the unscoped device key; on stores "true", never a removal
case 008 PASSED | PC §10.1 'calendar' PC §10.1 calendar: both values persist exact codec bytes at the unscoped device key; on stores "true", never a removal
case 009 PASSED | PC §10.1 'matrix' PC §10.1 matrix: both values persist exact codec bytes at the unscoped device key; on stores "true", never a removal
case 010 PASSED | PC §10.1 'pomodoro' PC §10.1 pomodoro: both values persist exact codec bytes at the unscoped device key; on stores "true", never a removal
case 011 PASSED | PC §10.1 'habits' PC §10.1 habits: both values persist exact codec bytes at the unscoped device key; on stores "true", never a removal
case 012 PASSED | PC §10.1 'meditation' PC §10.1 meditation: both values persist exact codec bytes at the unscoped device key; on stores "true", never a removal
case 013 PASSED | PC §5.1 absent sources: all 8 display the default on with zero set/remove attempts on mount and rerenders; clean state
case 014 PASSED | PC §5.1 valid stored true/false sources display exactly with zero set/remove attempts; clean state
case 015 PASSED | PC §9 a standalone render({lang}) without a guard still renders and edits
case 016 PASSED | PC §6 a declined reset confirmation makes zero get/set/remove attempts and changes nothing
case 017 PASSED | PC §6 an accepted reset removes all 8 keys, displays on, and never writes true
pin_config {"root":"/private/var/folders/zk/bxw8sv_15xx51q2mf6xhdb8c0000gn/T/xai-features-sol-oYGp8z","cacheDir":"/private/var/folders/zk/bxw8sv_15xx51q2mf6xhdb8c0000gn/T/xai-features-sol-oYGp8z/.features-sol-vite-cache/vitest/da39a3ee5e6b4b0d3255bfef95601890afd80709","environment":"jsdom","globals":true,"setupFiles":["/private/var/folders/zk/bxw8sv_15xx51q2mf6xhdb8c0000gn/T/xai-features-sol-oYGp8z/packages/xai-web-settings-features-panel/vitest.setup.ts"],"include":["docs/reviews/web-features-recovery-sol/bytes.test.tsx"]}
pin_unaliased_repo_imports=0
pin_required_provenance_missing=none
pin_required_provenance packages/xai-web-settings-features-panel/src/FeaturesPane.tsx packages/xai-web-settings-features-panel/src/internal/featuresPane.tsx packages/plugin-web-storage/src/internal/usePref.ts packages/plugin-web-storage/src/internal/usePrefAsync.ts packages/plugin-web-storage/src/internal/prefMutation.ts packages/plugin-web-storage/src/internal/accountScope.ts
pin_modules=72 by package: docs/reviews=2 packages/plugin-web-settings-shell=14 packages/plugin-web-storage=23 packages/plugin-web-tokens=7 packages/xai-web-event-bus=4 packages/xai-web-settings-features-panel=13 packages/xai-web-shell=9
