requested_revision=f359be6
resolved_commit=f359be6d838393e0f9e93efd80b88b5b09f6144e
resolved_tree=2280bc7617d52dc6c4356da257d57940ecb174ec
features_package_tree=074659c050fadd11ed3ff99274e441b48771b490
mode=readers-features
suffix=before2
include=packages/xai-web-settings-features-panel/src/__tests__/useFeaturePrefs.test.tsx,packages/xai-web-settings-features-panel/src/__tests__/withDisabledFallback.test.tsx,packages/xai-web-settings-features-panel/src/__tests__/filterModulesByFeaturePrefs.test.ts,packages/xai-web-settings-features-panel/src/__tests__/DisabledFeatureFallback.test.tsx,packages/xai-web-settings-features-panel/src/__tests__/featuresPaneEntry.test.tsx
command=XAI_DEPS_ROOT=/Users/lijinlong/Desktop/Jinlong_Project/Coding_project/AI_Desktop/XAI_Desktop node docs/reviews/web-features-recovery-sol/verify-fixed.mjs f359be6 all before2
runner_checkout_head=4a54f7648cbed30d884f9e6976ece93a42ac92f6
vitest_bin=/Users/lijinlong/Desktop/Jinlong_Project/Coding_project/AI_Desktop/XAI_Desktop/packages/xai-web-settings-features-panel/node_modules/.bin/vitest
vitest_args=run --config /private/var/folders/zk/bxw8sv_15xx51q2mf6xhdb8c0000gn/T/xai-features-sol-grw2OS/features-sol-readers-features.vitest.config.mjs --reporter=verbose --reporter=json --outputFile.json=/private/var/folders/zk/bxw8sv_15xx51q2mf6xhdb8c0000gn/T/xai-features-sol-grw2OS/.report-readers-features.json
vitest_version=3.2.7 vite_version=7.3.6 jsdom_version=26.1.0 node=v24.16.0 platform=darwin-arm64 tz=America/Los_Angeles
dependency_root=/Users/lijinlong/Desktop/Jinlong_Project/Coding_project/AI_Desktop/XAI_Desktop
dependency_lockfile_sha256=df05f2ddfd7f2d04d526ec3cccf6559991686188a0e4bcbc48d2b0451c9aeab9
archive_lockfile_sha256=df05f2ddfd7f2d04d526ec3cccf6559991686188a0e4bcbc48d2b0451c9aeab9
extracted_lockfile_sha256=df05f2ddfd7f2d04d526ec3cccf6559991686188a0e4bcbc48d2b0451c9aeab9
oracle_sha256 fixture.tsx=f0b5d272695026f8e60df6dd2dbf5889790b3d2e834256259e86bb0432050ef8 bytes.test.tsx=904cb0de88eb5047365309df501ebbb8cb725a485963d23df022e7bbd26aba14 fields.test.tsx=506d54cbc39d0b69c53e7f45d4e3fa90ae77ae99f2ea68beb23d7540f08c0bc4 reset.test.tsx=dc4ee31e52a5800f30e7dbd924834e25f6f8a77dd5e88c8262443e1c322ac8e9 queues.test.tsx=d58160748187b7d7a7aeabfc620b694e7bc1e2714d37491aa99dbf8d8cb16f2b continuity-export.test.tsx=1e3066f963edc15ba161937d26cbee949cb2886f1c3122740fd4c7c143c5a55a downstream.test.tsx=88cf89c821b5f51abf2e4f373d1047304d51bb8817b33a1d7b8094516d38624d verify-fixed.mjs=b5ac75fa1bc5ff65352afb5b598dc7309fb7435aa9ca96518dfd1d7ffb2f2f16
archive_file_sha256 packages/xai-web-settings-features-panel/src/FeaturesPane.tsx=987c38250554f05eee185073f92fdfafc504b5e3f9c183658fc5aeb583ce50ea packages/xai-web-settings-features-panel/src/internal/featuresPane.tsx=14053daaffeee27f151221a197756ae043a2de3a8823d15342722eea5855e993 packages/xai-web-settings-features-panel/src/types.ts=bd6b35990e4f9de9719303ff528630b17a1c6ed02bbb06dfd96c5878cf727c53 packages/xai-web-settings-features-panel/src/styles.css=db4a5f24bfbb922571a5528b4d863be79bda2c8586eb4f2427f281803b13027e packages/xai-web-settings-features-panel/src/index.ts=cf89e7454252927a457f48f9e4bcf9190219b94862d896240999626a1b097c68 packages/xai-web-settings-features-panel/src/__tests__/FeaturesPane.test.tsx=2d42bdc3ef69ab9bcdc2d1770a34aba45463e44550f0c6ece4a9ecd31f18a4c6 packages/xai-web-settings-features-panel/vitest.setup.ts=8f6aedf733a84b6244bde5e8be1421625cf2eccab78683488963f0e749a9057e packages/xai-web-settings-features-panel/vitest.config.ts=d12410da12f81e89d4aa07db2fc0856d3b58768e398809d3e31942052bc465c6 apps/web/src/App.tsx=5d10dba6a879cf0d42f224e58ef70637bd82b71dc1318ee99c4567977638fb59 packages/plugin-web-storage/src/AccountDataGate.tsx=7519485bb7bbec8765909ae1855391e0458ca6a2a18ef6f81fa0fcac472328b9 packages/plugin-web-storage/src/internal/prefMutation.ts=3f8840ac8e7e824ddc9aacb6839d19a0602244235dbfd542f686ca749125ec00 packages/plugin-web-storage/src/internal/usePrefAsync.ts=541fae97413104b8db90c20d7b565a5492f17fc74d79b3e975f954d7189a4491 packages/plugin-web-storage/src/internal/usePref.ts=e1f2c9131cb9a00a2dff3951f4c95b2a7ad68692d0bf409b0ef511df137fa188
oracle_dependency_links react->node_modules/.pnpm/react@19.2.0/node_modules/react@19.2.0 react-dom->node_modules/.pnpm/react-dom@19.2.0_react@19.2.0/node_modules/react-dom@19.2.0 @testing-library/react->node_modules/.pnpm/@testing-library+react@16.3.2_@testing-library+dom@10.4.1_@types+react-dom@19.2.2_@types+reac_e3xwhmuswug3dvrnpc5jogthwq/node_modules/@testing-library/react@16.3.2 react-router->node_modules/.pnpm/react-router@7.15.1_react-dom@19.2.0_react@19.2.0__react@19.2.0/node_modules/react-router@7.15.1
node_modules_links third_party=448 workspace=281
tsconfig_extends_unresolved=none (checked 46)
aliases=75 exact-match archive export specifiers
vitest_exit=0
harness_checks=PASS (6/6)
exit=0
---- stdout ----

 RUN  v3.2.7 /private/var/folders/zk/bxw8sv_15xx51q2mf6xhdb8c0000gn/T/xai-features-sol-grw2OS

 ✓ packages/xai-web-settings-features-panel/src/__tests__/filterModulesByFeaturePrefs.test.ts > filterModulesByFeaturePrefs > AC-FILTER-1: all prefs true → input is unchanged by value 2ms
 ✓ packages/xai-web-settings-features-panel/src/__tests__/filterModulesByFeaturePrefs.test.ts > filterModulesByFeaturePrefs > AC-FILTER-2: one pref false → that module is removed 0ms
 ✓ packages/xai-web-settings-features-panel/src/__tests__/filterModulesByFeaturePrefs.test.ts > filterModulesByFeaturePrefs > AC-FILTER-3: non-FeatureId modules always pass through 0ms
 ✓ packages/xai-web-settings-features-panel/src/__tests__/filterModulesByFeaturePrefs.test.ts > filterModulesByFeaturePrefs > AC-FILTER-4: pure — same inputs produce structurally equal output across calls 0ms
 ✓ packages/xai-web-settings-features-panel/src/__tests__/DisabledFeatureFallback.test.tsx > DisabledFeatureFallback > AC-FB-1: renders module name + body copy + CTA hint 16ms
 ✓ packages/xai-web-settings-features-panel/src/__tests__/DisabledFeatureFallback.test.tsx > DisabledFeatureFallback > AC-FB-2: bilingual — ZH variant 2ms
 ✓ packages/xai-web-settings-features-panel/src/__tests__/DisabledFeatureFallback.test.tsx > DisabledFeatureFallback > AC-FB-3: unknown moduleId warns in DEV and falls back to generic copy 2ms
 ✓ packages/xai-web-settings-features-panel/src/__tests__/useFeaturePrefs.test.tsx > useFeaturePrefs > AC-PREFS-1: defaults are all true 9ms
 ✓ packages/xai-web-settings-features-panel/src/__tests__/useFeaturePrefs.test.tsx > useFeaturePrefs > AC-PREFS-2: setPref propagates to subscribers 2ms
 ✓ packages/xai-web-settings-features-panel/src/__tests__/useFeaturePrefs.test.tsx > useFeaturePrefs > AC-PREFS-3: localStorage round-trip 1ms
 ✓ packages/xai-web-settings-features-panel/src/__tests__/withDisabledFallback.test.tsx > withDisabledFallback > AC-WRAP-1: when pref is true (default), original render is invoked 14ms
 ✓ packages/xai-web-settings-features-panel/src/__tests__/withDisabledFallback.test.tsx > withDisabledFallback > AC-WRAP-2: when pref is false, every child path renders DisabledFeatureFallback 5ms
 ✓ packages/xai-web-settings-features-panel/src/__tests__/withDisabledFallback.test.tsx > withDisabledFallback > AC-WRAP-3: top-level metadata is preserved 1:1 1ms
 ✓ packages/xai-web-settings-features-panel/src/__tests__/withDisabledFallback.test.tsx > withDisabledFallback > AC-WRAP-4: wrapping twice is idempotent in behavior 2ms
 ✓ packages/xai-web-settings-features-panel/src/__tests__/featuresPaneEntry.test.tsx > featuresPane registry entry > AC-REG-1: id === 'features' 1ms
 ✓ packages/xai-web-settings-features-panel/src/__tests__/featuresPaneEntry.test.tsx > featuresPane registry entry > AC-REG-2: i18nKey === 'settings.features' 0ms
 ✓ packages/xai-web-settings-features-panel/src/__tests__/featuresPaneEntry.test.tsx > featuresPane registry entry > AC-REG-3: render({ lang }) returns a renderable React element 32ms

 Test Files  5 passed (5)
      Tests  17 passed (17)
   Start at  02:39:30
   Duration  991ms (transform 357ms, setup 279ms, collect 1.03s, tests 92ms, environment 1.66s, prepare 370ms)

JSON report written to /private/var/folders/zk/bxw8sv_15xx51q2mf6xhdb8c0000gn/T/xai-features-sol-grw2OS/.report-readers-features.json

---- stderr ----

---- runner summary ----
json_report=success=true numTotalTests=17 numPassedTests=17 numFailedTests=0 numPendingTests=0 numTodoTests=0
totals cases=17 passed=17 failed=0 skipped=0 precondition_failures=0 suite_errors=0 unhandled_error_lines=0
harness PASS JSON report parsed
harness PASS reported files equal the requested include
harness PASS config in effect (environment jsdom, globals true, setupFiles [packages/xai-web-settings-features-panel/vitest.setup.ts], root = archive)
harness PASS guard plugin active (archive modules recorded)
harness PASS required product modules loaded from the archive (5)
harness PASS no test-file suite error
case 001 PASSED | DisabledFeatureFallback AC-FB-1: renders module name + body copy + CTA hint
case 002 PASSED | DisabledFeatureFallback AC-FB-2: bilingual — ZH variant
case 003 PASSED | DisabledFeatureFallback AC-FB-3: unknown moduleId warns in DEV and falls back to generic copy
case 004 PASSED | featuresPane registry entry AC-REG-1: id === 'features'
case 005 PASSED | featuresPane registry entry AC-REG-2: i18nKey === 'settings.features'
case 006 PASSED | featuresPane registry entry AC-REG-3: render({ lang }) returns a renderable React element
case 007 PASSED | filterModulesByFeaturePrefs AC-FILTER-1: all prefs true → input is unchanged by value
case 008 PASSED | filterModulesByFeaturePrefs AC-FILTER-2: one pref false → that module is removed
case 009 PASSED | filterModulesByFeaturePrefs AC-FILTER-3: non-FeatureId modules always pass through
case 010 PASSED | filterModulesByFeaturePrefs AC-FILTER-4: pure — same inputs produce structurally equal output across calls
case 011 PASSED | useFeaturePrefs AC-PREFS-1: defaults are all true
case 012 PASSED | useFeaturePrefs AC-PREFS-2: setPref propagates to subscribers
case 013 PASSED | useFeaturePrefs AC-PREFS-3: localStorage round-trip
case 014 PASSED | withDisabledFallback AC-WRAP-1: when pref is true (default), original render is invoked
case 015 PASSED | withDisabledFallback AC-WRAP-2: when pref is false, every child path renders DisabledFeatureFallback
case 016 PASSED | withDisabledFallback AC-WRAP-3: top-level metadata is preserved 1:1
case 017 PASSED | withDisabledFallback AC-WRAP-4: wrapping twice is idempotent in behavior
pin_config {"root":"/private/var/folders/zk/bxw8sv_15xx51q2mf6xhdb8c0000gn/T/xai-features-sol-grw2OS","cacheDir":"/private/var/folders/zk/bxw8sv_15xx51q2mf6xhdb8c0000gn/T/xai-features-sol-grw2OS/.features-sol-vite-cache/vitest/da39a3ee5e6b4b0d3255bfef95601890afd80709","environment":"jsdom","globals":true,"setupFiles":["/private/var/folders/zk/bxw8sv_15xx51q2mf6xhdb8c0000gn/T/xai-features-sol-grw2OS/packages/xai-web-settings-features-panel/vitest.setup.ts"],"include":["packages/xai-web-settings-features-panel/src/__tests__/useFeaturePrefs.test.tsx","packages/xai-web-settings-features-panel/src/__tests__/withDisabledFallback.test.tsx","packages/xai-web-settings-features-panel/src/__tests__/filterModulesByFeaturePrefs.test.ts","packages/xai-web-settings-features-panel/src/__tests__/DisabledFeatureFallback.test.tsx","packages/xai-web-settings-features-panel/src/__tests__/featuresPaneEntry.test.tsx"]}
pin_unaliased_repo_imports=0
pin_required_provenance_missing=none
pin_required_provenance packages/xai-web-settings-features-panel/src/useFeaturePrefs.ts packages/xai-web-settings-features-panel/src/withDisabledFallback.tsx packages/xai-web-settings-features-panel/src/filterModulesByFeaturePrefs.ts packages/xai-web-settings-features-panel/src/DisabledFeatureFallback.tsx packages/xai-web-settings-features-panel/src/internal/featuresPane.tsx
pin_modules=73 by package: packages/plugin-web-settings-shell=14 packages/plugin-web-storage=23 packages/plugin-web-tokens=7 packages/xai-web-event-bus=4 packages/xai-web-settings-features-panel=16 packages/xai-web-shell=9
