requested_revision=5cd63ff
resolved_commit=5cd63ff652f02a2c726187fe12cbc796218d31c0
resolved_tree=404bf819a42e20b3e4d372c18a981832ccd54954
features_package_tree=3f25c84b5b582719d74fda8872db4e6e1db388f1
mode=reset
suffix=fixed1
include=docs/reviews/web-features-recovery-sol/reset.test.tsx
command=XAI_DEPS_ROOT=/Users/lijinlong/Desktop/Jinlong_Project/Coding_project/AI_Desktop/XAI_Desktop node docs/reviews/web-features-recovery-sol/verify-fixed.mjs 5cd63ff all fixed1
runner_checkout_head=c516fced2ec8c6fb6a8054c6e6858c315fa4b84c
vitest_bin=/Users/lijinlong/Desktop/Jinlong_Project/Coding_project/AI_Desktop/XAI_Desktop/packages/xai-web-settings-features-panel/node_modules/.bin/vitest
vitest_args=run --config /private/var/folders/zk/bxw8sv_15xx51q2mf6xhdb8c0000gn/T/xai-features-sol-GaswCs/features-sol-reset.vitest.config.mjs --reporter=verbose --reporter=json --outputFile.json=/private/var/folders/zk/bxw8sv_15xx51q2mf6xhdb8c0000gn/T/xai-features-sol-GaswCs/.report-reset.json
vitest_version=3.2.7 vite_version=7.3.6 jsdom_version=26.1.0 node=v24.16.0 platform=darwin-arm64 tz=America/Los_Angeles
dependency_root=/Users/lijinlong/Desktop/Jinlong_Project/Coding_project/AI_Desktop/XAI_Desktop
dependency_lockfile_sha256=df05f2ddfd7f2d04d526ec3cccf6559991686188a0e4bcbc48d2b0451c9aeab9
archive_lockfile_sha256=df05f2ddfd7f2d04d526ec3cccf6559991686188a0e4bcbc48d2b0451c9aeab9
extracted_lockfile_sha256=df05f2ddfd7f2d04d526ec3cccf6559991686188a0e4bcbc48d2b0451c9aeab9
oracle_sha256 fixture.tsx=f0b5d272695026f8e60df6dd2dbf5889790b3d2e834256259e86bb0432050ef8 bytes.test.tsx=904cb0de88eb5047365309df501ebbb8cb725a485963d23df022e7bbd26aba14 fields.test.tsx=506d54cbc39d0b69c53e7f45d4e3fa90ae77ae99f2ea68beb23d7540f08c0bc4 reset.test.tsx=dc4ee31e52a5800f30e7dbd924834e25f6f8a77dd5e88c8262443e1c322ac8e9 queues.test.tsx=d58160748187b7d7a7aeabfc620b694e7bc1e2714d37491aa99dbf8d8cb16f2b continuity-export.test.tsx=1e3066f963edc15ba161937d26cbee949cb2886f1c3122740fd4c7c143c5a55a downstream.test.tsx=88cf89c821b5f51abf2e4f373d1047304d51bb8817b33a1d7b8094516d38624d verify-fixed.mjs=b5ac75fa1bc5ff65352afb5b598dc7309fb7435aa9ca96518dfd1d7ffb2f2f16
archive_file_sha256 packages/xai-web-settings-features-panel/src/FeaturesPane.tsx=54a3f10c90fdc415a9c1bb89801fe4cdc1870022235752229e9180a2a683d701 packages/xai-web-settings-features-panel/src/internal/featuresPane.tsx=572bdd478954059f02dde83c8ec7383f992ca0f6f33f8b5e2c96ba85e7f935a7 packages/xai-web-settings-features-panel/src/types.ts=f97c4e6212d99723d9baeb1133866f05860db7b97ce274ba2be0b27128cd8406 packages/xai-web-settings-features-panel/src/styles.css=65fdf6f08b299c242bf79397a5e731fa0b605cc2f5a7476e2778a4caa350b5c3 packages/xai-web-settings-features-panel/src/index.ts=cf89e7454252927a457f48f9e4bcf9190219b94862d896240999626a1b097c68 packages/xai-web-settings-features-panel/src/__tests__/FeaturesPane.test.tsx=993f0d069b9dc23de53d910d5dda4967eca2e436596ec3fbc2b33fad16ed1d64 packages/xai-web-settings-features-panel/vitest.setup.ts=8f6aedf733a84b6244bde5e8be1421625cf2eccab78683488963f0e749a9057e packages/xai-web-settings-features-panel/vitest.config.ts=d12410da12f81e89d4aa07db2fc0856d3b58768e398809d3e31942052bc465c6 apps/web/src/App.tsx=5d10dba6a879cf0d42f224e58ef70637bd82b71dc1318ee99c4567977638fb59 packages/plugin-web-storage/src/AccountDataGate.tsx=7519485bb7bbec8765909ae1855391e0458ca6a2a18ef6f81fa0fcac472328b9 packages/plugin-web-storage/src/internal/prefMutation.ts=3f8840ac8e7e824ddc9aacb6839d19a0602244235dbfd542f686ca749125ec00 packages/plugin-web-storage/src/internal/usePrefAsync.ts=541fae97413104b8db90c20d7b565a5492f17fc74d79b3e975f954d7189a4491 packages/plugin-web-storage/src/internal/usePref.ts=e1f2c9131cb9a00a2dff3951f4c95b2a7ad68692d0bf409b0ef511df137fa188
oracle_dependency_links react->node_modules/.pnpm/react@19.2.0/node_modules/react@19.2.0 react-dom->node_modules/.pnpm/react-dom@19.2.0_react@19.2.0/node_modules/react-dom@19.2.0 @testing-library/react->node_modules/.pnpm/@testing-library+react@16.3.2_@testing-library+dom@10.4.1_@types+react-dom@19.2.2_@types+reac_e3xwhmuswug3dvrnpc5jogthwq/node_modules/@testing-library/react@16.3.2 react-router->node_modules/.pnpm/react-router@7.15.1_react-dom@19.2.0_react@19.2.0__react@19.2.0/node_modules/react-router@7.15.1
node_modules_links third_party=448 workspace=281
tsconfig_extends_unresolved=none (checked 46)
aliases=75 exact-match archive export specifiers
vitest_exit=0
harness_checks=PASS (6/6)
exit=0
---- stdout ----

 RUN  v3.2.7 /private/var/folders/zk/bxw8sv_15xx51q2mf6xhdb8c0000gn/T/xai-features-sol-GaswCs

 ✓ docs/reviews/web-features-recovery-sol/reset.test.tsx > H7 the en reset confirmation states the normative text, with no theme or layout claim 77ms
 ✓ docs/reviews/web-features-recovery-sol/reset.test.tsx > H7 the zh reset confirmation states the normative text, with no theme or layout claim 42ms
 ✓ docs/reviews/web-features-recovery-sol/reset.test.tsx > §6 D3 Reset to defaults is a Features-local control, not the shared SettingsFooter 35ms
 ✓ docs/reviews/web-features-recovery-sol/reset.test.tsx > H9 §6 an accepted reset reaches verified absence for all 8, never writes, and reports Defaults restored 82ms
 ✓ docs/reviews/web-features-recovery-sol/reset.test.tsx > D2 §10.5 Reset to defaults dispatches no StorageEvent of any kind 72ms
 ✓ docs/reviews/web-features-recovery-sol/reset.test.tsx > INV §6 §10.6 a full reset leaves every key other than the 8 byte-identical (snapshot comparison) 67ms
 ✓ docs/reviews/web-features-recovery-sol/reset.test.tsx > H6 (hook layer) mounted legacy usePref readers of accent hue, background tone, rail position, rail order and pet keep their stored values through Reset to defaults 66ms
 ✓ docs/reviews/web-features-recovery-sol/reset.test.tsx > §6 an already-absent reset completes through verified no-ops: zero removes, zero writes, Defaults restored 70ms
 ✓ docs/reviews/web-features-recovery-sol/reset.test.tsx > H5 'tasks' > H5 tasks: a refused removal keeps a reset draft that displays on with failure feedback, Retry, Discard, Export and guard; Retry removes only that key and never writes true 126ms
 ✓ docs/reviews/web-features-recovery-sol/reset.test.tsx > H5 'board' > H5 board: a refused removal keeps a reset draft that displays on with failure feedback, Retry, Discard, Export and guard; Retry removes only that key and never writes true 117ms
 ✓ docs/reviews/web-features-recovery-sol/reset.test.tsx > H5 'dashboard' > H5 dashboard: a refused removal keeps a reset draft that displays on with failure feedback, Retry, Discard, Export and guard; Retry removes only that key and never writes true 148ms
 ✓ docs/reviews/web-features-recovery-sol/reset.test.tsx > H5 'calendar' > H5 calendar: a refused removal keeps a reset draft that displays on with failure feedback, Retry, Discard, Export and guard; Retry removes only that key and never writes true 100ms
 ✓ docs/reviews/web-features-recovery-sol/reset.test.tsx > H5 'matrix' > H5 matrix: a refused removal keeps a reset draft that displays on with failure feedback, Retry, Discard, Export and guard; Retry removes only that key and never writes true 98ms
 ✓ docs/reviews/web-features-recovery-sol/reset.test.tsx > H5 'pomodoro' > H5 pomodoro: a refused removal keeps a reset draft that displays on with failure feedback, Retry, Discard, Export and guard; Retry removes only that key and never writes true 97ms
 ✓ docs/reviews/web-features-recovery-sol/reset.test.tsx > H5 'habits' > H5 habits: a refused removal keeps a reset draft that displays on with failure feedback, Retry, Discard, Export and guard; Retry removes only that key and never writes true 101ms
 ✓ docs/reviews/web-features-recovery-sol/reset.test.tsx > H5 'meditation' > H5 meditation: a refused removal keeps a reset draft that displays on with failure feedback, Retry, Discard, Export and guard; Retry removes only that key and never writes true 112ms
 ✓ docs/reviews/web-features-recovery-sol/reset.test.tsx > H5 (reader layer) with Calendar's removal refused, the real useFeaturePrefs rail input restores the other 7 and keeps Calendar off 68ms
 ✓ docs/reviews/web-features-recovery-sol/reset.test.tsx > §6 partial reset: only unresolved fields remain drafts, export entries and guard reasons; Retry targets only them 137ms
 ✓ docs/reviews/web-features-recovery-sol/reset.test.tsx > H3 §6 a duplicate Reset to defaults while the batch is pending enqueues no duplicate removes 91ms
 ✓ docs/reviews/web-features-recovery-sol/reset.test.tsx > §6 REL-07 an invalid source refuses the reset and keeps the reset intent; Reset never purges malformed bytes 122ms
 ✓ docs/reviews/web-features-recovery-sol/reset.test.tsx > §6 an unavailable source refuses the reset and keeps the reset intent; Discard returns to Reload-only 83ms
 ✓ docs/reviews/web-features-recovery-sol/reset.test.tsx > §6 a removal whose readback is denied stays a reset draft; Retry verifies absence with exactly one total remove 86ms
 ✓ docs/reviews/web-features-recovery-sol/reset.test.tsx > H3 §6 a conflict during a held reset preserves the external bytes and the reset draft; Retry never removes them 91ms
 ✓ docs/reviews/web-features-recovery-sol/reset.test.tsx > §6 an unrelated field still saves while another field's reset recovery is blocked 81ms
 ✓ docs/reviews/web-features-recovery-sol/reset.test.tsx > H9 §6 Defaults restored appears only when all 8 resets completed; a held reset reports it is being reset 60ms
 ✓ docs/reviews/web-features-recovery-sol/reset.test.tsx > INV §6 §7 Reset to defaults needs no active account: it removes all 8 while the account scope is locked 89ms
 ✓ docs/reviews/web-features-recovery-sol/reset.test.tsx > §5.7 one field's set fails while another field's reset succeeds; each settles independently 120ms
 ✓ docs/reviews/web-features-recovery-sol/reset.test.tsx > §5.7 one field's reset fails while another field's set succeeds; each settles independently 121ms
 ✓ docs/reviews/web-features-recovery-sol/reset.test.tsx > §6 repeating an unchanged failed reset keeps its refusal; it never rebases or writes 125ms
 ✓ docs/reviews/web-features-recovery-sol/reset.test.tsx > §6 a clean completed batch may later receive a fresh reset; an intervening edit is a new intent 119ms
 ✓ docs/reviews/web-features-recovery-sol/reset.test.tsx > §5 ZH reset wording: pending, not reset and Defaults restored 82ms

 Test Files  1 passed (1)
      Tests  31 passed (31)
   Start at  05:01:26
   Duration  3.72s (transform 262ms, setup 36ms, collect 403ms, tests 2.88s, environment 188ms, prepare 49ms)

JSON report written to /private/var/folders/zk/bxw8sv_15xx51q2mf6xhdb8c0000gn/T/xai-features-sol-GaswCs/.report-reset.json

---- stderr ----

---- runner summary ----
json_report=success=true numTotalTests=31 numPassedTests=31 numFailedTests=0 numPendingTests=0 numTodoTests=0
totals cases=31 passed=31 failed=0 skipped=0 precondition_failures=0 suite_errors=0 unhandled_error_lines=0
harness PASS JSON report parsed
harness PASS reported files equal the requested include
harness PASS config in effect (environment jsdom, globals true, setupFiles [packages/xai-web-settings-features-panel/vitest.setup.ts], root = archive)
harness PASS guard plugin active (archive modules recorded)
harness PASS required product modules loaded from the archive (7)
harness PASS no test-file suite error
case 001 PASSED | H7 the en reset confirmation states the normative text, with no theme or layout claim
case 002 PASSED | H7 the zh reset confirmation states the normative text, with no theme or layout claim
case 003 PASSED | §6 D3 Reset to defaults is a Features-local control, not the shared SettingsFooter
case 004 PASSED | H9 §6 an accepted reset reaches verified absence for all 8, never writes, and reports Defaults restored
case 005 PASSED | D2 §10.5 Reset to defaults dispatches no StorageEvent of any kind
case 006 PASSED | INV §6 §10.6 a full reset leaves every key other than the 8 byte-identical (snapshot comparison)
case 007 PASSED | H6 (hook layer) mounted legacy usePref readers of accent hue, background tone, rail position, rail order and pet keep their stored values through Reset to defaults
case 008 PASSED | §6 an already-absent reset completes through verified no-ops: zero removes, zero writes, Defaults restored
case 009 PASSED | H5 'tasks' H5 tasks: a refused removal keeps a reset draft that displays on with failure feedback, Retry, Discard, Export and guard; Retry removes only that key and never writes true
case 010 PASSED | H5 'board' H5 board: a refused removal keeps a reset draft that displays on with failure feedback, Retry, Discard, Export and guard; Retry removes only that key and never writes true
case 011 PASSED | H5 'dashboard' H5 dashboard: a refused removal keeps a reset draft that displays on with failure feedback, Retry, Discard, Export and guard; Retry removes only that key and never writes true
case 012 PASSED | H5 'calendar' H5 calendar: a refused removal keeps a reset draft that displays on with failure feedback, Retry, Discard, Export and guard; Retry removes only that key and never writes true
case 013 PASSED | H5 'matrix' H5 matrix: a refused removal keeps a reset draft that displays on with failure feedback, Retry, Discard, Export and guard; Retry removes only that key and never writes true
case 014 PASSED | H5 'pomodoro' H5 pomodoro: a refused removal keeps a reset draft that displays on with failure feedback, Retry, Discard, Export and guard; Retry removes only that key and never writes true
case 015 PASSED | H5 'habits' H5 habits: a refused removal keeps a reset draft that displays on with failure feedback, Retry, Discard, Export and guard; Retry removes only that key and never writes true
case 016 PASSED | H5 'meditation' H5 meditation: a refused removal keeps a reset draft that displays on with failure feedback, Retry, Discard, Export and guard; Retry removes only that key and never writes true
case 017 PASSED | H5 (reader layer) with Calendar's removal refused, the real useFeaturePrefs rail input restores the other 7 and keeps Calendar off
case 018 PASSED | §6 partial reset: only unresolved fields remain drafts, export entries and guard reasons; Retry targets only them
case 019 PASSED | H3 §6 a duplicate Reset to defaults while the batch is pending enqueues no duplicate removes
case 020 PASSED | §6 REL-07 an invalid source refuses the reset and keeps the reset intent; Reset never purges malformed bytes
case 021 PASSED | §6 an unavailable source refuses the reset and keeps the reset intent; Discard returns to Reload-only
case 022 PASSED | §6 a removal whose readback is denied stays a reset draft; Retry verifies absence with exactly one total remove
case 023 PASSED | H3 §6 a conflict during a held reset preserves the external bytes and the reset draft; Retry never removes them
case 024 PASSED | §6 an unrelated field still saves while another field's reset recovery is blocked
case 025 PASSED | H9 §6 Defaults restored appears only when all 8 resets completed; a held reset reports it is being reset
case 026 PASSED | INV §6 §7 Reset to defaults needs no active account: it removes all 8 while the account scope is locked
case 027 PASSED | §5.7 one field's set fails while another field's reset succeeds; each settles independently
case 028 PASSED | §5.7 one field's reset fails while another field's set succeeds; each settles independently
case 029 PASSED | §6 repeating an unchanged failed reset keeps its refusal; it never rebases or writes
case 030 PASSED | §6 a clean completed batch may later receive a fresh reset; an intervening edit is a new intent
case 031 PASSED | §5 ZH reset wording: pending, not reset and Defaults restored
pin_config {"root":"/private/var/folders/zk/bxw8sv_15xx51q2mf6xhdb8c0000gn/T/xai-features-sol-GaswCs","cacheDir":"/private/var/folders/zk/bxw8sv_15xx51q2mf6xhdb8c0000gn/T/xai-features-sol-GaswCs/.features-sol-vite-cache/vitest/da39a3ee5e6b4b0d3255bfef95601890afd80709","environment":"jsdom","globals":true,"setupFiles":["/private/var/folders/zk/bxw8sv_15xx51q2mf6xhdb8c0000gn/T/xai-features-sol-GaswCs/packages/xai-web-settings-features-panel/vitest.setup.ts"],"include":["docs/reviews/web-features-recovery-sol/reset.test.tsx"]}
pin_unaliased_repo_imports=0
pin_required_provenance_missing=none
pin_required_provenance packages/xai-web-settings-features-panel/src/FeaturesPane.tsx packages/xai-web-settings-features-panel/src/internal/featuresPane.tsx packages/plugin-web-storage/src/internal/usePref.ts packages/plugin-web-storage/src/internal/usePrefAsync.ts packages/plugin-web-storage/src/internal/prefMutation.ts packages/plugin-web-storage/src/internal/accountScope.ts packages/xai-web-settings-features-panel/src/useFeaturePrefs.ts
pin_modules=72 by package: docs/reviews=2 packages/plugin-web-settings-shell=14 packages/plugin-web-storage=23 packages/plugin-web-tokens=7 packages/xai-web-event-bus=4 packages/xai-web-settings-features-panel=13 packages/xai-web-shell=9
