▲ [WARNING] "import.meta" is not available with the "iife" output format and will be empty [empty-import-meta]

    packages/xai-web-tasks/src/TasksModule.tsx:82:17:
      82 │       if (typeof import.meta !== "undefined" && (import.meta as { ...
         ╵                  ~~~~~~~~~~~

  You need to set the output format to "esm" for "import.meta" to work correctly.

▲ [WARNING] "import.meta" is not available with the "iife" output format and will be empty [empty-import-meta]

    packages/plugin-web-tokens/src/i18n.ts:745:17:
      745 │       if (typeof import.meta !== "undefined" && (import.meta as {...
          ╵                  ~~~~~~~~~~~

  You need to set the output format to "esm" for "import.meta" to work correctly.

▲ [WARNING] "import.meta" is not available with the "iife" output format and will be empty [empty-import-meta]

    packages/plugin-web-tokens/src/i18n.ts:753:17:
      753 │       if (typeof import.meta !== "undefined" && (import.meta as {...
          ╵                  ~~~~~~~~~~~

  You need to set the output format to "esm" for "import.meta" to work correctly.

▲ [WARNING] "import.meta" is not available with the "iife" output format and will be empty [empty-import-meta]

    packages/plugin-web-tokens/src/i18n.ts:761:15:
      761 │     if (typeof import.meta !== "undefined" && (import.meta as { e...
          ╵                ~~~~~~~~~~~

  You need to set the output format to "esm" for "import.meta" to work correctly.

file:///Users/lijinlong/Desktop/Jinlong_Project/Coding_project/AI_Desktop/XAI_Desktop/docs/reviews/web-storage-write-results/verify-native-write-failure.mjs:27
 if(typeof result!=='string'||!result.startsWith('{')||!JSON.parse(result).pass)throw Error(String(result));
                                                                                      ^

Error: {"pass":false,"tasks":{"originalPreserved":true,"composerOpen":false,"draft":"","failureVisible":false},"bookkeeping":{"originalPreserved":true,"persistedBudget":100,"renderedBudget":200,"deviceView":"overview"},"otherAccountPreserved":true,"meaning":"pass=false is an unresolved business correctness failure, not an accepted characterization result"}
    at file:///Users/lijinlong/Desktop/Jinlong_Project/Coding_project/AI_Desktop/XAI_Desktop/docs/reviews/web-storage-write-results/verify-native-write-failure.mjs:27:87
    at process.processTicksAndRejections (node:internal/process/task_queues:104:5)

Node.js v24.16.0
