▲ [WARNING] "import.meta" is not available with the "iife" output format and will be empty [empty-import-meta]

    packages/xai-web-tasks/src/TasksModule.tsx:82:17:
      82 │       if (typeof import.meta !== "undefined" && (import.meta as { ...
         ╵                  ~~~~~~~~~~~

  You need to set the output format to "esm" for "import.meta" to work correctly.

▲ [WARNING] "import.meta" is not available with the "iife" output format and will be empty [empty-import-meta]

    packages/plugin-web-tokens/src/i18n.ts:745:17:
      745 │       if (typeof import.meta !== "undefined" && (import.meta as {...
          ╵                  ~~~~~~~~~~~

  You need to set the output format to "esm" for "import.meta" to work correctly.

▲ [WARNING] "import.meta" is not available with the "iife" output format and will be empty [empty-import-meta]

    packages/plugin-web-tokens/src/i18n.ts:753:17:
      753 │       if (typeof import.meta !== "undefined" && (import.meta as {...
          ╵                  ~~~~~~~~~~~

  You need to set the output format to "esm" for "import.meta" to work correctly.

▲ [WARNING] "import.meta" is not available with the "iife" output format and will be empty [empty-import-meta]

    packages/plugin-web-tokens/src/i18n.ts:761:15:
      761 │     if (typeof import.meta !== "undefined" && (import.meta as { e...
          ╵                ~~~~~~~~~~~

  You need to set the output format to "esm" for "import.meta" to work correctly.

▲ [WARNING] "import.meta" is not available with the "iife" output format and will be empty [empty-import-meta]

    packages/xai-web-shell/src/AppRail.tsx:51:13:
      51 │       typeof import.meta !== "undefined" &&
         ╵              ~~~~~~~~~~~

  You need to set the output format to "esm" for "import.meta" to work correctly.

▲ [WARNING] "import.meta" is not available with the "iife" output format and will be empty [empty-import-meta]

    packages/xai-web-shell/src/AvatarMenu.tsx:132:25:
      132 │                   typeof import.meta !== "undefined" &&
          ╵                          ~~~~~~~~~~~

  You need to set the output format to "esm" for "import.meta" to work correctly.

▲ [WARNING] "import.meta" is not available with the "iife" output format and will be empty [empty-import-meta]

    packages/plugin-web-countdown/src/internal/validate.ts:31:11:
      31 │     typeof import.meta !== "undefined" &&
         ╵            ~~~~~~~~~~~

  You need to set the output format to "esm" for "import.meta" to work correctly.

▲ [WARNING] "import.meta" is not available with the "iife" output format and will be empty [empty-import-meta]

    packages/plugin-web-settings-shell/src/SettingsFooter.tsx:45:15:
      45 │         typeof import.meta !== "undefined" &&
         ╵                ~~~~~~~~~~~

  You need to set the output format to "esm" for "import.meta" to work correctly.

▲ [WARNING] "import.meta" is not available with the "iife" output format and will be empty [empty-import-meta]

    packages/plugin-web-settings-shell/src/internal/resetAllPrefs.ts:39:15:
      39 │         typeof import.meta !== "undefined" &&
         ╵                ~~~~~~~~~~~

  You need to set the output format to "esm" for "import.meta" to work correctly.

▲ [WARNING] "import.meta" is not available with the "iife" output format and will be empty [empty-import-meta]

    packages/xai-web-dashboard-grid/src/DashboardGrid.tsx:53:21:
      53 │         const meta = import.meta as ImportMeta & { env?: { DEV?: b...
         ╵                      ~~~~~~~~~~~

  You need to set the output format to "esm" for "import.meta" to work correctly.

▲ [WARNING] "import.meta" is not available with the "iife" output format and will be empty [empty-import-meta]

    packages/plugin-web-countdown/src/CountdownCardView.tsx:33:11:
      33 │     typeof import.meta !== "undefined" &&
         ╵            ~~~~~~~~~~~

  You need to set the output format to "esm" for "import.meta" to work correctly.

▲ [WARNING] "import.meta" is not available with the "iife" output format and will be empty [empty-import-meta]

    packages/xai-web-settings-appearance/src/AppearancePane.tsx:98:17:
      98 │       if (typeof import.meta !== "undefined" && (import.meta as { ...
         ╵                  ~~~~~~~~~~~

  You need to set the output format to "esm" for "import.meta" to work correctly.

▲ [WARNING] "import.meta" is not available with the "iife" output format and will be empty [empty-import-meta]

    packages/xai-web-settings-appearance/src/AppearancePane.tsx:132:17:
      132 │       if (typeof import.meta !== "undefined" && (import.meta as {...
          ╵                  ~~~~~~~~~~~

  You need to set the output format to "esm" for "import.meta" to work correctly.

▲ [WARNING] "import.meta" is not available with the "iife" output format and will be empty [empty-import-meta]

    packages/xai-web-settings-appearance/src/AppearancePane.tsx:179:19:
      179 │         if (typeof import.meta !== "undefined" && (import.meta as...
          ╵                    ~~~~~~~~~~~

  You need to set the output format to "esm" for "import.meta" to work correctly.

{"pass":true,"checks":["all host module owner validators survive production bundling","complex category import and original raw/ciphertext preservation","failed final marker publication keeps staged content and secrets invisible","rollback restores previous generation and revokes old handles","A/B isolation and pending cryptography revocation","demo has independent content and BYOK generation","captured A export/deletion while B current preserves B and quarantine","JSON deletion tombstone and real-IDB failure retry preserve B and durable receipt"]}
