revision=c604951 fixed_commit=c604951acda9adb48c51e00dba6255757b1f2afc
exit=1

 RUN  v3.2.7 /var/folders/zk/bxw8sv_15xx51q2mf6xhdb8c0000gn/T/xai-detail-review-JKssQ0

 ❯ docs/reviews/web-collaborate-recovery-astra-final/additional.test.tsx (5 tests | 2 failed) 148ms
   × does not show aggregate Saved while the avatars source remains invalid after a sibling save 68ms
     → expected 'Saved' not to match /^Saved$/i
   × does not show aggregate Saved while the avatars source remains unavailable after a sibling save 18ms
     → expected 'Saved' not to match /^Saved$/i
   ✓ keeps Saved feedback for fully healthy successful fields 17ms
   ✓ can show Saved again after read-only source repair without rewriting successful siblings 16ms
   ✓ clears failed export feedback on a new valid edit while preserving current draft and exact retry value 27ms

 Test Files  1 failed (1)
      Tests  2 failed | 3 passed (5)
   Start at  23:33:48
   Duration  1.48s (transform 338ms, setup 0ms, collect 570ms, tests 148ms, environment 414ms, prepare 71ms)



⎯⎯⎯⎯⎯⎯⎯ Failed Tests 2 ⎯⎯⎯⎯⎯⎯⎯

 FAIL  docs/reviews/web-collaborate-recovery-astra-final/additional.test.tsx > does not show aggregate Saved while the avatars source remains invalid after a sibling save
 FAIL  docs/reviews/web-collaborate-recovery-astra-final/additional.test.tsx > does not show aggregate Saved while the avatars source remains unavailable after a sibling save
AssertionError: expected 'Saved' not to match /^Saved$/i

- Expected: 
/^Saved$/i

+ Received: 
"Saved"

 ❯ docs/reviews/web-collaborate-recovery-astra-final/additional.test.tsx:26:63

⎯⎯⎯⎯⎯⎯⎯⎯⎯⎯⎯⎯⎯⎯⎯⎯⎯⎯⎯⎯⎯⎯⎯⎯[1/2]⎯
