revision=1053463
exit=0

 RUN  v3.2.7 /var/folders/zk/bxw8sv_15xx51q2mf6xhdb8c0000gn/T/xai-astra-board-vEemxh

 ✓ docs/reviews/web-board-workspace-save-fix/save-contract.test.tsx (10 tests) 520ms

 Test Files  1 passed (1)
      Tests  10 passed (10)
   Start at  14:53:30
   Duration  2.76s (transform 908ms, setup 575ms, collect 991ms, tests 520ms, environment 316ms, prepare 96ms)


stderr | docs/reviews/web-board-workspace-save-fix/save-contract.test.tsx > create rejected write remains visibly recoverable
[plugin-web-storage] quota exceeded for xai_board_workspaces.

stderr | docs/reviews/web-board-workspace-save-fix/save-contract.test.tsx > rename rejected write remains visibly recoverable
[plugin-web-storage] quota exceeded for xai_board_workspaces.

stderr | docs/reviews/web-board-workspace-save-fix/save-contract.test.tsx > recolor rejected write remains visibly recoverable
[plugin-web-storage] quota exceeded for xai_board_workspaces.

stderr | docs/reviews/web-board-workspace-save-fix/save-contract.test.tsx > delete rejected write remains visibly recoverable
[plugin-web-storage] quota exceeded for xai_board_workspaces.

stderr | docs/reviews/web-board-workspace-save-fix/save-contract.test.tsx > pick rejected write remains visibly recoverable
[plugin-web-storage] quota exceeded for xai_active_board.

stderr | docs/reviews/web-board-workspace-save-fix/save-contract.test.tsx > workspace create keeps its stable id, exports the latest name, and retries once
[plugin-web-storage] quota exceeded for xai_board_workspaces.
[plugin-web-storage] quota exceeded for xai_board_workspaces.

stderr | docs/reviews/web-board-workspace-save-fix/save-contract.test.tsx > normal board pick persists from an absent active id, and failed pick retries without leaving the switcher
[plugin-web-storage] quota exceeded for xai_active_board.

stderr | docs/reviews/web-board-workspace-save-fix/save-contract.test.tsx > external replacement or deletion wins, then discard leaves the current rendered data operable
[plugin-web-storage] quota exceeded for xai_board_workspaces.

stderr | docs/reviews/web-board-workspace-save-fix/save-contract.test.tsx > a pending A workspace draft cannot retry or export into account B
[plugin-web-storage] quota exceeded for xai_board_workspaces.
