revision=f764731
exit=1

 RUN  v3.2.7 /var/folders/zk/bxw8sv_15xx51q2mf6xhdb8c0000gn/T/xai-astra-d1-1el80m

stdout | docs/reviews/web-board-workspace-astra-review/d1-repair-boundaries.test.tsx > old pending delete completion must not close a newly opened editor
old-delete-new-editor {"editorOpen":false,"latestDraft":"New editor after delete","oldEventDeleted":true}

 ❯ docs/reviews/web-board-workspace-astra-review/d1-repair-boundaries.test.tsx (4 tests | 2 failed) 330ms
   × old pending delete completion must not close a newly opened editor 323ms
     → expected false to be true // Object.is equality
   × closed activation still refuses reset of an existing protected envelope without claiming a local reset 3ms
     → expected {} to deeply equal { e1: { id: 'e1', …(7) } }
     → expected true to be false // Object.is equality
   ✓ shared calendar guard keeps valid low-year leap-day writes usable 2ms
   ✓ target baseline allows a receipt-only revision change while preserving latest metadata 1ms

 Test Files  1 failed (1)
      Tests  2 failed | 2 passed (4)
   Start at  16:20:56
   Duration  1.62s (transform 341ms, setup 239ms, collect 336ms, tests 330ms, environment 369ms, prepare 116ms)


stderr | docs/reviews/web-board-workspace-astra-review/d1-repair-boundaries.test.tsx > old pending delete completion must not close a newly opened editor
[plugin-web-storage] refusing legacy write over protected canonical xai_calendar_events.

stderr | docs/reviews/web-board-workspace-astra-review/d1-repair-boundaries.test.tsx > closed activation still refuses reset of an existing protected envelope without claiming a local reset
[plugin-web-storage] refusing legacy removal of protected canonical xai_calendar_events.

stderr | docs/reviews/web-board-workspace-astra-review/d1-repair-boundaries.test.tsx > shared calendar guard keeps valid low-year leap-day writes usable
[plugin-web-storage] refusing legacy write over protected canonical xai_calendar_events.

stderr | docs/reviews/web-board-workspace-astra-review/d1-repair-boundaries.test.tsx > target baseline allows a receipt-only revision change while preserving latest metadata
[plugin-web-storage] refusing legacy write over protected canonical xai_calendar_events.


⎯⎯⎯⎯⎯⎯⎯ Failed Tests 2 ⎯⎯⎯⎯⎯⎯⎯

 FAIL  docs/reviews/web-board-workspace-astra-review/d1-repair-boundaries.test.tsx > old pending delete completion must not close a newly opened editor
AssertionError: expected false to be true // Object.is equality

- Expected
+ Received

- true
+ false

 ❯ docs/reviews/web-board-workspace-astra-review/d1-repair-boundaries.test.tsx:24:83

⎯⎯⎯⎯⎯⎯⎯⎯⎯⎯⎯⎯⎯⎯⎯⎯⎯⎯⎯⎯⎯⎯⎯⎯[1/3]⎯

 FAIL  docs/reviews/web-board-workspace-astra-review/d1-repair-boundaries.test.tsx > closed activation still refuses reset of an existing protected envelope without claiming a local reset
AssertionError: expected {} to deeply equal { e1: { id: 'e1', …(7) } }

- Expected
+ Received

- {
-   "e1": {
-     "colorPreset": "mint",
-     "createdAt": "2026-05-22T00:00:00.000Z",
-     "endISO": "2026-05-22T10:00",
-     "id": "e1",
-     "recurrence": null,
-     "startISO": "2026-05-22T09:00",
-     "title": "Old event",
-     "updatedAt": "2026-05-22T00:00:00.000Z",
-   },
- }
+ {}

 ❯ docs/reviews/web-board-workspace-astra-review/d1-repair-boundaries.test.tsx:29:79

⎯⎯⎯⎯⎯⎯⎯⎯⎯⎯⎯⎯⎯⎯⎯⎯⎯⎯⎯⎯⎯⎯⎯⎯[2/3]⎯

 FAIL  docs/reviews/web-board-workspace-astra-review/d1-repair-boundaries.test.tsx > closed activation still refuses reset of an existing protected envelope without claiming a local reset
AssertionError: expected true to be false // Object.is equality

- Expected
+ Received

- false
+ true

 ❯ docs/reviews/web-board-workspace-astra-review/d1-repair-boundaries.test.tsx:29:129

⎯⎯⎯⎯⎯⎯⎯⎯⎯⎯⎯⎯⎯⎯⎯⎯⎯⎯⎯⎯⎯⎯⎯⎯[3/3]⎯
