revision=496039f
exit=1

 RUN  v3.2.7 /var/folders/zk/bxw8sv_15xx51q2mf6xhdb8c0000gn/T/xai-astra-d1-tt63pf

 ❯ docs/reviews/web-board-workspace-astra-review/d1-shared-writer.test.tsx (8 tests | 1 failed) 34ms
   ✓ ordinary human edit retains AI receipt and true replay preserves the later edit 3ms
   ✓ ordinary clear retains all receipts at capacity and a no-op skips writing 7ms
   ✓ stale revision after queueing refuses before mutation and preserves external bytes 0ms
   ✓ two same-tab hooks see domain data after commit even when an earlier observer throws 14ms
   ✓ ordinary initializer never repairs present null 0ms
   ✓ ordinary initializer never repairs present [] 0ms
   ✓ ordinary initializer never repairs present {bad 0ms
   × legacy usePref reset does not claim the canonical dataset cleared when removal was refused 8ms
     → expected {} to deeply equal { items: [ 'human' ] }
     → expected true to be false // Object.is equality

 Test Files  1 failed (1)
      Tests  1 failed | 7 passed (8)
   Start at  16:13:46
   Duration  711ms (transform 142ms, setup 0ms, collect 252ms, tests 34ms, environment 217ms, prepare 60ms)


stderr | docs/reviews/web-board-workspace-astra-review/d1-shared-writer.test.tsx > legacy usePref reset does not claim the canonical dataset cleared when removal was refused
[plugin-web-storage] refusing legacy removal of protected canonical xai_calendar_events.


⎯⎯⎯⎯⎯⎯⎯ Failed Tests 1 ⎯⎯⎯⎯⎯⎯⎯

 FAIL  docs/reviews/web-board-workspace-astra-review/d1-shared-writer.test.tsx > legacy usePref reset does not claim the canonical dataset cleared when removal was refused
AssertionError: expected {} to deeply equal { items: [ 'human' ] }

- Expected
+ Received

- {
-   "items": [
-     "human",
-   ],
- }
+ {}

 ❯ docs/reviews/web-board-workspace-astra-review/d1-shared-writer.test.tsx:31:125

⎯⎯⎯⎯⎯⎯⎯⎯⎯⎯⎯⎯⎯⎯⎯⎯⎯⎯⎯⎯⎯⎯⎯⎯[1/2]⎯

 FAIL  docs/reviews/web-board-workspace-astra-review/d1-shared-writer.test.tsx > legacy usePref reset does not claim the canonical dataset cleared when removal was refused
AssertionError: expected true to be false // Object.is equality

- Expected
+ Received

- false
+ true

 ❯ docs/reviews/web-board-workspace-astra-review/d1-shared-writer.test.tsx:31:188

⎯⎯⎯⎯⎯⎯⎯⎯⎯⎯⎯⎯⎯⎯⎯⎯⎯⎯⎯⎯⎯⎯⎯⎯[2/2]⎯
