revision=170c526
exit=1

 RUN  v3.2.7 /var/folders/zk/bxw8sv_15xx51q2mf6xhdb8c0000gn/T/xai-astra-tasks-d1-cvsbbO

stdout | docs/reviews/web-board-workspace-astra-review/d1-tasks-repair-continuation.test.tsx > Complete then title edit in the same detail session must retain the successful completion
complete-then-edit {"done":false,"originalCompletedAt":"2026-09-09T19:00:00.000Z"}

 ❯ docs/reviews/web-board-workspace-astra-review/d1-tasks-repair-continuation.test.tsx (5 tests | 1 failed) 1001ms
   ✓ same detail session advances baseline through three sequential edits and a successful deletion  396ms
   × Complete then title edit in the same detail session must retain the successful completion 153ms
     → expected false to be true // Object.is equality
     → expected false to be true // Object.is equality
     → expected undefined to be '2026-09-09T19:00:00.000Z' // Object.is equality
   ✓ receipt-only canonical change while editing remains admissible and preserves all receipts 120ms
   ✓ close and reopen same ID while old save is pending keeps new operation and draft ownership 139ms
   ✓ failed detail draft export and retry remain owned by A after switching to B 192ms

 Test Files  1 failed (1)
      Tests  1 failed | 4 passed (5)
   Start at  17:25:33
   Duration  1.98s (transform 213ms, setup 0ms, collect 376ms, tests 1.00s, environment 332ms, prepare 80ms)



⎯⎯⎯⎯⎯⎯⎯ Failed Tests 1 ⎯⎯⎯⎯⎯⎯⎯

 FAIL  docs/reviews/web-board-workspace-astra-review/d1-tasks-repair-continuation.test.tsx > Complete then title edit in the same detail session must retain the successful completion
AssertionError: expected false to be true // Object.is equality

- Expected
+ Received

- true
+ false

 ❯ docs/reviews/web-board-workspace-astra-review/d1-tasks-repair-continuation.test.tsx:18:435

⎯⎯⎯⎯⎯⎯⎯⎯⎯⎯⎯⎯⎯⎯⎯⎯⎯⎯⎯⎯⎯⎯⎯⎯[1/3]⎯

 FAIL  docs/reviews/web-board-workspace-astra-review/d1-tasks-repair-continuation.test.tsx > Complete then title edit in the same detail session must retain the successful completion
AssertionError: expected false to be true // Object.is equality

- Expected
+ Received

- true
+ false

 ❯ docs/reviews/web-board-workspace-astra-review/d1-tasks-repair-continuation.test.tsx:18:720

⎯⎯⎯⎯⎯⎯⎯⎯⎯⎯⎯⎯⎯⎯⎯⎯⎯⎯⎯⎯⎯⎯⎯⎯[2/3]⎯

 FAIL  docs/reviews/web-board-workspace-astra-review/d1-tasks-repair-continuation.test.tsx > Complete then title edit in the same detail session must retain the successful completion
AssertionError: expected undefined to be '2026-09-09T19:00:00.000Z' // Object.is equality

- Expected: 
"2026-09-09T19:00:00.000Z"

+ Received: 
undefined

 ❯ docs/reviews/web-board-workspace-astra-review/d1-tasks-repair-continuation.test.tsx:18:757

⎯⎯⎯⎯⎯⎯⎯⎯⎯⎯⎯⎯⎯⎯⎯⎯⎯⎯⎯⎯⎯⎯⎯⎯[3/3]⎯
