revision=6bed035
test-fixture=review-owned only; package run unmodified
exit=1

 RUN  v3.2.7 /var/folders/zk/bxw8sv_15xx51q2mf6xhdb8c0000gn/T/xai-astra-tasks-d1-rOH7n9

stdout | docs/reviews/web-board-workspace-astra-review/d2-settings-entry-snapshot.test.ts > queued recovery keeps the entry receipt authority; same-identity raw replacement=false
entry-snapshot {"replace":false,"outcome":{"status":"fulfilled","value":{"version":2,"kind":"account","accountId":"snapshot-A","generation":"g1","authGeneration":"auth-A","phase":"complete","updatedAt":"2026-09-10T01:31:40.583Z"}},"receipt":"{\"version\":2,\"kind\":\"account\",\"accountId\":\"snapshot-A\",\"generation\":\"g1\",\"authGeneration\":\"auth-A\",\"phase\":\"complete\",\"updatedAt\":\"2026-09-10T01:31:40.583Z\"}","record":null,"secret":1,"auth":1}

stdout | docs/reviews/web-board-workspace-astra-review/d2-settings-entry-snapshot.test.ts > queued recovery keeps the entry receipt authority; same-identity raw replacement=true
entry-snapshot {"replace":true,"outcome":{"status":"rejected","reason":{}},"receipt":"{\"version\":2,\"kind\":\"account\",\"accountId\":\"snapshot-A\",\"generation\":\"g1\",\"authGeneration\":\"auth-A\",\"phase\":\"pending\",\"updatedAt\":\"2026-09-10T00:00:00.000Z\"}","record":"retained account bytes","secret":0,"auth":0}

stdout | docs/reviews/web-board-workspace-astra-review/d2-settings-entry-snapshot.test.ts > new raw identity while an old same-page recovery is active gets its own authorized outcome
active-new-raw {"sharesOldPromise":true,"outcomes":[{"status":"rejected","reason":{}},{"status":"rejected","reason":{}}],"oldAuth":0,"newAuth":0,"receipt":"{\"version\":2,\"kind\":\"account\",\"accountId\":\"snapshot-A\",\"generation\":\"g1\",\"authGeneration\":\"auth-A\",\"phase\":\"pending\",\"updatedAt\":\"2026-09-10T00:00:00.000Z\"}"}

 ❯ docs/reviews/web-board-workspace-astra-review/d2-settings-entry-snapshot.test.ts (3 tests | 1 failed) 63ms
   ✓ queued recovery keeps the entry receipt authority; same-identity raw replacement=false 3ms
   ✓ queued recovery keeps the entry receipt authority; same-identity raw replacement=true 1ms
   × new raw identity while an old same-page recovery is active gets its own authorized outcome 59ms
     → expected true to be false // Object.is equality
     → expected 'rejected' to be 'fulfilled' // Object.is equality
     → expected "spy" to be called 1 times, but got 0 times

 Test Files  1 failed (1)
      Tests  1 failed | 2 passed (3)
   Start at  18:31:39
   Duration  869ms (transform 132ms, setup 0ms, collect 158ms, tests 63ms, environment 346ms, prepare 98ms)



⎯⎯⎯⎯⎯⎯⎯ Failed Tests 1 ⎯⎯⎯⎯⎯⎯⎯

 FAIL  docs/reviews/web-board-workspace-astra-review/d2-settings-entry-snapshot.test.ts > new raw identity while an old same-page recovery is active gets its own authorized outcome
AssertionError: expected true to be false // Object.is equality

- Expected
+ Received

- false
+ true

 ❯ docs/reviews/web-board-workspace-astra-review/d2-settings-entry-snapshot.test.ts:35:32

⎯⎯⎯⎯⎯⎯⎯⎯⎯⎯⎯⎯⎯⎯⎯⎯⎯⎯⎯⎯⎯⎯⎯⎯[1/3]⎯

 FAIL  docs/reviews/web-board-workspace-astra-review/d2-settings-entry-snapshot.test.ts > new raw identity while an old same-page recovery is active gets its own authorized outcome
AssertionError: expected 'rejected' to be 'fulfilled' // Object.is equality

Expected: "fulfilled"
Received: "rejected"

 ❯ docs/reviews/web-board-workspace-astra-review/d2-settings-entry-snapshot.test.ts:35:120

⎯⎯⎯⎯⎯⎯⎯⎯⎯⎯⎯⎯⎯⎯⎯⎯⎯⎯⎯⎯⎯⎯⎯⎯[2/3]⎯

 FAIL  docs/reviews/web-board-workspace-astra-review/d2-settings-entry-snapshot.test.ts > new raw identity while an old same-page recovery is active gets its own authorized outcome
AssertionError: expected "spy" to be called 1 times, but got 0 times
 ❯ docs/reviews/web-board-workspace-astra-review/d2-settings-entry-snapshot.test.ts:35:193

⎯⎯⎯⎯⎯⎯⎯⎯⎯⎯⎯⎯⎯⎯⎯⎯⎯⎯⎯⎯⎯⎯⎯⎯[3/3]⎯
