revision=5adf530
test-fixture=review-owned only; package run unmodified
exit=1

 RUN  v3.2.7 /var/folders/zk/bxw8sv_15xx51q2mf6xhdb8c0000gn/T/xai-astra-tasks-d1-dLRbJq

stdout | docs/reviews/web-board-workspace-astra-review/d2-settings-slice.test.ts > local account deletion removes prior and candidate records before declaring local-data-cleared
all-account-cleanup {"result":{"ok":true,"receipt":{"version":2,"accountId":"slice-A","kind":"account","generation":"g1","phase":"local-data-cleared","updatedAt":"2026-09-10T01:21:42.761Z","authGeneration":"auth-A"},"raw":"{\"version\":2,\"accountId\":\"slice-A\",\"kind\":\"account\",\"generation\":\"g1\",\"phase\":\"local-data-cleared\",\"updatedAt\":\"2026-09-10T01:21:42.761Z\",\"authGeneration\":\"auth-A\"}"},"remaining":[]}

stdout | docs/reviews/web-board-workspace-astra-review/d2-settings-slice.test.ts > complete transition refuses a pending receipt whose local data has not been cleared
premature-complete {"result":{"ok":false,"reason":"recovery-required"},"remaining":"not cleared"}

stdout | docs/reviews/web-board-workspace-astra-review/d2-settings-slice.test.ts > same-page in-flight recovery cannot return success for a different requested auth identity
samepage-identity [{"status":"fulfilled","value":{"version":2,"accountId":"slice-A","kind":"account","generation":"g1","phase":"complete","updatedAt":"2026-09-10T01:21:42.823Z","authGeneration":"auth-A"}},{"status":"fulfilled","value":{"version":2,"accountId":"slice-A","kind":"account","generation":"g1","phase":"complete","updatedAt":"2026-09-10T01:21:42.823Z","authGeneration":"auth-A"}}]

stdout | docs/reviews/web-board-workspace-astra-review/d2-settings-slice.test.ts > independent Settings module instances serialize recovery participants across their shared origin locks
independent-coordinators {"concurrent":1,"authCalls":1,"settled":[{"status":"fulfilled","value":{"version":2,"accountId":"slice-A","kind":"account","generation":"g1","phase":"complete","updatedAt":"2026-09-10T01:21:42.918Z","authGeneration":"auth-A"}},{"status":"fulfilled","value":{"version":2,"accountId":"slice-A","kind":"account","generation":"g1","phase":"complete","updatedAt":"2026-09-10T01:21:42.918Z","authGeneration":"auth-A"}}]}

stdout | docs/reviews/web-board-workspace-astra-review/d2-settings-slice.test.ts > current-owner delete cannot override a newer complete marker with an old valid structured receipt
structured-receipt-marker {"outcome":{"ok":false,"reason":"recovery-required"},"bytes":"newer generation"}

 ❯ docs/reviews/web-board-workspace-astra-review/d2-settings-slice.test.ts (7 tests | 1 failed) 161ms
   ✓ strict shared receipt decoder rejects truthy non-string auth generations 1ms
   ✓ local account deletion removes prior and candidate records before declaring local-data-cleared 1ms
   ✓ complete transition refuses a pending receipt whose local data has not been cleared 0ms
   × same-page in-flight recovery cannot return success for a different requested auth identity 65ms
     → expected 'fulfilled' to be 'rejected' // Object.is equality
   ✓ independent Settings module instances serialize recovery participants across their shared origin locks 91ms
   ✓ replacement after local cleanup but before its await resumes prevents the next secret participant 1ms
   ✓ current-owner delete cannot override a newer complete marker with an old valid structured receipt 0ms

 Test Files  1 failed (1)
      Tests  1 failed | 6 passed (7)
   Start at  18:21:41
   Duration  972ms (transform 196ms, setup 0ms, collect 315ms, tests 161ms, environment 233ms, prepare 66ms)



⎯⎯⎯⎯⎯⎯⎯ Failed Tests 1 ⎯⎯⎯⎯⎯⎯⎯

 FAIL  docs/reviews/web-board-workspace-astra-review/d2-settings-slice.test.ts > same-page in-flight recovery cannot return success for a different requested auth identity
AssertionError: expected 'fulfilled' to be 'rejected' // Object.is equality

Expected: "rejected"
Received: "fulfilled"

 ❯ docs/reviews/web-board-workspace-astra-review/d2-settings-slice.test.ts:36:129

⎯⎯⎯⎯⎯⎯⎯⎯⎯⎯⎯⎯⎯⎯⎯⎯⎯⎯⎯⎯⎯⎯⎯⎯[1/1]⎯
