revision=2962b49 fixed_commit=2962b49bd63fa351a2c17b406456ea1b987eca8f
exit=1

 RUN  v3.2.7 /var/folders/zk/bxw8sv_15xx51q2mf6xhdb8c0000gn/T/xai-header-sol-WQ9uHx

 ❯ docs/reviews/web-dashboard-header-departure-sol/operations.test.tsx (5 tests | 5 failed) 343ms
   × pending Retry cannot attribute predecessor success to a newer queued failure 127ms
     → expected undefined to be true // Object.is equality
   × equal-value predecessor success cannot clear a newer equal-value failed intent 78ms
     → Unable to find an accessible element with the role "textbox"

Here are the accessible roles:

  banner:

  Name "":
  [36m<header[39m
    [33mclass[39m=[32m"dash-head"[39m
  [36m/>[39m

  --------------------------------------------------
  heading:

  Name "Good morning, Hello.":
  [36m<h1[39m
    [33mclass[39m=[32m"dash-greeting"[39m
  [36m/>[39m

  --------------------------------------------------
  button:

  Name "Edit dashboard note":
  [36m<button[39m
    [33maria-label[39m=[32m"Edit dashboard note"[39m
    [33mclass[39m=[32m"dash-note__display"[39m
    [33mtype[39m=[32m"button"[39m
  [36m/>[39m

  Name "Clear dashboard note":
  [36m<button[39m
    [33maria-label[39m=[32m"Clear dashboard note"[39m
    [33mclass[39m=[32m"dash-note__clear"[39m
    [33mtype[39m=[32m"button"[39m
  [36m/>[39m

  Name "Add a new dashboard widget":
  [36m<button[39m
    [33maria-label[39m=[32m"Add a new dashboard widget"[39m
    [33mclass[39m=[32m"btn ghost dash-add"[39m
    [33mtype[39m=[32m"button"[39m
  [36m/>[39m

  --------------------------------------------------

Ignored nodes: comments, script, style
[36m<body>[39m
  [36m<div>[39m
    [36m<header[39m
      [33mclass[39m=[32m"dash-head"[39m
    [36m>[39m
      [36m<div[39m
        [33mclass[39m=[32m"dash-head__intro"[39m
      [36m>[39m
        [36m<h1[39m
          [33mclass[39m=[32m"dash-greeting"[39m
        [36m>[39m
          [0mGood morning[0m
          [0m, [0m
          [0mHello[0m
          [0m.[0m
        [36m</h1>[39m
        [36m<div[39m
          [33mclass[39m=[32m"dash-date"[39m
        [36m>[39m
          [0mThursday, September 10[0m
        [36m</div>[39m
      [36m</div>[39m
      [36m<div[39m
        [33mclass[39m=[32m"dash-note-lane"[39m
      [36m>[39m
        [36m<div[39m
          [33mclass[39m=[32m"dash-note has-note"[39m
          [33mstyle[39m=[32m"--dash-note-x: 0px;"[39m
        [36m>[39m
          [36m<button[39m
            [33maria-label[39m=[32m"Edit dashboard note"[39m
            [33mclass[39m=[32m"dash-note__display"[39m
            [33mtype[39m=[32m"button"[39m
          [36m>[39m
            [36m<span[39m
              [33mclass[39m=[32m"dash-note__text"[39m
            [36m>[39m
              [0mSame value[0m
            [36m</span>[39m
            [36m<svg[39m
              [33maria-hidden[39m=[32m"true"[39m
              [33mfill[39m=[32m"none"[39m
              [33mheight[39m=[32m"13"[39m
              [33mstroke[39m=[32m"currentColor"[39m
              [33mstroke-linecap[39m=[32m"round"[39m
              [33mstroke-linejoin[39m=[32m"round"[39m
              [33mstroke-width[39m=[32m"2"[39m
              [33mviewBox[39m=[32m"0 0 24 24"[39m
              [33mwidth[39m=[32m"13"[39m
            [36m>[39m
              [36m<path[39m
                [33md[39m=[32m"M12 20h9"[39m
              [36m/>[39m
              [36m<path[39m
                [33md[39m=[32m"M16.5 3.5a2.1 2.1 0 0 1 3 3L7 19l-4 1 1-4z"[39m
              [36m/>[39m
            [36m</svg>[39m
          [36m</button>[39m
          [36m<button[39m
            [33maria-label[39m=[32m"Clear dashboard note"[39m
            [33mclass[39m=[32m"dash-note__clear"[39m
            [33mtype[39m=[32m"button"[39m
          [36m>[39m
            [36m<svg[39m
              [33maria-hidden[39m=[32m"true"[39m
              [33mfill[39m=[32m"none"[39m
              [33mheight[39m=[32m"13"[39m
              [33mstroke[39m=[32m"currentColor"[39m
              [33mstroke-linecap[39m=[32m"round"[39m
              [33mstroke-linejoin[39m=[32m"round"[39m
              [33mstroke-width[39m=[32m"2"[39m
              [33mviewBox[39m=[32m"0 0 24 24"[39m
              [33mwidth[39m=[32m"13"[39m
            [36m>[39m
              [36m<path[39m
                [33md[39m=[32m"M6 6l12 12M18 6L6 18"[39m
              [36m/>[39m
            [36m</svg>[39m
          [36m</button>[39m
        [36m</div>[39m
      [36m</div>[39m
      [36m<button[39m
        [33maria-label[39m=[32m"Add a new dashboard widget"[39m
        [33mclass[39m=[32m"btn ghost dash-add"[39m
        [33mtype[39m=[32m"button"[39m
      [36m>[39m
        [36m<svg[39m
          [33maria-hidden[39m=[32m"true"[39m
          [33mfill[39m=[32m"none"[39m
          [33mheight[39m=[32m"14"[39m
          [33mstroke[39m=[32m"currentColor"[39m
          [33mstroke-linecap[39m=[32m"round"[39m
          [33mstroke-linejoin[39m=[32m"round"[39m
          [33mstroke-width[39m=[32m"2"[39m
          [33mviewBox[39m=[32m"0 0 24 24"[39m
          [33mwidth[39m=[32m"14"[39m
        [36m>[39m
          [36m<line[39m
            [33mx1[39m=[32m"12"[39m
            [33mx2[39m=[32m"12"[39m
            [33my1[39m=[32m"5"[39m
            [33my2[39m=[32m"19"[39m
          [36m/>[39m
          [36m<line[39m
            [33mx1[39m=[32m"5"[39m
            [33mx2[39m=[32m"19"[39m
            [33my1[39m=[32m"12"[39m
            [33my2[39m=[32m"12"[39m
          [36m/>[39m
        [36m</svg>[39m
        [36m<span>[39m
          [0mAdd widget[0m
        [36m</span>[39m
      [36m</button>[39m
    [36m</header>[39m
  [36m</div>[39m
[36m</body>[39m
   × note failure with position success and the reverse each keep only the failed sibling guarded 77ms
     → expected '0' to be '45' // Object.is equality
   × unchanged uncertainty retry verifies once; changed external bytes retain recovery 42ms
     → expected undefined to be true // Object.is equality
   × discard during held position persistence prevents its late callback from restoring recovery 17ms
     → expected undefined to be true // Object.is equality

 Test Files  1 failed (1)
      Tests  5 failed (5)
   Start at  00:20:59
   Duration  1.26s (transform 165ms, setup 0ms, collect 305ms, tests 343ms, environment 317ms, prepare 75ms)



⎯⎯⎯⎯⎯⎯⎯ Failed Tests 5 ⎯⎯⎯⎯⎯⎯⎯

 FAIL  docs/reviews/web-dashboard-header-departure-sol/operations.test.tsx > pending Retry cannot attribute predecessor success to a newer queued failure
AssertionError: expected undefined to be true // Object.is equality

- Expected:
true

+ Received:
undefined

 ❯ docs/reviews/web-dashboard-header-departure-sol/operations.test.tsx:42:33

⎯⎯⎯⎯⎯⎯⎯⎯⎯⎯⎯⎯⎯⎯⎯⎯⎯⎯⎯⎯⎯⎯⎯⎯[1/5]⎯

 FAIL  docs/reviews/web-dashboard-header-departure-sol/operations.test.tsx > equal-value predecessor success cannot clear a newer equal-value failed intent
TestingLibraryElementError: Unable to find an accessible element with the role "textbox"

Here are the accessible roles:

  banner:

  Name "":
  [36m<header[39m
    [33mclass[39m=[32m"dash-head"[39m
  [36m/>[39m

  --------------------------------------------------
  heading:

  Name "Good morning, Hello.":
  [36m<h1[39m
    [33mclass[39m=[32m"dash-greeting"[39m
  [36m/>[39m

  --------------------------------------------------
  button:

  Name "Edit dashboard note":
  [36m<button[39m
    [33maria-label[39m=[32m"Edit dashboard note"[39m
    [33mclass[39m=[32m"dash-note__display"[39m
    [33mtype[39m=[32m"button"[39m
  [36m/>[39m

  Name "Clear dashboard note":
  [36m<button[39m
    [33maria-label[39m=[32m"Clear dashboard note"[39m
    [33mclass[39m=[32m"dash-note__clear"[39m
    [33mtype[39m=[32m"button"[39m
  [36m/>[39m

  Name "Add a new dashboard widget":
  [36m<button[39m
    [33maria-label[39m=[32m"Add a new dashboard widget"[39m
    [33mclass[39m=[32m"btn ghost dash-add"[39m
    [33mtype[39m=[32m"button"[39m
  [36m/>[39m

  --------------------------------------------------

Ignored nodes: comments, script, style
[36m<body>[39m
  [36m<div>[39m
    [36m<header[39m
      [33mclass[39m=[32m"dash-head"[39m
    [36m>[39m
      [36m<div[39m
        [33mclass[39m=[32m"dash-head__intro"[39m
      [36m>[39m
        [36m<h1[39m
          [33mclass[39m=[32m"dash-greeting"[39m
        [36m>[39m
          [0mGood morning[0m
          [0m, [0m
          [0mHello[0m
          [0m.[0m
        [36m</h1>[39m
        [36m<div[39m
          [33mclass[39m=[32m"dash-date"[39m
        [36m>[39m
          [0mThursday, September 10[0m
        [36m</div>[39m
      [36m</div>[39m
      [36m<div[39m
        [33mclass[39m=[32m"dash-note-lane"[39m
      [36m>[39m
        [36m<div[39m
          [33mclass[39m=[32m"dash-note has-note"[39m
          [33mstyle[39m=[32m"--dash-note-x: 0px;"[39m
        [36m>[39m
          [36m<button[39m
            [33maria-label[39m=[32m"Edit dashboard note"[39m
            [33mclass[39m=[32m"dash-note__display"[39m
            [33mtype[39m=[32m"button"[39m
          [36m>[39m
            [36m<span[39m
              [33mclass[39m=[32m"dash-note__text"[39m
            [36m>[39m
              [0mSame value[0m
            [36m</span>[39m
            [36m<svg[39m
              [33maria-hidden[39m=[32m"true"[39m
              [33mfill[39m=[32m"none"[39m
              [33mheight[39m=[32m"13"[39m
              [33mstroke[39m=[32m"currentColor"[39m
              [33mstroke-linecap[39m=[32m"round"[39m
              [33mstroke-linejoin[39m=[32m"round"[39m
              [33mstroke-width[39m=[32m"2"[39m
              [33mviewBox[39m=[32m"0 0 24 24"[39m
              [33mwidth[39m=[32m"13"[39m
            [36m>[39m
              [36m<path[39m
                [33md[39m=[32m"M12 20h9"[39m
              [36m/>[39m
              [36m<path[39m
                [33md[39m=[32m"M16.5 3.5a2.1 2.1 0 0 1 3 3L7 19l-4 1 1-4z"[39m
              [36m/>[39m
            [36m</svg>[39m
          [36m</button>[39m
          [36m<button[39m
            [33maria-label[39m=[32m"Clear dashboard note"[39m
            [33mclass[39m=[32m"dash-note__clear"[39m
            [33mtype[39m=[32m"button"[39m
          [36m>[39m
            [36m<svg[39m
              [33maria-hidden[39m=[32m"true"[39m
              [33mfill[39m=[32m"none"[39m
              [33mheight[39m=[32m"13"[39m
              [33mstroke[39m=[32m"currentColor"[39m
              [33mstroke-linecap[39m=[32m"round"[39m
              [33mstroke-linejoin[39m=[32m"round"[39m
              [33mstroke-width[39m=[32m"2"[39m
              [33mviewBox[39m=[32m"0 0 24 24"[39m
              [33mwidth[39m=[32m"13"[39m
            [36m>[39m
              [36m<path[39m
                [33md[39m=[32m"M6 6l12 12M18 6L6 18"[39m
              [36m/>[39m
            [36m</svg>[39m
          [36m</button>[39m
        [36m</div>[39m
      [36m</div>[39m
      [36m<button[39m
        [33maria-label[39m=[32m"Add a new dashboard widget"[39m
        [33mclass[39m=[32m"btn ghost dash-add"[39m
        [33mtype[39m=[32m"button"[39m
      [36m>[39m
        [36m<svg[39m
          [33maria-hidden[39m=[32m"true"[39m
          [33mfill[39m=[32m"none"[39m
          [33mheight[39m=[32m"14"[39m
          [33mstroke[39m=[32m"currentColor"[39m
          [33mstroke-linecap[39m=[32m"round"[39m
          [33mstroke-linejoin[39m=[32m"round"[39m
          [33mstroke-width[39m=[32m"2"[39m
          [33mviewBox[39m=[32m"0 0 24 24"[39m
          [33mwidth[39m=[32m"14"[39m
        [36m>[39m
          [36m<line[39m
            [33mx1[39m=[32m"12"[39m
            [33mx2[39m=[32m"12"[39m
            [33my1[39m=[32m"5"[39m
            [33my2[39m=[32m"19"[39m
          [36m/>[39m
          [36m<line[39m
            [33mx1[39m=[32m"5"[39m
            [33mx2[39m=[32m"19"[39m
            [33my1[39m=[32m"12"[39m
            [33my2[39m=[32m"12"[39m
          [36m/>[39m
        [36m</svg>[39m
        [36m<span>[39m
          [0mAdd widget[0m
        [36m</span>[39m
      [36m</button>[39m
    [36m</header>[39m
  [36m</div>[39m
[36m</body>[39m
 ❯ Object.getElementError ../../../../../../Users/lijinlong/Desktop/Jinlong_Project/Coding_project/AI_Desktop/XAI_Desktop/node_modules/.pnpm/@testing-library+dom@10.4.1/node_modules/@testing-library/dom/dist/config.js:37:19
 ❯ ../../../../../../Users/lijinlong/Desktop/Jinlong_Project/Coding_project/AI_Desktop/XAI_Desktop/node_modules/.pnpm/@testing-library+dom@10.4.1/node_modules/@testing-library/dom/dist/query-helpers.js:76:38
 ❯ ../../../../../../Users/lijinlong/Desktop/Jinlong_Project/Coding_project/AI_Desktop/XAI_Desktop/node_modules/.pnpm/@testing-library+dom@10.4.1/node_modules/@testing-library/dom/dist/query-helpers.js:52:17
 ❯ ../../../../../../Users/lijinlong/Desktop/Jinlong_Project/Coding_project/AI_Desktop/XAI_Desktop/node_modules/.pnpm/@testing-library+dom@10.4.1/node_modules/@testing-library/dom/dist/query-helpers.js:95:19
 ❯ Object.input ../../../../../../private/var/folders/zk/bxw8sv_15xx51q2mf6xhdb8c0000gn/T/xai-header-sol-WQ9uHx/docs/reviews/web-dashboard-header-departure-sol/fixture.tsx:52:21
     50|     ...ui,
     51|     note,
     52|     input: () => ui.getByRole("textbox") as HTMLInputElement,
       |                     ^
     53|     edit: () => fireEvent.click(ui.getByRole("button", { name: "Edit d…
     54|     save: () => fireEvent.click(ui.getByRole("button", { name: "Save d…
 ❯ docs/reviews/web-dashboard-header-departure-sol/operations.test.tsx:60:13

⎯⎯⎯⎯⎯⎯⎯⎯⎯⎯⎯⎯⎯⎯⎯⎯⎯⎯⎯⎯⎯⎯⎯⎯[2/5]⎯

 FAIL  docs/reviews/web-dashboard-header-departure-sol/operations.test.tsx > note failure with position success and the reverse each keep only the failed sibling guarded
AssertionError: expected '0' to be '45' // Object.is equality

Expected: "45"
Received: "0"

 ❯ docs/reviews/web-dashboard-header-departure-sol/operations.test.tsx:77:51

⎯⎯⎯⎯⎯⎯⎯⎯⎯⎯⎯⎯⎯⎯⎯⎯⎯⎯⎯⎯⎯⎯⎯⎯[3/5]⎯

 FAIL  docs/reviews/web-dashboard-header-departure-sol/operations.test.tsx > unchanged uncertainty retry verifies once; changed external bytes retain recovery
AssertionError: expected undefined to be true // Object.is equality

- Expected:
true

+ Received:
undefined

 ❯ docs/reviews/web-dashboard-header-departure-sol/operations.test.tsx:112:33

⎯⎯⎯⎯⎯⎯⎯⎯⎯⎯⎯⎯⎯⎯⎯⎯⎯⎯⎯⎯⎯⎯⎯⎯[4/5]⎯

 FAIL  docs/reviews/web-dashboard-header-departure-sol/operations.test.tsx > discard during held position persistence prevents its late callback from restoring recovery
AssertionError: expected undefined to be true // Object.is equality

- Expected:
true

+ Received:
undefined

 ❯ docs/reviews/web-dashboard-header-departure-sol/operations.test.tsx:129:33

⎯⎯⎯⎯⎯⎯⎯⎯⎯⎯⎯⎯⎯⎯⎯⎯⎯⎯⎯⎯⎯⎯⎯⎯[5/5]⎯
