revision=6bf02de fixed_commit=6bf02dee63d25a9fa16050aa252e5ae61428830a
exit=1

 RUN  v3.2.7 /var/folders/zk/bxw8sv_15xx51q2mf6xhdb8c0000gn/T/xai-detail-review-zd42nl


 Test Files  1 failed (1)
      Tests  no tests
   Start at  22:00:52
   Duration  605ms (transform 18ms, setup 0ms, collect 0ms, tests 0ms, environment 235ms, prepare 109ms)



⎯⎯⎯⎯⎯⎯ Failed Suites 1 ⎯⎯⎯⎯⎯⎯⎯

 FAIL  docs/reviews/web-smart-lists-recovery-astra/app.test.tsx [ docs/reviews/web-smart-lists-recovery-astra/app.test.tsx ]
Error: Failed to resolve import "react-router" from "docs/reviews/web-smart-lists-recovery-astra/app.test.tsx". Does the file exist?
  Plugin: vite:import-analysis
  File: /private/var/folders/zk/bxw8sv_15xx51q2mf6xhdb8c0000gn/T/xai-detail-review-zd42nl/docs/reviews/web-smart-lists-recovery-astra/app.test.tsx:18:0
  26 |  const __vi_import_1__ = await import("../../../apps/web/src/__tests__/accountFixture.js");
  27 |  const __vi_import_2__ = await import("@testing-library/react");
  28 |  const __vi_import_3__ = await import("react-router");
     |                                       ^
  29 |  const __vi_import_4__ = await import("../../../apps/web/src/App");
  30 |  const __vi_import_5__ = await import("@repo/plugin-web-storage");
 ❯ TransformPluginContext._formatLog ../../../../../../Users/lijinlong/Desktop/Jinlong_Project/Coding_project/AI_Desktop/XAI_Desktop/node_modules/.pnpm/vite@7.3.6_@types+node@22.15.3/node_modules/vite/dist/node/chunks/config.js:29079:43
 ❯ TransformPluginContext.error ../../../../../../Users/lijinlong/Desktop/Jinlong_Project/Coding_project/AI_Desktop/XAI_Desktop/node_modules/.pnpm/vite@7.3.6_@types+node@22.15.3/node_modules/vite/dist/node/chunks/config.js:29076:14
 ❯ normalizeUrl ../../../../../../Users/lijinlong/Desktop/Jinlong_Project/Coding_project/AI_Desktop/XAI_Desktop/node_modules/.pnpm/vite@7.3.6_@types+node@22.15.3/node_modules/vite/dist/node/chunks/config.js:27199:18
 ❯ ../../../../../../Users/lijinlong/Desktop/Jinlong_Project/Coding_project/AI_Desktop/XAI_Desktop/node_modules/.pnpm/vite@7.3.6_@types+node@22.15.3/node_modules/vite/dist/node/chunks/config.js:27257:32
 ❯ TransformPluginContext.transform ../../../../../../Users/lijinlong/Desktop/Jinlong_Project/Coding_project/AI_Desktop/XAI_Desktop/node_modules/.pnpm/vite@7.3.6_@types+node@22.15.3/node_modules/vite/dist/node/chunks/config.js:27225:4
 ❯ EnvironmentPluginContainer.transform ../../../../../../Users/lijinlong/Desktop/Jinlong_Project/Coding_project/AI_Desktop/XAI_Desktop/node_modules/.pnpm/vite@7.3.6_@types+node@22.15.3/node_modules/vite/dist/node/chunks/config.js:28877:14
 ❯ loadAndTransform ../../../../../../Users/lijinlong/Desktop/Jinlong_Project/Coding_project/AI_Desktop/XAI_Desktop/node_modules/.pnpm/vite@7.3.6_@types+node@22.15.3/node_modules/vite/dist/node/chunks/config.js:22746:26

⎯⎯⎯⎯⎯⎯⎯⎯⎯⎯⎯⎯⎯⎯⎯⎯⎯⎯⎯⎯⎯⎯⎯⎯[1/1]⎯
