revision=a2c0fe0 fixed_commit=a2c0fe0df5ef336b5cc98dc6bfc7d1eecf420a11
exit=1

 RUN  v3.2.7 /var/folders/zk/bxw8sv_15xx51q2mf6xhdb8c0000gn/T/xai-detail-review-w7C1K4

 ❯ docs/reviews/web-smart-lists-recovery-astra/host-wrapper.test.tsx (5 tests | 1 failed) 393ms
   ✓ wrapped route replays object search hash state and replace options exactly 134ms
   × wrapped route retains fromRouteId and relative route resolution 55ms
     → expected '/app/settings/smart_lists/notificatio…' to be '/app/settings/notifications' // Object.is equality
   ✓ wrapped numeric POP ignores a later push and retains Forward history 61ms
   ✓ wrapper permits nonparticipant navigation and restores original router method on unmount 70ms
   ✓ newer map queued after pending old save keeps original departure guarded until latest succeeds 74ms

 Test Files  1 failed (1)
      Tests  1 failed | 4 passed (5)
   Start at  22:27:55
   Duration  2.41s (transform 753ms, setup 0ms, collect 1.18s, tests 393ms, environment 339ms, prepare 66ms)



⎯⎯⎯⎯⎯⎯⎯ Failed Tests 1 ⎯⎯⎯⎯⎯⎯⎯

 FAIL  docs/reviews/web-smart-lists-recovery-astra/host-wrapper.test.tsx > wrapped route retains fromRouteId and relative route resolution
AssertionError: expected '/app/settings/smart_lists/notificatio…' to be '/app/settings/notifications' // Object.is equality

Expected: "/app/settings/notifications"
Received: "/app/settings/smart_lists/notifications"

 ❯ docs/reviews/web-smart-lists-recovery-astra/host-wrapper.test.tsx:18:336

⎯⎯⎯⎯⎯⎯⎯⎯⎯⎯⎯⎯⎯⎯⎯⎯⎯⎯⎯⎯⎯⎯⎯⎯[1/1]⎯
