revision=982ab68 fixed_commit=982ab682eb924ec8fc349aa884d092052245575d
exit=1

 RUN  v3.2.7 /var/folders/zk/bxw8sv_15xx51q2mf6xhdb8c0000gn/T/xai-more-sol-V5ThR7

 ❯ docs/reviews/web-more-recovery-sol/boundaries.test.tsx (7 tests | 3 failed) 1707ms
   ✓ missing and rejected Web Locks retain exact device/account edit and reset intents  525ms
   ✓ invalid and unavailable sources retain requested reset intents without purging raw bytes  467ms
   ✓ setting an exact registry default stores bytes while Reset Default removes them 126ms
   × a same-field source Reload cannot erase an actual failed edit draft 89ms
     → expected false to be true // Object.is equality
   × targeted discard rereads only its field with zero mutations and preserves a failed sibling 246ms
     → Unable to find an accessible element with the role "button" and name "Discard Date Recognition"

Here are the accessible roles:

  combobox:

  Name "Language":
  [36m<select[39m
    [33maria-label[39m=[32m"Language"[39m
    [33mclass[39m=[32m"sl-select"[39m
  [36m/>[39m

  Name "Choose window type when launching":
  [36m<select[39m
    [33maria-label[39m=[32m"Choose window type when launching"[39m
    [33mclass[39m=[32m"sl-select"[39m
  [36m/>[39m

  Name "Default Date":
  [36m<select[39m
    [33maria-label[39m=[32m"Default Date"[39m
    [33mclass[39m=[32m"sl-select"[39m
  [36m/>[39m

  Name "Default Reminders (Due time task)":
  [36m<select[39m
    [33maria-label[39m=[32m"Default Reminders (Due time task)"[39m
    [33mclass[39m=[32m"sl-select"[39m
  [36m/>[39m

  Name "Default Reminders (All day task)":
  [36m<select[39m
    [33maria-label[39m=[32m"Default Reminders (All day task)"[39m
    [33mclass[39m=[32m"sl-select"[39m
  [36m/>[39m

  Name "Default Priority":
  [36m<select[39m
    [33maria-label[39m=[32m"Default Priority"[39m
    [33mclass[39m=[32m"sl-select"[39m
  [36m/>[39m

  Name "Default Tag":
  [36m<select[39m
    [33maria-label[39m=[32m"Default Tag"[39m
    [33mclass[39m=[32m"sl-select"[39m
  [36m/>[39m

  Name "Default List":
  [36m<select[39m
    [33maria-label[39m=[32m"Default List"[39m
    [33mclass[39m=[32m"sl-select"[39m
  [36m/>[39m

  Name "Default Add to":
  [36m<select[39m
    [33maria-label[39m=[32m"Default Add to"[39m
    [33mclass[39m=[32m"sl-select"[39m
  [36m/>[39m

  Name "Overdue Section shows at":
  [36m<select[39m
    [33maria-label[39m=[32m"Overdue Section shows at"[39m
    [33mclass[39m=[32m"sl-select"[39m
  [36m/>[39m

  --------------------------------------------------
  option:

  Name "Follow System":
  [36m<option[39m
    [33mvalue[39m=[32m"follow"[39m
  [36m/>[39m

  Name "Window":
  [36m<option[39m
    [33mvalue[39m=[32m"window"[39m
  [36m/>[39m

  Name "Tray":
  [36m<option[39m
    [33mvalue[39m=[32m"tray"[39m
  [36m/>[39m

  Name "Fullscreen":
  [36m<option[39m
    [33mvalue[39m=[32m"full"[39m
  [36m/>[39m

  Name "None":
  [36m<option[39m
    [33mvalue[39m=[32m"none"[39m
  [36m/>[39m

  Name "Today":
  [36m<option[39m
    [33mvalue[39m=[32m"today"[39m
  [36m/>[39m

  Name "Tomorrow":
  [36m<option[39m
    [33mvalue[39m=[32m"tomorrow"[39m
  [36m/>[39m

  Name "None":
  [36m<option[39m
    [33mvalue[39m=[32m"none"[39m
  [36m/>[39m

  Name "On time":
  [36m<option[39m
    [33mvalue[39m=[32m"on_time"[39m
  [36m/>[39m

  Name "5 min before":
  [36m<option[39m
    [33mvalue[39m=[32m"5min"[39m
  [36m/>[39m

  Name "15 min before":
  [36m<option[39m
    [33mvalue[39m=[32m"15min"[39m
  [36m/>[39m

  Name "None":
  [36m<option[39m
    [33mvalue[39m=[32m"none"[39m
  [36m/>[39m

  Name "At 9:00 AM":
  [36m<option[39m
    [33mvalue[39m=[32m"9am"[39m
  [36m/>[39m

  Name "Day before":
  [36m<option[39m
    [33mvalue[39m=[32m"day_before"[39m
  [36m/>[39m

  Name "No Priority":
  [36m<option[39m
    [33mvalue[39m=[32m"none"[39m
  [36m/>[39m

  Name "Low":
  [36m<option[39m
    [33mvalue[39m=[32m"low"[39m
  [36m/>[39m

  Name "Medium":
  [36m<option[39m
    [33mvalue[39m=[32m"med"[39m
  [36m/>[39m

  Name "High":
  [36m<option[39m
    [33mvalue[39m=[32m"high"[39m
  [36m/>[39m

  Name "None":
  [36m<option[39m
    [33mvalue[39m=[32m"none"[39m
  [36m/>[39m

  Name "Study":
  [36m<option[39m
    [33mvalue[39m=[32m"study"[39m
  [36m/>[39m

  Name "Work":
  [36m<option[39m
    [33mvalue[39m=[32m"work"[39m
  [36m/>[39m

  Name "Personal":
  [36m<option[39m
    [33mvalue[39m=[32m"personal"[39m
  [36m/>[39m

  Name "Inbox":
  [36m<option[39m
    [33mvalue[39m=[32m"inbox"[39m
  [36m/>[39m

  Name "Today":
  [36m<option[39m
    [33mvalue[39m=[32m"today"[39m
  [36m/>[39m

  Name "Top of List":
  [36m<option[39m
    [33mvalue[39m=[32m"top"[39m
  [36m/>[39m

  Name "Bottom of List":
  [36m<option[39m
    [33mvalue[39m=[32m"bottom"[39m
  [36m/>[39m

  Name "Top of List":
  [36m<option[39m
    [33mvalue[39m=[32m"top"[39m
  [36m/>[39m

  Name "Bottom of List":
  [36m<option[39m
    [33mvalue[39m=[32m"bottom"[39m
  [36m/>[39m

  --------------------------------------------------
  switch:

  Name "Launch at Login":
  [36m<button[39m
    [33maria-checked[39m=[32m"true"[39m
    [33maria-label[39m=[32m"Launch at Login"[39m
    [33mclass[39m=[32m"toggle on"[39m
    [33mrole[39m=[32m"switch"[39m
    [33mtype[39m=[32m"button"[39m
  [36m/>[39m

  Name "Minimize app when auto launching":
  [36m<button[39m
    [33maria-checked[39m=[32m"true"[39m
    [33maria-label[39m=[32m"Minimize app when auto launching"[39m
    [33mclass[39m=[32m"toggle on"[39m
    [33mrole[39m=[32m"switch"[39m
    [33mtype[39m=[32m"button"[39m
  [36m/>[39m

  Name "Date Recognition":
  [36m<button[39m
    [33maria-checked[39m=[32m"false"[39m
    [33maria-label[39m=[32m"Date Recognition"[39m
    [33mclass[39m=[32m"toggle"[39m
    [33mrole[39m=[32m"switch"[39m
    [33mtype[39m=[32m"button"[39m
  [36m/>[39m

  Name "URL Parsing":
  [36m<button[39m
    [33maria-checked[39m=[32m"false"[39m
    [33maria-label[39m=[32m"URL Parsing"[39m
    [33mclass[39m=[32m"toggle"[39m
    [33mrole[39m=[32m"switch"[39m
    [33mtype[39m=[32m"button"[39m
  [36m/>[39m

  --------------------------------------------------
  heading:

  Name "Smart Recognition":
  [36m<h4[39m
    [33mclass[39m=[32m"pane-h-block"[39m
  [36m/>[39m

  Name "Task Default":
  [36m<h4[39m
    [33mclass[39m=[32m"pane-h-block"[39m
  [36m/>[39m

  Name "Task Template":
  [36m<h4[39m
    [33mclass[39m=[32m"pane-h-block"[39m
  [36m/>[39m

  Name "Daily prep":
  [36m<h5 />[39m

  Name "Daily journal":
  [36m<h5 />[39m

  Name "Travel checklist":
  [36m<h5 />[39m

  --------------------------------------------------
  button:

  Name "Remove text in tasks":
  [36m<button[39m
    [33maria-label[39m=[32m"Remove text in tasks"[39m
    [33maria-pressed[39m=[32m"true"[39m
    [33mclass[39m=[32m"check-inline"[39m
    [33mtype[39m=[32m"button"[39m
  [36m/>[39m

  Name "Remove tags from task name":
  [36m<button[39m
    [33maria-label[39m=[32m"Remove tags from task name"[39m
    [33maria-pressed[39m=[32m"false"[39m
    [33mclass[39m=[32m"check-inline"[39m
    [33mtype[39m=[32m"button"[39m
  [36m/>[39m

  Name "Retry Default List":
  [36m<button[39m
    [33maria-label[39m=[32m"Retry Default List"[39m
    [33mtype[39m=[32m"button"[39m
  [36m/>[39m

  Name "Discard Default List":
  [36m<button[39m
    [33maria-label[39m=[32m"Discard Default List"[39m
    [33mtype[39m=[32m"button"[39m
  [36m/>[39m

  Name "Reset Default":
  [36m<button[39m
    [33mclass[39m=[32m"reset-link"[39m
    [33mdata-testid[39m=[32m"more-reset-default"[39m
    [33mtype[39m=[32m"button"[39m
  [36m/>[39m

  Name "Export More draft":
  [36m<button[39m
    [33mtype[39m=[32m"button"[39m
  [36m/>[39m

  Name "Discard all changes":
  [36m<button[39m
    [33mtype[39m=[32m"button"[39m
  [36m/>[39m

  --------------------------------------------------
  alert:

  Name "":
  [36m<div[39m
    [33mclass[39m=[32m"more-recovery-field"[39m
    [33mrole[39m=[32m"alert"[39m
  [36m/>[39m

  --------------------------------------------------
  status:

  Name "":
  [36m<section[39m
    [33mclass[39m=[32m"more-recovery-actions"[39m
    [33mrole[39m=[32m"status"[39m
  [36m/>[39m

  --------------------------------------------------
  list:

  Name "":
  [36m<ul />[39m

  Name "":
  [36m<ul />[39m

  Name "":
  [36m<ul />[39m

  --------------------------------------------------
  listitem:

  Name "":
  [36m<li />[39m

  Name "":
  [36m<li />[39m

  Name "":
  [36m<li />[39m

  Name "":
  [36m<li />[39m

  Name "":
  [36m<li />[39m

  Name "":
  [36m<li />[39m

  Name "":
  [36m<li />[39m

  Name "":
  [36m<li />[39m

  Name "":
  [36m<li />[39m

  Name "":
  [36m<li />[39m

  Name "":
  [36m<li />[39m

  Name "":
  [36m<li />[39m

  Name "":
  [36m<li />[39m

  --------------------------------------------------

Ignored nodes: comments, script, style
[36m<body>[39m
  [36m<div>[39m
    [36m<div[39m
      [33mclass[39m=[32m"more-pane"[39m
    [36m>[39m
      [36m<div[39m
        [33mclass[39m=[32m"setting-block"[39m
      [36m>[39m
        [36m<div[39m
          [33mclass[39m=[32m"setting-row"[39m
        [36m>[39m
          [36m<div[39m
            [33mclass[39m=[32m"sr-text"[39m
          [36m>[39m
            [36m<div[39m
              [33mclass[39m=[32m"sr-label"[39m
            [36m>[39m
              [0mLanguage[0m
            [36m</div>[39m
          [36m</div>[39m
          [36m<div[39m
            [33mclass[39m=[32m"sr-ctrl"[39m
          [36m>[39m
            [36m<select[39m
              [33maria-label[39m=[32m"Language"[39m
              [33mclass[39m=[32m"sl-select"[39m
            [36m>[39m
              [36m<option[39m
                [33mvalue[39m=[32m"follow"[39m
              [36m>[39m
                [0mFollow System[0m
              [36m</option>[39m
            [36m</select>[39m
          [36m</div>[39m
        [36m</div>[39m
      [36m</div>[39m
      [36m<div[39m
        [33mclass[39m=[32m"setting-block"[39m
        [33mstyle[39m=[32m"margin-top: 14px;"[39m
      [36m>[39m
        [36m<div[39m
          [33mclass[39m=[32m"setting-row"[39m
        [36m>[39m
          [36m<div[39m
            [33mclass[39m=[32m"sr-text"[39m
          [36m>[39m
            [36m<div[39m
              [33mclass[39m=[32m"sr-label"[39m
            [36m>[39m
              [0mChoose window type when launching[0m
            [36m</div>[39m
          [36m</div>[39m
          [36m<div[39m
            [33mclass[39m=[32m"sr-ctrl"[39m
          [36m>[39m
            [36m<select[39m
              [33maria-label[39m=[32m"Choose window type when launching"[39m
              [33mclass[39m=[32m"sl-select"[39m
            [36m>[39m
              [36m<option[39m
                [33mvalue[39m=[32m"window"[39m
              [36m>[39m
                [0mWindow[0m
              [36m</option>[39m
              [36m<option[39m
                [33mvalue[39m=[32m"tray"[39m
              [36m>[39m
                [0mTray[0m
              [36m</option>[39m
              [36m<option[39m
                [33mvalue[39m=[32m"full"[39m
              [36m>[39m
                [0mFullscreen[0m
              [36m</option>[39m
            [36m</select>[39m
          [36m</div>[39m
        [36m</div>[39m
        [36m<div[39m
          [33mclass[39m=[32m"setting-row"[39m
        [36m>[39m
          [36m<div[39m
            [33mclass[39m=[32m"sr-text"[39m
          [36m>[39m
            [36m<div[39m
              [33mclass[39m=[32m"sr-label"[39m
            [36m>[39m
              [0mLaunch at Login[0m
            [36m</div>[39m
          [36m</div>[39m
          [36m<div[39m
            [33mclass[39m=[32m"sr-ctrl"[39m
          [36m>[39m
            [36m<button[39m
              [33maria-checked[39m=[32m"true"[39m
              [33maria-label[39m=[32m"Launch at Login"[39m
              [33mclass[39m=[32m"toggle on"[39m
              [33mrole[39m=[32m"switch"[39m
              [33mtype[39m=[32m"button"[39m
            [36m>[39m
              [36m<span[39m
                [33mclass[39m=[32m"toggle-knob"[39m
              [36m/>[39m
            [36m</button>[39m
          [36m</div>[39m
        [36m</div>[39m
        [36m<div[39m
          [33mclass[39m=[32m"setting-row"[39m
        [36m>[39m
          [36m<div[39m
            [33mclass[39m=[32m"sr-text"[39m
          [36m>[39m
            [36m<div[39m
              [33mclass[39m=[32m"sr-label"[39m
            [36m>[39m
              [0mMinimize app when auto launching[0m
            [36m</div>[39m
          [36m</div>[39m
          [36m<div[39m
            [33mclass[39m=[32m"sr-ctrl"[39m
          [36m>[39m
            [36m<button[39m
              [33maria-checked[39m=[32m"true"[39m
              [33maria-label[39m=[32m"Minimize app when auto launching"[39m
              [33mclass[39m=[32m"toggle on"[39m
              [33mrole[39m=[32m"switch"[39m
              [33mtype[39m=[32m"button"[39m
            [36m>[39m
              [36m<span[39m
                [33mclass[39m=[32m"toggle-knob"[39m
              [36m/>[39m
            [36m</button>[39m
          [36m</div>[39m
        [36m</div>[39m
      [36m</div>[39m
      [36m<h4[39m
        [33mclass[39m=[32m"pane-h-block"[39m
      [36m>[39m
        [0mSmart Recognition[0m
      [36m</h4>[39m
      [36m<div[39m
        [33mclass[39m=[32m"setting-block"[39m
      [36m>[39m
        [36m<div[39m
          [33mclass[39m=[32m"setting-row"[39m
        [36m>[39m
          [36m<div[39m
            [33mclass[39m=[32m"sr-text"[39m
          [36m>[39m
            [36m<div[39m
              [33mclass[39m=[32m"sr-label"[39m
            [36m>[39m
              [0mDate Recognition[0m
            [36m</div>[39m
            [36m<div[39m
              [33mclass[39m=[32m"sr-desc"[39m
            [36m>[39m
              [0mWhen adding tasks, recognize date and time information and automatically set reminders.[0m
            [36m</div>[39m
          [36m</div>[39m
          [36m<div[39m
            [33mclass[39m=[32m"sr-ctrl"[39m
          [36m>[39m
            [36m<button[39m
              [33maria-checked[39m=[32m"false"[39m
              [33maria-label[39m=[32m"Date Recognition"[39m
              [33mclass[39m=[32m"toggle"[39m
              [33mrole[39m=[32m"switch"[39m
              [33mtype[39m=[32m"button"[39m
            [36m>[39m
              [36m<span[39m
                [33mclass[39m=[32m"toggle-knob"[39m
              [36m/>[39m
            [36m</button>[39m
          [36m</div>[39m
        [36m</div>[39m
        [36m<div[39m
          [33mclass[39m=[32m"setting-row"[39m
        [36m>[39m
          [36m<div[39m
            [33mclass[39m=[32m"sr-text"[39m
          [36m>[39m
            [36m<div[39m
              [33mclass[39m=[32m"sr-label"[39m
            [36m>[39m
              [0mRemove text in tasks[0m
            [36m</div>[39m
          [36m</div>[39m
          [36m<div[39m
            [33mclass[39m=[32m"sr-ctrl"[39m
          [36m>[39m
            [36m<button[39m
              [33maria-label[39m=[32m"Remove text in tasks"[39m
              [33maria-pressed[39m=[32m"true"[39m
              [33mclass[39m=[32m"check-inline"[39m
              [33mtype[39m=[32m"button"[39m
            [36m>[39m
              [36m<span[39m
                [33maria-hidden[39m=[32m"true"[39m
                [33mclass[39m=[32m"cbx checked"[39m
              [36m/>[39m...
   × an external conflict coexists with an unrelated quota failure and Retry preserves external bytes 106ms
     → expected { Object (version, kind, ...) } to deeply equal { Object (version, kind, ...) }
   ✓ all-discard visits only current drafts and a later same-field reset survives old completion 148ms

 Test Files  1 failed (1)
      Tests  3 failed | 4 passed (7)
   Start at  06:12:00
   Duration  5.69s (transform 901ms, setup 722ms, collect 821ms, tests 1.71s, environment 712ms, prepare 636ms)


stderr | docs/reviews/web-more-recovery-sol/boundaries.test.tsx > missing and rejected Web Locks retain exact device/account edit and reset intents
An update to MorePaneContent inside a test was not wrapped in act(...).

When testing, code that causes React state updates should be wrapped into act(...):

act(() => {
  /* fire events that update state */
});
/* assert on the output */

This ensures that you're testing the behavior the user would see in the browser. Learn more at https://react.dev/link/wrap-tests-with-act

stderr | docs/reviews/web-more-recovery-sol/boundaries.test.tsx > invalid and unavailable sources retain requested reset intents without purging raw bytes
An update to MorePaneContent inside a test was not wrapped in act(...).

When testing, code that causes React state updates should be wrapped into act(...):

act(() => {
  /* fire events that update state */
});
/* assert on the output */

This ensures that you're testing the behavior the user would see in the browser. Learn more at https://react.dev/link/wrap-tests-with-act

stderr | docs/reviews/web-more-recovery-sol/boundaries.test.tsx > an external conflict coexists with an unrelated quota failure and Retry preserves external bytes
An update to MorePaneContent inside a test was not wrapped in act(...).

When testing, code that causes React state updates should be wrapped into act(...):

act(() => {
  /* fire events that update state */
});
/* assert on the output */

This ensures that you're testing the behavior the user would see in the browser. Learn more at https://react.dev/link/wrap-tests-with-act


⎯⎯⎯⎯⎯⎯⎯ Failed Tests 3 ⎯⎯⎯⎯⎯⎯⎯

 FAIL  docs/reviews/web-more-recovery-sol/boundaries.test.tsx > a same-field source Reload cannot erase an actual failed edit draft
AssertionError: expected false to be true // Object.is equality

- Expected
+ Received

- true
+ false

 ❯ docs/reviews/web-more-recovery-sol/boundaries.test.tsx:29:322

⎯⎯⎯⎯⎯⎯⎯⎯⎯⎯⎯⎯⎯⎯⎯⎯⎯⎯⎯⎯⎯⎯⎯⎯[1/3]⎯

 FAIL  docs/reviews/web-more-recovery-sol/boundaries.test.tsx > targeted discard rereads only its field with zero mutations and preserves a failed sibling
TestingLibraryElementError: Unable to find an accessible element with the role "button" and name "Discard Date Recognition"

Here are the accessible roles:

  combobox:

  Name "Language":
  [36m<select[39m
    [33maria-label[39m=[32m"Language"[39m
    [33mclass[39m=[32m"sl-select"[39m
  [36m/>[39m

  Name "Choose window type when launching":
  [36m<select[39m
    [33maria-label[39m=[32m"Choose window type when launching"[39m
    [33mclass[39m=[32m"sl-select"[39m
  [36m/>[39m

  Name "Default Date":
  [36m<select[39m
    [33maria-label[39m=[32m"Default Date"[39m
    [33mclass[39m=[32m"sl-select"[39m
  [36m/>[39m

  Name "Default Reminders (Due time task)":
  [36m<select[39m
    [33maria-label[39m=[32m"Default Reminders (Due time task)"[39m
    [33mclass[39m=[32m"sl-select"[39m
  [36m/>[39m

  Name "Default Reminders (All day task)":
  [36m<select[39m
    [33maria-label[39m=[32m"Default Reminders (All day task)"[39m
    [33mclass[39m=[32m"sl-select"[39m
  [36m/>[39m

  Name "Default Priority":
  [36m<select[39m
    [33maria-label[39m=[32m"Default Priority"[39m
    [33mclass[39m=[32m"sl-select"[39m
  [36m/>[39m

  Name "Default Tag":
  [36m<select[39m
    [33maria-label[39m=[32m"Default Tag"[39m
    [33mclass[39m=[32m"sl-select"[39m
  [36m/>[39m

  Name "Default List":
  [36m<select[39m
    [33maria-label[39m=[32m"Default List"[39m
    [33mclass[39m=[32m"sl-select"[39m
  [36m/>[39m

  Name "Default Add to":
  [36m<select[39m
    [33maria-label[39m=[32m"Default Add to"[39m
    [33mclass[39m=[32m"sl-select"[39m
  [36m/>[39m

  Name "Overdue Section shows at":
  [36m<select[39m
    [33maria-label[39m=[32m"Overdue Section shows at"[39m
    [33mclass[39m=[32m"sl-select"[39m
  [36m/>[39m

  --------------------------------------------------
  option:

  Name "Follow System":
  [36m<option[39m
    [33mvalue[39m=[32m"follow"[39m
  [36m/>[39m

  Name "Window":
  [36m<option[39m
    [33mvalue[39m=[32m"window"[39m
  [36m/>[39m

  Name "Tray":
  [36m<option[39m
    [33mvalue[39m=[32m"tray"[39m
  [36m/>[39m

  Name "Fullscreen":
  [36m<option[39m
    [33mvalue[39m=[32m"full"[39m
  [36m/>[39m

  Name "None":
  [36m<option[39m
    [33mvalue[39m=[32m"none"[39m
  [36m/>[39m

  Name "Today":
  [36m<option[39m
    [33mvalue[39m=[32m"today"[39m
  [36m/>[39m

  Name "Tomorrow":
  [36m<option[39m
    [33mvalue[39m=[32m"tomorrow"[39m
  [36m/>[39m

  Name "None":
  [36m<option[39m
    [33mvalue[39m=[32m"none"[39m
  [36m/>[39m

  Name "On time":
  [36m<option[39m
    [33mvalue[39m=[32m"on_time"[39m
  [36m/>[39m

  Name "5 min before":
  [36m<option[39m
    [33mvalue[39m=[32m"5min"[39m
  [36m/>[39m

  Name "15 min before":
  [36m<option[39m
    [33mvalue[39m=[32m"15min"[39m
  [36m/>[39m

  Name "None":
  [36m<option[39m
    [33mvalue[39m=[32m"none"[39m
  [36m/>[39m

  Name "At 9:00 AM":
  [36m<option[39m
    [33mvalue[39m=[32m"9am"[39m
  [36m/>[39m

  Name "Day before":
  [36m<option[39m
    [33mvalue[39m=[32m"day_before"[39m
  [36m/>[39m

  Name "No Priority":
  [36m<option[39m
    [33mvalue[39m=[32m"none"[39m
  [36m/>[39m

  Name "Low":
  [36m<option[39m
    [33mvalue[39m=[32m"low"[39m
  [36m/>[39m

  Name "Medium":
  [36m<option[39m
    [33mvalue[39m=[32m"med"[39m
  [36m/>[39m

  Name "High":
  [36m<option[39m
    [33mvalue[39m=[32m"high"[39m
  [36m/>[39m

  Name "None":
  [36m<option[39m
    [33mvalue[39m=[32m"none"[39m
  [36m/>[39m

  Name "Study":
  [36m<option[39m
    [33mvalue[39m=[32m"study"[39m
  [36m/>[39m

  Name "Work":
  [36m<option[39m
    [33mvalue[39m=[32m"work"[39m
  [36m/>[39m

  Name "Personal":
  [36m<option[39m
    [33mvalue[39m=[32m"personal"[39m
  [36m/>[39m

  Name "Inbox":
  [36m<option[39m
    [33mvalue[39m=[32m"inbox"[39m
  [36m/>[39m

  Name "Today":
  [36m<option[39m
    [33mvalue[39m=[32m"today"[39m
  [36m/>[39m

  Name "Top of List":
  [36m<option[39m
    [33mvalue[39m=[32m"top"[39m
  [36m/>[39m

  Name "Bottom of List":
  [36m<option[39m
    [33mvalue[39m=[32m"bottom"[39m
  [36m/>[39m

  Name "Top of List":
  [36m<option[39m
    [33mvalue[39m=[32m"top"[39m
  [36m/>[39m

  Name "Bottom of List":
  [36m<option[39m
    [33mvalue[39m=[32m"bottom"[39m
  [36m/>[39m

  --------------------------------------------------
  switch:

  Name "Launch at Login":
  [36m<button[39m
    [33maria-checked[39m=[32m"true"[39m
    [33maria-label[39m=[32m"Launch at Login"[39m
    [33mclass[39m=[32m"toggle on"[39m
    [33mrole[39m=[32m"switch"[39m
    [33mtype[39m=[32m"button"[39m
  [36m/>[39m

  Name "Minimize app when auto launching":
  [36m<button[39m
    [33maria-checked[39m=[32m"true"[39m
    [33maria-label[39m=[32m"Minimize app when auto launching"[39m
    [33mclass[39m=[32m"toggle on"[39m
    [33mrole[39m=[32m"switch"[39m
    [33mtype[39m=[32m"button"[39m
  [36m/>[39m

  Name "Date Recognition":
  [36m<button[39m
    [33maria-checked[39m=[32m"false"[39m
    [33maria-label[39m=[32m"Date Recognition"[39m
    [33mclass[39m=[32m"toggle"[39m
    [33mrole[39m=[32m"switch"[39m
    [33mtype[39m=[32m"button"[39m
  [36m/>[39m

  Name "URL Parsing":
  [36m<button[39m
    [33maria-checked[39m=[32m"false"[39m
    [33maria-label[39m=[32m"URL Parsing"[39m
    [33mclass[39m=[32m"toggle"[39m
    [33mrole[39m=[32m"switch"[39m
    [33mtype[39m=[32m"button"[39m
  [36m/>[39m

  --------------------------------------------------
  heading:

  Name "Smart Recognition":
  [36m<h4[39m
    [33mclass[39m=[32m"pane-h-block"[39m
  [36m/>[39m

  Name "Task Default":
  [36m<h4[39m
    [33mclass[39m=[32m"pane-h-block"[39m
  [36m/>[39m

  Name "Task Template":
  [36m<h4[39m
    [33mclass[39m=[32m"pane-h-block"[39m
  [36m/>[39m

  Name "Daily prep":
  [36m<h5 />[39m

  Name "Daily journal":
  [36m<h5 />[39m

  Name "Travel checklist":
  [36m<h5 />[39m

  --------------------------------------------------
  button:

  Name "Remove text in tasks":
  [36m<button[39m
    [33maria-label[39m=[32m"Remove text in tasks"[39m
    [33maria-pressed[39m=[32m"true"[39m
    [33mclass[39m=[32m"check-inline"[39m
    [33mtype[39m=[32m"button"[39m
  [36m/>[39m

  Name "Remove tags from task name":
  [36m<button[39m
    [33maria-label[39m=[32m"Remove tags from task name"[39m
    [33maria-pressed[39m=[32m"false"[39m
    [33mclass[39m=[32m"check-inline"[39m
    [33mtype[39m=[32m"button"[39m
  [36m/>[39m

  Name "Retry Default List":
  [36m<button[39m
    [33maria-label[39m=[32m"Retry Default List"[39m
    [33mtype[39m=[32m"button"[39m
  [36m/>[39m

  Name "Discard Default List":
  [36m<button[39m
    [33maria-label[39m=[32m"Discard Default List"[39m
    [33mtype[39m=[32m"button"[39m
  [36m/>[39m

  Name "Reset Default":
  [36m<button[39m
    [33mclass[39m=[32m"reset-link"[39m
    [33mdata-testid[39m=[32m"more-reset-default"[39m
    [33mtype[39m=[32m"button"[39m
  [36m/>[39m

  Name "Export More draft":
  [36m<button[39m
    [33mtype[39m=[32m"button"[39m
  [36m/>[39m

  Name "Discard all changes":
  [36m<button[39m
    [33mtype[39m=[32m"button"[39m
  [36m/>[39m

  --------------------------------------------------
  alert:

  Name "":
  [36m<div[39m
    [33mclass[39m=[32m"more-recovery-field"[39m
    [33mrole[39m=[32m"alert"[39m
  [36m/>[39m

  --------------------------------------------------
  status:

  Name "":
  [36m<section[39m
    [33mclass[39m=[32m"more-recovery-actions"[39m
    [33mrole[39m=[32m"status"[39m
  [36m/>[39m

  --------------------------------------------------
  list:

  Name "":
  [36m<ul />[39m

  Name "":
  [36m<ul />[39m

  Name "":
  [36m<ul />[39m

  --------------------------------------------------
  listitem:

  Name "":
  [36m<li />[39m

  Name "":
  [36m<li />[39m

  Name "":
  [36m<li />[39m

  Name "":
  [36m<li />[39m

  Name "":
  [36m<li />[39m

  Name "":
  [36m<li />[39m

  Name "":
  [36m<li />[39m

  Name "":
  [36m<li />[39m

  Name "":
  [36m<li />[39m

  Name "":
  [36m<li />[39m

  Name "":
  [36m<li />[39m

  Name "":
  [36m<li />[39m

  Name "":
  [36m<li />[39m

  --------------------------------------------------

Ignored nodes: comments, script, style
[36m<body>[39m
  [36m<div>[39m
    [36m<div[39m
      [33mclass[39m=[32m"more-pane"[39m
    [36m>[39m
      [36m<div[39m
        [33mclass[39m=[32m"setting-block"[39m
      [36m>[39m
        [36m<div[39m
          [33mclass[39m=[32m"setting-row"[39m
        [36m>[39m
          [36m<div[39m
            [33mclass[39m=[32m"sr-text"[39m
          [36m>[39m
            [36m<div[39m
              [33mclass[39m=[32m"sr-label"[39m
            [36m>[39m
              [0mLanguage[0m
            [36m</div>[39m
          [36m</div>[39m
          [36m<div[39m
            [33mclass[39m=[32m"sr-ctrl"[39m
          [36m>[39m
            [36m<select[39m
              [33maria-label[39m=[32m"Language"[39m
              [33mclass[39m=[32m"sl-select"[39m
            [36m>[39m
              [36m<option[39m
                [33mvalue[39m=[32m"follow"[39m
              [36m>[39m
                [0mFollow System[0m
              [36m</option>[39m
            [36m</select>[39m
          [36m</div>[39m
        [36m</div>[39m
      [36m</div>[39m
      [36m<div[39m
        [33mclass[39m=[32m"setting-block"[39m
        [33mstyle[39m=[32m"margin-top: 14px;"[39m
      [36m>[39m
        [36m<div[39m
          [33mclass[39m=[32m"setting-row"[39m
        [36m>[39m
          [36m<div[39m
            [33mclass[39m=[32m"sr-text"[39m
          [36m>[39m
            [36m<div[39m
              [33mclass[39m=[32m"sr-label"[39m
            [36m>[39m
              [0mChoose window type when launching[0m
            [36m</div>[39m
          [36m</div>[39m
          [36m<div[39m
            [33mclass[39m=[32m"sr-ctrl"[39m
          [36m>[39m
            [36m<select[39m
              [33maria-label[39m=[32m"Choose window type when launching"[39m
              [33mclass[39m=[32m"sl-select"[39m
            [36m>[39m
              [36m<option[39m
                [33mvalue[39m=[32m"window"[39m
              [36m>[39m
                [0mWindow[0m
              [36m</option>[39m
              [36m<option[39m
                [33mvalue[39m=[32m"tray"[39m
              [36m>[39m
                [0mTray[0m
              [36m</option>[39m
              [36m<option[39m
                [33mvalue[39m=[32m"full"[39m
              [36m>[39m
                [0mFullscreen[0m
              [36m</option>[39m
            [36m</select>[39m
          [36m</div>[39m
        [36m</div>[39m
        [36m<div[39m
          [33mclass[39m=[32m"setting-row"[39m
        [36m>[39m
          [36m<div[39m
            [33mclass[39m=[32m"sr-text"[39m
          [36m>[39m
            [36m<div[39m
              [33mclass[39m=[32m"sr-label"[39m
            [36m>[39m
              [0mLaunch at Login[0m
            [36m</div>[39m
          [36m</div>[39m
          [36m<div[39m
            [33mclass[39m=[32m"sr-ctrl"[39m
          [36m>[39m
            [36m<button[39m
              [33maria-checked[39m=[32m"true"[39m
              [33maria-label[39m=[32m"Launch at Login"[39m
              [33mclass[39m=[32m"toggle on"[39m
              [33mrole[39m=[32m"switch"[39m
              [33mtype[39m=[32m"button"[39m
            [36m>[39m
              [36m<span[39m
                [33mclass[39m=[32m"toggle-knob"[39m
              [36m/>[39m
            [36m</button>[39m
          [36m</div>[39m
        [36m</div>[39m
        [36m<div[39m
          [33mclass[39m=[32m"setting-row"[39m
        [36m>[39m
          [36m<div[39m
            [33mclass[39m=[32m"sr-text"[39m
          [36m>[39m
            [36m<div[39m
              [33mclass[39m=[32m"sr-label"[39m
            [36m>[39m
              [0mMinimize app when auto launching[0m
            [36m</div>[39m
          [36m</div>[39m
          [36m<div[39m
            [33mclass[39m=[32m"sr-ctrl"[39m
          [36m>[39m
            [36m<button[39m
              [33maria-checked[39m=[32m"true"[39m
              [33maria-label[39m=[32m"Minimize app when auto launching"[39m
              [33mclass[39m=[32m"toggle on"[39m
              [33mrole[39m=[32m"switch"[39m
              [33mtype[39m=[32m"button"[39m
            [36m>[39m
              [36m<span[39m
                [33mclass[39m=[32m"toggle-knob"[39m
              [36m/>[39m
            [36m</button>[39m
          [36m</div>[39m
        [36m</div>[39m
      [36m</div>[39m
      [36m<h4[39m
        [33mclass[39m=[32m"pane-h-block"[39m
      [36m>[39m
        [0mSmart Recognition[0m
      [36m</h4>[39m
      [36m<div[39m
        [33mclass[39m=[32m"setting-block"[39m
      [36m>[39m
        [36m<div[39m
          [33mclass[39m=[32m"setting-row"[39m
        [36m>[39m
          [36m<div[39m
            [33mclass[39m=[32m"sr-text"[39m
          [36m>[39m
            [36m<div[39m
              [33mclass[39m=[32m"sr-label"[39m
            [36m>[39m
              [0mDate Recognition[0m
            [36m</div>[39m
            [36m<div[39m
              [33mclass[39m=[32m"sr-desc"[39m
            [36m>[39m
              [0mWhen adding tasks, recognize date and time information and automatically set reminders.[0m
            [36m</div>[39m
          [36m</div>[39m
          [36m<div[39m
            [33mclass[39m=[32m"sr-ctrl"[39m
          [36m>[39m
            [36m<button[39m
              [33maria-checked[39m=[32m"false"[39m
              [33maria-label[39m=[32m"Date Recognition"[39m
              [33mclass[39m=[32m"toggle"[39m
              [33mrole[39m=[32m"switch"[39m
              [33mtype[39m=[32m"button"[39m
            [36m>[39m
              [36m<span[39m
                [33mclass[39m=[32m"toggle-knob"[39m
              [36m/>[39m
            [36m</button>[39m
          [36m</div>[39m
        [36m</div>[39m
        [36m<div[39m
          [33mclass[39m=[32m"setting-row"[39m
        [36m>[39m
          [36m<div[39m
            [33mclass[39m=[32m"sr-text"[39m
          [36m>[39m
            [36m<div[39m
              [33mclass[39m=[32m"sr-label"[39m
            [36m>[39m
              [0mRemove text in tasks[0m
            [36m</div>[39m
          [36m</div>[39m
          [36m<div[39m
            [33mclass[39m=[32m"sr-ctrl"[39m
          [36m>[39m
            [36m<button[39m
              [33maria-label[39m=[32m"Remove text in tasks"[39m
              [33maria-pressed[39m=[32m"true"[39m
              [33mclass[39m=[32m"check-inline"[39m
              [33mtype[39m=[32m"button"[39m
            [36m>[39m
              [36m<span[39m
                [33maria-hidden[39m=[32m"true"[39m
                [33mclass[39m=[32m"cbx checked"[39m
              [36m/>[39m...
 ❯ Object.getElementError ../../../../../../Users/lijinlong/Desktop/Jinlong_Project/Coding_project/AI_Desktop/XAI_Desktop/node_modules/.pnpm/@testing-library+dom@10.4.1/node_modules/@testing-library/dom/dist/config.js:37:19
 ❯ ../../../../../../Users/lijinlong/Desktop/Jinlong_Project/Coding_project/AI_Desktop/XAI_Desktop/node_modules/.pnpm/@testing-library+dom@10.4.1/node_modules/@testing-library/dom/dist/query-helpers.js:76:38
 ❯ ../../../../../../Users/lijinlong/Desktop/Jinlong_Project/Coding_project/AI_Desktop/XAI_Desktop/node_modules/.pnpm/@testing-library+dom@10.4.1/node_modules/@testing-library/dom/dist/query-helpers.js:52:17
 ❯ ../../../../../../Users/lijinlong/Desktop/Jinlong_Project/Coding_project/AI_Desktop/XAI_Desktop/node_modules/.pnpm/@testing-library+dom@10.4.1/node_modules/@testing-library/dom/dist/query-helpers.js:95:19
 ❯ docs/reviews/web-more-recovery-sol/boundaries.test.tsx:35:178

⎯⎯⎯⎯⎯⎯⎯⎯⎯⎯⎯⎯⎯⎯⎯⎯⎯⎯⎯⎯⎯⎯⎯⎯[2/3]⎯

 FAIL  docs/reviews/web-more-recovery-sol/boundaries.test.tsx > an external conflict coexists with an unrelated quota failure and Retry preserves external bytes
AssertionError: expected { Object (version, kind, ...) } to deeply equal { Object (version, kind, ...) }

- Expected
+ Received

@@ -4,15 +4,9 @@
        "default_tag": {
          "operation": "set",
          "value": "work",
        },
      },
-     "device": {
-       "remove_date_text": {
-         "operation": "set",
-         "value": true,
-       },
-     },
    },
    "kind": "more-draft",
    "version": 1,
  }

 ❯ docs/reviews/web-more-recovery-sol/boundaries.test.tsx:42:248

⎯⎯⎯⎯⎯⎯⎯⎯⎯⎯⎯⎯⎯⎯⎯⎯⎯⎯⎯⎯⎯⎯⎯⎯[3/3]⎯
