revision=982ab68 fixed_commit=982ab682eb924ec8fc349aa884d092052245575d
exit=1

 RUN  v3.2.7 /var/folders/zk/bxw8sv_15xx51q2mf6xhdb8c0000gn/T/xai-more-sol-vbhBGt

 ❯ docs/reviews/web-more-recovery-sol/fields.test.tsx (22 tests | 2 failed) 4418ms
   ✓ all15 valid domains persist exact codec bytes  1817ms
   × both span-only checkbox controls expose operable accessible checkbox roles 184ms
     → Unable to find an accessible element with the role "checkbox" and name "Remove text in tasks"

Here are the accessible roles:

  combobox:

  Name "Language":
  [36m<select[39m
    [33maria-label[39m=[32m"Language"[39m
    [33mclass[39m=[32m"sl-select"[39m
  [36m/>[39m

  Name "Choose window type when launching":
  [36m<select[39m
    [33maria-label[39m=[32m"Choose window type when launching"[39m
    [33mclass[39m=[32m"sl-select"[39m
  [36m/>[39m

  Name "Default Date":
  [36m<select[39m
    [33maria-label[39m=[32m"Default Date"[39m
    [33mclass[39m=[32m"sl-select"[39m
  [36m/>[39m

  Name "Default Reminders (Due time task)":
  [36m<select[39m
    [33maria-label[39m=[32m"Default Reminders (Due time task)"[39m
    [33mclass[39m=[32m"sl-select"[39m
  [36m/>[39m

  Name "Default Reminders (All day task)":
  [36m<select[39m
    [33maria-label[39m=[32m"Default Reminders (All day task)"[39m
    [33mclass[39m=[32m"sl-select"[39m
  [36m/>[39m

  Name "Default Priority":
  [36m<select[39m
    [33maria-label[39m=[32m"Default Priority"[39m
    [33mclass[39m=[32m"sl-select"[39m
  [36m/>[39m

  Name "Default Tag":
  [36m<select[39m
    [33maria-label[39m=[32m"Default Tag"[39m
    [33mclass[39m=[32m"sl-select"[39m
  [36m/>[39m

  Name "Default List":
  [36m<select[39m
    [33maria-label[39m=[32m"Default List"[39m
    [33mclass[39m=[32m"sl-select"[39m
  [36m/>[39m

  Name "Default Add to":
  [36m<select[39m
    [33maria-label[39m=[32m"Default Add to"[39m
    [33mclass[39m=[32m"sl-select"[39m
  [36m/>[39m

  Name "Overdue Section shows at":
  [36m<select[39m
    [33maria-label[39m=[32m"Overdue Section shows at"[39m
    [33mclass[39m=[32m"sl-select"[39m
  [36m/>[39m

  --------------------------------------------------
  option:

  Name "Follow System":
  [36m<option[39m
    [33mvalue[39m=[32m"follow"[39m
  [36m/>[39m

  Name "Window":
  [36m<option[39m
    [33mvalue[39m=[32m"window"[39m
  [36m/>[39m

  Name "Tray":
  [36m<option[39m
    [33mvalue[39m=[32m"tray"[39m
  [36m/>[39m

  Name "Fullscreen":
  [36m<option[39m
    [33mvalue[39m=[32m"full"[39m
  [36m/>[39m

  Name "None":
  [36m<option[39m
    [33mvalue[39m=[32m"none"[39m
  [36m/>[39m

  Name "Today":
  [36m<option[39m
    [33mvalue[39m=[32m"today"[39m
  [36m/>[39m

  Name "Tomorrow":
  [36m<option[39m
    [33mvalue[39m=[32m"tomorrow"[39m
  [36m/>[39m

  Name "None":
  [36m<option[39m
    [33mvalue[39m=[32m"none"[39m
  [36m/>[39m

  Name "On time":
  [36m<option[39m
    [33mvalue[39m=[32m"on_time"[39m
  [36m/>[39m

  Name "5 min before":
  [36m<option[39m
    [33mvalue[39m=[32m"5min"[39m
  [36m/>[39m

  Name "15 min before":
  [36m<option[39m
    [33mvalue[39m=[32m"15min"[39m
  [36m/>[39m

  Name "None":
  [36m<option[39m
    [33mvalue[39m=[32m"none"[39m
  [36m/>[39m

  Name "At 9:00 AM":
  [36m<option[39m
    [33mvalue[39m=[32m"9am"[39m
  [36m/>[39m

  Name "Day before":
  [36m<option[39m
    [33mvalue[39m=[32m"day_before"[39m
  [36m/>[39m

  Name "No Priority":
  [36m<option[39m
    [33mvalue[39m=[32m"none"[39m
  [36m/>[39m

  Name "Low":
  [36m<option[39m
    [33mvalue[39m=[32m"low"[39m
  [36m/>[39m

  Name "Medium":
  [36m<option[39m
    [33mvalue[39m=[32m"med"[39m
  [36m/>[39m

  Name "High":
  [36m<option[39m
    [33mvalue[39m=[32m"high"[39m
  [36m/>[39m

  Name "None":
  [36m<option[39m
    [33mvalue[39m=[32m"none"[39m
  [36m/>[39m

  Name "Study":
  [36m<option[39m
    [33mvalue[39m=[32m"study"[39m
  [36m/>[39m

  Name "Work":
  [36m<option[39m
    [33mvalue[39m=[32m"work"[39m
  [36m/>[39m

  Name "Personal":
  [36m<option[39m
    [33mvalue[39m=[32m"personal"[39m
  [36m/>[39m

  Name "Inbox":
  [36m<option[39m
    [33mvalue[39m=[32m"inbox"[39m
  [36m/>[39m

  Name "Today":
  [36m<option[39m
    [33mvalue[39m=[32m"today"[39m
  [36m/>[39m

  Name "Top of List":
  [36m<option[39m
    [33mvalue[39m=[32m"top"[39m
  [36m/>[39m

  Name "Bottom of List":
  [36m<option[39m
    [33mvalue[39m=[32m"bottom"[39m
  [36m/>[39m

  Name "Top of List":
  [36m<option[39m
    [33mvalue[39m=[32m"top"[39m
  [36m/>[39m

  Name "Bottom of List":
  [36m<option[39m
    [33mvalue[39m=[32m"bottom"[39m
  [36m/>[39m

  --------------------------------------------------
  switch:

  Name "Launch at Login":
  [36m<button[39m
    [33maria-checked[39m=[32m"true"[39m
    [33maria-label[39m=[32m"Launch at Login"[39m
    [33mclass[39m=[32m"toggle on"[39m
    [33mrole[39m=[32m"switch"[39m
    [33mtype[39m=[32m"button"[39m
  [36m/>[39m

  Name "Minimize app when auto launching":
  [36m<button[39m
    [33maria-checked[39m=[32m"true"[39m
    [33maria-label[39m=[32m"Minimize app when auto launching"[39m
    [33mclass[39m=[32m"toggle on"[39m
    [33mrole[39m=[32m"switch"[39m
    [33mtype[39m=[32m"button"[39m
  [36m/>[39m

  Name "Date Recognition":
  [36m<button[39m
    [33maria-checked[39m=[32m"false"[39m
    [33maria-label[39m=[32m"Date Recognition"[39m
    [33mclass[39m=[32m"toggle"[39m
    [33mrole[39m=[32m"switch"[39m
    [33mtype[39m=[32m"button"[39m
  [36m/>[39m

  Name "URL Parsing":
  [36m<button[39m
    [33maria-checked[39m=[32m"false"[39m
    [33maria-label[39m=[32m"URL Parsing"[39m
    [33mclass[39m=[32m"toggle"[39m
    [33mrole[39m=[32m"switch"[39m
    [33mtype[39m=[32m"button"[39m
  [36m/>[39m

  --------------------------------------------------
  heading:

  Name "Smart Recognition":
  [36m<h4[39m
    [33mclass[39m=[32m"pane-h-block"[39m
  [36m/>[39m

  Name "Task Default":
  [36m<h4[39m
    [33mclass[39m=[32m"pane-h-block"[39m
  [36m/>[39m

  Name "Task Template":
  [36m<h4[39m
    [33mclass[39m=[32m"pane-h-block"[39m
  [36m/>[39m

  Name "Daily prep":
  [36m<h5 />[39m

  Name "Daily journal":
  [36m<h5 />[39m

  Name "Travel checklist":
  [36m<h5 />[39m

  --------------------------------------------------
  button:

  Name "Remove text in tasks":
  [36m<button[39m
    [33maria-label[39m=[32m"Remove text in tasks"[39m
    [33maria-pressed[39m=[32m"true"[39m
    [33mclass[39m=[32m"check-inline"[39m
    [33mtype[39m=[32m"button"[39m
  [36m/>[39m

  Name "Remove tags from task name":
  [36m<button[39m
    [33maria-label[39m=[32m"Remove tags from task name"[39m
    [33maria-pressed[39m=[32m"false"[39m
    [33mclass[39m=[32m"check-inline"[39m
    [33mtype[39m=[32m"button"[39m
  [36m/>[39m

  Name "Reset Default":
  [36m<button[39m
    [33mclass[39m=[32m"reset-link"[39m
    [33mdata-testid[39m=[32m"more-reset-default"[39m
    [33mtype[39m=[32m"button"[39m
  [36m/>[39m

  --------------------------------------------------
  list:

  Name "":
  [36m<ul />[39m

  Name "":
  [36m<ul />[39m

  Name "":
  [36m<ul />[39m

  --------------------------------------------------
  listitem:

  Name "":
  [36m<li />[39m

  Name "":
  [36m<li />[39m

  Name "":
  [36m<li />[39m

  Name "":
  [36m<li />[39m

  Name "":
  [36m<li />[39m

  Name "":
  [36m<li />[39m

  Name "":
  [36m<li />[39m

  Name "":
  [36m<li />[39m

  Name "":
  [36m<li />[39m

  Name "":
  [36m<li />[39m

  Name "":
  [36m<li />[39m

  Name "":
  [36m<li />[39m

  Name "":
  [36m<li />[39m

  --------------------------------------------------

Ignored nodes: comments, script, style
[36m<body>[39m
  [36m<div>[39m
    [36m<div[39m
      [33mclass[39m=[32m"more-pane"[39m
    [36m>[39m
      [36m<div[39m
        [33mclass[39m=[32m"setting-block"[39m
      [36m>[39m
        [36m<div[39m
          [33mclass[39m=[32m"setting-row"[39m
        [36m>[39m
          [36m<div[39m
            [33mclass[39m=[32m"sr-text"[39m
          [36m>[39m
            [36m<div[39m
              [33mclass[39m=[32m"sr-label"[39m
            [36m>[39m
              [0mLanguage[0m
            [36m</div>[39m
          [36m</div>[39m
          [36m<div[39m
            [33mclass[39m=[32m"sr-ctrl"[39m
          [36m>[39m
            [36m<select[39m
              [33maria-label[39m=[32m"Language"[39m
              [33mclass[39m=[32m"sl-select"[39m
            [36m>[39m
              [36m<option[39m
                [33mvalue[39m=[32m"follow"[39m
              [36m>[39m
                [0mFollow System[0m
              [36m</option>[39m
            [36m</select>[39m
          [36m</div>[39m
        [36m</div>[39m
      [36m</div>[39m
      [36m<div[39m
        [33mclass[39m=[32m"setting-block"[39m
        [33mstyle[39m=[32m"margin-top: 14px;"[39m
      [36m>[39m
        [36m<div[39m
          [33mclass[39m=[32m"setting-row"[39m
        [36m>[39m
          [36m<div[39m
            [33mclass[39m=[32m"sr-text"[39m
          [36m>[39m
            [36m<div[39m
              [33mclass[39m=[32m"sr-label"[39m
            [36m>[39m
              [0mChoose window type when launching[0m
            [36m</div>[39m
          [36m</div>[39m
          [36m<div[39m
            [33mclass[39m=[32m"sr-ctrl"[39m
          [36m>[39m
            [36m<select[39m
              [33maria-label[39m=[32m"Choose window type when launching"[39m
              [33mclass[39m=[32m"sl-select"[39m
            [36m>[39m
              [36m<option[39m
                [33mvalue[39m=[32m"window"[39m
              [36m>[39m
                [0mWindow[0m
              [36m</option>[39m
              [36m<option[39m
                [33mvalue[39m=[32m"tray"[39m
              [36m>[39m
                [0mTray[0m
              [36m</option>[39m
              [36m<option[39m
                [33mvalue[39m=[32m"full"[39m
              [36m>[39m
                [0mFullscreen[0m
              [36m</option>[39m
            [36m</select>[39m
          [36m</div>[39m
        [36m</div>[39m
        [36m<div[39m
          [33mclass[39m=[32m"setting-row"[39m
        [36m>[39m
          [36m<div[39m
            [33mclass[39m=[32m"sr-text"[39m
          [36m>[39m
            [36m<div[39m
              [33mclass[39m=[32m"sr-label"[39m
            [36m>[39m
              [0mLaunch at Login[0m
            [36m</div>[39m
          [36m</div>[39m
          [36m<div[39m
            [33mclass[39m=[32m"sr-ctrl"[39m
          [36m>[39m
            [36m<button[39m
              [33maria-checked[39m=[32m"true"[39m
              [33maria-label[39m=[32m"Launch at Login"[39m
              [33mclass[39m=[32m"toggle on"[39m
              [33mrole[39m=[32m"switch"[39m
              [33mtype[39m=[32m"button"[39m
            [36m>[39m
              [36m<span[39m
                [33mclass[39m=[32m"toggle-knob"[39m
              [36m/>[39m
            [36m</button>[39m
          [36m</div>[39m
        [36m</div>[39m
        [36m<div[39m
          [33mclass[39m=[32m"setting-row"[39m
        [36m>[39m
          [36m<div[39m
            [33mclass[39m=[32m"sr-text"[39m
          [36m>[39m
            [36m<div[39m
              [33mclass[39m=[32m"sr-label"[39m
            [36m>[39m
              [0mMinimize app when auto launching[0m
            [36m</div>[39m
          [36m</div>[39m
          [36m<div[39m
            [33mclass[39m=[32m"sr-ctrl"[39m
          [36m>[39m
            [36m<button[39m
              [33maria-checked[39m=[32m"true"[39m
              [33maria-label[39m=[32m"Minimize app when auto launching"[39m
              [33mclass[39m=[32m"toggle on"[39m
              [33mrole[39m=[32m"switch"[39m
              [33mtype[39m=[32m"button"[39m
            [36m>[39m
              [36m<span[39m
                [33mclass[39m=[32m"toggle-knob"[39m
              [36m/>[39m
            [36m</button>[39m
          [36m</div>[39m
        [36m</div>[39m
      [36m</div>[39m
      [36m<h4[39m
        [33mclass[39m=[32m"pane-h-block"[39m
      [36m>[39m
        [0mSmart Recognition[0m
      [36m</h4>[39m
      [36m<div[39m
        [33mclass[39m=[32m"setting-block"[39m
      [36m>[39m
        [36m<div[39m
          [33mclass[39m=[32m"setting-row"[39m
        [36m>[39m
          [36m<div[39m
            [33mclass[39m=[32m"sr-text"[39m
          [36m>[39m
            [36m<div[39m
              [33mclass[39m=[32m"sr-label"[39m
            [36m>[39m
              [0mDate Recognition[0m
            [36m</div>[39m
            [36m<div[39m
              [33mclass[39m=[32m"sr-desc"[39m
            [36m>[39m
              [0mWhen adding tasks, recognize date and time information and automatically set reminders.[0m
            [36m</div>[39m
          [36m</div>[39m
          [36m<div[39m
            [33mclass[39m=[32m"sr-ctrl"[39m
          [36m>[39m
            [36m<button[39m
              [33maria-checked[39m=[32m"false"[39m
              [33maria-label[39m=[32m"Date Recognition"[39m
              [33mclass[39m=[32m"toggle"[39m
              [33mrole[39m=[32m"switch"[39m
              [33mtype[39m=[32m"button"[39m
            [36m>[39m
              [36m<span[39m
                [33mclass[39m=[32m"toggle-knob"[39m
              [36m/>[39m
            [36m</button>[39m
          [36m</div>[39m
        [36m</div>[39m
        [36m<div[39m
          [33mclass[39m=[32m"setting-row"[39m
        [36m>[39m
          [36m<div[39m
            [33mclass[39m=[32m"sr-text"[39m
          [36m>[39m
            [36m<div[39m
              [33mclass[39m=[32m"sr-label"[39m
            [36m>[39m
              [0mRemove text in tasks[0m
            [36m</div>[39m
          [36m</div>[39m
          [36m<div[39m
            [33mclass[39m=[32m"sr-ctrl"[39m
          [36m>[39m
            [36m<button[39m
              [33maria-label[39m=[32m"Remove text in tasks"[39m
              [33maria-pressed[39m=[32m"true"[39m
              [33mclass[39m=[32m"check-inline"[39m
              [33mtype[39m=[32m"button"[39m
            [36m>[39m
              [36m<span[39m
                [33maria-hidden[39m=[32m"true"[39m
                [33mclass[39m=[32m"cbx checked"[39m
              [36m/>[39m...
   ✓ all15 absent sources render registry defaults with zero mount writes or removes 69ms
   ✓ all15 absent sources are nonblocking and do not warn beforeunload 32ms
   ✓ all15 invalid sources preserve bytes and remain Reload-only without drafts 127ms
   ✓ device and account unavailable sources remain defaulted, nonblocking and Reload-only 43ms
   ✓ 'win_type' latest edit > retains the latest same-turn choice when its later write fails, then Retry recovers 125ms
   ✓ 'launch_at_login' latest edit > retains the latest same-turn choice when its later write fails, then Retry recovers  445ms
   ✓ 'minimize_on_launch' latest edit > retains the latest same-turn choice when its later write fails, then Retry recovers 134ms
   ✓ 'date_recognition' latest edit > retains the latest same-turn choice when its later write fails, then Retry recovers 123ms
   ✓ 'remove_date_text' latest edit > retains the latest same-turn choice when its later write fails, then Retry recovers 137ms
   ✓ 'remove_tags' latest edit > retains the latest same-turn choice when its later write fails, then Retry recovers 122ms
   ✓ 'url_parse' latest edit > retains the latest same-turn choice when its later write fails, then Retry recovers 123ms
   ✓ 'default_date' latest edit > retains the latest same-turn choice when its later write fails, then Retry recovers 118ms
   ✓ 'default_rem_due' latest edit > retains the latest same-turn choice when its later write fails, then Retry recovers 114ms
   ✓ 'default_rem_all' latest edit > retains the latest same-turn choice when its later write fails, then Retry recovers 114ms
   ✓ 'default_pri' latest edit > retains the latest same-turn choice when its later write fails, then Retry recovers 114ms
   ✓ 'default_tag' latest edit > retains the latest same-turn choice when its later write fails, then Retry recovers 107ms
   ✓ 'default_list' latest edit > retains the latest same-turn choice when its later write fails, then Retry recovers 100ms
   ✓ 'add_to' latest edit > retains the latest same-turn choice when its later write fails, then Retry recovers 113ms
   ✓ 'overdue_at' latest edit > retains the latest same-turn choice when its later write fails, then Retry recovers 104ms
   × malformed device and account select edits keep independent field errors and prior values 54ms
     → Unable to find an element with the text: Choose window type when launching has an invalid format.. This could be because the text is broken up by multiple elements. In this case, you can provide a function for your text matcher to make your matcher more flexible.

Ignored nodes: comments, script, style
[36m<body>[39m
  [36m<div>[39m
    [36m<div[39m
      [33mclass[39m=[32m"more-pane"[39m
    [36m>[39m
      [36m<div[39m
        [33mclass[39m=[32m"setting-block"[39m
      [36m>[39m
        [36m<div[39m
          [33mclass[39m=[32m"setting-row"[39m
        [36m>[39m
          [36m<div[39m
            [33mclass[39m=[32m"sr-text"[39m
          [36m>[39m
            [36m<div[39m
              [33mclass[39m=[32m"sr-label"[39m
            [36m>[39m
              [0mLanguage[0m
            [36m</div>[39m
          [36m</div>[39m
          [36m<div[39m
            [33mclass[39m=[32m"sr-ctrl"[39m
          [36m>[39m
            [36m<select[39m
              [33maria-label[39m=[32m"Language"[39m
              [33mclass[39m=[32m"sl-select"[39m
            [36m>[39m
              [36m<option[39m
                [33mvalue[39m=[32m"follow"[39m
              [36m>[39m
                [0mFollow System[0m
              [36m</option>[39m
            [36m</select>[39m
          [36m</div>[39m
        [36m</div>[39m
      [36m</div>[39m
      [36m<div[39m
        [33mclass[39m=[32m"setting-block"[39m
        [33mstyle[39m=[32m"margin-top: 14px;"[39m
      [36m>[39m
        [36m<div[39m
          [33mclass[39m=[32m"setting-row"[39m
        [36m>[39m
          [36m<div[39m
            [33mclass[39m=[32m"sr-text"[39m
          [36m>[39m
            [36m<div[39m
              [33mclass[39m=[32m"sr-label"[39m
            [36m>[39m
              [0mChoose window type when launching[0m
            [36m</div>[39m
          [36m</div>[39m
          [36m<div[39m
            [33mclass[39m=[32m"sr-ctrl"[39m
          [36m>[39m
            [36m<select[39m
              [33maria-label[39m=[32m"Choose window type when launching"[39m
              [33mclass[39m=[32m"sl-select"[39m
            [36m>[39m
              [36m<option[39m
                [33mvalue[39m=[32m"window"[39m
              [36m>[39m
                [0mWindow[0m
              [36m</option>[39m
              [36m<option[39m
                [33mvalue[39m=[32m"tray"[39m
              [36m>[39m
                [0mTray[0m
              [36m</option>[39m
              [36m<option[39m
                [33mvalue[39m=[32m"full"[39m
              [36m>[39m
                [0mFullscreen[0m
              [36m</option>[39m
            [36m</select>[39m
          [36m</div>[39m
        [36m</div>[39m
        [36m<div[39m
          [33mclass[39m=[32m"more-recovery-field"[39m
          [33mrole[39m=[32m"alert"[39m
        [36m>[39m
          [36m<span>[39m
            [0mChoose window type when launching has an invalid value.[0m
          [36m</span>[39m
        [36m</div>[39m
        [36m<div[39m
          [33mclass[39m=[32m"setting-row"[39m
        [36m>[39m
          [36m<div[39m
            [33mclass[39m=[32m"sr-text"[39m
          [36m>[39m
            [36m<div[39m
              [33mclass[39m=[32m"sr-label"[39m
            [36m>[39m
              [0mLaunch at Login[0m
            [36m</div>[39m
          [36m</div>[39m
          [36m<div[39m
            [33mclass[39m=[32m"sr-ctrl"[39m
          [36m>[39m
            [36m<button[39m
              [33maria-checked[39m=[32m"true"[39m
              [33maria-label[39m=[32m"Launch at Login"[39m
              [33mclass[39m=[32m"toggle on"[39m
              [33mrole[39m=[32m"switch"[39m
              [33mtype[39m=[32m"button"[39m
            [36m>[39m
              [36m<span[39m
                [33mclass[39m=[32m"toggle-knob"[39m
              [36m/>[39m
            [36m</button>[39m
          [36m</div>[39m
        [36m</div>[39m
        [36m<div[39m
          [33mclass[39m=[32m"setting-row"[39m
        [36m>[39m
          [36m<div[39m
            [33mclass[39m=[32m"sr-text"[39m
          [36m>[39m
            [36m<div[39m
              [33mclass[39m=[32m"sr-label"[39m
            [36m>[39m
              [0mMinimize app when auto launching[0m
            [36m</div>[39m
          [36m</div>[39m
          [36m<div[39m
            [33mclass[39m=[32m"sr-ctrl"[39m
          [36m>[39m
            [36m<button[39m
              [33maria-checked[39m=[32m"true"[39m
              [33maria-label[39m=[32m"Minimize app when auto launching"[39m
              [33mclass[39m=[32m"toggle on"[39m
              [33mrole[39m=[32m"switch"[39m
              [33mtype[39m=[32m"button"[39m
            [36m>[39m
              [36m<span[39m
                [33mclass[39m=[32m"toggle-knob"[39m
              [36m/>[39m
            [36m</button>[39m
          [36m</div>[39m
        [36m</div>[39m
      [36m</div>[39m
      [36m<h4[39m
        [33mclass[39m=[32m"pane-h-block"[39m
      [36m>[39m
        [0mSmart Recognition[0m
      [36m</h4>[39m
      [36m<div[39m
        [33mclass[39m=[32m"setting-block"[39m
      [36m>[39m
        [36m<div[39m
          [33mclass[39m=[32m"setting-row"[39m
        [36m>[39m
          [36m<div[39m
            [33mclass[39m=[32m"sr-text"[39m
          [36m>[39m
            [36m<div[39m
              [33mclass[39m=[32m"sr-label"[39m
            [36m>[39m
              [0mDate Recognition[0m
            [36m</div>[39m
            [36m<div[39m
              [33mclass[39m=[32m"sr-desc"[39m
            [36m>[39m
              [0mWhen adding tasks, recognize date and time information and automatically set reminders.[0m
            [36m</div>[39m
          [36m</div>[39m
          [36m<div[39m
            [33mclass[39m=[32m"sr-ctrl"[39m
          [36m>[39m
            [36m<button[39m
              [33maria-checked[39m=[32m"false"[39m
              [33maria-label[39m=[32m"Date Recognition"[39m
              [33mclass[39m=[32m"toggle"[39m
              [33mrole[39m=[32m"switch"[39m
              [33mtype[39m=[32m"button"[39m
            [36m>[39m
              [36m<span[39m
                [33mclass[39m=[32m"toggle-knob"[39m
              [36m/>[39m
            [36m</button>[39m
          [36m</div>[39m
        [36m</div>[39m
        [36m<div[39m
          [33mclass[39m=[32m"setting-row"[39m
        [36m>[39m
          [36m<div[39m
            [33mclass[39m=[32m"sr-text"[39m
          [36m>[39m
            [36m<div[39m
              [33mclass[39m=[32m"sr-label"[39m
            [36m>[39m
              [0mRemove text in tasks[0m
            [36m</div>[39m
          [36m</div>[39m
          [36m<div[39m
            [33mclass[39m=[32m"sr-ctrl"[39m
          [36m>[39m
            [36m<button[39m
              [33maria-label[39m=[32m"Remove text in tasks"[39m
              [33maria-pressed[39m=[32m"true"...

 Test Files  1 failed (1)
      Tests  2 failed | 20 passed (22)
   Start at  06:12:00
   Duration  8.19s (transform 803ms, setup 727ms, collect 621ms, tests 4.42s, environment 650ms, prepare 166ms)



⎯⎯⎯⎯⎯⎯⎯ Failed Tests 2 ⎯⎯⎯⎯⎯⎯⎯

 FAIL  docs/reviews/web-more-recovery-sol/fields.test.tsx > both span-only checkbox controls expose operable accessible checkbox roles
TestingLibraryElementError: Unable to find an accessible element with the role "checkbox" and name "Remove text in tasks"

Here are the accessible roles:

  combobox:

  Name "Language":
  [36m<select[39m
    [33maria-label[39m=[32m"Language"[39m
    [33mclass[39m=[32m"sl-select"[39m
  [36m/>[39m

  Name "Choose window type when launching":
  [36m<select[39m
    [33maria-label[39m=[32m"Choose window type when launching"[39m
    [33mclass[39m=[32m"sl-select"[39m
  [36m/>[39m

  Name "Default Date":
  [36m<select[39m
    [33maria-label[39m=[32m"Default Date"[39m
    [33mclass[39m=[32m"sl-select"[39m
  [36m/>[39m

  Name "Default Reminders (Due time task)":
  [36m<select[39m
    [33maria-label[39m=[32m"Default Reminders (Due time task)"[39m
    [33mclass[39m=[32m"sl-select"[39m
  [36m/>[39m

  Name "Default Reminders (All day task)":
  [36m<select[39m
    [33maria-label[39m=[32m"Default Reminders (All day task)"[39m
    [33mclass[39m=[32m"sl-select"[39m
  [36m/>[39m

  Name "Default Priority":
  [36m<select[39m
    [33maria-label[39m=[32m"Default Priority"[39m
    [33mclass[39m=[32m"sl-select"[39m
  [36m/>[39m

  Name "Default Tag":
  [36m<select[39m
    [33maria-label[39m=[32m"Default Tag"[39m
    [33mclass[39m=[32m"sl-select"[39m
  [36m/>[39m

  Name "Default List":
  [36m<select[39m
    [33maria-label[39m=[32m"Default List"[39m
    [33mclass[39m=[32m"sl-select"[39m
  [36m/>[39m

  Name "Default Add to":
  [36m<select[39m
    [33maria-label[39m=[32m"Default Add to"[39m
    [33mclass[39m=[32m"sl-select"[39m
  [36m/>[39m

  Name "Overdue Section shows at":
  [36m<select[39m
    [33maria-label[39m=[32m"Overdue Section shows at"[39m
    [33mclass[39m=[32m"sl-select"[39m
  [36m/>[39m

  --------------------------------------------------
  option:

  Name "Follow System":
  [36m<option[39m
    [33mvalue[39m=[32m"follow"[39m
  [36m/>[39m

  Name "Window":
  [36m<option[39m
    [33mvalue[39m=[32m"window"[39m
  [36m/>[39m

  Name "Tray":
  [36m<option[39m
    [33mvalue[39m=[32m"tray"[39m
  [36m/>[39m

  Name "Fullscreen":
  [36m<option[39m
    [33mvalue[39m=[32m"full"[39m
  [36m/>[39m

  Name "None":
  [36m<option[39m
    [33mvalue[39m=[32m"none"[39m
  [36m/>[39m

  Name "Today":
  [36m<option[39m
    [33mvalue[39m=[32m"today"[39m
  [36m/>[39m

  Name "Tomorrow":
  [36m<option[39m
    [33mvalue[39m=[32m"tomorrow"[39m
  [36m/>[39m

  Name "None":
  [36m<option[39m
    [33mvalue[39m=[32m"none"[39m
  [36m/>[39m

  Name "On time":
  [36m<option[39m
    [33mvalue[39m=[32m"on_time"[39m
  [36m/>[39m

  Name "5 min before":
  [36m<option[39m
    [33mvalue[39m=[32m"5min"[39m
  [36m/>[39m

  Name "15 min before":
  [36m<option[39m
    [33mvalue[39m=[32m"15min"[39m
  [36m/>[39m

  Name "None":
  [36m<option[39m
    [33mvalue[39m=[32m"none"[39m
  [36m/>[39m

  Name "At 9:00 AM":
  [36m<option[39m
    [33mvalue[39m=[32m"9am"[39m
  [36m/>[39m

  Name "Day before":
  [36m<option[39m
    [33mvalue[39m=[32m"day_before"[39m
  [36m/>[39m

  Name "No Priority":
  [36m<option[39m
    [33mvalue[39m=[32m"none"[39m
  [36m/>[39m

  Name "Low":
  [36m<option[39m
    [33mvalue[39m=[32m"low"[39m
  [36m/>[39m

  Name "Medium":
  [36m<option[39m
    [33mvalue[39m=[32m"med"[39m
  [36m/>[39m

  Name "High":
  [36m<option[39m
    [33mvalue[39m=[32m"high"[39m
  [36m/>[39m

  Name "None":
  [36m<option[39m
    [33mvalue[39m=[32m"none"[39m
  [36m/>[39m

  Name "Study":
  [36m<option[39m
    [33mvalue[39m=[32m"study"[39m
  [36m/>[39m

  Name "Work":
  [36m<option[39m
    [33mvalue[39m=[32m"work"[39m
  [36m/>[39m

  Name "Personal":
  [36m<option[39m
    [33mvalue[39m=[32m"personal"[39m
  [36m/>[39m

  Name "Inbox":
  [36m<option[39m
    [33mvalue[39m=[32m"inbox"[39m
  [36m/>[39m

  Name "Today":
  [36m<option[39m
    [33mvalue[39m=[32m"today"[39m
  [36m/>[39m

  Name "Top of List":
  [36m<option[39m
    [33mvalue[39m=[32m"top"[39m
  [36m/>[39m

  Name "Bottom of List":
  [36m<option[39m
    [33mvalue[39m=[32m"bottom"[39m
  [36m/>[39m

  Name "Top of List":
  [36m<option[39m
    [33mvalue[39m=[32m"top"[39m
  [36m/>[39m

  Name "Bottom of List":
  [36m<option[39m
    [33mvalue[39m=[32m"bottom"[39m
  [36m/>[39m

  --------------------------------------------------
  switch:

  Name "Launch at Login":
  [36m<button[39m
    [33maria-checked[39m=[32m"true"[39m
    [33maria-label[39m=[32m"Launch at Login"[39m
    [33mclass[39m=[32m"toggle on"[39m
    [33mrole[39m=[32m"switch"[39m
    [33mtype[39m=[32m"button"[39m
  [36m/>[39m

  Name "Minimize app when auto launching":
  [36m<button[39m
    [33maria-checked[39m=[32m"true"[39m
    [33maria-label[39m=[32m"Minimize app when auto launching"[39m
    [33mclass[39m=[32m"toggle on"[39m
    [33mrole[39m=[32m"switch"[39m
    [33mtype[39m=[32m"button"[39m
  [36m/>[39m

  Name "Date Recognition":
  [36m<button[39m
    [33maria-checked[39m=[32m"false"[39m
    [33maria-label[39m=[32m"Date Recognition"[39m
    [33mclass[39m=[32m"toggle"[39m
    [33mrole[39m=[32m"switch"[39m
    [33mtype[39m=[32m"button"[39m
  [36m/>[39m

  Name "URL Parsing":
  [36m<button[39m
    [33maria-checked[39m=[32m"false"[39m
    [33maria-label[39m=[32m"URL Parsing"[39m
    [33mclass[39m=[32m"toggle"[39m
    [33mrole[39m=[32m"switch"[39m
    [33mtype[39m=[32m"button"[39m
  [36m/>[39m

  --------------------------------------------------
  heading:

  Name "Smart Recognition":
  [36m<h4[39m
    [33mclass[39m=[32m"pane-h-block"[39m
  [36m/>[39m

  Name "Task Default":
  [36m<h4[39m
    [33mclass[39m=[32m"pane-h-block"[39m
  [36m/>[39m

  Name "Task Template":
  [36m<h4[39m
    [33mclass[39m=[32m"pane-h-block"[39m
  [36m/>[39m

  Name "Daily prep":
  [36m<h5 />[39m

  Name "Daily journal":
  [36m<h5 />[39m

  Name "Travel checklist":
  [36m<h5 />[39m

  --------------------------------------------------
  button:

  Name "Remove text in tasks":
  [36m<button[39m
    [33maria-label[39m=[32m"Remove text in tasks"[39m
    [33maria-pressed[39m=[32m"true"[39m
    [33mclass[39m=[32m"check-inline"[39m
    [33mtype[39m=[32m"button"[39m
  [36m/>[39m

  Name "Remove tags from task name":
  [36m<button[39m
    [33maria-label[39m=[32m"Remove tags from task name"[39m
    [33maria-pressed[39m=[32m"false"[39m
    [33mclass[39m=[32m"check-inline"[39m
    [33mtype[39m=[32m"button"[39m
  [36m/>[39m

  Name "Reset Default":
  [36m<button[39m
    [33mclass[39m=[32m"reset-link"[39m
    [33mdata-testid[39m=[32m"more-reset-default"[39m
    [33mtype[39m=[32m"button"[39m
  [36m/>[39m

  --------------------------------------------------
  list:

  Name "":
  [36m<ul />[39m

  Name "":
  [36m<ul />[39m

  Name "":
  [36m<ul />[39m

  --------------------------------------------------
  listitem:

  Name "":
  [36m<li />[39m

  Name "":
  [36m<li />[39m

  Name "":
  [36m<li />[39m

  Name "":
  [36m<li />[39m

  Name "":
  [36m<li />[39m

  Name "":
  [36m<li />[39m

  Name "":
  [36m<li />[39m

  Name "":
  [36m<li />[39m

  Name "":
  [36m<li />[39m

  Name "":
  [36m<li />[39m

  Name "":
  [36m<li />[39m

  Name "":
  [36m<li />[39m

  Name "":
  [36m<li />[39m

  --------------------------------------------------

Ignored nodes: comments, script, style
[36m<body>[39m
  [36m<div>[39m
    [36m<div[39m
      [33mclass[39m=[32m"more-pane"[39m
    [36m>[39m
      [36m<div[39m
        [33mclass[39m=[32m"setting-block"[39m
      [36m>[39m
        [36m<div[39m
          [33mclass[39m=[32m"setting-row"[39m
        [36m>[39m
          [36m<div[39m
            [33mclass[39m=[32m"sr-text"[39m
          [36m>[39m
            [36m<div[39m
              [33mclass[39m=[32m"sr-label"[39m
            [36m>[39m
              [0mLanguage[0m
            [36m</div>[39m
          [36m</div>[39m
          [36m<div[39m
            [33mclass[39m=[32m"sr-ctrl"[39m
          [36m>[39m
            [36m<select[39m
              [33maria-label[39m=[32m"Language"[39m
              [33mclass[39m=[32m"sl-select"[39m
            [36m>[39m
              [36m<option[39m
                [33mvalue[39m=[32m"follow"[39m
              [36m>[39m
                [0mFollow System[0m
              [36m</option>[39m
            [36m</select>[39m
          [36m</div>[39m
        [36m</div>[39m
      [36m</div>[39m
      [36m<div[39m
        [33mclass[39m=[32m"setting-block"[39m
        [33mstyle[39m=[32m"margin-top: 14px;"[39m
      [36m>[39m
        [36m<div[39m
          [33mclass[39m=[32m"setting-row"[39m
        [36m>[39m
          [36m<div[39m
            [33mclass[39m=[32m"sr-text"[39m
          [36m>[39m
            [36m<div[39m
              [33mclass[39m=[32m"sr-label"[39m
            [36m>[39m
              [0mChoose window type when launching[0m
            [36m</div>[39m
          [36m</div>[39m
          [36m<div[39m
            [33mclass[39m=[32m"sr-ctrl"[39m
          [36m>[39m
            [36m<select[39m
              [33maria-label[39m=[32m"Choose window type when launching"[39m
              [33mclass[39m=[32m"sl-select"[39m
            [36m>[39m
              [36m<option[39m
                [33mvalue[39m=[32m"window"[39m
              [36m>[39m
                [0mWindow[0m
              [36m</option>[39m
              [36m<option[39m
                [33mvalue[39m=[32m"tray"[39m
              [36m>[39m
                [0mTray[0m
              [36m</option>[39m
              [36m<option[39m
                [33mvalue[39m=[32m"full"[39m
              [36m>[39m
                [0mFullscreen[0m
              [36m</option>[39m
            [36m</select>[39m
          [36m</div>[39m
        [36m</div>[39m
        [36m<div[39m
          [33mclass[39m=[32m"setting-row"[39m
        [36m>[39m
          [36m<div[39m
            [33mclass[39m=[32m"sr-text"[39m
          [36m>[39m
            [36m<div[39m
              [33mclass[39m=[32m"sr-label"[39m
            [36m>[39m
              [0mLaunch at Login[0m
            [36m</div>[39m
          [36m</div>[39m
          [36m<div[39m
            [33mclass[39m=[32m"sr-ctrl"[39m
          [36m>[39m
            [36m<button[39m
              [33maria-checked[39m=[32m"true"[39m
              [33maria-label[39m=[32m"Launch at Login"[39m
              [33mclass[39m=[32m"toggle on"[39m
              [33mrole[39m=[32m"switch"[39m
              [33mtype[39m=[32m"button"[39m
            [36m>[39m
              [36m<span[39m
                [33mclass[39m=[32m"toggle-knob"[39m
              [36m/>[39m
            [36m</button>[39m
          [36m</div>[39m
        [36m</div>[39m
        [36m<div[39m
          [33mclass[39m=[32m"setting-row"[39m
        [36m>[39m
          [36m<div[39m
            [33mclass[39m=[32m"sr-text"[39m
          [36m>[39m
            [36m<div[39m
              [33mclass[39m=[32m"sr-label"[39m
            [36m>[39m
              [0mMinimize app when auto launching[0m
            [36m</div>[39m
          [36m</div>[39m
          [36m<div[39m
            [33mclass[39m=[32m"sr-ctrl"[39m
          [36m>[39m
            [36m<button[39m
              [33maria-checked[39m=[32m"true"[39m
              [33maria-label[39m=[32m"Minimize app when auto launching"[39m
              [33mclass[39m=[32m"toggle on"[39m
              [33mrole[39m=[32m"switch"[39m
              [33mtype[39m=[32m"button"[39m
            [36m>[39m
              [36m<span[39m
                [33mclass[39m=[32m"toggle-knob"[39m
              [36m/>[39m
            [36m</button>[39m
          [36m</div>[39m
        [36m</div>[39m
      [36m</div>[39m
      [36m<h4[39m
        [33mclass[39m=[32m"pane-h-block"[39m
      [36m>[39m
        [0mSmart Recognition[0m
      [36m</h4>[39m
      [36m<div[39m
        [33mclass[39m=[32m"setting-block"[39m
      [36m>[39m
        [36m<div[39m
          [33mclass[39m=[32m"setting-row"[39m
        [36m>[39m
          [36m<div[39m
            [33mclass[39m=[32m"sr-text"[39m
          [36m>[39m
            [36m<div[39m
              [33mclass[39m=[32m"sr-label"[39m
            [36m>[39m
              [0mDate Recognition[0m
            [36m</div>[39m
            [36m<div[39m
              [33mclass[39m=[32m"sr-desc"[39m
            [36m>[39m
              [0mWhen adding tasks, recognize date and time information and automatically set reminders.[0m
            [36m</div>[39m
          [36m</div>[39m
          [36m<div[39m
            [33mclass[39m=[32m"sr-ctrl"[39m
          [36m>[39m
            [36m<button[39m
              [33maria-checked[39m=[32m"false"[39m
              [33maria-label[39m=[32m"Date Recognition"[39m
              [33mclass[39m=[32m"toggle"[39m
              [33mrole[39m=[32m"switch"[39m
              [33mtype[39m=[32m"button"[39m
            [36m>[39m
              [36m<span[39m
                [33mclass[39m=[32m"toggle-knob"[39m
              [36m/>[39m
            [36m</button>[39m
          [36m</div>[39m
        [36m</div>[39m
        [36m<div[39m
          [33mclass[39m=[32m"setting-row"[39m
        [36m>[39m
          [36m<div[39m
            [33mclass[39m=[32m"sr-text"[39m
          [36m>[39m
            [36m<div[39m
              [33mclass[39m=[32m"sr-label"[39m
            [36m>[39m
              [0mRemove text in tasks[0m
            [36m</div>[39m
          [36m</div>[39m
          [36m<div[39m
            [33mclass[39m=[32m"sr-ctrl"[39m
          [36m>[39m
            [36m<button[39m
              [33maria-label[39m=[32m"Remove text in tasks"[39m
              [33maria-pressed[39m=[32m"true"[39m
              [33mclass[39m=[32m"check-inline"[39m
              [33mtype[39m=[32m"button"[39m
            [36m>[39m
              [36m<span[39m
                [33maria-hidden[39m=[32m"true"[39m
                [33mclass[39m=[32m"cbx checked"[39m
              [36m/>[39m...
 ❯ Object.getElementError ../../../../../../Users/lijinlong/Desktop/Jinlong_Project/Coding_project/AI_Desktop/XAI_Desktop/node_modules/.pnpm/@testing-library+dom@10.4.1/node_modules/@testing-library/dom/dist/config.js:37:19
 ❯ ../../../../../../Users/lijinlong/Desktop/Jinlong_Project/Coding_project/AI_Desktop/XAI_Desktop/node_modules/.pnpm/@testing-library+dom@10.4.1/node_modules/@testing-library/dom/dist/query-helpers.js:76:38
 ❯ ../../../../../../Users/lijinlong/Desktop/Jinlong_Project/Coding_project/AI_Desktop/XAI_Desktop/node_modules/.pnpm/@testing-library+dom@10.4.1/node_modules/@testing-library/dom/dist/query-helpers.js:52:17
 ❯ ../../../../../../Users/lijinlong/Desktop/Jinlong_Project/Coding_project/AI_Desktop/XAI_Desktop/node_modules/.pnpm/@testing-library+dom@10.4.1/node_modules/@testing-library/dom/dist/query-helpers.js:95:19
 ❯ docs/reviews/web-more-recovery-sol/fields.test.tsx:14:119

⎯⎯⎯⎯⎯⎯⎯⎯⎯⎯⎯⎯⎯⎯⎯⎯⎯⎯⎯⎯⎯⎯⎯⎯[1/2]⎯

 FAIL  docs/reviews/web-more-recovery-sol/fields.test.tsx > malformed device and account select edits keep independent field errors and prior values
TestingLibraryElementError: Unable to find an element with the text: Choose window type when launching has an invalid format.. This could be because the text is broken up by multiple elements. In this case, you can provide a function for your text matcher to make your matcher more flexible.

Ignored nodes: comments, script, style
[36m<body>[39m
  [36m<div>[39m
    [36m<div[39m
      [33mclass[39m=[32m"more-pane"[39m
    [36m>[39m
      [36m<div[39m
        [33mclass[39m=[32m"setting-block"[39m
      [36m>[39m
        [36m<div[39m
          [33mclass[39m=[32m"setting-row"[39m
        [36m>[39m
          [36m<div[39m
            [33mclass[39m=[32m"sr-text"[39m
          [36m>[39m
            [36m<div[39m
              [33mclass[39m=[32m"sr-label"[39m
            [36m>[39m
              [0mLanguage[0m
            [36m</div>[39m
          [36m</div>[39m
          [36m<div[39m
            [33mclass[39m=[32m"sr-ctrl"[39m
          [36m>[39m
            [36m<select[39m
              [33maria-label[39m=[32m"Language"[39m
              [33mclass[39m=[32m"sl-select"[39m
            [36m>[39m
              [36m<option[39m
                [33mvalue[39m=[32m"follow"[39m
              [36m>[39m
                [0mFollow System[0m
              [36m</option>[39m
            [36m</select>[39m
          [36m</div>[39m
        [36m</div>[39m
      [36m</div>[39m
      [36m<div[39m
        [33mclass[39m=[32m"setting-block"[39m
        [33mstyle[39m=[32m"margin-top: 14px;"[39m
      [36m>[39m
        [36m<div[39m
          [33mclass[39m=[32m"setting-row"[39m
        [36m>[39m
          [36m<div[39m
            [33mclass[39m=[32m"sr-text"[39m
          [36m>[39m
            [36m<div[39m
              [33mclass[39m=[32m"sr-label"[39m
            [36m>[39m
              [0mChoose window type when launching[0m
            [36m</div>[39m
          [36m</div>[39m
          [36m<div[39m
            [33mclass[39m=[32m"sr-ctrl"[39m
          [36m>[39m
            [36m<select[39m
              [33maria-label[39m=[32m"Choose window type when launching"[39m
              [33mclass[39m=[32m"sl-select"[39m
            [36m>[39m
              [36m<option[39m
                [33mvalue[39m=[32m"window"[39m
              [36m>[39m
                [0mWindow[0m
              [36m</option>[39m
              [36m<option[39m
                [33mvalue[39m=[32m"tray"[39m
              [36m>[39m
                [0mTray[0m
              [36m</option>[39m
              [36m<option[39m
                [33mvalue[39m=[32m"full"[39m
              [36m>[39m
                [0mFullscreen[0m
              [36m</option>[39m
            [36m</select>[39m
          [36m</div>[39m
        [36m</div>[39m
        [36m<div[39m
          [33mclass[39m=[32m"more-recovery-field"[39m
          [33mrole[39m=[32m"alert"[39m
        [36m>[39m
          [36m<span>[39m
            [0mChoose window type when launching has an invalid value.[0m
          [36m</span>[39m
        [36m</div>[39m
        [36m<div[39m
          [33mclass[39m=[32m"setting-row"[39m
        [36m>[39m
          [36m<div[39m
            [33mclass[39m=[32m"sr-text"[39m
          [36m>[39m
            [36m<div[39m
              [33mclass[39m=[32m"sr-label"[39m
            [36m>[39m
              [0mLaunch at Login[0m
            [36m</div>[39m
          [36m</div>[39m
          [36m<div[39m
            [33mclass[39m=[32m"sr-ctrl"[39m
          [36m>[39m
            [36m<button[39m
              [33maria-checked[39m=[32m"true"[39m
              [33maria-label[39m=[32m"Launch at Login"[39m
              [33mclass[39m=[32m"toggle on"[39m
              [33mrole[39m=[32m"switch"[39m
              [33mtype[39m=[32m"button"[39m
            [36m>[39m
              [36m<span[39m
                [33mclass[39m=[32m"toggle-knob"[39m
              [36m/>[39m
            [36m</button>[39m
          [36m</div>[39m
        [36m</div>[39m
        [36m<div[39m
          [33mclass[39m=[32m"setting-row"[39m
        [36m>[39m
          [36m<div[39m
            [33mclass[39m=[32m"sr-text"[39m
          [36m>[39m
            [36m<div[39m
              [33mclass[39m=[32m"sr-label"[39m
            [36m>[39m
              [0mMinimize app when auto launching[0m
            [36m</div>[39m
          [36m</div>[39m
          [36m<div[39m
            [33mclass[39m=[32m"sr-ctrl"[39m
          [36m>[39m
            [36m<button[39m
              [33maria-checked[39m=[32m"true"[39m
              [33maria-label[39m=[32m"Minimize app when auto launching"[39m
              [33mclass[39m=[32m"toggle on"[39m
              [33mrole[39m=[32m"switch"[39m
              [33mtype[39m=[32m"button"[39m
            [36m>[39m
              [36m<span[39m
                [33mclass[39m=[32m"toggle-knob"[39m
              [36m/>[39m
            [36m</button>[39m
          [36m</div>[39m
        [36m</div>[39m
      [36m</div>[39m
      [36m<h4[39m
        [33mclass[39m=[32m"pane-h-block"[39m
      [36m>[39m
        [0mSmart Recognition[0m
      [36m</h4>[39m
      [36m<div[39m
        [33mclass[39m=[32m"setting-block"[39m
      [36m>[39m
        [36m<div[39m
          [33mclass[39m=[32m"setting-row"[39m
        [36m>[39m
          [36m<div[39m
            [33mclass[39m=[32m"sr-text"[39m
          [36m>[39m
            [36m<div[39m
              [33mclass[39m=[32m"sr-label"[39m
            [36m>[39m
              [0mDate Recognition[0m
            [36m</div>[39m
            [36m<div[39m
              [33mclass[39m=[32m"sr-desc"[39m
            [36m>[39m
              [0mWhen adding tasks, recognize date and time information and automatically set reminders.[0m
            [36m</div>[39m
          [36m</div>[39m
          [36m<div[39m
            [33mclass[39m=[32m"sr-ctrl"[39m
          [36m>[39m
            [36m<button[39m
              [33maria-checked[39m=[32m"false"[39m
              [33maria-label[39m=[32m"Date Recognition"[39m
              [33mclass[39m=[32m"toggle"[39m
              [33mrole[39m=[32m"switch"[39m
              [33mtype[39m=[32m"button"[39m
            [36m>[39m
              [36m<span[39m
                [33mclass[39m=[32m"toggle-knob"[39m
              [36m/>[39m
            [36m</button>[39m
          [36m</div>[39m
        [36m</div>[39m
        [36m<div[39m
          [33mclass[39m=[32m"setting-row"[39m
        [36m>[39m
          [36m<div[39m
            [33mclass[39m=[32m"sr-text"[39m
          [36m>[39m
            [36m<div[39m
              [33mclass[39m=[32m"sr-label"[39m
            [36m>[39m
              [0mRemove text in tasks[0m
            [36m</div>[39m
          [36m</div>[39m
          [36m<div[39m
            [33mclass[39m=[32m"sr-ctrl"[39m
          [36m>[39m
            [36m<button[39m
              [33maria-label[39m=[32m"Remove text in tasks"[39m
              [33maria-pressed[39m=[32m"true"...
 ❯ Object.getElementError ../../../../../../Users/lijinlong/Desktop/Jinlong_Project/Coding_project/AI_Desktop/XAI_Desktop/node_modules/.pnpm/@testing-library+dom@10.4.1/node_modules/@testing-library/dom/dist/config.js:37:19
 ❯ ../../../../../../Users/lijinlong/Desktop/Jinlong_Project/Coding_project/AI_Desktop/XAI_Desktop/node_modules/.pnpm/@testing-library+dom@10.4.1/node_modules/@testing-library/dom/dist/query-helpers.js:76:38
 ❯ ../../../../../../Users/lijinlong/Desktop/Jinlong_Project/Coding_project/AI_Desktop/XAI_Desktop/node_modules/.pnpm/@testing-library+dom@10.4.1/node_modules/@testing-library/dom/dist/query-helpers.js:52:17
 ❯ ../../../../../../Users/lijinlong/Desktop/Jinlong_Project/Coding_project/AI_Desktop/XAI_Desktop/node_modules/.pnpm/@testing-library+dom@10.4.1/node_modules/@testing-library/dom/dist/query-helpers.js:95:19
 ❯ docs/reviews/web-more-recovery-sol/fields.test.tsx:54:97

⎯⎯⎯⎯⎯⎯⎯⎯⎯⎯⎯⎯⎯⎯⎯⎯⎯⎯⎯⎯⎯⎯⎯⎯[2/2]⎯
