{
  "revision": "d9d9fdd",
  "sha": "d9d9fdde211e19fc258f97e7184a8ee77338d80c",
  "workspaceLinks": "archive",
  "results": [
    {
      "name": "web-types",
      "exit": 0,
      "stdout": "",
      "stderr": ""
    },
    {
      "name": "web-lint",
      "exit": 0,
      "stdout": "",
      "stderr": ""
    },
    {
      "name": "settings-types",
      "exit": 0,
      "stdout": "",
      "stderr": ""
    },
    {
      "name": "settings-lint",
      "exit": 0,
      "stdout": "",
      "stderr": ""
    },
    {
      "name": "storage-types",
      "exit": 0,
      "stdout": "",
      "stderr": ""
    }
  ]
}
