requested_revision=24073b5
resolved_commit=24073b522262d8b4bec0abfa29347db28adbdd9e
resolved_tree=95b4aaff59927eee82248a6133e357e9c70e04ec
appearance_package_tree=4a55201cf0b55ed76c272e90006b5986790d0a2f shell_package_tree=372b08be267a7dd7f734c8ff0c770a7ca3a87cf1 web_app_tree=23f1070ec28841df45d13c12f0523e679f46dcba
mode=bytes
suffix=fixed1
command=XAI_DEPS_ROOT=/Users/lijinlong/Desktop/Jinlong_Project/Coding_project/AI_Desktop/XAI_Desktop node docs/reviews/web-appearance-recovery-sol/verify-fixed.mjs 24073b5 bytes fixed1
runner_checkout_head=662de52798fe78b2228c7120a98d6d5838a51a46
vitest_bin=/Users/lijinlong/Desktop/Jinlong_Project/Coding_project/AI_Desktop/XAI_Desktop/packages/xai-web-settings-appearance/node_modules/.bin/vitest
vitest_version=3.2.7 vite_version=7.3.6 jsdom_version=26.1.0 typescript_version=5.9.2 node=v24.16.0 platform=darwin-arm64 tz=America/Los_Angeles
dependency_root=/Users/lijinlong/Desktop/Jinlong_Project/Coding_project/AI_Desktop/XAI_Desktop
lockfile_gate_sha256=df05f2ddfd7f2d04d526ec3cccf6559991686188a0e4bcbc48d2b0451c9aeab9
dependency_lockfile_sha256=df05f2ddfd7f2d04d526ec3cccf6559991686188a0e4bcbc48d2b0451c9aeab9
archive_lockfile_sha256=df05f2ddfd7f2d04d526ec3cccf6559991686188a0e4bcbc48d2b0451c9aeab9
extracted_lockfile_sha256=df05f2ddfd7f2d04d526ec3cccf6559991686188a0e4bcbc48d2b0451c9aeab9
oracle_sha256 fixture.tsx=acd26ad860c90e1a688232db2f8da4b2d016b7a537d53afb3fea528f584666e3 bytes.test.tsx=c8338077dab16ca2e095a82dce2d667797d9a33bce8f666a78a57082930e45b0 fields.test.tsx=3ff72da5b1a037b0bbd93fbb910cb0772c6306d495871d8a5fb14c3305acc794 reset.test.tsx=3f9f3f86570c1c8f9350532fb0a5fbc03c2a4f92ac74e9fa959956811a2e6595 queues.test.tsx=1d6c85c28224a2fc1dace8ee754873fd3d2b716264f9b812c753a816b6ac2d66 continuity-export.test.tsx=776da524f7479e03d067c2426345df1fb30e518581c7bbfd33a0f1d0838e79ce host.test.tsx=49528aa335cb9f2db87faf152656b6c55011bf5856b69998c9c31dabbffc3eab retry-all.test.tsx=d851c75a5ca80470e928b52425521d8b549d3e91738796ac9f84708d793c513c verify-fixed.mjs=a451df6aa05fcae5b6fb77266d6ef8d990b4e97b91755c0723f442239fbf5c1e
archive_file_sha256 packages/xai-web-settings-appearance/src/AppearancePane.tsx=0818f7ee1cb9b525e6fac603ba4958b175dd401e0fd754d05ed3ac7d88e27c8f packages/xai-web-settings-appearance/src/internal/appearancePane.tsx=34b938200d1a43a9e73b1e5e6397ed7014ca763abb5082040d72cd309f43309c packages/xai-web-settings-appearance/src/types.ts=40a72a058ba1e4b64f40afe8a31d590935d800e786d065248a8030f3137eeae3 packages/xai-web-settings-appearance/src/index.ts=9113e85cab3eee31e1f54e5220b87e8d8eac69a48f73b2697a8662dac1d5caef packages/xai-web-settings-appearance/src/styles.css=c3d3393d48b98b61aa4f218d4eec7ff61ed56b5ab2961961e368f3d24ba192bf packages/xai-web-settings-appearance/vitest.setup.ts=8f6aedf733a84b6244bde5e8be1421625cf2eccab78683488963f0e749a9057e packages/xai-web-settings-appearance/vitest.config.ts=d12410da12f81e89d4aa07db2fc0856d3b58768e398809d3e31942052bc465c6 apps/web/src/App.tsx=24461a52a34c83d9e9e51dc92d99db6d76e4c56435bec3e5293e0937a8cc935a packages/xai-web-shell/src/Topbar.tsx=87b243344cb055d0a55b5e749bfeceb97b16c6a72a442ee1f990a76ced74c1f0 packages/xai-web-shell/src/Shell.tsx=1f5fc6c7281c74d1c08b5fac99d90feae79637f5c349fa38823dc2f042428c5f packages/xai-web-shell/src/types.ts=ada0b296ed314bdb74b8847dac2b6a20bc3ffc297ded929b7f4f8ad09a88d93a apps/web/src/routes/modules/departureCoordinator.tsx=0844a697b146b07fceb1835da7c4410db8812bc07bdea362f3386e991a2bc075 packages/plugin-web-settings-shell/src/SettingsFooter.tsx=afecc734e7a96a8f7d289de2c3f6def5a1391c72e59f2fa61700f67a691c76ce packages/plugin-web-storage/src/internal/usePrefAsync.ts=541fae97413104b8db90c20d7b565a5492f17fc74d79b3e975f954d7189a4491 packages/plugin-web-storage/src/internal/prefMutation.ts=3f8840ac8e7e824ddc9aacb6839d19a0602244235dbfd542f686ca749125ec00 packages/plugin-web-storage/src/internal/usePref.ts=e1f2c9131cb9a00a2dff3951f4c95b2a7ad68692d0bf409b0ef511df137fa188 packages/plugin-web-storage/src/internal/storage.ts=b51bcaa0de96cb9731df1253d256896397286cdbdad2ff9285984be15ebd6421 packages/plugin-web-storage/src/AccountDataGate.tsx=7519485bb7bbec8765909ae1855391e0458ca6a2a18ef6f81fa0fcac472328b9
oracle_dependency_links react->node_modules/.pnpm/react@19.2.0/node_modules/react@19.2.0 react-dom->node_modules/.pnpm/react-dom@19.2.0_react@19.2.0/node_modules/react-dom@19.2.0 @testing-library/react->node_modules/.pnpm/@testing-library+react@16.3.2_@testing-library+dom@10.4.1_@types+react-dom@19.2.2_@types+reac_e3xwhmuswug3dvrnpc5jogthwq/node_modules/@testing-library/react@16.3.2 @testing-library/user-event->node_modules/.pnpm/@testing-library+user-event@14.6.1_@testing-library+dom@10.4.1/node_modules/@testing-library/user-event@14.6.1 react-router->node_modules/.pnpm/react-router@7.15.1_react-dom@19.2.0_react@19.2.0__react@19.2.0/node_modules/react-router@7.15.1 vitest->node_modules/.pnpm/vitest@3.2.7_@types+node@22.15.3_jsdom@26.1.0/node_modules/vitest@3.2.7 @types/react->node_modules/.pnpm/@types+react@19.2.2/node_modules/@types/react@19.2.2
node_modules_links third_party=448 workspace=281
tsconfig_extends_unresolved=none (checked 46)
aliases=75 exact-match archive export specifiers
run[0] bytes.test.tsx: include=docs/reviews/web-appearance-recovery-sol/bytes.test.tsx vitest_args=run --config /private/var/folders/zk/bxw8sv_15xx51q2mf6xhdb8c0000gn/T/xai-appearance-sol-pGJx8r/appearance-sol-bytes-0.vitest.config.mjs --reporter=verbose --reporter=json --outputFile.json=/private/var/folders/zk/bxw8sv_15xx51q2mf6xhdb8c0000gn/T/xai-appearance-sol-pGJx8r/.report-bytes-0.json vitest_exit=0 cases=65 passed=65 failed=0 precondition_failures=0 suite_errors=0 unhandled_error_lines=0 json_report=success=true numTotalTests=65 numPassedTests=65 numFailedTests=0
exit=0
harness_checks=PASS (6/6)
==== run[0] bytes.test.tsx ====
---- stdout ----

 RUN  v3.2.7 /private/var/folders/zk/bxw8sv_15xx51q2mf6xhdb8c0000gn/T/xai-appearance-sol-pGJx8r

stdout | docs/reviews/web-appearance-recovery-sol/bytes.test.tsx > FIXTURE F-B002 the storage wrappers record and delegate exactly once, never re-enter Storage and never call accountScope helpers
SOL-OBS F-B002 self-check {"nested":0,"tripwire":0,"delegatedPerCall":[1,1,0,1,1,0,1,0,0,0]}

 ✓ docs/reviews/web-appearance-recovery-sol/bytes.test.tsx > FIXTURE F-B002 the storage wrappers record and delegate exactly once, never re-enter Storage and never call accountScope helpers 3ms
 ✓ docs/reviews/web-appearance-recovery-sol/bytes.test.tsx > FIXTURE the attempt-counting Storage injector logs before delegation, faults precisely and proves firing 1ms
 ✓ docs/reviews/web-appearance-recovery-sol/bytes.test.tsx > FIXTURE the exclusive Web Lock fixture serves async grants, holds, programmed holds, denial and a missing capability 67ms
 ✓ docs/reviews/web-appearance-recovery-sol/bytes.test.tsx > FIXTURE accountScope transitions, confirm recorder, StorageEvent counter, bus spy, unload probe, download harness and media query are observable 22ms
 ✓ docs/reviews/web-appearance-recovery-sol/bytes.test.tsx > FIXTURE the production App mounts at /app/settings/appearance with only the auth-session hook substituted, real modules and no network 123ms
 ✓ docs/reviews/web-appearance-recovery-sol/bytes.test.tsx > PC §2 §10.11 lifecycle: the seven keys are device preferences with device-recovery export, retain and retain-on-device; physical key = logical key 2ms
 ✓ docs/reviews/web-appearance-recovery-sol/bytes.test.tsx > PC §5.1 absence displays and applies every default on the pane, the document and the Topbar 207ms
 ✓ docs/reviews/web-appearance-recovery-sol/bytes.test.tsx > PC §5.1 loading the App on the Appearance route, opening and closing the Topbar popover, unmounting and reloading make zero set/remove attempts on every key (absent) 172ms
stdout | docs/reviews/web-appearance-recovery-sol/bytes.test.tsx > PC §5.1 with valid stored bytes for all seven keys the App mount, popover and reload make zero set/remove attempts on every key
SOL-OBS stored-valid display {"pane":{"lang":"zh","theme":"dark","density":"compact","accentHue":230,"bgTone":"mist","railPos":"right","fontScale":1.1},"document":{"lang":"zh","theme":"dark","density":"compact","accentHue":230,"bgTone":"mist","railPos":"right","fontScale":1.1},"topbar":"中文 · 深色 · 紧凑"}

 ✓ docs/reviews/web-appearance-recovery-sol/bytes.test.tsx > PC §5.1 with valid stored bytes for all seven keys the App mount, popover and reload make zero set/remove attempts on every key 414ms
stdout | docs/reviews/web-appearance-recovery-sol/bytes.test.tsx > PC §5.1 loading the App on /app/tasks, navigating to the pane and back makes zero set/remove attempts on the seven keys
SOL-OBS other-key writes on /app/tasks (outside the unit) []

 ✓ docs/reviews/web-appearance-recovery-sol/bytes.test.tsx > PC §5.1 loading the App on /app/tasks, navigating to the pane and back makes zero set/remove attempts on the seven keys 301ms
 ✓ docs/reviews/web-appearance-recovery-sol/bytes.test.tsx > §10.1 pane values (33) > covers exactly 33 pane values 0ms
 ✓ docs/reviews/web-appearance-recovery-sol/bytes.test.tsx > §10.1 pane values (33) > PC §10.1 pane 'lang'='en' ('control') persists exact bytes and displays and applies the choice 140ms
 ✓ docs/reviews/web-appearance-recovery-sol/bytes.test.tsx > §10.1 pane values (33) > PC §10.1 pane 'lang'='zh' ('control') persists exact bytes and displays and applies the choice 155ms
 ✓ docs/reviews/web-appearance-recovery-sol/bytes.test.tsx > §10.1 pane values (33) > PC §10.1 pane 'theme'='light' ('control') persists exact bytes and displays and applies the choice 91ms
 ✓ docs/reviews/web-appearance-recovery-sol/bytes.test.tsx > §10.1 pane values (33) > PC §10.1 pane 'theme'='dark' ('control') persists exact bytes and displays and applies the choice 85ms
 ✓ docs/reviews/web-appearance-recovery-sol/bytes.test.tsx > §10.1 pane values (33) > PC §10.1 pane 'theme'='system' ('control') persists exact bytes and displays and applies the choice 89ms
 ✓ docs/reviews/web-appearance-recovery-sol/bytes.test.tsx > §10.1 pane values (33) > PC §10.1 pane 'density'='comfortable' ('control') persists exact bytes and displays and applies the choice 113ms
 ✓ docs/reviews/web-appearance-recovery-sol/bytes.test.tsx > §10.1 pane values (33) > PC §10.1 pane 'density'='compact' ('control') persists exact bytes and displays and applies the choice 112ms
 ✓ docs/reviews/web-appearance-recovery-sol/bytes.test.tsx > §10.1 pane values (33) > PC §10.1 pane 'fontScale'=0.85 ('slider') persists exact bytes and displays and applies the choice 85ms
 ✓ docs/reviews/web-appearance-recovery-sol/bytes.test.tsx > §10.1 pane values (33) > PC §10.1 pane 'fontScale'=0.9 ('slider') persists exact bytes and displays and applies the choice 86ms
 ✓ docs/reviews/web-appearance-recovery-sol/bytes.test.tsx > §10.1 pane values (33) > PC §10.1 pane 'fontScale'=0.95 ('slider') persists exact bytes and displays and applies the choice 92ms
 ✓ docs/reviews/web-appearance-recovery-sol/bytes.test.tsx > §10.1 pane values (33) > PC §10.1 pane 'fontScale'=1 ('slider') persists exact bytes and displays and applies the choice 115ms
 ✓ docs/reviews/web-appearance-recovery-sol/bytes.test.tsx > §10.1 pane values (33) > PC §10.1 pane 'fontScale'=1.05 ('slider') persists exact bytes and displays and applies the choice 89ms
 ✓ docs/reviews/web-appearance-recovery-sol/bytes.test.tsx > §10.1 pane values (33) > PC §10.1 pane 'fontScale'=1.1 ('slider') persists exact bytes and displays and applies the choice 87ms
 ✓ docs/reviews/web-appearance-recovery-sol/bytes.test.tsx > §10.1 pane values (33) > PC §10.1 pane 'fontScale'=1.15 ('slider') persists exact bytes and displays and applies the choice 79ms
 ✓ docs/reviews/web-appearance-recovery-sol/bytes.test.tsx > §10.1 pane values (33) > PC §10.1 pane 'accentHue'=165 ('control') persists exact bytes and displays and applies the choice 84ms
 ✓ docs/reviews/web-appearance-recovery-sol/bytes.test.tsx > §10.1 pane values (33) > PC §10.1 pane 'accentHue'=230 ('control') persists exact bytes and displays and applies the choice 85ms
 ✓ docs/reviews/web-appearance-recovery-sol/bytes.test.tsx > §10.1 pane values (33) > PC §10.1 pane 'accentHue'=35 ('control') persists exact bytes and displays and applies the choice 88ms
 ✓ docs/reviews/web-appearance-recovery-sol/bytes.test.tsx > §10.1 pane values (33) > PC §10.1 pane 'accentHue'=355 ('control') persists exact bytes and displays and applies the choice 87ms
 ✓ docs/reviews/web-appearance-recovery-sol/bytes.test.tsx > §10.1 pane values (33) > PC §10.1 pane 'accentHue'=295 ('control') persists exact bytes and displays and applies the choice 99ms
 ✓ docs/reviews/web-appearance-recovery-sol/bytes.test.tsx > §10.1 pane values (33) > PC §10.1 pane 'accentHue'=75 ('control') persists exact bytes and displays and applies the choice 117ms
 ✓ docs/reviews/web-appearance-recovery-sol/bytes.test.tsx > §10.1 pane values (33) > PC §10.1 pane 'accentHue'=+0 ('slider') persists exact bytes and displays and applies the choice 90ms
 ✓ docs/reviews/web-appearance-recovery-sol/bytes.test.tsx > §10.1 pane values (33) > PC §10.1 pane 'accentHue'=220 ('slider') persists exact bytes and displays and applies the choice 90ms
 ✓ docs/reviews/web-appearance-recovery-sol/bytes.test.tsx > §10.1 pane values (33) > PC §10.1 pane 'accentHue'=360 ('slider') persists exact bytes and displays and applies the choice 87ms
 ✓ docs/reviews/web-appearance-recovery-sol/bytes.test.tsx > §10.1 pane values (33) > PC §10.1 pane 'railPos'='left' ('control') persists exact bytes and displays and applies the choice 106ms
 ✓ docs/reviews/web-appearance-recovery-sol/bytes.test.tsx > §10.1 pane values (33) > PC §10.1 pane 'railPos'='right' ('control') persists exact bytes and displays and applies the choice 97ms
 ✓ docs/reviews/web-appearance-recovery-sol/bytes.test.tsx > §10.1 pane values (33) > PC §10.1 pane 'railPos'='top' ('control') persists exact bytes and displays and applies the choice 82ms
 ✓ docs/reviews/web-appearance-recovery-sol/bytes.test.tsx > §10.1 pane values (33) > PC §10.1 pane 'railPos'='bottom' ('control') persists exact bytes and displays and applies the choice 86ms
 ✓ docs/reviews/web-appearance-recovery-sol/bytes.test.tsx > §10.1 pane values (33) > PC §10.1 pane 'bgTone'='default' ('control') persists exact bytes and displays and applies the choice 83ms
 ✓ docs/reviews/web-appearance-recovery-sol/bytes.test.tsx > §10.1 pane values (33) > PC §10.1 pane 'bgTone'='cream' ('control') persists exact bytes and displays and applies the choice 84ms
 ✓ docs/reviews/web-appearance-recovery-sol/bytes.test.tsx > §10.1 pane values (33) > PC §10.1 pane 'bgTone'='mist' ('control') persists exact bytes and displays and applies the choice 91ms
 ✓ docs/reviews/web-appearance-recovery-sol/bytes.test.tsx > §10.1 pane values (33) > PC §10.1 pane 'bgTone'='lavender' ('control') persists exact bytes and displays and applies the choice 108ms
 ✓ docs/reviews/web-appearance-recovery-sol/bytes.test.tsx > §10.1 pane values (33) > PC §10.1 pane 'bgTone'='peach' ('control') persists exact bytes and displays and applies the choice 123ms
 ✓ docs/reviews/web-appearance-recovery-sol/bytes.test.tsx > §10.1 pane values (33) > PC §10.1 pane 'bgTone'='graphite' ('control') persists exact bytes and displays and applies the choice 97ms
 ✓ docs/reviews/web-appearance-recovery-sol/bytes.test.tsx > §10.1 Topbar values (7) > covers exactly 7 Topbar values 0ms
 ✓ docs/reviews/web-appearance-recovery-sol/bytes.test.tsx > §10.1 Topbar values (7) > PC §10.1 Topbar 'lang'='en' persists exact bytes and the Topbar and document show it 96ms
 ✓ docs/reviews/web-appearance-recovery-sol/bytes.test.tsx > §10.1 Topbar values (7) > PC §10.1 Topbar 'lang'='zh' persists exact bytes and the Topbar and document show it 94ms
 ✓ docs/reviews/web-appearance-recovery-sol/bytes.test.tsx > §10.1 Topbar values (7) > PC §10.1 Topbar 'theme'='light' persists exact bytes and the Topbar and document show it 89ms
 ✓ docs/reviews/web-appearance-recovery-sol/bytes.test.tsx > §10.1 Topbar values (7) > PC §10.1 Topbar 'theme'='dark' persists exact bytes and the Topbar and document show it 75ms
 ✓ docs/reviews/web-appearance-recovery-sol/bytes.test.tsx > §10.1 Topbar values (7) > PC §10.1 Topbar 'theme'='system' persists exact bytes and the Topbar and document show it 80ms
 ✓ docs/reviews/web-appearance-recovery-sol/bytes.test.tsx > §10.1 Topbar values (7) > PC §10.1 Topbar 'density'='comfortable' persists exact bytes and the Topbar and document show it 73ms
 ✓ docs/reviews/web-appearance-recovery-sol/bytes.test.tsx > §10.1 Topbar values (7) > PC §10.1 Topbar 'density'='compact' persists exact bytes and the Topbar and document show it 73ms
 ✓ docs/reviews/web-appearance-recovery-sol/bytes.test.tsx > §5.4 a value equal to the default is stored, never converted to removal > PC §5.4 'lang': choosing the default from absent stores its bytes 91ms
 ✓ docs/reviews/web-appearance-recovery-sol/bytes.test.tsx > §5.4 a value equal to the default is stored, never converted to removal > PC §5.4 'theme': choosing the default from absent stores its bytes 96ms
 ✓ docs/reviews/web-appearance-recovery-sol/bytes.test.tsx > §5.4 a value equal to the default is stored, never converted to removal > PC §5.4 'density': choosing the default from absent stores its bytes 97ms
 ✓ docs/reviews/web-appearance-recovery-sol/bytes.test.tsx > §5.4 a value equal to the default is stored, never converted to removal > PC §5.4 'accentHue': choosing the default from absent stores its bytes 97ms
 ✓ docs/reviews/web-appearance-recovery-sol/bytes.test.tsx > §5.4 a value equal to the default is stored, never converted to removal > PC §5.4 'bgTone': choosing the default from absent stores its bytes 98ms
 ✓ docs/reviews/web-appearance-recovery-sol/bytes.test.tsx > §5.4 a value equal to the default is stored, never converted to removal > PC §5.4 'railPos': choosing the default from absent stores its bytes 98ms
 ✓ docs/reviews/web-appearance-recovery-sol/bytes.test.tsx > §5.4 a value equal to the default is stored, never converted to removal > PC §5.4 'fontScale': choosing the default from absent stores its bytes 100ms
 ✓ docs/reviews/web-appearance-recovery-sol/bytes.test.tsx > §10.2 root values written through the App are read identically by the unchanged readers in a new document > PC §10.2 'lang': readLocalPref, NotFoundPage (theme) and AccountStorageGate (language) read every written value 214ms
 ✓ docs/reviews/web-appearance-recovery-sol/bytes.test.tsx > §10.2 root values written through the App are read identically by the unchanged readers in a new document > PC §10.2 'theme': readLocalPref, NotFoundPage (theme) and AccountStorageGate (language) read every written value 334ms
 ✓ docs/reviews/web-appearance-recovery-sol/bytes.test.tsx > §10.2 root values written through the App are read identically by the unchanged readers in a new document > PC §10.2 'density': readLocalPref, NotFoundPage (theme) and AccountStorageGate (language) read every written value 231ms
 ✓ docs/reviews/web-appearance-recovery-sol/bytes.test.tsx > §10.2 root values written through the App are read identically by the unchanged readers in a new document > PC §10.2 'fontScale': readLocalPref, NotFoundPage (theme) and AccountStorageGate (language) read every written value 627ms
 ✓ docs/reviews/web-appearance-recovery-sol/bytes.test.tsx > PC §10.5 the registered keys still follow a committed change from another document (accent, rail, background) 114ms
 ✓ docs/reviews/web-appearance-recovery-sol/bytes.test.tsx > §10.3 valid stored bytes are displayed by the pane and the Topbar and applied to the document at mount 124ms

 Test Files  1 passed (1)
      Tests  65 passed (65)
   Start at  01:32:22
   Duration  11.90s (transform 2.32s, setup 129ms, collect 3.65s, tests 7.42s, environment 357ms, prepare 75ms)

JSON report written to /private/var/folders/zk/bxw8sv_15xx51q2mf6xhdb8c0000gn/T/xai-appearance-sol-pGJx8r/.report-bytes-0.json

---- stderr ----

---- run pin record ----
pin_config {"root":"/private/var/folders/zk/bxw8sv_15xx51q2mf6xhdb8c0000gn/T/xai-appearance-sol-pGJx8r","cacheDir":"/private/var/folders/zk/bxw8sv_15xx51q2mf6xhdb8c0000gn/T/xai-appearance-sol-pGJx8r/.appearance-sol-vite-cache-0/vitest/da39a3ee5e6b4b0d3255bfef95601890afd80709","environment":"jsdom","globals":true,"setupFiles":["/private/var/folders/zk/bxw8sv_15xx51q2mf6xhdb8c0000gn/T/xai-appearance-sol-pGJx8r/packages/xai-web-settings-appearance/vitest.setup.ts"],"include":["docs/reviews/web-appearance-recovery-sol/bytes.test.tsx"]}
pin_unaliased_repo_imports=0
pin_required_provenance_missing=none
pin_required_provenance packages/xai-web-settings-appearance/src/AppearancePane.tsx packages/xai-web-settings-appearance/src/internal/appearancePane.tsx packages/plugin-web-storage/src/internal/usePref.ts packages/plugin-web-storage/src/internal/usePrefAsync.ts packages/plugin-web-storage/src/internal/prefMutation.ts packages/plugin-web-storage/src/internal/accountScope.ts packages/plugin-web-storage/src/internal/storage.ts apps/web/src/App.tsx apps/web/src/routes/router.tsx apps/web/src/routes/RouteGateElements.tsx apps/web/src/routes/modules/composedSettingsRegistration.tsx apps/web/src/routes/modules/departureCoordinator.tsx apps/web/src/providers/AccountStorageGate.tsx packages/plugin-web-storage/src/AccountDataGate.tsx packages/xai-web-shell/src/Shell.tsx packages/xai-web-shell/src/Topbar.tsx packages/xai-web-shell/src/AppRail.tsx packages/xai-web-pet/src/DesktopPet.tsx packages/xai-web-cmdk/src/CommandPalette.tsx packages/xai-web-event-bus/src/emitter.ts packages/web-auth-device-session/src/session.tsx packages/web-auth-device-session/src/guards.tsx apps/web/src/pages/NotFoundPage.tsx
pin_modules=625 by package: apps/web=27 docs/reviews=2 packages/core-data=11 packages/core=8 packages/plugin-productivity=8 packages/plugin-web-ai-chat=29 packages/plugin-web-board-core=21 packages/plugin-web-board-views=16 packages/plugin-web-board-workspaces=30 packages/plugin-web-bookkeeping=13 packages/plugin-web-countdown=17 packages/plugin-web-metric-tracker=10 packages/plugin-web-pomodoro=22 packages/plugin-web-settings-rest=42 packages/plugin-web-settings-shell=14 packages/plugin-web-statistics=26 packages/plugin-web-storage=23 packages/plugin-web-time-tracker=9 packages/plugin-web-tokens=7 packages/web-auth-device-session=20 packages/xai-web-calendar=46 packages/xai-web-cmdk=28 packages/xai-web-dashboard-grid=20 packages/xai-web-dashboard-widgets=42 packages/xai-web-event-bus=4 packages/xai-web-habits=26 packages/xai-web-matrix=20 packages/xai-web-meditation=19 packages/xai-web-pet=10 packages/xai-web-settings-appearance=11 packages/xai-web-settings-features-panel=12 packages/xai-web-shell=9 packages/xai-web-tasks=23
---- runner summary ----
totals cases=65 passed=65 failed=0 skipped=0 precondition_failures=0
harness PASS [bytes.test.tsx] JSON report parsed
harness PASS [bytes.test.tsx] reported files equal the requested include
harness PASS [bytes.test.tsx] config in effect (environment jsdom, globals true, setupFiles [packages/xai-web-settings-appearance/vitest.setup.ts], root = archive)
harness PASS [bytes.test.tsx] guard plugin active (archive modules recorded)
harness PASS [bytes.test.tsx] required product modules loaded from the archive (23)
harness PASS [bytes.test.tsx] no test-file suite error
case 001 PASSED | FIXTURE F-B002 the storage wrappers record and delegate exactly once, never re-enter Storage and never call accountScope helpers
case 002 PASSED | FIXTURE the attempt-counting Storage injector logs before delegation, faults precisely and proves firing
case 003 PASSED | FIXTURE the exclusive Web Lock fixture serves async grants, holds, programmed holds, denial and a missing capability
case 004 PASSED | FIXTURE accountScope transitions, confirm recorder, StorageEvent counter, bus spy, unload probe, download harness and media query are observable
case 005 PASSED | FIXTURE the production App mounts at /app/settings/appearance with only the auth-session hook substituted, real modules and no network
case 006 PASSED | PC §2 §10.11 lifecycle: the seven keys are device preferences with device-recovery export, retain and retain-on-device; physical key = logical key
case 007 PASSED | PC §5.1 absence displays and applies every default on the pane, the document and the Topbar
case 008 PASSED | PC §5.1 loading the App on the Appearance route, opening and closing the Topbar popover, unmounting and reloading make zero set/remove attempts on every key (absent)
case 009 PASSED | PC §5.1 with valid stored bytes for all seven keys the App mount, popover and reload make zero set/remove attempts on every key
case 010 PASSED | PC §5.1 loading the App on /app/tasks, navigating to the pane and back makes zero set/remove attempts on the seven keys
case 011 PASSED | §10.1 pane values (33) covers exactly 33 pane values
case 012 PASSED | §10.1 pane values (33) PC §10.1 pane 'lang'='en' ('control') persists exact bytes and displays and applies the choice
case 013 PASSED | §10.1 pane values (33) PC §10.1 pane 'lang'='zh' ('control') persists exact bytes and displays and applies the choice
case 014 PASSED | §10.1 pane values (33) PC §10.1 pane 'theme'='light' ('control') persists exact bytes and displays and applies the choice
case 015 PASSED | §10.1 pane values (33) PC §10.1 pane 'theme'='dark' ('control') persists exact bytes and displays and applies the choice
case 016 PASSED | §10.1 pane values (33) PC §10.1 pane 'theme'='system' ('control') persists exact bytes and displays and applies the choice
case 017 PASSED | §10.1 pane values (33) PC §10.1 pane 'density'='comfortable' ('control') persists exact bytes and displays and applies the choice
case 018 PASSED | §10.1 pane values (33) PC §10.1 pane 'density'='compact' ('control') persists exact bytes and displays and applies the choice
case 019 PASSED | §10.1 pane values (33) PC §10.1 pane 'fontScale'=0.85 ('slider') persists exact bytes and displays and applies the choice
case 020 PASSED | §10.1 pane values (33) PC §10.1 pane 'fontScale'=0.9 ('slider') persists exact bytes and displays and applies the choice
case 021 PASSED | §10.1 pane values (33) PC §10.1 pane 'fontScale'=0.95 ('slider') persists exact bytes and displays and applies the choice
case 022 PASSED | §10.1 pane values (33) PC §10.1 pane 'fontScale'=1 ('slider') persists exact bytes and displays and applies the choice
case 023 PASSED | §10.1 pane values (33) PC §10.1 pane 'fontScale'=1.05 ('slider') persists exact bytes and displays and applies the choice
case 024 PASSED | §10.1 pane values (33) PC §10.1 pane 'fontScale'=1.1 ('slider') persists exact bytes and displays and applies the choice
case 025 PASSED | §10.1 pane values (33) PC §10.1 pane 'fontScale'=1.15 ('slider') persists exact bytes and displays and applies the choice
case 026 PASSED | §10.1 pane values (33) PC §10.1 pane 'accentHue'=165 ('control') persists exact bytes and displays and applies the choice
case 027 PASSED | §10.1 pane values (33) PC §10.1 pane 'accentHue'=230 ('control') persists exact bytes and displays and applies the choice
case 028 PASSED | §10.1 pane values (33) PC §10.1 pane 'accentHue'=35 ('control') persists exact bytes and displays and applies the choice
case 029 PASSED | §10.1 pane values (33) PC §10.1 pane 'accentHue'=355 ('control') persists exact bytes and displays and applies the choice
case 030 PASSED | §10.1 pane values (33) PC §10.1 pane 'accentHue'=295 ('control') persists exact bytes and displays and applies the choice
case 031 PASSED | §10.1 pane values (33) PC §10.1 pane 'accentHue'=75 ('control') persists exact bytes and displays and applies the choice
case 032 PASSED | §10.1 pane values (33) PC §10.1 pane 'accentHue'=+0 ('slider') persists exact bytes and displays and applies the choice
case 033 PASSED | §10.1 pane values (33) PC §10.1 pane 'accentHue'=220 ('slider') persists exact bytes and displays and applies the choice
case 034 PASSED | §10.1 pane values (33) PC §10.1 pane 'accentHue'=360 ('slider') persists exact bytes and displays and applies the choice
case 035 PASSED | §10.1 pane values (33) PC §10.1 pane 'railPos'='left' ('control') persists exact bytes and displays and applies the choice
case 036 PASSED | §10.1 pane values (33) PC §10.1 pane 'railPos'='right' ('control') persists exact bytes and displays and applies the choice
case 037 PASSED | §10.1 pane values (33) PC §10.1 pane 'railPos'='top' ('control') persists exact bytes and displays and applies the choice
case 038 PASSED | §10.1 pane values (33) PC §10.1 pane 'railPos'='bottom' ('control') persists exact bytes and displays and applies the choice
case 039 PASSED | §10.1 pane values (33) PC §10.1 pane 'bgTone'='default' ('control') persists exact bytes and displays and applies the choice
case 040 PASSED | §10.1 pane values (33) PC §10.1 pane 'bgTone'='cream' ('control') persists exact bytes and displays and applies the choice
case 041 PASSED | §10.1 pane values (33) PC §10.1 pane 'bgTone'='mist' ('control') persists exact bytes and displays and applies the choice
case 042 PASSED | §10.1 pane values (33) PC §10.1 pane 'bgTone'='lavender' ('control') persists exact bytes and displays and applies the choice
case 043 PASSED | §10.1 pane values (33) PC §10.1 pane 'bgTone'='peach' ('control') persists exact bytes and displays and applies the choice
case 044 PASSED | §10.1 pane values (33) PC §10.1 pane 'bgTone'='graphite' ('control') persists exact bytes and displays and applies the choice
case 045 PASSED | §10.1 Topbar values (7) covers exactly 7 Topbar values
case 046 PASSED | §10.1 Topbar values (7) PC §10.1 Topbar 'lang'='en' persists exact bytes and the Topbar and document show it
case 047 PASSED | §10.1 Topbar values (7) PC §10.1 Topbar 'lang'='zh' persists exact bytes and the Topbar and document show it
case 048 PASSED | §10.1 Topbar values (7) PC §10.1 Topbar 'theme'='light' persists exact bytes and the Topbar and document show it
case 049 PASSED | §10.1 Topbar values (7) PC §10.1 Topbar 'theme'='dark' persists exact bytes and the Topbar and document show it
case 050 PASSED | §10.1 Topbar values (7) PC §10.1 Topbar 'theme'='system' persists exact bytes and the Topbar and document show it
case 051 PASSED | §10.1 Topbar values (7) PC §10.1 Topbar 'density'='comfortable' persists exact bytes and the Topbar and document show it
case 052 PASSED | §10.1 Topbar values (7) PC §10.1 Topbar 'density'='compact' persists exact bytes and the Topbar and document show it
case 053 PASSED | §5.4 a value equal to the default is stored, never converted to removal PC §5.4 'lang': choosing the default from absent stores its bytes
case 054 PASSED | §5.4 a value equal to the default is stored, never converted to removal PC §5.4 'theme': choosing the default from absent stores its bytes
case 055 PASSED | §5.4 a value equal to the default is stored, never converted to removal PC §5.4 'density': choosing the default from absent stores its bytes
case 056 PASSED | §5.4 a value equal to the default is stored, never converted to removal PC §5.4 'accentHue': choosing the default from absent stores its bytes
case 057 PASSED | §5.4 a value equal to the default is stored, never converted to removal PC §5.4 'bgTone': choosing the default from absent stores its bytes
case 058 PASSED | §5.4 a value equal to the default is stored, never converted to removal PC §5.4 'railPos': choosing the default from absent stores its bytes
case 059 PASSED | §5.4 a value equal to the default is stored, never converted to removal PC §5.4 'fontScale': choosing the default from absent stores its bytes
case 060 PASSED | §10.2 root values written through the App are read identically by the unchanged readers in a new document PC §10.2 'lang': readLocalPref, NotFoundPage (theme) and AccountStorageGate (language) read every written value
case 061 PASSED | §10.2 root values written through the App are read identically by the unchanged readers in a new document PC §10.2 'theme': readLocalPref, NotFoundPage (theme) and AccountStorageGate (language) read every written value
case 062 PASSED | §10.2 root values written through the App are read identically by the unchanged readers in a new document PC §10.2 'density': readLocalPref, NotFoundPage (theme) and AccountStorageGate (language) read every written value
case 063 PASSED | §10.2 root values written through the App are read identically by the unchanged readers in a new document PC §10.2 'fontScale': readLocalPref, NotFoundPage (theme) and AccountStorageGate (language) read every written value
case 064 PASSED | PC §10.5 the registered keys still follow a committed change from another document (accent, rail, background)
case 065 PASSED | §10.3 valid stored bytes are displayed by the pane and the Topbar and applied to the document at mount
