
> @repo/plugin-web-dashboard-grid@0.0.0 test /Users/lijinlong/Desktop/Jinlong_Project/Coding_project/AI_Desktop/XAI_Desktop/packages/xai-web-dashboard-grid
> vitest run


 RUN  v3.2.7 /Users/lijinlong/Desktop/Jinlong_Project/Coding_project/AI_Desktop/XAI_Desktop/packages/xai-web-dashboard-grid

stderr | src/__tests__/DashHeader.recovery.test.tsx > Dashboard header persistence recovery > keeps latest draft on quota, retries it, and warns before unload only while dirty
[plugin-web-storage] quota exceeded for xai_pref_dashboard_header_note.

stderr | src/__tests__/DashHeader.recovery.test.tsx > Dashboard header persistence recovery > retains failed clear with its original persistence
[plugin-web-storage] quota exceeded for xai_pref_dashboard_header_note.

stderr | src/__tests__/DashHeader.recovery.test.tsx > Dashboard header persistence recovery > retains latest position on quota and refuses newer device raw on retry
[plugin-web-storage] quota exceeded for xai_pref_dashboard_header_note_x.
[plugin-web-storage] quota exceeded for xai_pref_dashboard_header_note_x.

 ✓ src/__tests__/DashHeader.recovery.test.tsx (4 tests) 324ms
 ✓ src/__tests__/DashHeader.test.tsx (16 tests) 506ms
stderr | src/__tests__/DashboardModule.persist.test.tsx > DashboardModule with widgets (P2 grid) > duplicate ids in widgets[] → first wins, no crash, dev-warn handled silently in test env
[@repo/plugin-web-dashboard-grid] Duplicate widget id "alpha" — keeping first occurrence, dropping later one(s).

 ✓ src/__tests__/DashboardModule.persist.test.tsx (7 tests) 139ms
 ✓ src/__tests__/DashboardModule.picker.test.tsx (6 tests) 162ms
 ✓ src/__tests__/DashboardModule.events.test.tsx (10 tests) 280ms
 ✓ src/__tests__/EmptyState.test.tsx (5 tests) 230ms
 ✓ src/__tests__/DashboardSlotHost.composition.test.tsx (8 tests) 560ms
 ✓ src/__tests__/DashboardModule.render.test.tsx (5 tests) 286ms
 ✓ src/__tests__/registration.test.tsx (13 tests) 637ms
 ✓ src/__tests__/DashboardModule.remove.test.tsx (4 tests) 371ms
   ✓ DashboardModule — remove widget (AC-RM-6..7) > AC-RM-6: clicking remove on a widget removes it from the rendered grid  325ms
stderr | src/__tests__/gridSaveRecovery.test.tsx > Independent Dashboard grid failure business oracles > failed layout must not silently publish new dimensions
[plugin-web-storage] quota exceeded for xai_pref_dashboard_widget_layout.

stderr | src/__tests__/gridSaveRecovery.test.tsx > Independent Dashboard grid failure business oracles > failed appearance must not silently publish new color
[plugin-web-storage] quota exceeded for xai_pref_dashboard_widget_appearance.

 ✓ src/__tests__/AddWidgetPicker.test.tsx (23 tests) 638ms
stderr | src/__tests__/gridSaveRecovery.test.tsx > Independent Dashboard grid failure business oracles > failed widget removal keeps widget or provides visible unsaved recovery
[plugin-web-storage] quota exceeded for xai_dash_order.

stderr | src/__tests__/gridSaveRecovery.test.tsx > Independent Dashboard grid failure business oracles > failed add keeps picker and must not emit widget-added success
[plugin-web-storage] quota exceeded for xai_dash_order.

stderr | src/__tests__/gridSaveRecovery.test.tsx > Independent Dashboard grid failure business oracles > order failure control retains original persisted and rendered order
[plugin-web-storage] quota exceeded for xai_dash_order.

stderr | src/__tests__/gridSaveRecovery.test.tsx > Dashboard recovery proposals > latest layout proposal retries once while committed view stays unchanged
[plugin-web-storage] quota exceeded for xai_pref_dashboard_widget_layout.
[plugin-web-storage] quota exceeded for xai_pref_dashboard_widget_layout.

stderr | src/__tests__/gridSaveRecovery.test.tsx > Dashboard recovery proposals > appearance latest change and reset are recoverable; old owner export is blocked
[plugin-web-storage] quota exceeded for xai_pref_dashboard_widget_appearance.
[plugin-web-storage] quota exceeded for xai_pref_dashboard_widget_appearance.

stderr | src/__tests__/gridSaveRecovery.test.tsx > Dashboard recovery proposals > actual add retry emits once only after saving and closes picker; removal retry commits
[plugin-web-storage] quota exceeded for xai_dash_order.
[plugin-web-storage] quota exceeded for xai_dash_order.

 ✓ src/__tests__/gridSaveRecovery.test.tsx (11 tests) 536ms
 ✓ src/__tests__/greeting.test.ts (7 tests) 42ms
 ✓ src/__tests__/DashboardModule.lang.test.tsx (3 tests) 182ms
 ✓ src/__tests__/useDashOrder.test.tsx (9 tests) 47ms
 ✓ src/__tests__/WidgetShell.test.tsx (26 tests) 431ms
 ✓ src/__tests__/useGridDrag.test.tsx (11 tests) 283ms
 ✓ src/__tests__/useDashOrder.addWidget.test.tsx (5 tests) 285ms
 ✓ src/__tests__/useDashOrder.removeWidget.test.tsx (6 tests) 114ms
 ✓ src/__tests__/sanitizeOrder.test.ts (14 tests) 5ms
 ✓ src/__tests__/useWidgetLayout.test.tsx (4 tests) 17ms
 ✓ src/__tests__/useWidgetAppearance.test.tsx (5 tests) 16ms
 ✓ src/__tests__/index-barrel.test.ts (5 tests) 2ms

 Test Files  23 passed (23)
      Tests  207 passed (207)
   Start at  14:18:20
   Duration  8.61s (transform 2.89s, setup 10.54s, collect 8.90s, tests 6.09s, environment 20.13s, prepare 3.66s)

