revision=52a9207
exit=1

 RUN  v3.2.7 /var/folders/zk/bxw8sv_15xx51q2mf6xhdb8c0000gn/T/xai-detail-review-ybYGWd

 ❯ docs/reviews/web-d2-device-offset-independent/contracts.test.tsx (3 tests | 3 failed) 1071ms
   × absent device position remains absent until an explicit position change 36ms
     → expected '0' to be null
   × actual position drag waits for its physical device-key lock 11ms
     → physical device lock must coordinate actual drag write: expected '40' to be '0' // Object.is equality
   × device position remains editable after a clean account change in the mounted header 1022ms
     → expected '0' to be '40' // Object.is equality

Ignored nodes: comments, script, style
[36m<html>[39m
  [36m<head />[39m
  [36m<body>[39m
    [36m<div>[39m
      [36m<header[39m
        [33mclass[39m=[32m"dash-head"[39m
      [36m>[39m
        [36m<div[39m
          [33mclass[39m=[32m"dash-head__intro"[39m
        [36m>[39m
          [36m<h1[39m
            [33mclass[39m=[32m"dash-greeting"[39m
          [36m>[39m
            [0mGood morning[0m
            [0m, [0m
            [0mHello[0m
            [0m.[0m
          [36m</h1>[39m
          [36m<div[39m
            [33mclass[39m=[32m"dash-date"[39m
          [36m>[39m
            [0mWednesday, September 9[0m
          [36m</div>[39m
        [36m</div>[39m
        [36m<div[39m
          [33mclass[39m=[32m"dash-note-lane"[39m
        [36m>[39m
          [36m<div[39m
            [33mclass[39m=[32m"dash-note"[39m
            [33mstyle[39m=[32m"--dash-note-x: 0px;"[39m
          [36m>[39m
            [36m<button[39m
              [33maria-label[39m=[32m"Edit dashboard note"[39m
              [33mclass[39m=[32m"dash-note__display"[39m
              [33mtype[39m=[32m"button"[39m
            [36m>[39m
              [36m<span[39m
                [33mclass[39m=[32m"dash-note__placeholder"[39m
              [36m>[39m
                [0mAdd a focus note, reminder, or short message[0m
              [36m</span>[39m
              [36m<svg[39m
                [33maria-hidden[39m=[32m"true"[39m
                [33mfill[39m=[32m"none"[39m
                [33mheight[39m=[32m"13"[39m
                [33mstroke[39m=[32m"currentColor"[39m
                [33mstroke-linecap[39m=[32m"round"[39m
                [33mstroke-linejoin[39m=[32m"round"[39m
                [33mstroke-width[39m=[32m"2"[39m
                [33mviewBox[39m=[32m"0 0 24 24"[39m
                [33mwidth[39m=[32m"13"[39m
              [36m>[39m
                [36m<path[39m
                  [33md[39m=[32m"M12 20h9"[39m
                [36m/>[39m
                [36m<path[39m
                  [33md[39m=[32m"M16.5 3.5a2.1 2.1 0 0 1 3 3L7 19l-4 1 1-4z"[39m
                [36m/>[39m
              [36m</svg>[39m
            [36m</button>[39m
          [36m</div>[39m
        [36m</div>[39m
        [36m<button[39m
          [33maria-label[39m=[32m"Add a new dashboard widget"[39m
          [33mclass[39m=[32m"btn ghost dash-add"[39m
          [33mtype[39m=[32m"button"[39m
        [36m>[39m
          [36m<svg[39m
            [33maria-hidden[39m=[32m"true"[39m
            [33mfill[39m=[32m"none"[39m
            [33mheight[39m=[32m"14"[39m
            [33mstroke[39m=[32m"currentColor"[39m
            [33mstroke-linecap[39m=[32m"round"[39m
            [33mstroke-linejoin[39m=[32m"round"[39m
            [33mstroke-width[39m=[32m"2"[39m
            [33mviewBox[39m=[32m"0 0 24 24"[39m
            [33mwidth[39m=[32m"14"[39m
          [36m>[39m
            [36m<line[39m
              [33mx1[39m=[32m"12"[39m
              [33mx2[39m=[32m"12"[39m
              [33my1[39m=[32m"5"[39m
              [33my2[39m=[32m"19"[39m
            [36m/>[39m
            [36m<line[39m
              [33mx1[39m=[32m"5"[39m
              [33mx2[39m=[32m"19"[39m
              [33my1[39m=[32m"12"[39m
              [33my2[39m=[32m"12"[39m
            [36m/>[39m
          [36m</svg>[39m
          [36m<span>[39m
            [0mAdd widget[0m
          [36m</span>[39m
        [36m</button>[39m
        [36m<section[39m
          [33mclass[39m=[32m"dash-note-recovery"[39m
          [33mrole[39m=[32m"alert"[39m
        [36m>[39m
          [36m<p>[39m
            [0mNote or position was not saved. Drafts stay on this page only; retry or export before leaving.[0m
          [36m</p>[39m
          [36m<p>[39m
            [0mThe account or saved content changed. Export your draft and reopen to avoid overwriting newer data.[0m
          [36m</p>[39m
          [36m<button[39m
            [33mtype[39m=[32m"button"[39m
          [36m>[39m
            [0mRetry note save[0m
          [36m</button>[39m
          [36m<button[39m
            [33mtype[39m=[32m"button"[39m
          [36m>[39m
            [0mExport note draft[0m
          [36m</button>[39m
        [36m</section>[39m
      [36m</header>[39m
    [36m</div>[39m
  [36m</body>[39m
[36m</html>[39m

 Test Files  1 failed (1)
      Tests  3 failed (3)
   Start at  20:37:11
   Duration  2.10s (transform 154ms, setup 0ms, collect 299ms, tests 1.07s, environment 398ms, prepare 83ms)



⎯⎯⎯⎯⎯⎯⎯ Failed Tests 3 ⎯⎯⎯⎯⎯⎯⎯

 FAIL  docs/reviews/web-d2-device-offset-independent/contracts.test.tsx > absent device position remains absent until an explicit position change
AssertionError: expected '0' to be null

- Expected: 
null

+ Received: 
"0"

 ❯ docs/reviews/web-d2-device-offset-independent/contracts.test.tsx:13:206

⎯⎯⎯⎯⎯⎯⎯⎯⎯⎯⎯⎯⎯⎯⎯⎯⎯⎯⎯⎯⎯⎯⎯⎯[1/3]⎯

 FAIL  docs/reviews/web-d2-device-offset-independent/contracts.test.tsx > actual position drag waits for its physical device-key lock
AssertionError: physical device lock must coordinate actual drag write: expected '40' to be '0' // Object.is equality

Expected: "0"
Received: "40"

 ❯ docs/reviews/web-d2-device-offset-independent/contracts.test.tsx:17:248

⎯⎯⎯⎯⎯⎯⎯⎯⎯⎯⎯⎯⎯⎯⎯⎯⎯⎯⎯⎯⎯⎯⎯⎯[2/3]⎯

 FAIL  docs/reviews/web-d2-device-offset-independent/contracts.test.tsx > device position remains editable after a clean account change in the mounted header
AssertionError: expected '0' to be '40' // Object.is equality

Ignored nodes: comments, script, style
[36m<html>[39m
  [36m<head />[39m
  [36m<body>[39m
    [36m<div>[39m
      [36m<header[39m
        [33mclass[39m=[32m"dash-head"[39m
      [36m>[39m
        [36m<div[39m
          [33mclass[39m=[32m"dash-head__intro"[39m
        [36m>[39m
          [36m<h1[39m
            [33mclass[39m=[32m"dash-greeting"[39m
          [36m>[39m
            [0mGood morning[0m
            [0m, [0m
            [0mHello[0m
            [0m.[0m
          [36m</h1>[39m
          [36m<div[39m
            [33mclass[39m=[32m"dash-date"[39m
          [36m>[39m
            [0mWednesday, September 9[0m
          [36m</div>[39m
        [36m</div>[39m
        [36m<div[39m
          [33mclass[39m=[32m"dash-note-lane"[39m
        [36m>[39m
          [36m<div[39m
            [33mclass[39m=[32m"dash-note"[39m
            [33mstyle[39m=[32m"--dash-note-x: 0px;"[39m
          [36m>[39m
            [36m<button[39m
              [33maria-label[39m=[32m"Edit dashboard note"[39m
              [33mclass[39m=[32m"dash-note__display"[39m
              [33mtype[39m=[32m"button"[39m
            [36m>[39m
              [36m<span[39m
                [33mclass[39m=[32m"dash-note__placeholder"[39m
              [36m>[39m
                [0mAdd a focus note, reminder, or short message[0m
              [36m</span>[39m
              [36m<svg[39m
                [33maria-hidden[39m=[32m"true"[39m
                [33mfill[39m=[32m"none"[39m
                [33mheight[39m=[32m"13"[39m
                [33mstroke[39m=[32m"currentColor"[39m
                [33mstroke-linecap[39m=[32m"round"[39m
                [33mstroke-linejoin[39m=[32m"round"[39m
                [33mstroke-width[39m=[32m"2"[39m
                [33mviewBox[39m=[32m"0 0 24 24"[39m
                [33mwidth[39m=[32m"13"[39m
              [36m>[39m
                [36m<path[39m
                  [33md[39m=[32m"M12 20h9"[39m
                [36m/>[39m
                [36m<path[39m
                  [33md[39m=[32m"M16.5 3.5a2.1 2.1 0 0 1 3 3L7 19l-4 1 1-4z"[39m
                [36m/>[39m
              [36m</svg>[39m
            [36m</button>[39m
          [36m</div>[39m
        [36m</div>[39m
        [36m<button[39m
          [33maria-label[39m=[32m"Add a new dashboard widget"[39m
          [33mclass[39m=[32m"btn ghost dash-add"[39m
          [33mtype[39m=[32m"button"[39m
        [36m>[39m
          [36m<svg[39m
            [33maria-hidden[39m=[32m"true"[39m
            [33mfill[39m=[32m"none"[39m
            [33mheight[39m=[32m"14"[39m
            [33mstroke[39m=[32m"currentColor"[39m
            [33mstroke-linecap[39m=[32m"round"[39m
            [33mstroke-linejoin[39m=[32m"round"[39m
            [33mstroke-width[39m=[32m"2"[39m
            [33mviewBox[39m=[32m"0 0 24 24"[39m
            [33mwidth[39m=[32m"14"[39m
          [36m>[39m
            [36m<line[39m
              [33mx1[39m=[32m"12"[39m
              [33mx2[39m=[32m"12"[39m
              [33my1[39m=[32m"5"[39m
              [33my2[39m=[32m"19"[39m
            [36m/>[39m
            [36m<line[39m
              [33mx1[39m=[32m"5"[39m
              [33mx2[39m=[32m"19"[39m
              [33my1[39m=[32m"12"[39m
              [33my2[39m=[32m"12"[39m
            [36m/>[39m
          [36m</svg>[39m
          [36m<span>[39m
            [0mAdd widget[0m
          [36m</span>[39m
        [36m</button>[39m
        [36m<section[39m
          [33mclass[39m=[32m"dash-note-recovery"[39m
          [33mrole[39m=[32m"alert"[39m
        [36m>[39m
          [36m<p>[39m
            [0mNote or position was not saved. Drafts stay on this page only; retry or export before leaving.[0m
          [36m</p>[39m
          [36m<p>[39m
            [0mThe account or saved content changed. Export your draft and reopen to avoid overwriting newer data.[0m
          [36m</p>[39m
          [36m<button[39m
            [33mtype[39m=[32m"button"[39m
          [36m>[39m
            [0mRetry note save[0m
          [36m</button>[39m
          [36m<button[39m
            [33mtype[39m=[32m"button"[39m
          [36m>[39m
            [0mExport note draft[0m
          [36m</button>[39m
        [36m</section>[39m
      [36m</header>[39m
    [36m</div>[39m
  [36m</body>[39m
[36m</html>[39m

Expected: "40"
Received: "0"

 ❯ docs/reviews/web-d2-device-offset-independent/contracts.test.tsx:22:116
 ❯ runWithExpensiveErrorDiagnosticsDisabled ../../../../../../Users/lijinlong/Desktop/Jinlong_Project/Coding_project/AI_Desktop/XAI_Desktop/node_modules/.pnpm/@testing-library+dom@10.4.1/node_modules/@testing-library/dom/dist/config.js:47:12
 ❯ checkCallback ../../../../../../Users/lijinlong/Desktop/Jinlong_Project/Coding_project/AI_Desktop/XAI_Desktop/node_modules/.pnpm/@testing-library+dom@10.4.1/node_modules/@testing-library/dom/dist/wait-for.js:124:77
 ❯ Timeout.checkRealTimersCallback ../../../../../../Users/lijinlong/Desktop/Jinlong_Project/Coding_project/AI_Desktop/XAI_Desktop/node_modules/.pnpm/@testing-library+dom@10.4.1/node_modules/@testing-library/dom/dist/wait-for.js:118:16

⎯⎯⎯⎯⎯⎯⎯⎯⎯⎯⎯⎯⎯⎯⎯⎯⎯⎯⎯⎯⎯⎯⎯⎯[3/3]⎯
