revision=8105cc9
exit=1

 RUN  v3.2.7 /var/folders/zk/bxw8sv_15xx51q2mf6xhdb8c0000gn/T/xai-board-detail-package-lpCkP7/packages/plugin-web-board-workspaces

 ✓ src/__tests__/BoardSwitcher.test.tsx (16 tests) 116ms
 ✓ src/__tests__/BoardCreator.test.tsx (10 tests) 96ms
 ❯ src/__tests__/taskLinkCommand.test.ts (11 tests | 6 failed) 24ms
   × intent write failure is honest and retry resumes the retained intent exactly once 11ms
     → expected { ok: false, phase: 'task', …(1) } to deeply equal { ok: true }
   × task write failure is honest and retry resumes the retained intent exactly once 1ms
     → expected { ok: false, phase: 'task', …(1) } to deeply equal { ok: true }
   × acknowledgement write failure is honest and retry resumes the retained intent exactly once 2ms
     → expected { ok: false, phase: 'task', …(1) } to match object { ok: false, phase: 'acknowledgement' }
(1 matching property omitted from actual)
   × pending link follows stable card through move and card/list archive restoration 2ms
     → expected { ok: false, phase: 'task', …(1) } to deeply equal { ok: true }
   ✓ old account callback cannot write B or erase A pending intent 0ms
   ✓ legacy task ID collision never overwrites another source or publishes a false link 1ms
   × adds a Board task through the canonical envelope while retaining durable receipts 1ms
     → expected { ok: false, phase: 'task', …(1) } to deeply equal { ok: true }
   ✓ invalid non-absent task bytes null never save Board intent 0ms
   ✓ invalid non-absent task bytes {"format":"xai-command-state","version":1,"revision":1,"data":null,"receipts":{}} never save Board intent 0ms
   ✓ present JSON-null Board bytes refuse before publishing an intent or Task 0ms
   × a newer same-ID pending intent is retained after the Task write 2ms
     → expected { ok: false, phase: 'task', …(1) } to match object { ok: false, phase: 'acknowledgement' }
(1 matching property omitted from actual)
 ✓ src/__tests__/FilterPopover.test.tsx (12 tests) 116ms
 ✓ src/__tests__/InboxPanel.test.tsx (12 tests) 78ms
 ✓ src/__tests__/BoardCreateRecovery.test.tsx (5 tests) 707ms
 ✓ src/__tests__/BoardComposerRecovery.test.tsx (4 tests) 756ms
 ✓ src/__tests__/CardDetailDialog.test.tsx (16 tests) 195ms
 ✓ src/__tests__/ShareModal.test.tsx (10 tests) 240ms
 ✓ src/__tests__/PlannerPanel.test.tsx (15 tests) 267ms
 ✓ src/__tests__/BoardDeleteConfirmDialog.test.tsx (11 tests) 85ms
 ✓ src/__tests__/BoardRecoveryInitialization.test.tsx (2 tests) 47ms
 ✓ src/__tests__/shareUrl.test.ts (6 tests) 21ms
 ✓ src/__tests__/StatusOverviewBanner.test.tsx (10 tests) 130ms
 ✓ src/__tests__/WorkspaceSaveRecovery.test.tsx (6 tests) 270ms
 ✓ src/__tests__/panelOps.test.ts (19 tests) 10ms
 ✓ src/__tests__/shareContract.test.ts (3 tests) 12ms
 ✓ src/__tests__/ringMath.test.ts (16 tests) 7ms
 ✓ src/__tests__/savedFilters.test.ts (5 tests) 5ms
 ✓ src/__tests__/filterState.test.ts (8 tests) 3ms
 ✓ src/__tests__/guards.test.ts (12 tests) 3ms
 ✓ src/__tests__/index-barrel.test.ts (4 tests) 6ms
 ✓ src/__tests__/registration.test.tsx (6 tests) 3ms
 ✓ src/__tests__/responsiveStyles.test.ts (3 tests) 2ms
 ✓ src/__tests__/types.test.ts (3 tests) 3ms
 ❯ src/__tests__/BoardWorkspacesModule.test.tsx (93 tests | 3 failed) 6695ms
   ✓ BoardWorkspacesModule (BWM1..BWM18) > BWM1: first render with empty localStorage seeds boards + renders header + bottom switcher 284ms
   ✓ BoardWorkspacesModule (BWM1..BWM18) > BWM2: defensive seed persists makeDefaultBoards on mount with null prefs 58ms
   ✓ BoardWorkspacesModule (BWM1..BWM18) > BWM3: clicking title opens BoardSwitcher modal 142ms
   ✓ BoardWorkspacesModule (BWM1..BWM18) > BWM4: clicking '+ New board' in switcher closes switcher + opens creator 70ms
   ✓ BoardWorkspacesModule (BWM1..BWM18) > BWM5: submitting creator adds + activates a board, closes both modals 67ms
   ✓ BoardWorkspacesModule (BWM1..BWM18) > BWM6: clicking another board card in switcher sets active + closes modal 87ms
   ✓ BoardWorkspacesModule (BWM1..BWM18) > BWM7: deleting a board via dialog confirm removes it (B-12 new confirmation flow) 171ms
   ✓ BoardWorkspacesModule (BWM1..BWM18) > BWM8: toggling Inbox panel persists to xai_board_panels (length-1 array) 47ms
   ✓ BoardWorkspacesModule (BWM1..BWM18) > BWM9: clicking 'Board' alone toggles board off → invariant forces it back on 104ms
   ✓ BoardWorkspacesModule (BWM1..BWM18) > BWM10: Inbox + Planner both open → container has board-panels-multi class 94ms
   ✓ BoardWorkspacesModule (BWM1..BWM18) > BWM11: only Board open → container has board-panels-single class 109ms
   ✓ BoardWorkspacesModule (BWM1..BWM18) > BWM12: PM template board + overview toggle mounts StatusOverviewBanner 72ms
   ✓ BoardWorkspacesModule (BWM1..BWM18) > BWM13: non-PM board → overview toggle is disabled 73ms
   ✓ BoardWorkspacesModule (BWM1..BWM18) > BWM14: Inbox composer Enter prepends to xai_board_inbox in localStorage 142ms
   ✓ BoardWorkspacesModule (BWM1..BWM18) > BWM15: malformed xai_board_panels → renders seed without crash 52ms
   ✓ BoardWorkspacesModule (BWM1..BWM18) > BWM16: malformed xai_board_inbox → renders seed inbox when inbox opened 149ms
   ✓ BoardWorkspacesModule (BWM1..BWM18) > BWM17: lang='zh' flips visible strings 56ms
   ✓ BoardWorkspacesModule (BWM1..BWM18) > BWM18: an empty persisted board array renders the fallback without crashing 25ms
   ✓ BoardWorkspacesModule (BWM1..BWM18) > BWM18b: schema-invalid board storage is preserved through mount, automatic automation, and manual automation 191ms
   ✓ BoardWorkspacesModule (BWM1..BWM18) > BWM18b: json-null board storage is preserved through mount, automatic automation, and manual automation 46ms
   ✓ BoardWorkspacesModule (BWM1..BWM18) > BWM18b: syntax-invalid board storage is preserved through mount, automatic automation, and manual automation 93ms
   ✓ BoardWorkspacesModule (BWM1..BWM18) > BWM18b: empty-array board storage is preserved through mount, automatic automation, and manual automation 128ms
   ✓ BoardWorkspacesModule (BWM1..BWM18) > BWM18c: a stable valid source corrects an unknown active board id 194ms
   ✓ BoardWorkspacesModule (BWM1..BWM18) > BWM18d: queued correction refuses same-account active-only writes before it runs 77ms
   ✓ BoardWorkspacesModule (BWM1..BWM18) > BWM18d: queued correction refuses same-account board-replaced writes before it runs 58ms
   ✓ BoardWorkspacesModule (BWM1..BWM18) > BWM18d: queued correction refuses same-account board-removed writes before it runs 22ms
   ✓ BoardWorkspacesModule (BWM1..BWM18) > BWM19: Inbox toggles on immediately while an alternate board view is active 154ms
   ✓ BoardWorkspacesModule (BWM1..BWM18) > BWM20: Board bottom button controls the Board panel, not the active top view 179ms
   ✓ BoardWorkspacesModule (BWM1..BWM18) > BWM-EXT-1: Filter button is now enabled (no longer disabled) 137ms
   ✓ BoardWorkspacesModule (BWM1..BWM18) > BWM-EXT-2: Click Filter button opens FilterPopover 62ms
   ✓ BoardWorkspacesModule (BWM1..BWM18) > BWM-EXT-4: Share button is now enabled (no longer disabled) 29ms
   ✓ BoardWorkspacesModule (BWM1..BWM18) > BWM-EXT-5: Click Share button opens ShareModal 221ms
   ✓ BoardWorkspacesModule (BWM1..BWM18) > BWM-PERM-1: visibility toggle defaults private and persists shared/private 58ms
   ✓ BoardWorkspacesModule (BWM1..BWM18) > BWM-EXT-6: changing filters persists the active board filter without mutating boards 94ms
   ✓ BoardWorkspacesModule (BWM1..BWM18) > BWM-SAVED-FILTER-1: remount restores the saved filter for the active board 50ms
   ✓ BoardWorkspacesModule (BWM1..BWM18) > BWM-SAVED-FILTER-2: board switch restores each board's own saved filter 113ms
   ✓ BoardWorkspacesModule (BWM1..BWM18) > BWM-SAVED-FILTER-3: Clear persists the active board reset 43ms
   ✓ BoardWorkspacesModule (BWM1..BWM18) > BWM-EXT-3: Selecting a label in the popover narrows the visible card count in BoardView 32ms
   ✓ BoardWorkspacesModule (BWM1..BWM18) > BWM-DETAIL-1: clicking a board card opens the card detail modal 54ms
   ✓ BoardWorkspacesModule (BWM1..BWM18) > BWM-DETAIL-2: title and description edits persist through xai_boards_v2 57ms
   ✓ BoardWorkspacesModule (BWM1..BWM18) > BWM-DETAIL-3: labels, members, checklist, attachments, and dates persist as detail fields 63ms
   ✓ BoardWorkspacesModule (BWM1..BWM18) > BWM-DETAIL-4: invalid attachment URL is rejected without mutating the card 16ms
   ✓ BoardWorkspacesModule (BWM1..BWM18) > BWM-INTEGRATIONS-1: provider link attachments persist integration metadata 68ms
   ✓ BoardWorkspacesModule (BWM1..BWM18) > BWM-COMMENTS-1: card detail adds comment entries with author metadata 79ms
   ✓ BoardWorkspacesModule (BWM1..BWM18) > BWM-COMMENTS-2: existing note entries remain valid timeline rows 35ms
   ✓ BoardWorkspacesModule (BWM1..BWM18) > BWM-DETAIL-5: Table view title opens the shared card detail modal 24ms
   ✓ BoardWorkspacesModule (BWM1..BWM18) > BWM-DETAIL-6: Calendar view card opens the shared card detail modal 18ms
   ✓ BoardWorkspacesModule (BWM1..BWM18) > BWM-DETAIL-7: Timeline view bar opens the shared card detail modal 20ms
   ✓ BoardWorkspacesModule (BWM1..BWM18) > BWM-DATE-1: detail modal preserves startDate > dueDate without auto-swap or clamp 77ms
   ✓ BoardWorkspacesModule (BWM1..BWM18) > BWM-DATE-2: ambiguous legacy due reload opens detail without fabricated dueDate 44ms
   ✓ BoardWorkspacesModule (BWM1..BWM18) > BWM-CHECKLIST-1: toggling, editing, and removing checklist rows persists derived progress 88ms
   ✓ BoardWorkspacesModule (BWM1..BWM18) > BWM-CHECKLIST-2: removing the last checklist item clears the legacy chip 49ms
   × BoardWorkspacesModule (BWM1..BWM18) > BWM-TASK-1: creating a linked task writes xai_task_cols and card.taskLink 242ms
     → xai_task_cols not persisted
   × BoardWorkspacesModule (BWM1..BWM18) > BWM-TASK-2: unlink clears only the board-side taskLink 58ms
     → xai_task_cols not persisted
   ✓ BoardWorkspacesModule (BWM1..BWM18) > BWM-LIST-1: first-run keyed kanban list rename persists customName without clearing key 23ms
   ✓ BoardWorkspacesModule (BWM1..BWM18) > BWM-LIST-1b: card detail uses renamed keyed kanban list customName 28ms
   ✓ BoardWorkspacesModule (BWM1..BWM18) > BWM-LIST-2: add-card targets listId after archived gaps, not visible index 16ms
   ✓ BoardWorkspacesModule (BWM1..BWM18) > BWM-LIST-3: archive manager restores and permanently deletes archived lists 42ms
   ✓ BoardWorkspacesModule (BWM1..BWM18) > BWM-LIST-4: archived lists are hidden from alternate table view 4ms
   ✓ BoardWorkspacesModule (BWM1..BWM18) > BWM-CARD-1: board-surface card rename persists and menu click does not open detail 18ms
   ✓ BoardWorkspacesModule (BWM1..BWM18) > BWM-CARD-2: move down reorders within the same active list 15ms
   ✓ BoardWorkspacesModule (BWM1..BWM18) > BWM-CARD-3: archive manager restores archived cards 24ms
   ✓ BoardWorkspacesModule (BWM1..BWM18) > BWM-CARD-4: archived-card manager permanently deletes with confirmation 28ms
   ✓ BoardWorkspacesModule (BWM1..BWM18) > BWM-CARD-5: archived cards are hidden from alternate table view 3ms
   ✓ BoardWorkspacesModule (BWM1..BWM18) > BWM-AUTO-1: daily automation persists urgent labels, due sort, and Done completion 4ms
   ✓ BoardWorkspacesModule (BWM1..BWM18) > BWM-AUTO-2: manual automation button reruns presets after a same-day due edit 11ms
   ✓ BoardWorkspacesModule — BW-Del delete confirmation (Audit B-12 + B-28) > BW-Del-Board-1: click trash in BoardSwitcher → BoardDeleteConfirmDialog mounts with mode='board' 15ms
   ✓ BoardWorkspacesModule — BW-Del delete confirmation (Audit B-12 + B-28) > BW-Del-Board-2: Cancel from dialog → dialog unmounts + board still present 17ms
   ✓ BoardWorkspacesModule — BW-Del delete confirmation (Audit B-12 + B-28) > BW-Del-Board-3: Confirm from dialog → dialog unmounts + board removed 17ms
   ✓ BoardWorkspacesModule — BW-Del delete confirmation (Audit B-12 + B-28) > BW-Del-Board-4: re-opening BoardSwitcher after confirm shows board absent 25ms
   ✓ BoardWorkspacesModule — BW-Del delete confirmation (Audit B-12 + B-28) > BW-Del-Card-1: click × in InboxPanel → BoardDeleteConfirmDialog mounts with mode='card' 32ms
   ✓ BoardWorkspacesModule — BW-Del delete confirmation (Audit B-12 + B-28) > BW-Del-Card-2: Cancel → dialog unmounts + inbox card still present 40ms
   ✓ BoardWorkspacesModule — BW-Del delete confirmation (Audit B-12 + B-28) > BW-Del-Card-3: Confirm → dialog unmounts + inbox card removed 37ms
   ✓ BoardWorkspacesModule — BW-Del delete confirmation (Audit B-12 + B-28) > BW-Del-Card-4: Cancel for card A, then open dialog for card B → state is per-pending-delete (no stale label) 40ms
   ✓ BoardWorkspacesModule — BW-Open wire-up (Audit Top-10 #5) > BW-Open-0: CardDetailDialog is not in DOM on initial render (conditional mount) 15ms
   ✓ BoardWorkspacesModule — BW-Open wire-up (Audit Top-10 #5) > BW-Open-2 (Table): clicking card in TableView triggers handleOpenCard 29ms
   ✓ BoardWorkspacesModule — BW-Open wire-up (Audit Top-10 #5) > BW-Open-3 (Calendar): clicking card in CalendarView triggers handleOpenCard 24ms
   ✓ BoardWorkspacesModule — BW-Open wire-up (Audit Top-10 #5) > BW-Open-4 (Timeline): clicking card in TimelineView triggers handleOpenCard 23ms
   ✓ BoardWorkspacesModule — BW-Open wire-up (Audit Top-10 #5) > BW-Open-5 (Map): clicking pin in MapView triggers handleOpenCard via onSelectCard 24ms
   ✓ BoardWorkspacesModule — BW-Open wire-up (Audit Top-10 #5) > BW-Open-Close: closing dialog via onClose unmounts CardDetailDialog (conditional mount) 16ms
   ✓ BWM-CAT — label/member catalogs + priority > BWM-CAT-1: priority selector patches and persists card.priority; re-click clears it 25ms
   ✓ BWM-CAT — label/member catalogs + priority > BWM-CAT-2: creating a label materializes board.labels (defaults + new) and the label is assignable 26ms
   ✓ BWM-CAT — label/member catalogs + priority > BWM-CAT-3: deleting a label removes it from the catalog AND strips it from cards 21ms
   ✓ BWM-CAT — label/member catalogs + priority > BWM-CAT-4: creating a member persists to board.members and the member is assignable 34ms
   ✓ BWM-CAT — label/member catalogs + priority > BWM-CAT-5: renaming a member persists the new name in the board directory 24ms
   ✓ BWM-SET — board settings + priority filter > BWM-SET-1: settings modal renames the board and picks a cover preset, persisted 19ms
   ✓ BWM-SET — board settings + priority filter > BWM-SET-2: icon + description persist; icon renders in the header title 18ms
   ✓ BWM-SET — board settings + priority filter > BWM-FILTER-P: priority filter narrows the board to matching cards and persists 30ms
   ✓ BWM-WS — workspace CRUD > BWM-WS-1: creating a workspace persists it (seed + new) and renders its group 20ms
   ✓ BWM-WS — workspace CRUD > BWM-WS-2: renaming a workspace persists the new name 17ms
   ✓ BWM-WS — workspace CRUD > BWM-WS-3: delete affordance only on empty workspaces; deleting removes it 19ms
   ✓ BWM-WS — workspace CRUD > BWM-WS-4: recolor cycles the workspace color 21ms
   × TASK02 failed Task write retains pending Board intent across remount and actual Retry completes once 1061ms
     → expected { title: { …(2) } } to be undefined

Ignored nodes: comments, script, style
[36m<html>[39m
  [36m<head />[39m
  [36m<body>[39m
    [36m<div />[39m
    [36m<div>[39m
      [36m<div[39m
        [33mclass[39m=[32m"board-module board-workspaces-module"[39m
        [33mdata-testid[39m=[32m"board-workspaces-module"[39m
      [36m>[39m
        [36m<header[39m
          [33mclass[39m=[32m"board-toolbar"[39m
        [36m>[39m
          [36m<span[39m
            [33mclass[39m=[32m"ws-chip"[39m
            [33mdata-testid[39m=[32m"ws-chip"[39m
            [33mstyle[39m=[32m"background: oklch(0.6 0.1 165);"[39m
          [36m>[39m
            [0mPe[0m
          [36m</span>[39m
          [36m<button[39m
            [33mclass[39m=[32m"board-title-wrap"[39m
            [33mdata-testid[39m=[32m"board-title-btn"[39m
            [33mtype[39m=[32m"button"[39m
          [36m>[39m
            [36m<h1[39m
              [33mclass[39m=[32m"module-title"[39m
            [36m>[39m
              [0mMy Project Board[0m
            [36m</h1>[39m
            [36m<span[39m
              [33maria-hidden[39m=[32m"true"[39m
            [36m>[39m
              [0m▾[0m
            [36m</span>[39m
          [36m</button>[39m
          [36m<button[39m
            [33maria-label[39m=[32m"Board settings"[39m
            [33mclass[39m=[32m"board-icon-btn"[39m
            [33mdata-testid[39m=[32m"board-settings-btn"[39m
            [33mtitle[39m=[32m"Board settings"[39m
            [33mtype[39m=[32m"button"[39m
          [36m>[39m
            [0m✎[0m
          [36m</button>[39m
          [36m<div[39m
            [33mclass[39m=[32m"view-picker-wrap"[39m
          [36m>[39m
            [36m<div[39m
              [33mdata-testid[39m=[32m"view-picker-stub"[39m
            [36m>[39m
              [36m<button[39m
                [33mdata-testid[39m=[32m"vp-table"[39m
              [36m>[39m
                [0mTable[0m
              [36m</button>[39m
              [36m<button[39m
                [33mdata-testid[39m=[32m"vp-calendar"[39m
              [36m>[39m
                [0mCalendar[0m
              [36m</button>[39m
              [36m<button[39m
                [33mdata-testid[39m=[32m"vp-timeline"[39m
              [36m>[39m
                [0mTimeline[0m
              [36m</button>[39m
              [36m<button[39m
                [33mdata-testid[39m=[32m"vp-map"[39m
              [36m>[39m
                [0mMap[0m
              [36m</button>[39m
            [36m</div>[39m
          [36m</div>[39m
          [36m<span[39m
            [33mclass[39m=[32m"board-count"[39m
          [36m>[39m
            [0m14[0m
            [0m [0m
            [0mcards[0m
          [36m</span>[39m
          [36m<span[39m
            [33mclass[39m=[32m"grow"[39m
          [36m/>[39m
          [36m<div[39m
            [33mclass[39m=[32m"board-members"[39m
            [33mdata-testid[39m=[32m"board-members"[39m
          [36m/>[39m
          [36m<button[39m
            [33mclass[39m=[32m"board-icon-btn"[39m
            [33mdata-testid[39m=[32m"overview-toggle"[39m
            [33mdisabled[39m=[32m""[39m
            [33mtype[39m=[32m"button"[39m
          [36m>[39m
            [0mOverview[0m
          [36m</button>[39m
          [36m<div[39m
            [33mclass[39m=[32m"filter-btn-wrap"[39m
            [33mstyle[39m=[32m"position: relative;"[39m
          [36m>[39m
            [36m<button[39m
              [33maria-expanded[39m=[32m"false"[39m
              [33mclass[39m=[32m"board-icon-btn"[39m
              [33mdata-testid[39m=[32m"filter-btn"[39m
              [33mtype[39m=[32m"button"[39m
            [36m>[39m
              [0mFilter[0m
            [36m</button>[39m
          [36m</div>[39m
          [36m<div[39m
            [33mclass[39m=[32m"archive-manager-wrap"[39m
          [36m>[39m
            [36m<button[39m
              [33maria-expanded[39m=[32m"false"[39m
              [33mclass[39m=[32m"board-icon-btn"[39m
              [33mdata-testid[39m=[32m"archive-toggle"[39m
              [33mtype[39m=[32m"button"[39m
            [36m>[39m
              [0mArchived[0m
            [36m</button>[39m
          [36m</div>[39m
          [36m<div[39m
            [33mclass[39m=[32m"archive-manager-wrap"[39m
          [36m>[39m
            [36m<button[39m
              [33maria-expanded[39m=[32m"false"[39m
              [33mclass[39m=[32m"board-icon-btn"[39m
              [33mdata-testid[39m=[32m"archive-cards-toggle"[39m
              [33mtype[39m=[32m"button"[39m
            [36m>[39m
              [0mArchived cards[0m
            [36m</button>[39m
          [36m</div>[39m
          [36m<button[39m
            [33mclass[39m=[32m"board-icon-btn"[39m
            [33mdata-testid[39m=[32m"automation-run-btn"[39m
            [33mtype[39m=[32m"button"[39m
          [36m>[39m
            [0mAutomate[0m
          [36m</button>[39m
          [36m<button[39m
            [33mclass[39m=[32m"board-icon-btn"[39m
            [33mdata-testid[39m=[32m"board-visibility-toggle"[39m
            [33mtype[39m=[32m"button"[39m
          [36m>[39m
            [0mPrivate[0m
          [36m</button>[39m
          [36m<button[39m
            [33mclass[39m=[32m"board-icon-btn primary"[39m
            [33mdata-testid[39m=[32m"share-btn"[39m
            [33mtype[39m=[32m"button"[39m
          [36m>[39m
            [0mShare[0m
          [36m</button>[39m
        [36m</header>[39m
        [36m<div[39m
          [33mclass[39m=[32m"board-canvas"[39m
        [36m>[39m
          [36m<div[39m
            [33mclass[39m=[32m"board-panels board-panels-single"[39m
            [33mdata-testid[39m=[32m"board-panels"[39m
          [36m>[39m
            [36m<div[39m
              [33mclass[39m=[32m"board-main-panel"[39m
            [36m>[39m
              [36m<div[39m
                [33mclass[39m=[32m"board-lists"[39m
                [33mdata-testid[39m=[32m"board-lists"[39m
              [36m>[39m
                [36m<section[39m
                  [33mclass[39m=[32m"board-list"[39m
                  [33mdata-list-id[39m=[32m"b-backlog"[39m
                  [33mdata-testid[39m=[32m"board-list"[39m
                [36m>[39m
                  [36m<header[39m
                    [33mclass[39m=[32m"bl-head"[39m
                  [36m>[39m
                    [36m<h2>[39m
                      [0mBacklog[0m
                    [36m</h2>[39m
                    [36m<span[39m
                      [33mclass[39m=[32m"col-count"[39m
                      [33mdata-testid[39m=[32m"col-count"[39m
                    [36m>[39m
                      [0m3[0m
             ...

 Test Files  2 failed | 24 passed (26)
      Tests  9 failed | 309 passed (318)
   Start at  18:25:22
   Duration  8.85s (transform 1.73s, setup 5.44s, collect 8.03s, tests 9.90s, environment 14.18s, prepare 2.39s)


stderr | src/__tests__/taskLinkCommand.test.ts > intent write failure is honest and retry resumes the retained intent exactly once
[plugin-web-storage] quota exceeded for xai_boards_v2.

stderr | src/__tests__/BoardCreateRecovery.test.tsx > Board creator ordered persistence > canonical quota retains latest editor and never selects nonexistent board
[plugin-web-storage] quota exceeded for xai_boards_v2.

stderr | src/__tests__/BoardComposerRecovery.test.tsx > Card/list composer confirmed persistence > card quota keeps latest draft and stable id through repeated attempts
[plugin-web-storage] quota exceeded for xai_boards_v2.
[plugin-web-storage] quota exceeded for xai_boards_v2.

stderr | src/__tests__/BoardCreateRecovery.test.tsx > Board creator ordered persistence > active selection quota is partial success; retry only opens one existing board
[plugin-web-storage] quota exceeded for xai_active_board.

stderr | src/__tests__/BoardCreateRecovery.test.tsx > Board creator ordered persistence > newer raw wins over a failed create retry
[plugin-web-storage] quota exceeded for xai_boards_v2.

stderr | src/__tests__/BoardComposerRecovery.test.tsx > Card/list composer confirmed persistence > list quota keeps latest draft and stable id through repeated attempts
[plugin-web-storage] quota exceeded for xai_boards_v2.
[plugin-web-storage] quota exceeded for xai_boards_v2.

stderr | src/__tests__/BoardCreateRecovery.test.tsx > Board creator ordered persistence > old owner cannot retry or export its failed creation into B
[plugin-web-storage] quota exceeded for xai_boards_v2.

stderr | src/__tests__/BoardComposerRecovery.test.tsx > Card/list composer confirmed persistence > newer raw and subsequent account switch preserve the draft without retry/export mutation
[plugin-web-storage] quota exceeded for xai_boards_v2.

stderr | src/__tests__/BoardWorkspacesModule.test.tsx > BoardWorkspacesModule (BWM1..BWM18) > BWM18b: json-null board storage is preserved through mount, automatic automation, and manual automation
[plugin-web-storage] decode failed for xai_boards_v2: Error: Cannot decode stored value with codec "json"
    at getPref (/private/var/folders/zk/bxw8sv_15xx51q2mf6xhdb8c0000gn/T/xai-board-detail-package-lpCkP7/packages/plugin-web-storage/src/internal/storage.ts:149:7)
    at /private/var/folders/zk/bxw8sv_15xx51q2mf6xhdb8c0000gn/T/xai-board-detail-package-lpCkP7/packages/plugin-web-storage/src/internal/usePref.ts:108:20
    at mountStateImpl (/Users/lijinlong/Desktop/Jinlong_Project/Coding_project/AI_Desktop/XAI_Desktop/node_modules/.pnpm/react-dom@19.2.0_react@19.2.0/node_modules/react-dom/cjs/react-dom-client.development.js:8268:24)
    at mountState (/Users/lijinlong/Desktop/Jinlong_Project/Coding_project/AI_Desktop/XAI_Desktop/node_modules/.pnpm/react-dom@19.2.0_react@19.2.0/node_modules/react-dom/cjs/react-dom-client.development.js:8289:22)
    at Object.useState (/Users/lijinlong/Desktop/Jinlong_Project/Coding_project/AI_Desktop/XAI_Desktop/node_modules/.pnpm/react-dom@19.2.0_react@19.2.0/node_modules/react-dom/cjs/react-dom-client.development.js:26243:18)
    at process.env.NODE_ENV.exports.useState (/Users/lijinlong/Desktop/Jinlong_Project/Coding_project/AI_Desktop/XAI_Desktop/node_modules/.pnpm/react@19.2.0/node_modules/react/cjs/react.development.js:1263:34)
    at usePrefBrowser (/private/var/folders/zk/bxw8sv_15xx51q2mf6xhdb8c0000gn/T/xai-board-detail-package-lpCkP7/packages/plugin-web-storage/src/internal/usePref.ts:117:37)
    at usePref (/private/var/folders/zk/bxw8sv_15xx51q2mf6xhdb8c0000gn/T/xai-board-detail-package-lpCkP7/packages/plugin-web-storage/src/internal/usePref.ts:77:10)
    at BoardWorkspacesModule (/private/var/folders/zk/bxw8sv_15xx51q2mf6xhdb8c0000gn/T/xai-board-detail-package-lpCkP7/packages/plugin-web-board-workspaces/src/BoardWorkspacesModule.tsx:336:37)
    at Object.react_stack_bottom_frame (/Users/lijinlong/Desktop/Jinlong_Project/Coding_project/AI_Desktop/XAI_Desktop/node_modules/.pnpm/react-dom@19.2.0_react@19.2.0/node_modules/react-dom/cjs/react-dom-client.development.js:25904:20)

stderr | src/__tests__/shareUrl.test.ts > generateShareUrl > SU-6 crypto.subtle === undefined fallback returns boardId.slice(0,8)
[shareUrl] SubtleCrypto unavailable; using boardId slice fallback

stderr | src/__tests__/BoardWorkspacesModule.test.tsx > BoardWorkspacesModule (BWM1..BWM18) > BWM18b: syntax-invalid board storage is preserved through mount, automatic automation, and manual automation
[plugin-web-storage] decode failed for xai_boards_v2: Error: Cannot decode stored value with codec "json"
    at getPref (/private/var/folders/zk/bxw8sv_15xx51q2mf6xhdb8c0000gn/T/xai-board-detail-package-lpCkP7/packages/plugin-web-storage/src/internal/storage.ts:149:7)
    at /private/var/folders/zk/bxw8sv_15xx51q2mf6xhdb8c0000gn/T/xai-board-detail-package-lpCkP7/packages/plugin-web-storage/src/internal/usePref.ts:108:20
    at mountStateImpl (/Users/lijinlong/Desktop/Jinlong_Project/Coding_project/AI_Desktop/XAI_Desktop/node_modules/.pnpm/react-dom@19.2.0_react@19.2.0/node_modules/react-dom/cjs/react-dom-client.development.js:8268:24)
    at mountState (/Users/lijinlong/Desktop/Jinlong_Project/Coding_project/AI_Desktop/XAI_Desktop/node_modules/.pnpm/react-dom@19.2.0_react@19.2.0/node_modules/react-dom/cjs/react-dom-client.development.js:8289:22)
    at Object.useState (/Users/lijinlong/Desktop/Jinlong_Project/Coding_project/AI_Desktop/XAI_Desktop/node_modules/.pnpm/react-dom@19.2.0_react@19.2.0/node_modules/react-dom/cjs/react-dom-client.development.js:26243:18)
    at process.env.NODE_ENV.exports.useState (/Users/lijinlong/Desktop/Jinlong_Project/Coding_project/AI_Desktop/XAI_Desktop/node_modules/.pnpm/react@19.2.0/node_modules/react/cjs/react.development.js:1263:34)
    at usePrefBrowser (/private/var/folders/zk/bxw8sv_15xx51q2mf6xhdb8c0000gn/T/xai-board-detail-package-lpCkP7/packages/plugin-web-storage/src/internal/usePref.ts:117:37)
    at usePref (/private/var/folders/zk/bxw8sv_15xx51q2mf6xhdb8c0000gn/T/xai-board-detail-package-lpCkP7/packages/plugin-web-storage/src/internal/usePref.ts:77:10)
    at BoardWorkspacesModule (/private/var/folders/zk/bxw8sv_15xx51q2mf6xhdb8c0000gn/T/xai-board-detail-package-lpCkP7/packages/plugin-web-board-workspaces/src/BoardWorkspacesModule.tsx:336:37)
    at Object.react_stack_bottom_frame (/Users/lijinlong/Desktop/Jinlong_Project/Coding_project/AI_Desktop/XAI_Desktop/node_modules/.pnpm/react-dom@19.2.0_react@19.2.0/node_modules/react-dom/cjs/react-dom-client.development.js:25904:20)


⎯⎯⎯⎯⎯⎯⎯ Failed Tests 9 ⎯⎯⎯⎯⎯⎯⎯

 FAIL  src/__tests__/BoardWorkspacesModule.test.tsx > BoardWorkspacesModule (BWM1..BWM18) > BWM-TASK-1: creating a linked task writes xai_task_cols and card.taskLink
Error: xai_task_cols not persisted
 ❯ getStoredTaskCols src/__tests__/BoardWorkspacesModule.test.tsx:53:19
 ❯ getStoredTask src/__tests__/BoardWorkspacesModule.test.tsx:71:21
 ❯ src/__tests__/BoardWorkspacesModule.test.tsx:946:38

⎯⎯⎯⎯⎯⎯⎯⎯⎯⎯⎯⎯⎯⎯⎯⎯⎯⎯⎯⎯⎯⎯⎯⎯[1/9]⎯

 FAIL  src/__tests__/BoardWorkspacesModule.test.tsx > BoardWorkspacesModule (BWM1..BWM18) > BWM-TASK-2: unlink clears only the board-side taskLink
Error: xai_task_cols not persisted
 ❯ getStoredTaskCols src/__tests__/BoardWorkspacesModule.test.tsx:53:19
 ❯ getStoredTask src/__tests__/BoardWorkspacesModule.test.tsx:71:21
 ❯ src/__tests__/BoardWorkspacesModule.test.tsx:980:12

⎯⎯⎯⎯⎯⎯⎯⎯⎯⎯⎯⎯⎯⎯⎯⎯⎯⎯⎯⎯⎯⎯⎯⎯[2/9]⎯

 FAIL  src/__tests__/BoardWorkspacesModule.test.tsx > TASK02 failed Task write retains pending Board intent across remount and actual Retry completes once
AssertionError: expected { title: { …(2) } } to be undefined

Ignored nodes: comments, script, style
[36m<html>[39m
  [36m<head />[39m
  [36m<body>[39m
    [36m<div />[39m
    [36m<div>[39m
      [36m<div[39m
        [33mclass[39m=[32m"board-module board-workspaces-module"[39m
        [33mdata-testid[39m=[32m"board-workspaces-module"[39m
      [36m>[39m
        [36m<header[39m
          [33mclass[39m=[32m"board-toolbar"[39m
        [36m>[39m
          [36m<span[39m
            [33mclass[39m=[32m"ws-chip"[39m
            [33mdata-testid[39m=[32m"ws-chip"[39m
            [33mstyle[39m=[32m"background: oklch(0.6 0.1 165);"[39m
          [36m>[39m
            [0mPe[0m
          [36m</span>[39m
          [36m<button[39m
            [33mclass[39m=[32m"board-title-wrap"[39m
            [33mdata-testid[39m=[32m"board-title-btn"[39m
            [33mtype[39m=[32m"button"[39m
          [36m>[39m
            [36m<h1[39m
              [33mclass[39m=[32m"module-title"[39m
            [36m>[39m
              [0mMy Project Board[0m
            [36m</h1>[39m
            [36m<span[39m
              [33maria-hidden[39m=[32m"true"[39m
            [36m>[39m
              [0m▾[0m
            [36m</span>[39m
          [36m</button>[39m
          [36m<button[39m
            [33maria-label[39m=[32m"Board settings"[39m
            [33mclass[39m=[32m"board-icon-btn"[39m
            [33mdata-testid[39m=[32m"board-settings-btn"[39m
            [33mtitle[39m=[32m"Board settings"[39m
            [33mtype[39m=[32m"button"[39m
          [36m>[39m
            [0m✎[0m
          [36m</button>[39m
          [36m<div[39m
            [33mclass[39m=[32m"view-picker-wrap"[39m
          [36m>[39m
            [36m<div[39m
              [33mdata-testid[39m=[32m"view-picker-stub"[39m
            [36m>[39m
              [36m<button[39m
                [33mdata-testid[39m=[32m"vp-table"[39m
              [36m>[39m
                [0mTable[0m
              [36m</button>[39m
              [36m<button[39m
                [33mdata-testid[39m=[32m"vp-calendar"[39m
              [36m>[39m
                [0mCalendar[0m
              [36m</button>[39m
              [36m<button[39m
                [33mdata-testid[39m=[32m"vp-timeline"[39m
              [36m>[39m
                [0mTimeline[0m
              [36m</button>[39m
              [36m<button[39m
                [33mdata-testid[39m=[32m"vp-map"[39m
              [36m>[39m
                [0mMap[0m
              [36m</button>[39m
            [36m</div>[39m
          [36m</div>[39m
          [36m<span[39m
            [33mclass[39m=[32m"board-count"[39m
          [36m>[39m
            [0m14[0m
            [0m [0m
            [0mcards[0m
          [36m</span>[39m
          [36m<span[39m
            [33mclass[39m=[32m"grow"[39m
          [36m/>[39m
          [36m<div[39m
            [33mclass[39m=[32m"board-members"[39m
            [33mdata-testid[39m=[32m"board-members"[39m
          [36m/>[39m
          [36m<button[39m
            [33mclass[39m=[32m"board-icon-btn"[39m
            [33mdata-testid[39m=[32m"overview-toggle"[39m
            [33mdisabled[39m=[32m""[39m
            [33mtype[39m=[32m"button"[39m
          [36m>[39m
            [0mOverview[0m
          [36m</button>[39m
          [36m<div[39m
            [33mclass[39m=[32m"filter-btn-wrap"[39m
            [33mstyle[39m=[32m"position: relative;"[39m
          [36m>[39m
            [36m<button[39m
              [33maria-expanded[39m=[32m"false"[39m
              [33mclass[39m=[32m"board-icon-btn"[39m
              [33mdata-testid[39m=[32m"filter-btn"[39m
              [33mtype[39m=[32m"button"[39m
            [36m>[39m
              [0mFilter[0m
            [36m</button>[39m
          [36m</div>[39m
          [36m<div[39m
            [33mclass[39m=[32m"archive-manager-wrap"[39m
          [36m>[39m
            [36m<button[39m
              [33maria-expanded[39m=[32m"false"[39m
              [33mclass[39m=[32m"board-icon-btn"[39m
              [33mdata-testid[39m=[32m"archive-toggle"[39m
              [33mtype[39m=[32m"button"[39m
            [36m>[39m
              [0mArchived[0m
            [36m</button>[39m
          [36m</div>[39m
          [36m<div[39m
            [33mclass[39m=[32m"archive-manager-wrap"[39m
          [36m>[39m
            [36m<button[39m
              [33maria-expanded[39m=[32m"false"[39m
              [33mclass[39m=[32m"board-icon-btn"[39m
              [33mdata-testid[39m=[32m"archive-cards-toggle"[39m
              [33mtype[39m=[32m"button"[39m
            [36m>[39m
              [0mArchived cards[0m
            [36m</button>[39m
          [36m</div>[39m
          [36m<button[39m
            [33mclass[39m=[32m"board-icon-btn"[39m
            [33mdata-testid[39m=[32m"automation-run-btn"[39m
            [33mtype[39m=[32m"button"[39m
          [36m>[39m
            [0mAutomate[0m
          [36m</button>[39m
          [36m<button[39m
            [33mclass[39m=[32m"board-icon-btn"[39m
            [33mdata-testid[39m=[32m"board-visibility-toggle"[39m
            [33mtype[39m=[32m"button"[39m
          [36m>[39m
            [0mPrivate[0m
          [36m</button>[39m
          [36m<button[39m
            [33mclass[39m=[32m"board-icon-btn primary"[39m
            [33mdata-testid[39m=[32m"share-btn"[39m
            [33mtype[39m=[32m"button"[39m
          [36m>[39m
            [0mShare[0m
          [36m</button>[39m
        [36m</header>[39m
        [36m<div[39m
          [33mclass[39m=[32m"board-canvas"[39m
        [36m>[39m
          [36m<div[39m
            [33mclass[39m=[32m"board-panels board-panels-single"[39m
            [33mdata-testid[39m=[32m"board-panels"[39m
          [36m>[39m
            [36m<div[39m
              [33mclass[39m=[32m"board-main-panel"[39m
            [36m>[39m
              [36m<div[39m
                [33mclass[39m=[32m"board-lists"[39m
                [33mdata-testid[39m=[32m"board-lists"[39m
              [36m>[39m
                [36m<section[39m
                  [33mclass[39m=[32m"board-list"[39m
                  [33mdata-list-id[39m=[32m"b-backlog"[39m
                  [33mdata-testid[39m=[32m"board-list"[39m
                [36m>[39m
                  [36m<header[39m
                    [33mclass[39m=[32m"bl-head"[39m
                  [36m>[39m
                    [36m<h2>[39m
                      [0mBacklog[0m
                    [36m</h2>[39m
                    [36m<span[39m
                      [33mclass[39m=[32m"col-count"[39m
                      [33mdata-testid[39m=[32m"col-count"[39m
                    [36m>[39m
                      [0m3[0m
             ...

- Expected: 
undefined

+ Received: 
{
  "title": {
    "en": "Onboarding flow concepts",
    "zh": "新人引导流程概念",
  },
}

 ❯ src/__tests__/BoardWorkspacesModule.test.tsx:1918:70
 ❯ runWithExpensiveErrorDiagnosticsDisabled ../../../../../../../../Users/lijinlong/Desktop/Jinlong_Project/Coding_project/AI_Desktop/XAI_Desktop/node_modules/.pnpm/@testing-library+dom@10.4.1/node_modules/@testing-library/dom/dist/config.js:47:12
 ❯ checkCallback ../../../../../../../../Users/lijinlong/Desktop/Jinlong_Project/Coding_project/AI_Desktop/XAI_Desktop/node_modules/.pnpm/@testing-library+dom@10.4.1/node_modules/@testing-library/dom/dist/wait-for.js:124:77
 ❯ Timeout.checkRealTimersCallback ../../../../../../../../Users/lijinlong/Desktop/Jinlong_Project/Coding_project/AI_Desktop/XAI_Desktop/node_modules/.pnpm/@testing-library+dom@10.4.1/node_modules/@testing-library/dom/dist/wait-for.js:118:16

⎯⎯⎯⎯⎯⎯⎯⎯⎯⎯⎯⎯⎯⎯⎯⎯⎯⎯⎯⎯⎯⎯⎯⎯[3/9]⎯

 FAIL  src/__tests__/taskLinkCommand.test.ts > intent write failure is honest and retry resumes the retained intent exactly once
 FAIL  src/__tests__/taskLinkCommand.test.ts > task write failure is honest and retry resumes the retained intent exactly once
AssertionError: expected { ok: false, phase: 'task', …(1) } to deeply equal { ok: true }

- Expected
+ Received

  {
-   "ok": true,
+   "message": "Link intent saved; task creation failed. Retry to finish.",
+   "ok": false,
+   "phase": "task",
  }

 ❯ src/__tests__/taskLinkCommand.test.ts:39:64

⎯⎯⎯⎯⎯⎯⎯⎯⎯⎯⎯⎯⎯⎯⎯⎯⎯⎯⎯⎯⎯⎯⎯⎯[4/9]⎯

 FAIL  src/__tests__/taskLinkCommand.test.ts > acknowledgement write failure is honest and retry resumes the retained intent exactly once
AssertionError: expected { ok: false, phase: 'task', …(1) } to match object { ok: false, phase: 'acknowledgement' }
(1 matching property omitted from actual)

- Expected
+ Received

  {
    "ok": false,
-   "phase": "acknowledgement",
+   "phase": "task",
  }

 ❯ src/__tests__/taskLinkCommand.test.ts:35:87

⎯⎯⎯⎯⎯⎯⎯⎯⎯⎯⎯⎯⎯⎯⎯⎯⎯⎯⎯⎯⎯⎯⎯⎯[5/9]⎯

 FAIL  src/__tests__/taskLinkCommand.test.ts > pending link follows stable card through move and card/list archive restoration
AssertionError: expected { ok: false, phase: 'task', …(1) } to deeply equal { ok: true }

- Expected
+ Received

  {
-   "ok": true,
+   "message": "Link intent saved; task creation failed. Retry to finish.",
+   "ok": false,
+   "phase": "task",
  }

 ❯ src/__tests__/taskLinkCommand.test.ts:52:64

⎯⎯⎯⎯⎯⎯⎯⎯⎯⎯⎯⎯⎯⎯⎯⎯⎯⎯⎯⎯⎯⎯⎯⎯[6/9]⎯

 FAIL  src/__tests__/taskLinkCommand.test.ts > adds a Board task through the canonical envelope while retaining durable receipts
AssertionError: expected { ok: false, phase: 'task', …(1) } to deeply equal { ok: true }

- Expected
+ Received

  {
-   "ok": true,
+   "message": "Link intent saved; task creation failed. Retry to finish.",
+   "ok": false,
+   "phase": "task",
  }

 ❯ src/__tests__/taskLinkCommand.test.ts:71:64

⎯⎯⎯⎯⎯⎯⎯⎯⎯⎯⎯⎯⎯⎯⎯⎯⎯⎯⎯⎯⎯⎯⎯⎯[7/9]⎯

 FAIL  src/__tests__/taskLinkCommand.test.ts > a newer same-ID pending intent is retained after the Task write
AssertionError: expected { ok: false, phase: 'task', …(1) } to match object { ok: false, phase: 'acknowledgement' }
(1 matching property omitted from actual)

- Expected
+ Received

  {
    "ok": false,
-   "phase": "acknowledgement",
+   "phase": "task",
  }

 ❯ src/__tests__/taskLinkCommand.test.ts:104:64

⎯⎯⎯⎯⎯⎯⎯⎯⎯⎯⎯⎯⎯⎯⎯⎯⎯⎯⎯⎯⎯⎯⎯⎯[8/9]⎯
