revision=73b4eb9 fixed_commit=73b4eb9184c06764a3befd101961a3856988022f
exit=1

 RUN  v3.2.7 /var/folders/zk/bxw8sv_15xx51q2mf6xhdb8c0000gn/T/xai-dt-sol-wHXrGL

 ❯ docs/reviews/web-date-time-recovery-sol/advanced.test.tsx (8 tests | 8 failed) 429ms
   × a previous equal Sunday success cannot clear a later Sunday failure 107ms
     → expected 'saturday' to be 'sunday' // Object.is equality
   × repeated Retry during a pending toggle cannot duplicate or settle a newer intent 75ms
     → Unable to find an accessible element with the role "button" and name `/Retry.*Show Lunar Calendar/i`

Here are the accessible roles:

  heading:

  Name "Date & Time":
  [36m<h3[39m
    [33mclass[39m=[32m"pane-title"[39m
  [36m/>[39m

  --------------------------------------------------
  combobox:

  Name "Start week on":
  [36m<select[39m
    [33maria-label[39m=[32m"Start week on"[39m
    [33mclass[39m=[32m"sl-select"[39m
  [36m/>[39m

  --------------------------------------------------
  option:

  Name "Monday":
  [36m<option[39m
    [33mvalue[39m=[32m"monday"[39m
  [36m/>[39m

  Name "Sunday":
  [36m<option[39m
    [33mvalue[39m=[32m"sunday"[39m
  [36m/>[39m

  Name "Saturday":
  [36m<option[39m
    [33mvalue[39m=[32m"saturday"[39m
  [36m/>[39m

  --------------------------------------------------
  switch:

  Name "Show Lunar Calendar":
  [36m<button[39m
    [33maria-checked[39m=[32m"false"[39m
    [33maria-label[39m=[32m"Show Lunar Calendar"[39m
    [33mclass[39m=[32m"toggle"[39m
    [33mrole[39m=[32m"switch"[39m
    [33mtype[39m=[32m"button"[39m
  [36m/>[39m

  Name "Show Week Numbers (W)":
  [36m<button[39m
    [33maria-checked[39m=[32m"true"[39m
    [33maria-label[39m=[32m"Show Week Numbers (W)"[39m
    [33mclass[39m=[32m"toggle on"[39m
    [33mrole[39m=[32m"switch"[39m
    [33mtype[39m=[32m"button"[39m
  [36m/>[39m

  Name "Show Holidays":
  [36m<button[39m
    [33maria-checked[39m=[32m"true"[39m
    [33maria-label[39m=[32m"Show Holidays"[39m
    [33mclass[39m=[32m"toggle on"[39m
    [33mrole[39m=[32m"switch"[39m
    [33mtype[39m=[32m"button"[39m
  [36m/>[39m

  Name "Time Zone":
  [36m<button[39m
    [33maria-checked[39m=[32m"true"[39m
    [33maria-label[39m=[32m"Time Zone"[39m
    [33mclass[39m=[32m"toggle on"[39m
    [33mrole[39m=[32m"switch"[39m
    [33mtype[39m=[32m"button"[39m
  [36m/>[39m

  --------------------------------------------------

Ignored nodes: comments, script, style
[36m<body>[39m
  [36m<div>[39m
    [36m<div[39m
      [33mclass[39m=[32m"dt-pane"[39m
    [36m>[39m
      [36m<h3[39m
        [33mclass[39m=[32m"pane-title"[39m
      [36m>[39m
        [0mDate & Time[0m
      [36m</h3>[39m
      [36m<div[39m
        [33mclass[39m=[32m"setting-block"[39m
      [36m>[39m
        [36m<div[39m
          [33mclass[39m=[32m"setting-row"[39m
        [36m>[39m
          [36m<div[39m
            [33mclass[39m=[32m"sr-text"[39m
          [36m>[39m
            [36m<div[39m
              [33mclass[39m=[32m"sr-label"[39m
            [36m>[39m
              [0mStart week on[0m
            [36m</div>[39m
          [36m</div>[39m
          [36m<div[39m
            [33mclass[39m=[32m"sr-ctrl"[39m
          [36m>[39m
            [36m<select[39m
              [33maria-label[39m=[32m"Start week on"[39m
              [33mclass[39m=[32m"sl-select"[39m
            [36m>[39m
              [36m<option[39m
                [33mvalue[39m=[32m"monday"[39m
              [36m>[39m
                [0mMonday[0m
              [36m</option>[39m
              [36m<option[39m
                [33mvalue[39m=[32m"sunday"[39m
              [36m>[39m
                [0mSunday[0m
              [36m</option>[39m
              [36m<option[39m
                [33mvalue[39m=[32m"saturday"[39m
              [36m>[39m
                [0mSaturday[0m
              [36m</option>[39m
            [36m</select>[39m
          [36m</div>[39m
        [36m</div>[39m
      [36m</div>[39m
      [36m<div[39m
        [33mclass[39m=[32m"setting-block"[39m
        [33mstyle[39m=[32m"margin-top: 14px;"[39m
      [36m>[39m
        [36m<div[39m
          [33mclass[39m=[32m"setting-row"[39m
        [36m>[39m
          [36m<div[39m
            [33mclass[39m=[32m"sr-text"[39m
          [36m>[39m
            [36m<div[39m
              [33mclass[39m=[32m"sr-label"[39m
            [36m>[39m
              [0mShow Lunar Calendar[0m
            [36m</div>[39m
          [36m</div>[39m
          [36m<div[39m
            [33mclass[39m=[32m"sr-ctrl"[39m
          [36m>[39m
            [36m<button[39m
              [33maria-checked[39m=[32m"false"[39m
              [33maria-label[39m=[32m"Show Lunar Calendar"[39m
              [33mclass[39m=[32m"toggle"[39m
              [33mrole[39m=[32m"switch"[39m
              [33mtype[39m=[32m"button"[39m
            [36m>[39m
              [36m<span[39m
                [33mclass[39m=[32m"toggle-knob"[39m
              [36m/>[39m
            [36m</button>[39m
          [36m</div>[39m
        [36m</div>[39m
        [36m<div[39m
          [33mclass[39m=[32m"setting-row"[39m
        [36m>[39m
          [36m<div[39m
            [33mclass[39m=[32m"sr-text"[39m
          [36m>[39m
            [36m<div[39m
              [33mclass[39m=[32m"sr-label"[39m
            [36m>[39m
              [0mShow Week Numbers (W)[0m
            [36m</div>[39m
          [36m</div>[39m
          [36m<div[39m
            [33mclass[39m=[32m"sr-ctrl"[39m
          [36m>[39m
            [36m<button[39m
              [33maria-checked[39m=[32m"true"[39m
              [33maria-label[39m=[32m"Show Week Numbers (W)"[39m
              [33mclass[39m=[32m"toggle on"[39m
              [33mrole[39m=[32m"switch"[39m
              [33mtype[39m=[32m"button"[39m
            [36m>[39m
              [36m<span[39m
                [33mclass[39m=[32m"toggle-knob"[39m
              [36m/>[39m
            [36m</button>[39m
          [36m</div>[39m
        [36m</div>[39m
        [36m<div[39m
          [33mclass[39m=[32m"setting-row"[39m
        [36m>[39m
          [36m<div[39m
            [33mclass[39m=[32m"sr-text"[39m
          [36m>[39m
            [36m<div[39m
              [33mclass[39m=[32m"sr-label"[39m
            [36m>[39m
              [0mShow Holidays[0m
            [36m</div>[39m
          [36m</div>[39m
          [36m<div[39m
            [33mclass[39m=[32m"sr-ctrl"[39m
          [36m>[39m
            [36m<button[39m
              [33maria-checked[39m=[32m"true"[39m
              [33maria-label[39m=[32m"Show Holidays"[39m
              [33mclass[39m=[32m"toggle on"[39m
              [33mrole[39m=[32m"switch"[39m
              [33mtype[39m=[32m"button"[39m
            [36m>[39m
              [36m<span[39m
                [33mclass[39m=[32m"toggle-knob"[39m
              [36m/>[39m
            [36m</button>[39m
          [36m</div>[39m
        [36m</div>[39m
      [36m</div>[39m
      [36m<div[39m
        [33mclass[39m=[32m"setting-block"[39m
        [33mstyle[39m=[32m"margin-top: 14px;"[39m
      [36m>[39m
        [36m<div[39m
          [33mclass[39m=[32m"setting-row"[39m
        [36m>[39m
          [36m<div[39m
            [33mclass[39m=[32m"sr-text"[39m
          [36m>[39m
            [36m<div[39m
              [33mclass[39m=[32m"sr-label"[39m
            [36m>[39m
              [0mTime Zone[0m
            [36m</div>[39m
            [36m<div[39m
              [33mclass[39m=[32m"sr-desc"[39m
            [36m>[39m
              [0mIf enabled, you can select the time zone when setting time for tasks.[0m
            [36m</div>[39m
          [36m</div>[39m
          [36m<div[39m
            [33mclass[39m=[32m"sr-ctrl"[39m
          [36m>[39m
            [36m<button[39m
              [33maria-checked[39m=[32m"true"[39m
              [33maria-label[39m=[32m"Time Zone"[39m
              [33mclass[39m=[32m"toggle on"[39m
              [33mrole[39m=[32m"switch"[39m
              [33mtype[39m=[32m"button"[39m
            [36m>[39m
              [36m<span[39m
                [33mclass[39m=[32m"toggle-knob"[39m
              [36m/>[39m
            [36m</button>[39m
          [36m</div>[39m
        [36m</div>[39m
      [36m</div>[39m
    [36m</div>[39m
  [36m</div>[39m
[36m</body>[39m
   × external raw replacement under the real key lock is preserved as conflict 40ms
     → expected undefined to be true // Object.is equality
   × targeted discard rereads only its field with zero writes and preserves failed sibling export 58ms
     → Unable to find an accessible element with the role "button" and name `/Discard.*Show Lunar Calendar/i`

Here are the accessible roles:

  heading:

  Name "Date & Time":
  [36m<h3[39m
    [33mclass[39m=[32m"pane-title"[39m
  [36m/>[39m

  --------------------------------------------------
  combobox:

  Name "Start week on":
  [36m<select[39m
    [33maria-label[39m=[32m"Start week on"[39m
    [33mclass[39m=[32m"sl-select"[39m
  [36m/>[39m

  --------------------------------------------------
  option:

  Name "Monday":
  [36m<option[39m
    [33mvalue[39m=[32m"monday"[39m
  [36m/>[39m

  Name "Sunday":
  [36m<option[39m
    [33mvalue[39m=[32m"sunday"[39m
  [36m/>[39m

  Name "Saturday":
  [36m<option[39m
    [33mvalue[39m=[32m"saturday"[39m
  [36m/>[39m

  --------------------------------------------------
  switch:

  Name "Show Lunar Calendar":
  [36m<button[39m
    [33maria-checked[39m=[32m"true"[39m
    [33maria-label[39m=[32m"Show Lunar Calendar"[39m
    [33mclass[39m=[32m"toggle on"[39m
    [33mrole[39m=[32m"switch"[39m
    [33mtype[39m=[32m"button"[39m
  [36m/>[39m

  Name "Show Week Numbers (W)":
  [36m<button[39m
    [33maria-checked[39m=[32m"true"[39m
    [33maria-label[39m=[32m"Show Week Numbers (W)"[39m
    [33mclass[39m=[32m"toggle on"[39m
    [33mrole[39m=[32m"switch"[39m
    [33mtype[39m=[32m"button"[39m
  [36m/>[39m

  Name "Show Holidays":
  [36m<button[39m
    [33maria-checked[39m=[32m"true"[39m
    [33maria-label[39m=[32m"Show Holidays"[39m
    [33mclass[39m=[32m"toggle on"[39m
    [33mrole[39m=[32m"switch"[39m
    [33mtype[39m=[32m"button"[39m
  [36m/>[39m

  Name "Time Zone":
  [36m<button[39m
    [33maria-checked[39m=[32m"true"[39m
    [33maria-label[39m=[32m"Time Zone"[39m
    [33mclass[39m=[32m"toggle on"[39m
    [33mrole[39m=[32m"switch"[39m
    [33mtype[39m=[32m"button"[39m
  [36m/>[39m

  --------------------------------------------------

Ignored nodes: comments, script, style
[36m<body>[39m
  [36m<div>[39m
    [36m<div[39m
      [33mclass[39m=[32m"dt-pane"[39m
    [36m>[39m
      [36m<h3[39m
        [33mclass[39m=[32m"pane-title"[39m
      [36m>[39m
        [0mDate & Time[0m
      [36m</h3>[39m
      [36m<div[39m
        [33mclass[39m=[32m"setting-block"[39m
      [36m>[39m
        [36m<div[39m
          [33mclass[39m=[32m"setting-row"[39m
        [36m>[39m
          [36m<div[39m
            [33mclass[39m=[32m"sr-text"[39m
          [36m>[39m
            [36m<div[39m
              [33mclass[39m=[32m"sr-label"[39m
            [36m>[39m
              [0mStart week on[0m
            [36m</div>[39m
          [36m</div>[39m
          [36m<div[39m
            [33mclass[39m=[32m"sr-ctrl"[39m
          [36m>[39m
            [36m<select[39m
              [33maria-label[39m=[32m"Start week on"[39m
              [33mclass[39m=[32m"sl-select"[39m
            [36m>[39m
              [36m<option[39m
                [33mvalue[39m=[32m"monday"[39m
              [36m>[39m
                [0mMonday[0m
              [36m</option>[39m
              [36m<option[39m
                [33mvalue[39m=[32m"sunday"[39m
              [36m>[39m
                [0mSunday[0m
              [36m</option>[39m
              [36m<option[39m
                [33mvalue[39m=[32m"saturday"[39m
              [36m>[39m
                [0mSaturday[0m
              [36m</option>[39m
            [36m</select>[39m
          [36m</div>[39m
        [36m</div>[39m
      [36m</div>[39m
      [36m<div[39m
        [33mclass[39m=[32m"setting-block"[39m
        [33mstyle[39m=[32m"margin-top: 14px;"[39m
      [36m>[39m
        [36m<div[39m
          [33mclass[39m=[32m"setting-row"[39m
        [36m>[39m
          [36m<div[39m
            [33mclass[39m=[32m"sr-text"[39m
          [36m>[39m
            [36m<div[39m
              [33mclass[39m=[32m"sr-label"[39m
            [36m>[39m
              [0mShow Lunar Calendar[0m
            [36m</div>[39m
          [36m</div>[39m
          [36m<div[39m
            [33mclass[39m=[32m"sr-ctrl"[39m
          [36m>[39m
            [36m<button[39m
              [33maria-checked[39m=[32m"true"[39m
              [33maria-label[39m=[32m"Show Lunar Calendar"[39m
              [33mclass[39m=[32m"toggle on"[39m
              [33mrole[39m=[32m"switch"[39m
              [33mtype[39m=[32m"button"[39m
            [36m>[39m
              [36m<span[39m
                [33mclass[39m=[32m"toggle-knob"[39m
              [36m/>[39m
            [36m</button>[39m
          [36m</div>[39m
        [36m</div>[39m
        [36m<div[39m
          [33mclass[39m=[32m"setting-row"[39m
        [36m>[39m
          [36m<div[39m
            [33mclass[39m=[32m"sr-text"[39m
          [36m>[39m
            [36m<div[39m
              [33mclass[39m=[32m"sr-label"[39m
            [36m>[39m
              [0mShow Week Numbers (W)[0m
            [36m</div>[39m
          [36m</div>[39m
          [36m<div[39m
            [33mclass[39m=[32m"sr-ctrl"[39m
          [36m>[39m
            [36m<button[39m
              [33maria-checked[39m=[32m"true"[39m
              [33maria-label[39m=[32m"Show Week Numbers (W)"[39m
              [33mclass[39m=[32m"toggle on"[39m
              [33mrole[39m=[32m"switch"[39m
              [33mtype[39m=[32m"button"[39m
            [36m>[39m
              [36m<span[39m
                [33mclass[39m=[32m"toggle-knob"[39m
              [36m/>[39m
            [36m</button>[39m
          [36m</div>[39m
        [36m</div>[39m
        [36m<div[39m
          [33mclass[39m=[32m"setting-row"[39m
        [36m>[39m
          [36m<div[39m
            [33mclass[39m=[32m"sr-text"[39m
          [36m>[39m
            [36m<div[39m
              [33mclass[39m=[32m"sr-label"[39m
            [36m>[39m
              [0mShow Holidays[0m
            [36m</div>[39m
          [36m</div>[39m
          [36m<div[39m
            [33mclass[39m=[32m"sr-ctrl"[39m
          [36m>[39m
            [36m<button[39m
              [33maria-checked[39m=[32m"true"[39m
              [33maria-label[39m=[32m"Show Holidays"[39m
              [33mclass[39m=[32m"toggle on"[39m
              [33mrole[39m=[32m"switch"[39m
              [33mtype[39m=[32m"button"[39m
            [36m>[39m
              [36m<span[39m
                [33mclass[39m=[32m"toggle-knob"[39m
              [36m/>[39m
            [36m</button>[39m
          [36m</div>[39m
        [36m</div>[39m
      [36m</div>[39m
      [36m<div[39m
        [33mclass[39m=[32m"setting-block"[39m
        [33mstyle[39m=[32m"margin-top: 14px;"[39m
      [36m>[39m
        [36m<div[39m
          [33mclass[39m=[32m"setting-row"[39m
        [36m>[39m
          [36m<div[39m
            [33mclass[39m=[32m"sr-text"[39m
          [36m>[39m
            [36m<div[39m
              [33mclass[39m=[32m"sr-label"[39m
            [36m>[39m
              [0mTime Zone[0m
            [36m</div>[39m
            [36m<div[39m
              [33mclass[39m=[32m"sr-desc"[39m
            [36m>[39m
              [0mIf enabled, you can select the time zone when setting time for tasks.[0m
            [36m</div>[39m
          [36m</div>[39m
          [36m<div[39m
            [33mclass[39m=[32m"sr-ctrl"[39m
          [36m>[39m
            [36m<button[39m
              [33maria-checked[39m=[32m"true"[39m
              [33maria-label[39m=[32m"Time Zone"[39m
              [33mclass[39m=[32m"toggle on"[39m
              [33mrole[39m=[32m"switch"[39m
              [33mtype[39m=[32m"button"[39m
            [36m>[39m
              [36m<span[39m
                [33mclass[39m=[32m"toggle-knob"[39m
              [36m/>[39m
            [36m</button>[39m
          [36m</div>[39m
        [36m</div>[39m
      [36m</div>[39m
    [36m</div>[39m
  [36m</div>[39m
[36m</body>[39m
   × source-only repair does not discard or retry an unrelated actual failure 42ms
     → Unable to find an accessible element with the role "button" and name `/Reload.*Start week on/i`

Here are the accessible roles:

  heading:

  Name "Date & Time":
  [36m<h3[39m
    [33mclass[39m=[32m"pane-title"[39m
  [36m/>[39m

  --------------------------------------------------
  combobox:

  Name "Start week on":
  [36m<select[39m
    [33maria-label[39m=[32m"Start week on"[39m
    [33mclass[39m=[32m"sl-select"[39m
  [36m/>[39m

  --------------------------------------------------
  option:

  Name "Monday":
  [36m<option[39m
    [33mvalue[39m=[32m"monday"[39m
  [36m/>[39m

  Name "Sunday":
  [36m<option[39m
    [33mvalue[39m=[32m"sunday"[39m
  [36m/>[39m

  Name "Saturday":
  [36m<option[39m
    [33mvalue[39m=[32m"saturday"[39m
  [36m/>[39m

  --------------------------------------------------
  switch:

  Name "Show Lunar Calendar":
  [36m<button[39m
    [33maria-checked[39m=[32m"true"[39m
    [33maria-label[39m=[32m"Show Lunar Calendar"[39m
    [33mclass[39m=[32m"toggle on"[39m
    [33mrole[39m=[32m"switch"[39m
    [33mtype[39m=[32m"button"[39m
  [36m/>[39m

  Name "Show Week Numbers (W)":
  [36m<button[39m
    [33maria-checked[39m=[32m"true"[39m
    [33maria-label[39m=[32m"Show Week Numbers (W)"[39m
    [33mclass[39m=[32m"toggle on"[39m
    [33mrole[39m=[32m"switch"[39m
    [33mtype[39m=[32m"button"[39m
  [36m/>[39m

  Name "Show Holidays":
  [36m<button[39m
    [33maria-checked[39m=[32m"true"[39m
    [33maria-label[39m=[32m"Show Holidays"[39m
    [33mclass[39m=[32m"toggle on"[39m
    [33mrole[39m=[32m"switch"[39m
    [33mtype[39m=[32m"button"[39m
  [36m/>[39m

  Name "Time Zone":
  [36m<button[39m
    [33maria-checked[39m=[32m"true"[39m
    [33maria-label[39m=[32m"Time Zone"[39m
    [33mclass[39m=[32m"toggle on"[39m
    [33mrole[39m=[32m"switch"[39m
    [33mtype[39m=[32m"button"[39m
  [36m/>[39m

  --------------------------------------------------

Ignored nodes: comments, script, style
[36m<body>[39m
  [36m<div>[39m
    [36m<div[39m
      [33mclass[39m=[32m"dt-pane"[39m
    [36m>[39m
      [36m<h3[39m
        [33mclass[39m=[32m"pane-title"[39m
      [36m>[39m
        [0mDate & Time[0m
      [36m</h3>[39m
      [36m<div[39m
        [33mclass[39m=[32m"setting-block"[39m
      [36m>[39m
        [36m<div[39m
          [33mclass[39m=[32m"setting-row"[39m
        [36m>[39m
          [36m<div[39m
            [33mclass[39m=[32m"sr-text"[39m
          [36m>[39m
            [36m<div[39m
              [33mclass[39m=[32m"sr-label"[39m
            [36m>[39m
              [0mStart week on[0m
            [36m</div>[39m
          [36m</div>[39m
          [36m<div[39m
            [33mclass[39m=[32m"sr-ctrl"[39m
          [36m>[39m
            [36m<select[39m
              [33maria-label[39m=[32m"Start week on"[39m
              [33mclass[39m=[32m"sl-select"[39m
            [36m>[39m
              [36m<option[39m
                [33mvalue[39m=[32m"monday"[39m
              [36m>[39m
                [0mMonday[0m
              [36m</option>[39m
              [36m<option[39m
                [33mvalue[39m=[32m"sunday"[39m
              [36m>[39m
                [0mSunday[0m
              [36m</option>[39m
              [36m<option[39m
                [33mvalue[39m=[32m"saturday"[39m
              [36m>[39m
                [0mSaturday[0m
              [36m</option>[39m
            [36m</select>[39m
          [36m</div>[39m
        [36m</div>[39m
      [36m</div>[39m
      [36m<div[39m
        [33mclass[39m=[32m"setting-block"[39m
        [33mstyle[39m=[32m"margin-top: 14px;"[39m
      [36m>[39m
        [36m<div[39m
          [33mclass[39m=[32m"setting-row"[39m
        [36m>[39m
          [36m<div[39m
            [33mclass[39m=[32m"sr-text"[39m
          [36m>[39m
            [36m<div[39m
              [33mclass[39m=[32m"sr-label"[39m
            [36m>[39m
              [0mShow Lunar Calendar[0m
            [36m</div>[39m
          [36m</div>[39m
          [36m<div[39m
            [33mclass[39m=[32m"sr-ctrl"[39m
          [36m>[39m
            [36m<button[39m
              [33maria-checked[39m=[32m"true"[39m
              [33maria-label[39m=[32m"Show Lunar Calendar"[39m
              [33mclass[39m=[32m"toggle on"[39m
              [33mrole[39m=[32m"switch"[39m
              [33mtype[39m=[32m"button"[39m
            [36m>[39m
              [36m<span[39m
                [33mclass[39m=[32m"toggle-knob"[39m
              [36m/>[39m
            [36m</button>[39m
          [36m</div>[39m
        [36m</div>[39m
        [36m<div[39m
          [33mclass[39m=[32m"setting-row"[39m
        [36m>[39m
          [36m<div[39m
            [33mclass[39m=[32m"sr-text"[39m
          [36m>[39m
            [36m<div[39m
              [33mclass[39m=[32m"sr-label"[39m
            [36m>[39m
              [0mShow Week Numbers (W)[0m
            [36m</div>[39m
          [36m</div>[39m
          [36m<div[39m
            [33mclass[39m=[32m"sr-ctrl"[39m
          [36m>[39m
            [36m<button[39m
              [33maria-checked[39m=[32m"true"[39m
              [33maria-label[39m=[32m"Show Week Numbers (W)"[39m
              [33mclass[39m=[32m"toggle on"[39m
              [33mrole[39m=[32m"switch"[39m
              [33mtype[39m=[32m"button"[39m
            [36m>[39m
              [36m<span[39m
                [33mclass[39m=[32m"toggle-knob"[39m
              [36m/>[39m
            [36m</button>[39m
          [36m</div>[39m
        [36m</div>[39m
        [36m<div[39m
          [33mclass[39m=[32m"setting-row"[39m
        [36m>[39m
          [36m<div[39m
            [33mclass[39m=[32m"sr-text"[39m
          [36m>[39m
            [36m<div[39m
              [33mclass[39m=[32m"sr-label"[39m
            [36m>[39m
              [0mShow Holidays[0m
            [36m</div>[39m
          [36m</div>[39m
          [36m<div[39m
            [33mclass[39m=[32m"sr-ctrl"[39m
          [36m>[39m
            [36m<button[39m
              [33maria-checked[39m=[32m"true"[39m
              [33maria-label[39m=[32m"Show Holidays"[39m
              [33mclass[39m=[32m"toggle on"[39m
              [33mrole[39m=[32m"switch"[39m
              [33mtype[39m=[32m"button"[39m
            [36m>[39m
              [36m<span[39m
                [33mclass[39m=[32m"toggle-knob"[39m
              [36m/>[39m
            [36m</button>[39m
          [36m</div>[39m
        [36m</div>[39m
      [36m</div>[39m
      [36m<div[39m
        [33mclass[39m=[32m"setting-block"[39m
        [33mstyle[39m=[32m"margin-top: 14px;"[39m
      [36m>[39m
        [36m<div[39m
          [33mclass[39m=[32m"setting-row"[39m
        [36m>[39m
          [36m<div[39m
            [33mclass[39m=[32m"sr-text"[39m
          [36m>[39m
            [36m<div[39m
              [33mclass[39m=[32m"sr-label"[39m
            [36m>[39m
              [0mTime Zone[0m
            [36m</div>[39m
            [36m<div[39m
              [33mclass[39m=[32m"sr-desc"[39m
            [36m>[39m
              [0mIf enabled, you can select the time zone when setting time for tasks.[0m
            [36m</div>[39m
          [36m</div>[39m
          [36m<div[39m
            [33mclass[39m=[32m"sr-ctrl"[39m
          [36m>[39m
            [36m<button[39m
              [33maria-checked[39m=[32m"true"[39m
              [33maria-label[39m=[32m"Time Zone"[39m
              [33mclass[39m=[32m"toggle on"[39m
              [33mrole[39m=[32m"switch"[39m
              [33mtype[39m=[32m"button"[39m
            [36m>[39m
              [36m<span[39m
                [33mclass[39m=[32m"toggle-knob"[39m
              [36m/>[39m
            [36m</button>[39m
          [36m</div>[39m
        [36m</div>[39m
      [36m</div>[39m
    [36m</div>[39m
  [36m</div>[39m
[36m</body>[39m
   × fresh locked capability exports surviving device draft while stale capability refuses 28ms
     → Cannot read properties of null (reading 'exportDraft')
   × all-five full-denial export is exact and remains guarded 27ms
     → No Date Time Blob
   × changed external bytes after uncertain commit remain preserved and unresolved on Retry 51ms
     → Unable to find an accessible element with the role "button" and name `/Retry.*Time Zone/i`

Here are the accessible roles:

  heading:

  Name "Date & Time":
  [36m<h3[39m
    [33mclass[39m=[32m"pane-title"[39m
  [36m/>[39m

  --------------------------------------------------
  combobox:

  Name "Start week on":
  [36m<select[39m
    [33maria-label[39m=[32m"Start week on"[39m
    [33mclass[39m=[32m"sl-select"[39m
  [36m/>[39m

  --------------------------------------------------
  option:

  Name "Monday":
  [36m<option[39m
    [33mvalue[39m=[32m"monday"[39m
  [36m/>[39m

  Name "Sunday":
  [36m<option[39m
    [33mvalue[39m=[32m"sunday"[39m
  [36m/>[39m

  Name "Saturday":
  [36m<option[39m
    [33mvalue[39m=[32m"saturday"[39m
  [36m/>[39m

  --------------------------------------------------
  switch:

  Name "Show Lunar Calendar":
  [36m<button[39m
    [33maria-checked[39m=[32m"true"[39m
    [33maria-label[39m=[32m"Show Lunar Calendar"[39m
    [33mclass[39m=[32m"toggle on"[39m
    [33mrole[39m=[32m"switch"[39m
    [33mtype[39m=[32m"button"[39m
  [36m/>[39m

  Name "Show Week Numbers (W)":
  [36m<button[39m
    [33maria-checked[39m=[32m"true"[39m
    [33maria-label[39m=[32m"Show Week Numbers (W)"[39m
    [33mclass[39m=[32m"toggle on"[39m
    [33mrole[39m=[32m"switch"[39m
    [33mtype[39m=[32m"button"[39m
  [36m/>[39m

  Name "Show Holidays":
  [36m<button[39m
    [33maria-checked[39m=[32m"true"[39m
    [33maria-label[39m=[32m"Show Holidays"[39m
    [33mclass[39m=[32m"toggle on"[39m
    [33mrole[39m=[32m"switch"[39m
    [33mtype[39m=[32m"button"[39m
  [36m/>[39m

  Name "Time Zone":
  [36m<button[39m
    [33maria-checked[39m=[32m"false"[39m
    [33maria-label[39m=[32m"Time Zone"[39m
    [33mclass[39m=[32m"toggle"[39m
    [33mrole[39m=[32m"switch"[39m
    [33mtype[39m=[32m"button"[39m
  [36m/>[39m

  --------------------------------------------------

Ignored nodes: comments, script, style
[36m<body>[39m
  [36m<div>[39m
    [36m<div[39m
      [33mclass[39m=[32m"dt-pane"[39m
    [36m>[39m
      [36m<h3[39m
        [33mclass[39m=[32m"pane-title"[39m
      [36m>[39m
        [0mDate & Time[0m
      [36m</h3>[39m
      [36m<div[39m
        [33mclass[39m=[32m"setting-block"[39m
      [36m>[39m
        [36m<div[39m
          [33mclass[39m=[32m"setting-row"[39m
        [36m>[39m
          [36m<div[39m
            [33mclass[39m=[32m"sr-text"[39m
          [36m>[39m
            [36m<div[39m
              [33mclass[39m=[32m"sr-label"[39m
            [36m>[39m
              [0mStart week on[0m
            [36m</div>[39m
          [36m</div>[39m
          [36m<div[39m
            [33mclass[39m=[32m"sr-ctrl"[39m
          [36m>[39m
            [36m<select[39m
              [33maria-label[39m=[32m"Start week on"[39m
              [33mclass[39m=[32m"sl-select"[39m
            [36m>[39m
              [36m<option[39m
                [33mvalue[39m=[32m"monday"[39m
              [36m>[39m
                [0mMonday[0m
              [36m</option>[39m
              [36m<option[39m
                [33mvalue[39m=[32m"sunday"[39m
              [36m>[39m
                [0mSunday[0m
              [36m</option>[39m
              [36m<option[39m
                [33mvalue[39m=[32m"saturday"[39m
              [36m>[39m
                [0mSaturday[0m
              [36m</option>[39m
            [36m</select>[39m
          [36m</div>[39m
        [36m</div>[39m
      [36m</div>[39m
      [36m<div[39m
        [33mclass[39m=[32m"setting-block"[39m
        [33mstyle[39m=[32m"margin-top: 14px;"[39m
      [36m>[39m
        [36m<div[39m
          [33mclass[39m=[32m"setting-row"[39m
        [36m>[39m
          [36m<div[39m
            [33mclass[39m=[32m"sr-text"[39m
          [36m>[39m
            [36m<div[39m
              [33mclass[39m=[32m"sr-label"[39m
            [36m>[39m
              [0mShow Lunar Calendar[0m
            [36m</div>[39m
          [36m</div>[39m
          [36m<div[39m
            [33mclass[39m=[32m"sr-ctrl"[39m
          [36m>[39m
            [36m<button[39m
              [33maria-checked[39m=[32m"true"[39m
              [33maria-label[39m=[32m"Show Lunar Calendar"[39m
              [33mclass[39m=[32m"toggle on"[39m
              [33mrole[39m=[32m"switch"[39m
              [33mtype[39m=[32m"button"[39m
            [36m>[39m
              [36m<span[39m
                [33mclass[39m=[32m"toggle-knob"[39m
              [36m/>[39m
            [36m</button>[39m
          [36m</div>[39m
        [36m</div>[39m
        [36m<div[39m
          [33mclass[39m=[32m"setting-row"[39m
        [36m>[39m
          [36m<div[39m
            [33mclass[39m=[32m"sr-text"[39m
          [36m>[39m
            [36m<div[39m
              [33mclass[39m=[32m"sr-label"[39m
            [36m>[39m
              [0mShow Week Numbers (W)[0m
            [36m</div>[39m
          [36m</div>[39m
          [36m<div[39m
            [33mclass[39m=[32m"sr-ctrl"[39m
          [36m>[39m
            [36m<button[39m
              [33maria-checked[39m=[32m"true"[39m
              [33maria-label[39m=[32m"Show Week Numbers (W)"[39m
              [33mclass[39m=[32m"toggle on"[39m
              [33mrole[39m=[32m"switch"[39m
              [33mtype[39m=[32m"button"[39m
            [36m>[39m
              [36m<span[39m
                [33mclass[39m=[32m"toggle-knob"[39m
              [36m/>[39m
            [36m</button>[39m
          [36m</div>[39m
        [36m</div>[39m
        [36m<div[39m
          [33mclass[39m=[32m"setting-row"[39m
        [36m>[39m
          [36m<div[39m
            [33mclass[39m=[32m"sr-text"[39m
          [36m>[39m
            [36m<div[39m
              [33mclass[39m=[32m"sr-label"[39m
            [36m>[39m
              [0mShow Holidays[0m
            [36m</div>[39m
          [36m</div>[39m
          [36m<div[39m
            [33mclass[39m=[32m"sr-ctrl"[39m
          [36m>[39m
            [36m<button[39m
              [33maria-checked[39m=[32m"true"[39m
              [33maria-label[39m=[32m"Show Holidays"[39m
              [33mclass[39m=[32m"toggle on"[39m
              [33mrole[39m=[32m"switch"[39m
              [33mtype[39m=[32m"button"[39m
            [36m>[39m
              [36m<span[39m
                [33mclass[39m=[32m"toggle-knob"[39m
              [36m/>[39m
            [36m</button>[39m
          [36m</div>[39m
        [36m</div>[39m
      [36m</div>[39m
      [36m<div[39m
        [33mclass[39m=[32m"setting-block"[39m
        [33mstyle[39m=[32m"margin-top: 14px;"[39m
      [36m>[39m
        [36m<div[39m
          [33mclass[39m=[32m"setting-row"[39m
        [36m>[39m
          [36m<div[39m
            [33mclass[39m=[32m"sr-text"[39m
          [36m>[39m
            [36m<div[39m
              [33mclass[39m=[32m"sr-label"[39m
            [36m>[39m
              [0mTime Zone[0m
            [36m</div>[39m
            [36m<div[39m
              [33mclass[39m=[32m"sr-desc"[39m
            [36m>[39m
              [0mIf enabled, you can select the time zone when setting time for tasks.[0m
            [36m</div>[39m
          [36m</div>[39m
          [36m<div[39m
            [33mclass[39m=[32m"sr-ctrl"[39m
          [36m>[39m
            [36m<button[39m
              [33maria-checked[39m=[32m"false"[39m
              [33maria-label[39m=[32m"Time Zone"[39m
              [33mclass[39m=[32m"toggle"[39m
              [33mrole[39m=[32m"switch"[39m
              [33mtype[39m=[32m"button"[39m
            [36m>[39m
              [36m<span[39m
                [33mclass[39m=[32m"toggle-knob"[39m
              [36m/>[39m
            [36m</button>[39m
          [36m</div>[39m
        [36m</div>[39m
      [36m</div>[39m
    [36m</div>[39m
  [36m</div>[39m
[36m</body>[39m

 Test Files  1 failed (1)
      Tests  8 failed (8)
   Start at  01:22:05
   Duration  1.43s (transform 229ms, setup 211ms, collect 204ms, tests 429ms, environment 310ms, prepare 74ms)


stderr | docs/reviews/web-date-time-recovery-sol/advanced.test.tsx > a previous equal Sunday success cannot clear a later Sunday failure
[plugin-web-storage] localStorage is unavailable (possibly Safari Private Mode); all operations will no-op.

stderr | docs/reviews/web-date-time-recovery-sol/advanced.test.tsx > fresh locked capability exports surviving device draft while stale capability refuses
An update to DateTimePaneContent inside a test was not wrapped in act(...).

When testing, code that causes React state updates should be wrapped into act(...):

act(() => {
  /* fire events that update state */
});
/* assert on the output */

This ensures that you're testing the behavior the user would see in the browser. Learn more at https://react.dev/link/wrap-tests-with-act
An update to DateTimePaneContent inside a test was not wrapped in act(...).

When testing, code that causes React state updates should be wrapped into act(...):

act(() => {
  /* fire events that update state */
});
/* assert on the output */

This ensures that you're testing the behavior the user would see in the browser. Learn more at https://react.dev/link/wrap-tests-with-act
An update to DateTimePaneContent inside a test was not wrapped in act(...).

When testing, code that causes React state updates should be wrapped into act(...):

act(() => {
  /* fire events that update state */
});
/* assert on the output */

This ensures that you're testing the behavior the user would see in the browser. Learn more at https://react.dev/link/wrap-tests-with-act
An update to DateTimePaneContent inside a test was not wrapped in act(...).

When testing, code that causes React state updates should be wrapped into act(...):

act(() => {
  /* fire events that update state */
});
/* assert on the output */

This ensures that you're testing the behavior the user would see in the browser. Learn more at https://react.dev/link/wrap-tests-with-act
An update to DateTimePaneContent inside a test was not wrapped in act(...).

When testing, code that causes React state updates should be wrapped into act(...):

act(() => {
  /* fire events that update state */
});
/* assert on the output */

This ensures that you're testing the behavior the user would see in the browser. Learn more at https://react.dev/link/wrap-tests-with-act


⎯⎯⎯⎯⎯⎯⎯ Failed Tests 8 ⎯⎯⎯⎯⎯⎯⎯

 FAIL  docs/reviews/web-date-time-recovery-sol/advanced.test.tsx > a previous equal Sunday success cannot clear a later Sunday failure
AssertionError: expected 'saturday' to be 'sunday' // Object.is equality

Expected: "sunday"
Received: "saturday"

 ❯ docs/reviews/web-date-time-recovery-sol/advanced.test.tsx:12:29

⎯⎯⎯⎯⎯⎯⎯⎯⎯⎯⎯⎯⎯⎯⎯⎯⎯⎯⎯⎯⎯⎯⎯⎯[1/8]⎯

 FAIL  docs/reviews/web-date-time-recovery-sol/advanced.test.tsx > repeated Retry during a pending toggle cannot duplicate or settle a newer intent
TestingLibraryElementError: Unable to find an accessible element with the role "button" and name `/Retry.*Show Lunar Calendar/i`

Here are the accessible roles:

  heading:

  Name "Date & Time":
  [36m<h3[39m
    [33mclass[39m=[32m"pane-title"[39m
  [36m/>[39m

  --------------------------------------------------
  combobox:

  Name "Start week on":
  [36m<select[39m
    [33maria-label[39m=[32m"Start week on"[39m
    [33mclass[39m=[32m"sl-select"[39m
  [36m/>[39m

  --------------------------------------------------
  option:

  Name "Monday":
  [36m<option[39m
    [33mvalue[39m=[32m"monday"[39m
  [36m/>[39m

  Name "Sunday":
  [36m<option[39m
    [33mvalue[39m=[32m"sunday"[39m
  [36m/>[39m

  Name "Saturday":
  [36m<option[39m
    [33mvalue[39m=[32m"saturday"[39m
  [36m/>[39m

  --------------------------------------------------
  switch:

  Name "Show Lunar Calendar":
  [36m<button[39m
    [33maria-checked[39m=[32m"false"[39m
    [33maria-label[39m=[32m"Show Lunar Calendar"[39m
    [33mclass[39m=[32m"toggle"[39m
    [33mrole[39m=[32m"switch"[39m
    [33mtype[39m=[32m"button"[39m
  [36m/>[39m

  Name "Show Week Numbers (W)":
  [36m<button[39m
    [33maria-checked[39m=[32m"true"[39m
    [33maria-label[39m=[32m"Show Week Numbers (W)"[39m
    [33mclass[39m=[32m"toggle on"[39m
    [33mrole[39m=[32m"switch"[39m
    [33mtype[39m=[32m"button"[39m
  [36m/>[39m

  Name "Show Holidays":
  [36m<button[39m
    [33maria-checked[39m=[32m"true"[39m
    [33maria-label[39m=[32m"Show Holidays"[39m
    [33mclass[39m=[32m"toggle on"[39m
    [33mrole[39m=[32m"switch"[39m
    [33mtype[39m=[32m"button"[39m
  [36m/>[39m

  Name "Time Zone":
  [36m<button[39m
    [33maria-checked[39m=[32m"true"[39m
    [33maria-label[39m=[32m"Time Zone"[39m
    [33mclass[39m=[32m"toggle on"[39m
    [33mrole[39m=[32m"switch"[39m
    [33mtype[39m=[32m"button"[39m
  [36m/>[39m

  --------------------------------------------------

Ignored nodes: comments, script, style
[36m<body>[39m
  [36m<div>[39m
    [36m<div[39m
      [33mclass[39m=[32m"dt-pane"[39m
    [36m>[39m
      [36m<h3[39m
        [33mclass[39m=[32m"pane-title"[39m
      [36m>[39m
        [0mDate & Time[0m
      [36m</h3>[39m
      [36m<div[39m
        [33mclass[39m=[32m"setting-block"[39m
      [36m>[39m
        [36m<div[39m
          [33mclass[39m=[32m"setting-row"[39m
        [36m>[39m
          [36m<div[39m
            [33mclass[39m=[32m"sr-text"[39m
          [36m>[39m
            [36m<div[39m
              [33mclass[39m=[32m"sr-label"[39m
            [36m>[39m
              [0mStart week on[0m
            [36m</div>[39m
          [36m</div>[39m
          [36m<div[39m
            [33mclass[39m=[32m"sr-ctrl"[39m
          [36m>[39m
            [36m<select[39m
              [33maria-label[39m=[32m"Start week on"[39m
              [33mclass[39m=[32m"sl-select"[39m
            [36m>[39m
              [36m<option[39m
                [33mvalue[39m=[32m"monday"[39m
              [36m>[39m
                [0mMonday[0m
              [36m</option>[39m
              [36m<option[39m
                [33mvalue[39m=[32m"sunday"[39m
              [36m>[39m
                [0mSunday[0m
              [36m</option>[39m
              [36m<option[39m
                [33mvalue[39m=[32m"saturday"[39m
              [36m>[39m
                [0mSaturday[0m
              [36m</option>[39m
            [36m</select>[39m
          [36m</div>[39m
        [36m</div>[39m
      [36m</div>[39m
      [36m<div[39m
        [33mclass[39m=[32m"setting-block"[39m
        [33mstyle[39m=[32m"margin-top: 14px;"[39m
      [36m>[39m
        [36m<div[39m
          [33mclass[39m=[32m"setting-row"[39m
        [36m>[39m
          [36m<div[39m
            [33mclass[39m=[32m"sr-text"[39m
          [36m>[39m
            [36m<div[39m
              [33mclass[39m=[32m"sr-label"[39m
            [36m>[39m
              [0mShow Lunar Calendar[0m
            [36m</div>[39m
          [36m</div>[39m
          [36m<div[39m
            [33mclass[39m=[32m"sr-ctrl"[39m
          [36m>[39m
            [36m<button[39m
              [33maria-checked[39m=[32m"false"[39m
              [33maria-label[39m=[32m"Show Lunar Calendar"[39m
              [33mclass[39m=[32m"toggle"[39m
              [33mrole[39m=[32m"switch"[39m
              [33mtype[39m=[32m"button"[39m
            [36m>[39m
              [36m<span[39m
                [33mclass[39m=[32m"toggle-knob"[39m
              [36m/>[39m
            [36m</button>[39m
          [36m</div>[39m
        [36m</div>[39m
        [36m<div[39m
          [33mclass[39m=[32m"setting-row"[39m
        [36m>[39m
          [36m<div[39m
            [33mclass[39m=[32m"sr-text"[39m
          [36m>[39m
            [36m<div[39m
              [33mclass[39m=[32m"sr-label"[39m
            [36m>[39m
              [0mShow Week Numbers (W)[0m
            [36m</div>[39m
          [36m</div>[39m
          [36m<div[39m
            [33mclass[39m=[32m"sr-ctrl"[39m
          [36m>[39m
            [36m<button[39m
              [33maria-checked[39m=[32m"true"[39m
              [33maria-label[39m=[32m"Show Week Numbers (W)"[39m
              [33mclass[39m=[32m"toggle on"[39m
              [33mrole[39m=[32m"switch"[39m
              [33mtype[39m=[32m"button"[39m
            [36m>[39m
              [36m<span[39m
                [33mclass[39m=[32m"toggle-knob"[39m
              [36m/>[39m
            [36m</button>[39m
          [36m</div>[39m
        [36m</div>[39m
        [36m<div[39m
          [33mclass[39m=[32m"setting-row"[39m
        [36m>[39m
          [36m<div[39m
            [33mclass[39m=[32m"sr-text"[39m
          [36m>[39m
            [36m<div[39m
              [33mclass[39m=[32m"sr-label"[39m
            [36m>[39m
              [0mShow Holidays[0m
            [36m</div>[39m
          [36m</div>[39m
          [36m<div[39m
            [33mclass[39m=[32m"sr-ctrl"[39m
          [36m>[39m
            [36m<button[39m
              [33maria-checked[39m=[32m"true"[39m
              [33maria-label[39m=[32m"Show Holidays"[39m
              [33mclass[39m=[32m"toggle on"[39m
              [33mrole[39m=[32m"switch"[39m
              [33mtype[39m=[32m"button"[39m
            [36m>[39m
              [36m<span[39m
                [33mclass[39m=[32m"toggle-knob"[39m
              [36m/>[39m
            [36m</button>[39m
          [36m</div>[39m
        [36m</div>[39m
      [36m</div>[39m
      [36m<div[39m
        [33mclass[39m=[32m"setting-block"[39m
        [33mstyle[39m=[32m"margin-top: 14px;"[39m
      [36m>[39m
        [36m<div[39m
          [33mclass[39m=[32m"setting-row"[39m
        [36m>[39m
          [36m<div[39m
            [33mclass[39m=[32m"sr-text"[39m
          [36m>[39m
            [36m<div[39m
              [33mclass[39m=[32m"sr-label"[39m
            [36m>[39m
              [0mTime Zone[0m
            [36m</div>[39m
            [36m<div[39m
              [33mclass[39m=[32m"sr-desc"[39m
            [36m>[39m
              [0mIf enabled, you can select the time zone when setting time for tasks.[0m
            [36m</div>[39m
          [36m</div>[39m
          [36m<div[39m
            [33mclass[39m=[32m"sr-ctrl"[39m
          [36m>[39m
            [36m<button[39m
              [33maria-checked[39m=[32m"true"[39m
              [33maria-label[39m=[32m"Time Zone"[39m
              [33mclass[39m=[32m"toggle on"[39m
              [33mrole[39m=[32m"switch"[39m
              [33mtype[39m=[32m"button"[39m
            [36m>[39m
              [36m<span[39m
                [33mclass[39m=[32m"toggle-knob"[39m
              [36m/>[39m
            [36m</button>[39m
          [36m</div>[39m
        [36m</div>[39m
      [36m</div>[39m
    [36m</div>[39m
  [36m</div>[39m
[36m</body>[39m
 ❯ Object.getElementError ../../../../../../Users/lijinlong/Desktop/Jinlong_Project/Coding_project/AI_Desktop/XAI_Desktop/node_modules/.pnpm/@testing-library+dom@10.4.1/node_modules/@testing-library/dom/dist/config.js:37:19
 ❯ ../../../../../../Users/lijinlong/Desktop/Jinlong_Project/Coding_project/AI_Desktop/XAI_Desktop/node_modules/.pnpm/@testing-library+dom@10.4.1/node_modules/@testing-library/dom/dist/query-helpers.js:76:38
 ❯ ../../../../../../Users/lijinlong/Desktop/Jinlong_Project/Coding_project/AI_Desktop/XAI_Desktop/node_modules/.pnpm/@testing-library+dom@10.4.1/node_modules/@testing-library/dom/dist/query-helpers.js:52:17
 ❯ ../../../../../../Users/lijinlong/Desktop/Jinlong_Project/Coding_project/AI_Desktop/XAI_Desktop/node_modules/.pnpm/@testing-library+dom@10.4.1/node_modules/@testing-library/dom/dist/query-helpers.js:95:19
 ❯ docs/reviews/web-date-time-recovery-sol/advanced.test.tsx:17:71

⎯⎯⎯⎯⎯⎯⎯⎯⎯⎯⎯⎯⎯⎯⎯⎯⎯⎯⎯⎯⎯⎯⎯⎯[2/8]⎯

 FAIL  docs/reviews/web-date-time-recovery-sol/advanced.test.tsx > external raw replacement under the real key lock is preserved as conflict
AssertionError: expected undefined to be true // Object.is equality

- Expected:
true

+ Received:
undefined

 ❯ docs/reviews/web-date-time-recovery-sol/advanced.test.tsx:23:138

⎯⎯⎯⎯⎯⎯⎯⎯⎯⎯⎯⎯⎯⎯⎯⎯⎯⎯⎯⎯⎯⎯⎯⎯[3/8]⎯

 FAIL  docs/reviews/web-date-time-recovery-sol/advanced.test.tsx > targeted discard rereads only its field with zero writes and preserves failed sibling export
TestingLibraryElementError: Unable to find an accessible element with the role "button" and name `/Discard.*Show Lunar Calendar/i`

Here are the accessible roles:

  heading:

  Name "Date & Time":
  [36m<h3[39m
    [33mclass[39m=[32m"pane-title"[39m
  [36m/>[39m

  --------------------------------------------------
  combobox:

  Name "Start week on":
  [36m<select[39m
    [33maria-label[39m=[32m"Start week on"[39m
    [33mclass[39m=[32m"sl-select"[39m
  [36m/>[39m

  --------------------------------------------------
  option:

  Name "Monday":
  [36m<option[39m
    [33mvalue[39m=[32m"monday"[39m
  [36m/>[39m

  Name "Sunday":
  [36m<option[39m
    [33mvalue[39m=[32m"sunday"[39m
  [36m/>[39m

  Name "Saturday":
  [36m<option[39m
    [33mvalue[39m=[32m"saturday"[39m
  [36m/>[39m

  --------------------------------------------------
  switch:

  Name "Show Lunar Calendar":
  [36m<button[39m
    [33maria-checked[39m=[32m"true"[39m
    [33maria-label[39m=[32m"Show Lunar Calendar"[39m
    [33mclass[39m=[32m"toggle on"[39m
    [33mrole[39m=[32m"switch"[39m
    [33mtype[39m=[32m"button"[39m
  [36m/>[39m

  Name "Show Week Numbers (W)":
  [36m<button[39m
    [33maria-checked[39m=[32m"true"[39m
    [33maria-label[39m=[32m"Show Week Numbers (W)"[39m
    [33mclass[39m=[32m"toggle on"[39m
    [33mrole[39m=[32m"switch"[39m
    [33mtype[39m=[32m"button"[39m
  [36m/>[39m

  Name "Show Holidays":
  [36m<button[39m
    [33maria-checked[39m=[32m"true"[39m
    [33maria-label[39m=[32m"Show Holidays"[39m
    [33mclass[39m=[32m"toggle on"[39m
    [33mrole[39m=[32m"switch"[39m
    [33mtype[39m=[32m"button"[39m
  [36m/>[39m

  Name "Time Zone":
  [36m<button[39m
    [33maria-checked[39m=[32m"true"[39m
    [33maria-label[39m=[32m"Time Zone"[39m
    [33mclass[39m=[32m"toggle on"[39m
    [33mrole[39m=[32m"switch"[39m
    [33mtype[39m=[32m"button"[39m
  [36m/>[39m

  --------------------------------------------------

Ignored nodes: comments, script, style
[36m<body>[39m
  [36m<div>[39m
    [36m<div[39m
      [33mclass[39m=[32m"dt-pane"[39m
    [36m>[39m
      [36m<h3[39m
        [33mclass[39m=[32m"pane-title"[39m
      [36m>[39m
        [0mDate & Time[0m
      [36m</h3>[39m
      [36m<div[39m
        [33mclass[39m=[32m"setting-block"[39m
      [36m>[39m
        [36m<div[39m
          [33mclass[39m=[32m"setting-row"[39m
        [36m>[39m
          [36m<div[39m
            [33mclass[39m=[32m"sr-text"[39m
          [36m>[39m
            [36m<div[39m
              [33mclass[39m=[32m"sr-label"[39m
            [36m>[39m
              [0mStart week on[0m
            [36m</div>[39m
          [36m</div>[39m
          [36m<div[39m
            [33mclass[39m=[32m"sr-ctrl"[39m
          [36m>[39m
            [36m<select[39m
              [33maria-label[39m=[32m"Start week on"[39m
              [33mclass[39m=[32m"sl-select"[39m
            [36m>[39m
              [36m<option[39m
                [33mvalue[39m=[32m"monday"[39m
              [36m>[39m
                [0mMonday[0m
              [36m</option>[39m
              [36m<option[39m
                [33mvalue[39m=[32m"sunday"[39m
              [36m>[39m
                [0mSunday[0m
              [36m</option>[39m
              [36m<option[39m
                [33mvalue[39m=[32m"saturday"[39m
              [36m>[39m
                [0mSaturday[0m
              [36m</option>[39m
            [36m</select>[39m
          [36m</div>[39m
        [36m</div>[39m
      [36m</div>[39m
      [36m<div[39m
        [33mclass[39m=[32m"setting-block"[39m
        [33mstyle[39m=[32m"margin-top: 14px;"[39m
      [36m>[39m
        [36m<div[39m
          [33mclass[39m=[32m"setting-row"[39m
        [36m>[39m
          [36m<div[39m
            [33mclass[39m=[32m"sr-text"[39m
          [36m>[39m
            [36m<div[39m
              [33mclass[39m=[32m"sr-label"[39m
            [36m>[39m
              [0mShow Lunar Calendar[0m
            [36m</div>[39m
          [36m</div>[39m
          [36m<div[39m
            [33mclass[39m=[32m"sr-ctrl"[39m
          [36m>[39m
            [36m<button[39m
              [33maria-checked[39m=[32m"true"[39m
              [33maria-label[39m=[32m"Show Lunar Calendar"[39m
              [33mclass[39m=[32m"toggle on"[39m
              [33mrole[39m=[32m"switch"[39m
              [33mtype[39m=[32m"button"[39m
            [36m>[39m
              [36m<span[39m
                [33mclass[39m=[32m"toggle-knob"[39m
              [36m/>[39m
            [36m</button>[39m
          [36m</div>[39m
        [36m</div>[39m
        [36m<div[39m
          [33mclass[39m=[32m"setting-row"[39m
        [36m>[39m
          [36m<div[39m
            [33mclass[39m=[32m"sr-text"[39m
          [36m>[39m
            [36m<div[39m
              [33mclass[39m=[32m"sr-label"[39m
            [36m>[39m
              [0mShow Week Numbers (W)[0m
            [36m</div>[39m
          [36m</div>[39m
          [36m<div[39m
            [33mclass[39m=[32m"sr-ctrl"[39m
          [36m>[39m
            [36m<button[39m
              [33maria-checked[39m=[32m"true"[39m
              [33maria-label[39m=[32m"Show Week Numbers (W)"[39m
              [33mclass[39m=[32m"toggle on"[39m
              [33mrole[39m=[32m"switch"[39m
              [33mtype[39m=[32m"button"[39m
            [36m>[39m
              [36m<span[39m
                [33mclass[39m=[32m"toggle-knob"[39m
              [36m/>[39m
            [36m</button>[39m
          [36m</div>[39m
        [36m</div>[39m
        [36m<div[39m
          [33mclass[39m=[32m"setting-row"[39m
        [36m>[39m
          [36m<div[39m
            [33mclass[39m=[32m"sr-text"[39m
          [36m>[39m
            [36m<div[39m
              [33mclass[39m=[32m"sr-label"[39m
            [36m>[39m
              [0mShow Holidays[0m
            [36m</div>[39m
          [36m</div>[39m
          [36m<div[39m
            [33mclass[39m=[32m"sr-ctrl"[39m
          [36m>[39m
            [36m<button[39m
              [33maria-checked[39m=[32m"true"[39m
              [33maria-label[39m=[32m"Show Holidays"[39m
              [33mclass[39m=[32m"toggle on"[39m
              [33mrole[39m=[32m"switch"[39m
              [33mtype[39m=[32m"button"[39m
            [36m>[39m
              [36m<span[39m
                [33mclass[39m=[32m"toggle-knob"[39m
              [36m/>[39m
            [36m</button>[39m
          [36m</div>[39m
        [36m</div>[39m
      [36m</div>[39m
      [36m<div[39m
        [33mclass[39m=[32m"setting-block"[39m
        [33mstyle[39m=[32m"margin-top: 14px;"[39m
      [36m>[39m
        [36m<div[39m
          [33mclass[39m=[32m"setting-row"[39m
        [36m>[39m
          [36m<div[39m
            [33mclass[39m=[32m"sr-text"[39m
          [36m>[39m
            [36m<div[39m
              [33mclass[39m=[32m"sr-label"[39m
            [36m>[39m
              [0mTime Zone[0m
            [36m</div>[39m
            [36m<div[39m
              [33mclass[39m=[32m"sr-desc"[39m
            [36m>[39m
              [0mIf enabled, you can select the time zone when setting time for tasks.[0m
            [36m</div>[39m
          [36m</div>[39m
          [36m<div[39m
            [33mclass[39m=[32m"sr-ctrl"[39m
          [36m>[39m
            [36m<button[39m
              [33maria-checked[39m=[32m"true"[39m
              [33maria-label[39m=[32m"Time Zone"[39m
              [33mclass[39m=[32m"toggle on"[39m
              [33mrole[39m=[32m"switch"[39m
              [33mtype[39m=[32m"button"[39m
            [36m>[39m
              [36m<span[39m
                [33mclass[39m=[32m"toggle-knob"[39m
              [36m/>[39m
            [36m</button>[39m
          [36m</div>[39m
        [36m</div>[39m
      [36m</div>[39m
    [36m</div>[39m
  [36m</div>[39m
[36m</body>[39m
 ❯ Object.getElementError ../../../../../../Users/lijinlong/Desktop/Jinlong_Project/Coding_project/AI_Desktop/XAI_Desktop/node_modules/.pnpm/@testing-library+dom@10.4.1/node_modules/@testing-library/dom/dist/config.js:37:19
 ❯ ../../../../../../Users/lijinlong/Desktop/Jinlong_Project/Coding_project/AI_Desktop/XAI_Desktop/node_modules/.pnpm/@testing-library+dom@10.4.1/node_modules/@testing-library/dom/dist/query-helpers.js:76:38
 ❯ ../../../../../../Users/lijinlong/Desktop/Jinlong_Project/Coding_project/AI_Desktop/XAI_Desktop/node_modules/.pnpm/@testing-library+dom@10.4.1/node_modules/@testing-library/dom/dist/query-helpers.js:52:17
 ❯ ../../../../../../Users/lijinlong/Desktop/Jinlong_Project/Coding_project/AI_Desktop/XAI_Desktop/node_modules/.pnpm/@testing-library+dom@10.4.1/node_modules/@testing-library/dom/dist/query-helpers.js:95:19
 ❯ docs/reviews/web-date-time-recovery-sol/advanced.test.tsx:27:558

⎯⎯⎯⎯⎯⎯⎯⎯⎯⎯⎯⎯⎯⎯⎯⎯⎯⎯⎯⎯⎯⎯⎯⎯[4/8]⎯

 FAIL  docs/reviews/web-date-time-recovery-sol/advanced.test.tsx > source-only repair does not discard or retry an unrelated actual failure
TestingLibraryElementError: Unable to find an accessible element with the role "button" and name `/Reload.*Start week on/i`

Here are the accessible roles:

  heading:

  Name "Date & Time":
  [36m<h3[39m
    [33mclass[39m=[32m"pane-title"[39m
  [36m/>[39m

  --------------------------------------------------
  combobox:

  Name "Start week on":
  [36m<select[39m
    [33maria-label[39m=[32m"Start week on"[39m
    [33mclass[39m=[32m"sl-select"[39m
  [36m/>[39m

  --------------------------------------------------
  option:

  Name "Monday":
  [36m<option[39m
    [33mvalue[39m=[32m"monday"[39m
  [36m/>[39m

  Name "Sunday":
  [36m<option[39m
    [33mvalue[39m=[32m"sunday"[39m
  [36m/>[39m

  Name "Saturday":
  [36m<option[39m
    [33mvalue[39m=[32m"saturday"[39m
  [36m/>[39m

  --------------------------------------------------
  switch:

  Name "Show Lunar Calendar":
  [36m<button[39m
    [33maria-checked[39m=[32m"true"[39m
    [33maria-label[39m=[32m"Show Lunar Calendar"[39m
    [33mclass[39m=[32m"toggle on"[39m
    [33mrole[39m=[32m"switch"[39m
    [33mtype[39m=[32m"button"[39m
  [36m/>[39m

  Name "Show Week Numbers (W)":
  [36m<button[39m
    [33maria-checked[39m=[32m"true"[39m
    [33maria-label[39m=[32m"Show Week Numbers (W)"[39m
    [33mclass[39m=[32m"toggle on"[39m
    [33mrole[39m=[32m"switch"[39m
    [33mtype[39m=[32m"button"[39m
  [36m/>[39m

  Name "Show Holidays":
  [36m<button[39m
    [33maria-checked[39m=[32m"true"[39m
    [33maria-label[39m=[32m"Show Holidays"[39m
    [33mclass[39m=[32m"toggle on"[39m
    [33mrole[39m=[32m"switch"[39m
    [33mtype[39m=[32m"button"[39m
  [36m/>[39m

  Name "Time Zone":
  [36m<button[39m
    [33maria-checked[39m=[32m"true"[39m
    [33maria-label[39m=[32m"Time Zone"[39m
    [33mclass[39m=[32m"toggle on"[39m
    [33mrole[39m=[32m"switch"[39m
    [33mtype[39m=[32m"button"[39m
  [36m/>[39m

  --------------------------------------------------

Ignored nodes: comments, script, style
[36m<body>[39m
  [36m<div>[39m
    [36m<div[39m
      [33mclass[39m=[32m"dt-pane"[39m
    [36m>[39m
      [36m<h3[39m
        [33mclass[39m=[32m"pane-title"[39m
      [36m>[39m
        [0mDate & Time[0m
      [36m</h3>[39m
      [36m<div[39m
        [33mclass[39m=[32m"setting-block"[39m
      [36m>[39m
        [36m<div[39m
          [33mclass[39m=[32m"setting-row"[39m
        [36m>[39m
          [36m<div[39m
            [33mclass[39m=[32m"sr-text"[39m
          [36m>[39m
            [36m<div[39m
              [33mclass[39m=[32m"sr-label"[39m
            [36m>[39m
              [0mStart week on[0m
            [36m</div>[39m
          [36m</div>[39m
          [36m<div[39m
            [33mclass[39m=[32m"sr-ctrl"[39m
          [36m>[39m
            [36m<select[39m
              [33maria-label[39m=[32m"Start week on"[39m
              [33mclass[39m=[32m"sl-select"[39m
            [36m>[39m
              [36m<option[39m
                [33mvalue[39m=[32m"monday"[39m
              [36m>[39m
                [0mMonday[0m
              [36m</option>[39m
              [36m<option[39m
                [33mvalue[39m=[32m"sunday"[39m
              [36m>[39m
                [0mSunday[0m
              [36m</option>[39m
              [36m<option[39m
                [33mvalue[39m=[32m"saturday"[39m
              [36m>[39m
                [0mSaturday[0m
              [36m</option>[39m
            [36m</select>[39m
          [36m</div>[39m
        [36m</div>[39m
      [36m</div>[39m
      [36m<div[39m
        [33mclass[39m=[32m"setting-block"[39m
        [33mstyle[39m=[32m"margin-top: 14px;"[39m
      [36m>[39m
        [36m<div[39m
          [33mclass[39m=[32m"setting-row"[39m
        [36m>[39m
          [36m<div[39m
            [33mclass[39m=[32m"sr-text"[39m
          [36m>[39m
            [36m<div[39m
              [33mclass[39m=[32m"sr-label"[39m
            [36m>[39m
              [0mShow Lunar Calendar[0m
            [36m</div>[39m
          [36m</div>[39m
          [36m<div[39m
            [33mclass[39m=[32m"sr-ctrl"[39m
          [36m>[39m
            [36m<button[39m
              [33maria-checked[39m=[32m"true"[39m
              [33maria-label[39m=[32m"Show Lunar Calendar"[39m
              [33mclass[39m=[32m"toggle on"[39m
              [33mrole[39m=[32m"switch"[39m
              [33mtype[39m=[32m"button"[39m
            [36m>[39m
              [36m<span[39m
                [33mclass[39m=[32m"toggle-knob"[39m
              [36m/>[39m
            [36m</button>[39m
          [36m</div>[39m
        [36m</div>[39m
        [36m<div[39m
          [33mclass[39m=[32m"setting-row"[39m
        [36m>[39m
          [36m<div[39m
            [33mclass[39m=[32m"sr-text"[39m
          [36m>[39m
            [36m<div[39m
              [33mclass[39m=[32m"sr-label"[39m
            [36m>[39m
              [0mShow Week Numbers (W)[0m
            [36m</div>[39m
          [36m</div>[39m
          [36m<div[39m
            [33mclass[39m=[32m"sr-ctrl"[39m
          [36m>[39m
            [36m<button[39m
              [33maria-checked[39m=[32m"true"[39m
              [33maria-label[39m=[32m"Show Week Numbers (W)"[39m
              [33mclass[39m=[32m"toggle on"[39m
              [33mrole[39m=[32m"switch"[39m
              [33mtype[39m=[32m"button"[39m
            [36m>[39m
              [36m<span[39m
                [33mclass[39m=[32m"toggle-knob"[39m
              [36m/>[39m
            [36m</button>[39m
          [36m</div>[39m
        [36m</div>[39m
        [36m<div[39m
          [33mclass[39m=[32m"setting-row"[39m
        [36m>[39m
          [36m<div[39m
            [33mclass[39m=[32m"sr-text"[39m
          [36m>[39m
            [36m<div[39m
              [33mclass[39m=[32m"sr-label"[39m
            [36m>[39m
              [0mShow Holidays[0m
            [36m</div>[39m
          [36m</div>[39m
          [36m<div[39m
            [33mclass[39m=[32m"sr-ctrl"[39m
          [36m>[39m
            [36m<button[39m
              [33maria-checked[39m=[32m"true"[39m
              [33maria-label[39m=[32m"Show Holidays"[39m
              [33mclass[39m=[32m"toggle on"[39m
              [33mrole[39m=[32m"switch"[39m
              [33mtype[39m=[32m"button"[39m
            [36m>[39m
              [36m<span[39m
                [33mclass[39m=[32m"toggle-knob"[39m
              [36m/>[39m
            [36m</button>[39m
          [36m</div>[39m
        [36m</div>[39m
      [36m</div>[39m
      [36m<div[39m
        [33mclass[39m=[32m"setting-block"[39m
        [33mstyle[39m=[32m"margin-top: 14px;"[39m
      [36m>[39m
        [36m<div[39m
          [33mclass[39m=[32m"setting-row"[39m
        [36m>[39m
          [36m<div[39m
            [33mclass[39m=[32m"sr-text"[39m
          [36m>[39m
            [36m<div[39m
              [33mclass[39m=[32m"sr-label"[39m
            [36m>[39m
              [0mTime Zone[0m
            [36m</div>[39m
            [36m<div[39m
              [33mclass[39m=[32m"sr-desc"[39m
            [36m>[39m
              [0mIf enabled, you can select the time zone when setting time for tasks.[0m
            [36m</div>[39m
          [36m</div>[39m
          [36m<div[39m
            [33mclass[39m=[32m"sr-ctrl"[39m
          [36m>[39m
            [36m<button[39m
              [33maria-checked[39m=[32m"true"[39m
              [33maria-label[39m=[32m"Time Zone"[39m
              [33mclass[39m=[32m"toggle on"[39m
              [33mrole[39m=[32m"switch"[39m
              [33mtype[39m=[32m"button"[39m
            [36m>[39m
              [36m<span[39m
                [33mclass[39m=[32m"toggle-knob"[39m
              [36m/>[39m
            [36m</button>[39m
          [36m</div>[39m
        [36m</div>[39m
      [36m</div>[39m
    [36m</div>[39m
  [36m</div>[39m
[36m</body>[39m
 ❯ Object.getElementError ../../../../../../Users/lijinlong/Desktop/Jinlong_Project/Coding_project/AI_Desktop/XAI_Desktop/node_modules/.pnpm/@testing-library+dom@10.4.1/node_modules/@testing-library/dom/dist/config.js:37:19
 ❯ ../../../../../../Users/lijinlong/Desktop/Jinlong_Project/Coding_project/AI_Desktop/XAI_Desktop/node_modules/.pnpm/@testing-library+dom@10.4.1/node_modules/@testing-library/dom/dist/query-helpers.js:76:38
 ❯ ../../../../../../Users/lijinlong/Desktop/Jinlong_Project/Coding_project/AI_Desktop/XAI_Desktop/node_modules/.pnpm/@testing-library+dom@10.4.1/node_modules/@testing-library/dom/dist/query-helpers.js:52:17
 ❯ ../../../../../../Users/lijinlong/Desktop/Jinlong_Project/Coding_project/AI_Desktop/XAI_Desktop/node_modules/.pnpm/@testing-library+dom@10.4.1/node_modules/@testing-library/dom/dist/query-helpers.js:95:19
 ❯ docs/reviews/web-date-time-recovery-sol/advanced.test.tsx:32:437

⎯⎯⎯⎯⎯⎯⎯⎯⎯⎯⎯⎯⎯⎯⎯⎯⎯⎯⎯⎯⎯⎯⎯⎯[5/8]⎯

 FAIL  docs/reviews/web-date-time-recovery-sol/advanced.test.tsx > fresh locked capability exports surviving device draft while stale capability refuses
TypeError: Cannot read properties of null (reading 'exportDraft')
 ❯ docs/reviews/web-date-time-recovery-sol/advanced.test.tsx:37:238

⎯⎯⎯⎯⎯⎯⎯⎯⎯⎯⎯⎯⎯⎯⎯⎯⎯⎯⎯⎯⎯⎯⎯⎯[6/8]⎯

 FAIL  docs/reviews/web-date-time-recovery-sol/advanced.test.tsx > all-five full-denial export is exact and remains guarded
Error: No Date Time Blob
 ❯ ../../../../../../private/var/folders/zk/bxw8sv_15xx51q2mf6xhdb8c0000gn/T/xai-dt-sol-wHXrGL/docs/reviews/web-date-time-recovery-sol/fixture.tsx:40:427

 ❯ Object.read ../../../../../../private/var/folders/zk/bxw8sv_15xx51q2mf6xhdb8c0000gn/T/xai-dt-sol-wHXrGL/docs/reviews/web-date-time-recovery-sol/fixture.tsx:40:367
 ❯ docs/reviews/web-date-time-recovery-sol/advanced.test.tsx:41:368

⎯⎯⎯⎯⎯⎯⎯⎯⎯⎯⎯⎯⎯⎯⎯⎯⎯⎯⎯⎯⎯⎯⎯⎯[7/8]⎯

 FAIL  docs/reviews/web-date-time-recovery-sol/advanced.test.tsx > changed external bytes after uncertain commit remain preserved and unresolved on Retry
TestingLibraryElementError: Unable to find an accessible element with the role "button" and name `/Retry.*Time Zone/i`

Here are the accessible roles:

  heading:

  Name "Date & Time":
  [36m<h3[39m
    [33mclass[39m=[32m"pane-title"[39m
  [36m/>[39m

  --------------------------------------------------
  combobox:

  Name "Start week on":
  [36m<select[39m
    [33maria-label[39m=[32m"Start week on"[39m
    [33mclass[39m=[32m"sl-select"[39m
  [36m/>[39m

  --------------------------------------------------
  option:

  Name "Monday":
  [36m<option[39m
    [33mvalue[39m=[32m"monday"[39m
  [36m/>[39m

  Name "Sunday":
  [36m<option[39m
    [33mvalue[39m=[32m"sunday"[39m
  [36m/>[39m

  Name "Saturday":
  [36m<option[39m
    [33mvalue[39m=[32m"saturday"[39m
  [36m/>[39m

  --------------------------------------------------
  switch:

  Name "Show Lunar Calendar":
  [36m<button[39m
    [33maria-checked[39m=[32m"true"[39m
    [33maria-label[39m=[32m"Show Lunar Calendar"[39m
    [33mclass[39m=[32m"toggle on"[39m
    [33mrole[39m=[32m"switch"[39m
    [33mtype[39m=[32m"button"[39m
  [36m/>[39m

  Name "Show Week Numbers (W)":
  [36m<button[39m
    [33maria-checked[39m=[32m"true"[39m
    [33maria-label[39m=[32m"Show Week Numbers (W)"[39m
    [33mclass[39m=[32m"toggle on"[39m
    [33mrole[39m=[32m"switch"[39m
    [33mtype[39m=[32m"button"[39m
  [36m/>[39m

  Name "Show Holidays":
  [36m<button[39m
    [33maria-checked[39m=[32m"true"[39m
    [33maria-label[39m=[32m"Show Holidays"[39m
    [33mclass[39m=[32m"toggle on"[39m
    [33mrole[39m=[32m"switch"[39m
    [33mtype[39m=[32m"button"[39m
  [36m/>[39m

  Name "Time Zone":
  [36m<button[39m
    [33maria-checked[39m=[32m"false"[39m
    [33maria-label[39m=[32m"Time Zone"[39m
    [33mclass[39m=[32m"toggle"[39m
    [33mrole[39m=[32m"switch"[39m
    [33mtype[39m=[32m"button"[39m
  [36m/>[39m

  --------------------------------------------------

Ignored nodes: comments, script, style
[36m<body>[39m
  [36m<div>[39m
    [36m<div[39m
      [33mclass[39m=[32m"dt-pane"[39m
    [36m>[39m
      [36m<h3[39m
        [33mclass[39m=[32m"pane-title"[39m
      [36m>[39m
        [0mDate & Time[0m
      [36m</h3>[39m
      [36m<div[39m
        [33mclass[39m=[32m"setting-block"[39m
      [36m>[39m
        [36m<div[39m
          [33mclass[39m=[32m"setting-row"[39m
        [36m>[39m
          [36m<div[39m
            [33mclass[39m=[32m"sr-text"[39m
          [36m>[39m
            [36m<div[39m
              [33mclass[39m=[32m"sr-label"[39m
            [36m>[39m
              [0mStart week on[0m
            [36m</div>[39m
          [36m</div>[39m
          [36m<div[39m
            [33mclass[39m=[32m"sr-ctrl"[39m
          [36m>[39m
            [36m<select[39m
              [33maria-label[39m=[32m"Start week on"[39m
              [33mclass[39m=[32m"sl-select"[39m
            [36m>[39m
              [36m<option[39m
                [33mvalue[39m=[32m"monday"[39m
              [36m>[39m
                [0mMonday[0m
              [36m</option>[39m
              [36m<option[39m
                [33mvalue[39m=[32m"sunday"[39m
              [36m>[39m
                [0mSunday[0m
              [36m</option>[39m
              [36m<option[39m
                [33mvalue[39m=[32m"saturday"[39m
              [36m>[39m
                [0mSaturday[0m
              [36m</option>[39m
            [36m</select>[39m
          [36m</div>[39m
        [36m</div>[39m
      [36m</div>[39m
      [36m<div[39m
        [33mclass[39m=[32m"setting-block"[39m
        [33mstyle[39m=[32m"margin-top: 14px;"[39m
      [36m>[39m
        [36m<div[39m
          [33mclass[39m=[32m"setting-row"[39m
        [36m>[39m
          [36m<div[39m
            [33mclass[39m=[32m"sr-text"[39m
          [36m>[39m
            [36m<div[39m
              [33mclass[39m=[32m"sr-label"[39m
            [36m>[39m
              [0mShow Lunar Calendar[0m
            [36m</div>[39m
          [36m</div>[39m
          [36m<div[39m
            [33mclass[39m=[32m"sr-ctrl"[39m
          [36m>[39m
            [36m<button[39m
              [33maria-checked[39m=[32m"true"[39m
              [33maria-label[39m=[32m"Show Lunar Calendar"[39m
              [33mclass[39m=[32m"toggle on"[39m
              [33mrole[39m=[32m"switch"[39m
              [33mtype[39m=[32m"button"[39m
            [36m>[39m
              [36m<span[39m
                [33mclass[39m=[32m"toggle-knob"[39m
              [36m/>[39m
            [36m</button>[39m
          [36m</div>[39m
        [36m</div>[39m
        [36m<div[39m
          [33mclass[39m=[32m"setting-row"[39m
        [36m>[39m
          [36m<div[39m
            [33mclass[39m=[32m"sr-text"[39m
          [36m>[39m
            [36m<div[39m
              [33mclass[39m=[32m"sr-label"[39m
            [36m>[39m
              [0mShow Week Numbers (W)[0m
            [36m</div>[39m
          [36m</div>[39m
          [36m<div[39m
            [33mclass[39m=[32m"sr-ctrl"[39m
          [36m>[39m
            [36m<button[39m
              [33maria-checked[39m=[32m"true"[39m
              [33maria-label[39m=[32m"Show Week Numbers (W)"[39m
              [33mclass[39m=[32m"toggle on"[39m
              [33mrole[39m=[32m"switch"[39m
              [33mtype[39m=[32m"button"[39m
            [36m>[39m
              [36m<span[39m
                [33mclass[39m=[32m"toggle-knob"[39m
              [36m/>[39m
            [36m</button>[39m
          [36m</div>[39m
        [36m</div>[39m
        [36m<div[39m
          [33mclass[39m=[32m"setting-row"[39m
        [36m>[39m
          [36m<div[39m
            [33mclass[39m=[32m"sr-text"[39m
          [36m>[39m
            [36m<div[39m
              [33mclass[39m=[32m"sr-label"[39m
            [36m>[39m
              [0mShow Holidays[0m
            [36m</div>[39m
          [36m</div>[39m
          [36m<div[39m
            [33mclass[39m=[32m"sr-ctrl"[39m
          [36m>[39m
            [36m<button[39m
              [33maria-checked[39m=[32m"true"[39m
              [33maria-label[39m=[32m"Show Holidays"[39m
              [33mclass[39m=[32m"toggle on"[39m
              [33mrole[39m=[32m"switch"[39m
              [33mtype[39m=[32m"button"[39m
            [36m>[39m
              [36m<span[39m
                [33mclass[39m=[32m"toggle-knob"[39m
              [36m/>[39m
            [36m</button>[39m
          [36m</div>[39m
        [36m</div>[39m
      [36m</div>[39m
      [36m<div[39m
        [33mclass[39m=[32m"setting-block"[39m
        [33mstyle[39m=[32m"margin-top: 14px;"[39m
      [36m>[39m
        [36m<div[39m
          [33mclass[39m=[32m"setting-row"[39m
        [36m>[39m
          [36m<div[39m
            [33mclass[39m=[32m"sr-text"[39m
          [36m>[39m
            [36m<div[39m
              [33mclass[39m=[32m"sr-label"[39m
            [36m>[39m
              [0mTime Zone[0m
            [36m</div>[39m
            [36m<div[39m
              [33mclass[39m=[32m"sr-desc"[39m
            [36m>[39m
              [0mIf enabled, you can select the time zone when setting time for tasks.[0m
            [36m</div>[39m
          [36m</div>[39m
          [36m<div[39m
            [33mclass[39m=[32m"sr-ctrl"[39m
          [36m>[39m
            [36m<button[39m
              [33maria-checked[39m=[32m"false"[39m
              [33maria-label[39m=[32m"Time Zone"[39m
              [33mclass[39m=[32m"toggle"[39m
              [33mrole[39m=[32m"switch"[39m
              [33mtype[39m=[32m"button"[39m
            [36m>[39m
              [36m<span[39m
                [33mclass[39m=[32m"toggle-knob"[39m
              [36m/>[39m
            [36m</button>[39m
          [36m</div>[39m
        [36m</div>[39m
      [36m</div>[39m
    [36m</div>[39m
  [36m</div>[39m
[36m</body>[39m
 ❯ Object.getElementError ../../../../../../Users/lijinlong/Desktop/Jinlong_Project/Coding_project/AI_Desktop/XAI_Desktop/node_modules/.pnpm/@testing-library+dom@10.4.1/node_modules/@testing-library/dom/dist/config.js:37:19
 ❯ ../../../../../../Users/lijinlong/Desktop/Jinlong_Project/Coding_project/AI_Desktop/XAI_Desktop/node_modules/.pnpm/@testing-library+dom@10.4.1/node_modules/@testing-library/dom/dist/query-helpers.js:76:38
 ❯ ../../../../../../Users/lijinlong/Desktop/Jinlong_Project/Coding_project/AI_Desktop/XAI_Desktop/node_modules/.pnpm/@testing-library+dom@10.4.1/node_modules/@testing-library/dom/dist/query-helpers.js:52:17
 ❯ ../../../../../../Users/lijinlong/Desktop/Jinlong_Project/Coding_project/AI_Desktop/XAI_Desktop/node_modules/.pnpm/@testing-library+dom@10.4.1/node_modules/@testing-library/dom/dist/query-helpers.js:95:19
 ❯ docs/reviews/web-date-time-recovery-sol/advanced.test.tsx:45:525

⎯⎯⎯⎯⎯⎯⎯⎯⎯⎯⎯⎯⎯⎯⎯⎯⎯⎯⎯⎯⎯⎯⎯⎯[8/8]⎯
