revision=2c09719 fixed_commit=2c097197cc5cff869b875b5e1baa8b7656b5de76
exit=1

 RUN  v3.2.7 /var/folders/zk/bxw8sv_15xx51q2mf6xhdb8c0000gn/T/xai-dt-sol-Y2YiPY

 ❯ docs/reviews/web-date-time-recovery-sol/advanced.test.tsx (8 tests | 1 failed) 497ms
   ✓ a previous equal Sunday success cannot clear a later Sunday failure 114ms
   ✓ repeated Retry during a pending toggle cannot duplicate or settle a newer intent 91ms
   ✓ external raw replacement under the real key lock is preserved as conflict 44ms
   ✓ targeted discard rereads only its field with zero writes and preserves failed sibling export 66ms
   ✓ source-only repair does not discard or retry an unrelated actual failure 49ms
   ✓ fresh locked capability exports surviving device draft while stale capability refuses 30ms
   ✓ all-five full-denial export is exact and remains guarded 36ms
   × changed external bytes after uncertain commit remain preserved and unresolved on Retry 65ms
     → expected 'false' to be 'true' // Object.is equality

 Test Files  1 failed (1)
      Tests  1 failed | 7 passed (8)
   Start at  01:22:09
   Duration  1.46s (transform 267ms, setup 189ms, collect 233ms, tests 497ms, environment 236ms, prepare 104ms)


stderr | docs/reviews/web-date-time-recovery-sol/advanced.test.tsx > targeted discard rereads only its field with zero writes and preserves failed sibling export
An update to DateTimePaneContent inside a test was not wrapped in act(...).

When testing, code that causes React state updates should be wrapped into act(...):

act(() => {
  /* fire events that update state */
});
/* assert on the output */

This ensures that you're testing the behavior the user would see in the browser. Learn more at https://react.dev/link/wrap-tests-with-act

stderr | docs/reviews/web-date-time-recovery-sol/advanced.test.tsx > fresh locked capability exports surviving device draft while stale capability refuses
An update to DateTimePaneContent inside a test was not wrapped in act(...).

When testing, code that causes React state updates should be wrapped into act(...):

act(() => {
  /* fire events that update state */
});
/* assert on the output */

This ensures that you're testing the behavior the user would see in the browser. Learn more at https://react.dev/link/wrap-tests-with-act
An update to DateTimePaneContent inside a test was not wrapped in act(...).

When testing, code that causes React state updates should be wrapped into act(...):

act(() => {
  /* fire events that update state */
});
/* assert on the output */

This ensures that you're testing the behavior the user would see in the browser. Learn more at https://react.dev/link/wrap-tests-with-act
An update to DateTimePaneContent inside a test was not wrapped in act(...).

When testing, code that causes React state updates should be wrapped into act(...):

act(() => {
  /* fire events that update state */
});
/* assert on the output */

This ensures that you're testing the behavior the user would see in the browser. Learn more at https://react.dev/link/wrap-tests-with-act
An update to DateTimePaneContent inside a test was not wrapped in act(...).

When testing, code that causes React state updates should be wrapped into act(...):

act(() => {
  /* fire events that update state */
});
/* assert on the output */

This ensures that you're testing the behavior the user would see in the browser. Learn more at https://react.dev/link/wrap-tests-with-act
An update to DateTimePaneContent inside a test was not wrapped in act(...).

When testing, code that causes React state updates should be wrapped into act(...):

act(() => {
  /* fire events that update state */
});
/* assert on the output */

This ensures that you're testing the behavior the user would see in the browser. Learn more at https://react.dev/link/wrap-tests-with-act
An update to DateTimePaneContent inside a test was not wrapped in act(...).

When testing, code that causes React state updates should be wrapped into act(...):

act(() => {
  /* fire events that update state */
});
/* assert on the output */

This ensures that you're testing the behavior the user would see in the browser. Learn more at https://react.dev/link/wrap-tests-with-act

stderr | docs/reviews/web-date-time-recovery-sol/advanced.test.tsx > fresh locked capability exports surviving device draft while stale capability refuses
An update to DateTimePaneContent inside a test was not wrapped in act(...).

When testing, code that causes React state updates should be wrapped into act(...):

act(() => {
  /* fire events that update state */
});
/* assert on the output */

This ensures that you're testing the behavior the user would see in the browser. Learn more at https://react.dev/link/wrap-tests-with-act

stderr | docs/reviews/web-date-time-recovery-sol/advanced.test.tsx > all-five full-denial export is exact and remains guarded
An update to DateTimePaneContent inside a test was not wrapped in act(...).

When testing, code that causes React state updates should be wrapped into act(...):

act(() => {
  /* fire events that update state */
});
/* assert on the output */

This ensures that you're testing the behavior the user would see in the browser. Learn more at https://react.dev/link/wrap-tests-with-act


⎯⎯⎯⎯⎯⎯⎯ Failed Tests 1 ⎯⎯⎯⎯⎯⎯⎯

 FAIL  docs/reviews/web-date-time-recovery-sol/advanced.test.tsx > changed external bytes after uncertain commit remain preserved and unresolved on Retry
AssertionError: expected 'false' to be 'true' // Object.is equality

Expected: "true"
Received: "false"

 ❯ docs/reviews/web-date-time-recovery-sol/advanced.test.tsx:45:634

⎯⎯⎯⎯⎯⎯⎯⎯⎯⎯⎯⎯⎯⎯⎯⎯⎯⎯⎯⎯⎯⎯⎯⎯[1/1]⎯
