{"name":"check","id":"session:mounted:/app/settings/hotkeys","kind":"precondition","pass":true}
{"name":"baseline","requested":"f359be6","resolved":"f359be6d838393e0f9e93efd80b88b5b09f6144e","docsHead":"518fa42053c0f65f745cb0e09d043b429c2b40b5","productDeltaVsDocsHead":"","mode":"export","suffix":"post1","browser":"Chrome/154.0.8037.97","protocol":"1.3","userAgent":"Mozilla/5.0 (Macintosh; Intel Mac OS X 10_15_7) AppleWebKit/537.36 (KHTML, like Gecko) HeadlessChrome/154.0.0.0 Safari/537.36","viewport":{"width":1280,"height":813,"dpr":1},"node":"v24.16.0","esbuild":"0.28.1","lockfileSha256":{"archive":"df05f2ddfd7f2d04d526ec3cccf6559991686188a0e4bcbc48d2b0451c9aeab9","dependencies":"df05f2ddfd7f2d04d526ec3cccf6559991686188a0e4bcbc48d2b0451c9aeab9"},"fixtureSha256":"db5807ef66ead00d70bd5a58fa4769561391cf254d223ef5a6485575ecec68ad","runnerSha256":"14846f8034727d143a1c86266310cc72194209c7b3cca7fc2ac03d6fad2c9204","bundleSha256":"5feedaf55aede791bf601179054ddaf4606071b731de75949e2c36a9edea581b","bundleCssSha256":"4253982fdba00ac6ae532227159f59876025f274edb8c13ca9413cb4e7a7ee09","bundleInputs":{"total":628,"archive":559,"thirdParty":68,"foreign":[]},"productHashes":{"packages/plugin-web-settings-rest/src/panes/stickyPane.tsx":"721d75568660872328e2c6c46d4dd405335596b881233947b60b85f5cd97155f","packages/plugin-web-settings-rest/src/internal/StickyColorPalette.tsx":"a13c135bfb7a28f88cccdadf1783a0292e2acdcaca775de884e42cf7e1d127b2","packages/plugin-web-settings-rest/src/internal/localI18n.ts":"7ec96d01eddc9d6057c33cd41c9951e0fec2bd9a34d9df09a9a296441d4d6d6e","packages/plugin-web-settings-rest/src/styles.css":"5eca215a68568196ea12a60e0c9e50135042e0187daa0aa8479822aa1de9e7de","packages/plugin-web-storage/src/internal/prefMutation.ts":"3f8840ac8e7e824ddc9aacb6839d19a0602244235dbfd542f686ca749125ec00","packages/plugin-web-storage/src/internal/usePrefAsync.ts":"541fae97413104b8db90c20d7b565a5492f17fc74d79b3e975f954d7189a4491","packages/plugin-web-storage/src/internal/usePrefAutosaveAsync.ts":"e27f9f86196c08166b3c03f8450a546d486c2035adec42f91a90ae2723350332","packages/plugin-web-storage/src/internal/accountScope.ts":"ca9d79b2188e1a2b011a4c41038019659b43e03127bc8bd876cffafe2e489e36","apps/web/src/routes/modules/departureCoordinator.tsx":"0844a697b146b07fceb1835da7c4410db8812bc07bdea362f3386e991a2bc075","apps/web/src/routes/modules/composedSettingsRegistration.tsx":"bd2ba2dd92da486ce9d3890fe74af6d3878b3394ed410014313412fdceee377d","apps/web/src/routes/modules/settingsDeparture.ts":"80c3a5787df8eb02102c4a508f2fe67c1fbd6a6b8ba7f16b3a65c3f542c8548b"},"origin":"127.0.0.1 (ephemeral port)"}
{"name":"check","id":"baseline:docs-head-product-tree-equals-fixed","kind":"precondition","pass":true,"productDelta":""}
{"name":"check","id":"baseline:lockfile-gate","kind":"precondition","pass":true}
{"name":"check","id":"baseline:bundle-inputs-pinned-to-archive","kind":"precondition","pass":true,"foreign":[],"productInBundle":true}
{"name":"check","id":"baseline:no-mount-runtime-errors","kind":"precondition","pass":true,"runtimeErrors":[]}
{"name":"check","id":"baseline:real-lock-names","kind":"precondition","pass":true,"lockNames":{"color":"xai:pref:v1:xai_pref_sticky_color","font":"xai:pref:v1:xai_pref_sticky_font","pin_default":"xai:pref:v1:xai_pref_sticky_pin_default","restore_size":"xai:pref:v1:xai_pref_sticky_restore_size","grid_spacing":"xai:pref:v1:xai_pref_sticky_grid_spacing"}}
{"name":"check","id":"input:sidebar-row-present:Sticky Note","kind":"precondition","pass":true}
{"name":"check","id":"input:control-present:sidebar Sticky Note","kind":"precondition","pass":true,"selector":"[data-native-sidebar=\"1\"]"}
{"name":"check","id":"input:hit-test:sidebar Sticky Note","kind":"precondition","pass":true,"selector":"[data-native-sidebar=\"1\"]","hitTarget":"SPAN.grow"}
{"name":"check","id":"export:start:sticky-mounted-by-sidebar","kind":"precondition","pass":true}
{"name":"check","id":"export:start:absent-zero-write-mount","kind":"product","pass":true,"physical":{"color":null,"font":null,"pin_default":null,"restore_size":null,"grid_spacing":null},"stickyMutations":[],"displayed":{"color":["sun"],"font":"large","pin_default":"true","restore_size":"false","grid_spacing":["normal"]}}
{"name":"check","id":"export:start:clean-positive-control-no-warning","kind":"product","pass":true,"warning":{"warned":false,"attempts":0},"recovery":[]}
{"name":"check","id":"export:start:sticky-entry-has-own-history-key","kind":"product","pass":true,"location":{"pathname":"/app/settings/sticky","key":"p9j3h30w","search":"","hash":"","state":null}}
{"name":"export-start","location":{"pathname":"/app/settings/sticky","key":"p9j3h30w","search":"","hash":"","state":null},"scope":{"kind":"account","accountId":"sticky-native-A","generation":"g1","epoch":2}}
{"name":"check","id":"input:control-present:color=mint","kind":"precondition","pass":true,"selector":".sticky-pane [data-color-id=\"mint\"]"}
{"name":"check","id":"input:hit-test:color=mint","kind":"precondition","pass":true,"selector":".sticky-pane [data-color-id=\"mint\"]","hitTarget":"BUTTON.sn-sw"}
{"name":"check","id":"export:x1:color-draft-failed","kind":"product","pass":true,"recovery":[{"text":"Default Color was not saved.","buttons":["Retry Default Color","Discard Default Color"]}]}
{"name":"check","id":"export:x1:write-fault-fired","kind":"precondition","pass":true,"physical":{"color":null,"font":null,"pin_default":null,"restore_size":null,"grid_spacing":null}}
{"name":"check","id":"export:x1-sparse-one-field:total-denial-armed-injector-fires","kind":"precondition","pass":true,"probe":{"logged":1,"threw":true,"last":{"seq":15,"op":"get","area":"local","key":"xai_pref_sticky_color","outcome":"denied"}}}
{"name":"check","id":"export:x1-sparse-one-field:download-directory-empty","kind":"precondition","pass":true,"names":[]}
{"name":"check","id":"input:button-present:Export Sticky Note draft","kind":"precondition","pass":true,"scope":".sticky-pane .sticky-recovery-actions"}
{"name":"check","id":"input:control-present:Export Sticky Note draft","kind":"precondition","pass":true,"selector":"[data-native-target=\"1\"]"}
{"name":"check","id":"input:hit-test:Export Sticky Note draft","kind":"precondition","pass":true,"selector":"[data-native-target=\"1\"]","hitTarget":"BUTTON."}
{"name":"check","id":"export:x1-sparse-one-field:actual-chrome-download-on-disk","kind":"product","pass":true,"names":["sticky-draft.json"]}
{"name":"check","id":"export:x1-sparse-one-field:attempt-level-zero-reads-writes-removes","kind":"product","pass":true,"counts":{"total":0,"reads":0,"writes":0,"removes":0,"other":0},"first":[]}
{"name":"check","id":"export:x1-sparse-one-field:failure-hook-consumed","kind":"precondition","pass":true,"create":false,"click":false}
{"name":"check","id":"export:x1-sparse-one-field:exactly-one-object-url-created-and-same-revoked","kind":"product","pass":true,"createAttempts":1,"created":["blob:http://127.0.0.1:59494/9b54f369-43a8-438f-89e9-a78001dc2ffe"],"revoked":["blob:http://127.0.0.1:59494/9b54f369-43a8-438f-89e9-a78001dc2ffe"]}
{"name":"check","id":"export:x1-sparse-one-field:anchor-appended-clicked-once-removed","kind":"product","pass":true,"clicks":["blob:http://127.0.0.1:59494/9b54f369-43a8-438f-89e9-a78001dc2ffe"],"added":["blob:http://127.0.0.1:59494/9b54f369-43a8-438f-89e9-a78001dc2ffe"],"removed":["blob:http://127.0.0.1:59494/9b54f369-43a8-438f-89e9-a78001dc2ffe"],"anchorsInDom":0}
{"name":"check","id":"export:x1-sparse-one-field:disk-json-deep-equals-full-envelope","kind":"product","pass":true,"payload":{"version":1,"kind":"sticky-draft","values":{"device":{"color":"mint"}}},"expected":{"version":1,"kind":"sticky-draft","values":{"device":{"color":"mint"}}}}
{"name":"check","id":"export:x1-sparse-one-field:single-download-file","kind":"product","pass":true,"names":["sticky-draft.json"]}
{"name":"check","id":"export:x1-sparse-one-field:artifact-not-overwritten","kind":"precondition","pass":true,"artifact":"native-f359be6-post1-export-x1-sparse-one-field-sticky-draft.json"}
{"name":"disk-export","shape":"x1-sparse-one-field","artifact":"native-f359be6-post1-export-x1-sparse-one-field-sticky-draft.json","sha256":"3e43a9426f234877da6e9c7b9a05d262dd7bf8b80415e609d0ce15ee2e835471","bytes":72,"payload":{"version":1,"kind":"sticky-draft","values":{"device":{"color":"mint"}}}}
{"name":"check","id":"export:x1-sparse-one-field:export-error-cleared","kind":"product","pass":true,"paneActions":{"buttons":["Export Sticky Note draft","Discard all changes"],"alert":null}}
{"name":"check","id":"export:x1-sparse-one-field:location-unchanged","kind":"product","pass":true,"before":{"pathname":"/app/settings/sticky","key":"p9j3h30w","search":"","hash":"","state":null},"after":{"pathname":"/app/settings/sticky","key":"p9j3h30w","search":"","hash":"","state":null}}
{"name":"check","id":"export:x1-sparse-one-field:no-dialog-side-effect","kind":"product","pass":true,"dialog":null}
{"name":"check","id":"export:x1-sparse-one-field:drafts-kept","kind":"product","pass":true,"recovery":[{"text":"Default Color was not saved.","buttons":["Retry Default Color","Discard Default Color"]}]}
{"name":"check","id":"export:x1-sparse-one-field:beforeunload-still-warns","kind":"product","pass":true,"warned":true,"attempts":0}
{"name":"check","id":"input:sidebar-row-present:Hotkeys","kind":"precondition","pass":true}
{"name":"check","id":"input:control-present:sidebar Hotkeys","kind":"precondition","pass":true,"selector":"[data-native-sidebar=\"1\"]"}
{"name":"check","id":"input:hit-test:sidebar Hotkeys","kind":"precondition","pass":true,"selector":"[data-native-sidebar=\"1\"]","hitTarget":"SPAN.grow"}
{"name":"check","id":"export:x1-sparse-one-field:guard-still-blocks","kind":"product","pass":true,"dialog":{"label":"Unsaved Sticky Note draft","text":"Sticky Note has unsaved changes.","buttons":["Stay","Export current draft","Discard local changes and leave"]},"location":{"pathname":"/app/settings/sticky","key":"p9j3h30w","search":"","hash":"","state":null}}
{"name":"check","id":"input:button-present:Stay","kind":"precondition","pass":true,"scope":".settings-departure-dialog"}
{"name":"check","id":"input:control-present:Stay","kind":"precondition","pass":true,"selector":"[data-native-target=\"1\"]"}
{"name":"check","id":"input:hit-test:Stay","kind":"precondition","pass":true,"selector":"[data-native-target=\"1\"]","hitTarget":"BUTTON."}
{"name":"check","id":"export:x1-sparse-one-field:stay-returns-to-sticky","kind":"product","pass":true,"location":{"pathname":"/app/settings/sticky","key":"p9j3h30w","search":"","hash":"","state":null},"guardWindowAttempts":{"total":0,"reads":0,"writes":0,"removes":0,"other":0}}
{"name":"export-step","shape":"x1-sparse-one-field","via":"pane","point":{"x":545,"y":722,"width":179.9375,"height":44},"failure":null,"location":{"pathname":"/app/settings/sticky","key":"p9j3h30w","search":"","hash":"","state":null}}
{"name":"check","id":"input:select-focused:Font Size","kind":"precondition","pass":true}
{"name":"check","id":"export:x2:font-draft-failed","kind":"product","pass":true,"recovery":[{"text":"Default Color was not saved.","buttons":["Retry Default Color","Discard Default Color"]},{"text":"Font Size was not saved.","buttons":["Retry Font Size","Discard Font Size"]}]}
{"name":"check","id":"input:control-present:Pin by Default","kind":"precondition","pass":true,"selector":".sticky-pane [role=\"switch\"][aria-label=\"Pin by Default\"]"}
{"name":"check","id":"input:hit-test:Pin by Default","kind":"precondition","pass":true,"selector":".sticky-pane [role=\"switch\"][aria-label=\"Pin by Default\"]","hitTarget":"BUTTON.toggle on"}
{"name":"check","id":"input:control-present:Restore Default Size","kind":"precondition","pass":true,"selector":".sticky-pane [role=\"switch\"][aria-label=\"Restore Default Size\"]"}
{"name":"check","id":"input:hit-test:Restore Default Size","kind":"precondition","pass":true,"selector":".sticky-pane [role=\"switch\"][aria-label=\"Restore Default Size\"]","hitTarget":"BUTTON.toggle"}
{"name":"check","id":"input:control-present:grid_spacing=xl","kind":"precondition","pass":true,"selector":".sticky-pane [data-spacing-id=\"xl\"]"}
{"name":"check","id":"input:hit-test:grid_spacing=xl","kind":"precondition","pass":true,"selector":".sticky-pane [data-spacing-id=\"xl\"]","hitTarget":"BUTTON.sn-sp"}
{"name":"check","id":"export:x2:all-five-drafts-failed","kind":"product","pass":true,"recovery":[{"text":"Default Color was not saved.","buttons":["Retry Default Color","Discard Default Color"]},{"text":"Font Size was not saved.","buttons":["Retry Font Size","Discard Font Size"]},{"text":"Pin by Default was not saved.","buttons":["Retry Pin by Default","Discard Pin by Default"]},{"text":"Restore Default Size was not saved.","buttons":["Retry Restore Default Size","Discard Restore Default Size"]},{"text":"Default Grid Spacing was not saved.","buttons":["Retry Default Grid Spacing","Discard Default Grid Spacing"]}]}
{"name":"check","id":"export:x2:write-faults-fired","kind":"precondition","pass":true,"deniedSets":["xai_pref_sticky_font=xl","xai_pref_sticky_pin_default=false","xai_pref_sticky_restore_size=true","xai_pref_sticky_grid_spacing=xl"]}
{"name":"check","id":"export:x2:displayed-latest-choices","kind":"product","pass":true,"displayed":{"color":["mint"],"font":"xl","pin_default":"false","restore_size":"true","grid_spacing":["xl"]}}
{"name":"check","id":"export:x2-all-five:total-denial-armed-injector-fires","kind":"precondition","pass":true,"probe":{"logged":1,"threw":true,"last":{"seq":37,"op":"get","area":"local","key":"xai_pref_sticky_color","outcome":"denied"}}}
{"name":"check","id":"export:x2-all-five:download-directory-empty","kind":"precondition","pass":true,"names":[]}
{"name":"check","id":"input:button-present:Export Sticky Note draft","kind":"precondition","pass":true,"scope":".sticky-pane .sticky-recovery-actions"}
{"name":"check","id":"input:control-present:Export Sticky Note draft","kind":"precondition","pass":true,"selector":"[data-native-target=\"1\"]"}
{"name":"check","id":"input:hit-test:Export Sticky Note draft","kind":"precondition","pass":true,"selector":"[data-native-target=\"1\"]","hitTarget":"BUTTON."}
{"name":"check","id":"export:x2-all-five:actual-chrome-download-on-disk","kind":"product","pass":true,"names":["sticky-draft.json"]}
{"name":"check","id":"export:x2-all-five:attempt-level-zero-reads-writes-removes","kind":"product","pass":true,"counts":{"total":0,"reads":0,"writes":0,"removes":0,"other":0},"first":[]}
{"name":"check","id":"export:x2-all-five:failure-hook-consumed","kind":"precondition","pass":true,"create":false,"click":false}
{"name":"check","id":"export:x2-all-five:exactly-one-object-url-created-and-same-revoked","kind":"product","pass":true,"createAttempts":1,"created":["blob:http://127.0.0.1:59494/937776ce-4c48-4381-85bf-5fe338c0b095"],"revoked":["blob:http://127.0.0.1:59494/937776ce-4c48-4381-85bf-5fe338c0b095"]}
{"name":"check","id":"export:x2-all-five:anchor-appended-clicked-once-removed","kind":"product","pass":true,"clicks":["blob:http://127.0.0.1:59494/937776ce-4c48-4381-85bf-5fe338c0b095"],"added":["blob:http://127.0.0.1:59494/937776ce-4c48-4381-85bf-5fe338c0b095"],"removed":["blob:http://127.0.0.1:59494/937776ce-4c48-4381-85bf-5fe338c0b095"],"anchorsInDom":0}
{"name":"check","id":"export:x2-all-five:disk-json-deep-equals-full-envelope","kind":"product","pass":true,"payload":{"version":1,"kind":"sticky-draft","values":{"device":{"color":"mint","font":"xl","pin_default":false,"restore_size":true,"grid_spacing":"xl"}}},"expected":{"version":1,"kind":"sticky-draft","values":{"device":{"color":"mint","font":"xl","pin_default":false,"restore_size":true,"grid_spacing":"xl"}}}}
{"name":"check","id":"export:x2-all-five:single-download-file","kind":"product","pass":true,"names":["sticky-draft.json"]}
{"name":"check","id":"export:x2-all-five:artifact-not-overwritten","kind":"precondition","pass":true,"artifact":"native-f359be6-post1-export-x2-all-five-sticky-draft.json"}
{"name":"disk-export","shape":"x2-all-five","artifact":"native-f359be6-post1-export-x2-all-five-sticky-draft.json","sha256":"becd15433fbed7d1228ba886542ba5b666da043d5c555cede2b7c8d066d39695","bytes":144,"payload":{"version":1,"kind":"sticky-draft","values":{"device":{"color":"mint","font":"xl","pin_default":false,"restore_size":true,"grid_spacing":"xl"}}}}
{"name":"check","id":"export:x2-all-five:export-error-cleared","kind":"product","pass":true,"paneActions":{"buttons":["Export Sticky Note draft","Discard all changes"],"alert":null}}
{"name":"check","id":"export:x2-all-five:location-unchanged","kind":"product","pass":true,"before":{"pathname":"/app/settings/sticky","key":"p9j3h30w","search":"","hash":"","state":null},"after":{"pathname":"/app/settings/sticky","key":"p9j3h30w","search":"","hash":"","state":null}}
{"name":"check","id":"export:x2-all-five:no-dialog-side-effect","kind":"product","pass":true,"dialog":null}
{"name":"check","id":"export:x2-all-five:drafts-kept","kind":"product","pass":true,"recovery":[{"text":"Default Color was not saved.","buttons":["Retry Default Color","Discard Default Color"]},{"text":"Font Size was not saved.","buttons":["Retry Font Size","Discard Font Size"]},{"text":"Pin by Default was not saved.","buttons":["Retry Pin by Default","Discard Pin by Default"]},{"text":"Restore Default Size was not saved.","buttons":["Retry Restore Default Size","Discard Restore Default Size"]},{"text":"Default Grid Spacing was not saved.","buttons":["Retry Default Grid Spacing","Discard Default Grid Spacing"]}]}
{"name":"check","id":"export:x2-all-five:beforeunload-still-warns","kind":"product","pass":true,"warned":true,"attempts":0}
{"name":"check","id":"input:sidebar-row-present:Hotkeys","kind":"precondition","pass":true}
{"name":"check","id":"input:control-present:sidebar Hotkeys","kind":"precondition","pass":true,"selector":"[data-native-sidebar=\"1\"]"}
{"name":"check","id":"input:hit-test:sidebar Hotkeys","kind":"precondition","pass":true,"selector":"[data-native-sidebar=\"1\"]","hitTarget":"SPAN.grow"}
{"name":"check","id":"export:x2-all-five:guard-still-blocks","kind":"product","pass":true,"dialog":{"label":"Unsaved Sticky Note draft","text":"Sticky Note has unsaved changes.","buttons":["Stay","Export current draft","Discard local changes and leave"]},"location":{"pathname":"/app/settings/sticky","key":"p9j3h30w","search":"","hash":"","state":null}}
{"name":"check","id":"input:button-present:Stay","kind":"precondition","pass":true,"scope":".settings-departure-dialog"}
{"name":"check","id":"input:control-present:Stay","kind":"precondition","pass":true,"selector":"[data-native-target=\"1\"]"}
{"name":"check","id":"input:hit-test:Stay","kind":"precondition","pass":true,"selector":"[data-native-target=\"1\"]","hitTarget":"BUTTON."}
{"name":"check","id":"export:x2-all-five:stay-returns-to-sticky","kind":"product","pass":true,"location":{"pathname":"/app/settings/sticky","key":"p9j3h30w","search":"","hash":"","state":null},"guardWindowAttempts":{"total":0,"reads":0,"writes":0,"removes":0,"other":0}}
{"name":"export-step","shape":"x2-all-five","via":"pane","point":{"x":545,"y":722,"width":179.9375,"height":44},"failure":null,"location":{"pathname":"/app/settings/sticky","key":"p9j3h30w","search":"","hash":"","state":null}}
{"name":"check","id":"input:button-present:Discard Font Size","kind":"precondition","pass":true,"scope":".sticky-pane"}
{"name":"check","id":"input:control-present:Discard Font Size","kind":"precondition","pass":true,"selector":"[data-native-target=\"1\"]"}
{"name":"check","id":"input:hit-test:Discard Font Size","kind":"precondition","pass":true,"selector":"[data-native-target=\"1\"]","hitTarget":"BUTTON."}
{"name":"check","id":"input:button-present:Discard Pin by Default","kind":"precondition","pass":true,"scope":".sticky-pane"}
{"name":"check","id":"input:control-present:Discard Pin by Default","kind":"precondition","pass":true,"selector":"[data-native-target=\"1\"]"}
{"name":"check","id":"input:hit-test:Discard Pin by Default","kind":"precondition","pass":true,"selector":"[data-native-target=\"1\"]","hitTarget":"BUTTON."}
{"name":"check","id":"input:button-present:Discard Default Grid Spacing","kind":"precondition","pass":true,"scope":".sticky-pane"}
{"name":"check","id":"input:control-present:Discard Default Grid Spacing","kind":"precondition","pass":true,"selector":"[data-native-target=\"1\"]"}
{"name":"check","id":"input:hit-test:Discard Default Grid Spacing","kind":"precondition","pass":true,"selector":"[data-native-target=\"1\"]","hitTarget":"BUTTON."}
{"name":"check","id":"export:x3:targeted-discards","kind":"product","pass":true,"recovery":[{"text":"Default Color was not saved.","buttons":["Retry Default Color","Discard Default Color"]},{"text":"Restore Default Size was not saved.","buttons":["Retry Restore Default Size","Discard Restore Default Size"]}]}
{"name":"check","id":"export:x3:discards-zero-write-remove-attempts","kind":"product","pass":true,"mutations":[]}
{"name":"check","id":"input:sidebar-row-present:Hotkeys","kind":"precondition","pass":true}
{"name":"check","id":"input:control-present:sidebar Hotkeys","kind":"precondition","pass":true,"selector":"[data-native-sidebar=\"1\"]"}
{"name":"check","id":"input:hit-test:sidebar Hotkeys","kind":"precondition","pass":true,"selector":"[data-native-sidebar=\"1\"]","hitTarget":"SPAN.grow"}
{"name":"check","id":"export:x3:trusted-sidebar-departure-held","kind":"product","pass":true,"dialog":{"label":"Unsaved Sticky Note draft","text":"Sticky Note has unsaved changes.","buttons":["Stay","Export current draft","Discard local changes and leave"]},"location":{"pathname":"/app/settings/sticky","key":"p9j3h30w","search":"","hash":"","state":null}}
{"name":"check","id":"export:x3-departure-dialog:total-denial-armed-injector-fires","kind":"precondition","pass":true,"probe":{"logged":1,"threw":true,"last":{"seq":48,"op":"get","area":"local","key":"xai_pref_sticky_color","outcome":"denied"}}}
{"name":"check","id":"export:x3-departure-dialog:download-directory-empty","kind":"precondition","pass":true,"names":[]}
{"name":"check","id":"input:button-present:Export current draft","kind":"precondition","pass":true,"scope":".settings-departure-dialog"}
{"name":"check","id":"input:control-present:Export current draft","kind":"precondition","pass":true,"selector":"[data-native-target=\"1\"]"}
{"name":"check","id":"input:hit-test:Export current draft","kind":"precondition","pass":true,"selector":"[data-native-target=\"1\"]","hitTarget":"BUTTON."}
{"name":"check","id":"export:x3-departure-dialog:actual-chrome-download-on-disk","kind":"product","pass":true,"names":["sticky-draft.json"]}
{"name":"check","id":"export:x3-departure-dialog:attempt-level-zero-reads-writes-removes","kind":"product","pass":true,"counts":{"total":0,"reads":0,"writes":0,"removes":0,"other":0},"first":[]}
{"name":"check","id":"export:x3-departure-dialog:failure-hook-consumed","kind":"precondition","pass":true,"create":false,"click":false}
{"name":"check","id":"export:x3-departure-dialog:exactly-one-object-url-created-and-same-revoked","kind":"product","pass":true,"createAttempts":1,"created":["blob:http://127.0.0.1:59494/8c2465ee-72e2-4337-a104-a50d2da8bec1"],"revoked":["blob:http://127.0.0.1:59494/8c2465ee-72e2-4337-a104-a50d2da8bec1"]}
{"name":"check","id":"export:x3-departure-dialog:anchor-appended-clicked-once-removed","kind":"product","pass":true,"clicks":["blob:http://127.0.0.1:59494/8c2465ee-72e2-4337-a104-a50d2da8bec1"],"added":["blob:http://127.0.0.1:59494/8c2465ee-72e2-4337-a104-a50d2da8bec1"],"removed":["blob:http://127.0.0.1:59494/8c2465ee-72e2-4337-a104-a50d2da8bec1"],"anchorsInDom":0}
{"name":"check","id":"export:x3-departure-dialog:disk-json-deep-equals-full-envelope","kind":"product","pass":true,"payload":{"version":1,"kind":"sticky-draft","values":{"device":{"color":"mint","restore_size":true}}},"expected":{"version":1,"kind":"sticky-draft","values":{"device":{"color":"mint","restore_size":true}}}}
{"name":"check","id":"export:x3-departure-dialog:single-download-file","kind":"product","pass":true,"names":["sticky-draft.json"]}
{"name":"check","id":"export:x3-departure-dialog:artifact-not-overwritten","kind":"precondition","pass":true,"artifact":"native-f359be6-post1-export-x3-departure-dialog-sticky-draft.json"}
{"name":"disk-export","shape":"x3-departure-dialog","artifact":"native-f359be6-post1-export-x3-departure-dialog-sticky-draft.json","sha256":"6ce999b2443cc5806a653cb15d05bd36cd34575cb05498e81309cf4deb088856","bytes":92,"payload":{"version":1,"kind":"sticky-draft","values":{"device":{"color":"mint","restore_size":true}}}}
{"name":"check","id":"export:x3-departure-dialog:export-error-cleared","kind":"product","pass":true,"paneActions":{"buttons":["Export Sticky Note draft","Discard all changes"],"alert":null}}
{"name":"check","id":"export:x3-departure-dialog:location-unchanged","kind":"product","pass":true,"before":{"pathname":"/app/settings/sticky","key":"p9j3h30w","search":"","hash":"","state":null},"after":{"pathname":"/app/settings/sticky","key":"p9j3h30w","search":"","hash":"","state":null}}
{"name":"check","id":"export:x3-departure-dialog:dialog-stays-open","kind":"product","pass":true,"dialog":{"label":"Unsaved Sticky Note draft","text":"Sticky Note has unsaved changes.","buttons":["Stay","Export current draft","Discard local changes and leave"]}}
{"name":"check","id":"export:x3-departure-dialog:drafts-kept","kind":"product","pass":true,"recovery":[{"text":"Default Color was not saved.","buttons":["Retry Default Color","Discard Default Color"]},{"text":"Restore Default Size was not saved.","buttons":["Retry Restore Default Size","Discard Restore Default Size"]}]}
{"name":"check","id":"export:x3-departure-dialog:beforeunload-still-warns","kind":"product","pass":true,"warned":true,"attempts":0}
{"name":"check","id":"input:button-present:Stay","kind":"precondition","pass":true,"scope":".settings-departure-dialog"}
{"name":"check","id":"input:control-present:Stay","kind":"precondition","pass":true,"selector":"[data-native-target=\"1\"]"}
{"name":"check","id":"input:hit-test:Stay","kind":"precondition","pass":true,"selector":"[data-native-target=\"1\"]","hitTarget":"BUTTON."}
{"name":"check","id":"export:x3-departure-dialog:stay-keeps-location","kind":"product","pass":true,"location":{"pathname":"/app/settings/sticky","key":"p9j3h30w","search":"","hash":"","state":null}}
{"name":"check","id":"input:sidebar-row-present:Hotkeys","kind":"precondition","pass":true}
{"name":"check","id":"input:control-present:sidebar Hotkeys","kind":"precondition","pass":true,"selector":"[data-native-sidebar=\"1\"]"}
{"name":"check","id":"input:hit-test:sidebar Hotkeys","kind":"precondition","pass":true,"selector":"[data-native-sidebar=\"1\"]","hitTarget":"SPAN.grow"}
{"name":"check","id":"export:x3-departure-dialog:guard-still-blocks","kind":"product","pass":true,"dialog":{"label":"Unsaved Sticky Note draft","text":"Sticky Note has unsaved changes.","buttons":["Stay","Export current draft","Discard local changes and leave"]},"location":{"pathname":"/app/settings/sticky","key":"p9j3h30w","search":"","hash":"","state":null}}
{"name":"check","id":"input:button-present:Stay","kind":"precondition","pass":true,"scope":".settings-departure-dialog"}
{"name":"check","id":"input:control-present:Stay","kind":"precondition","pass":true,"selector":"[data-native-target=\"1\"]"}
{"name":"check","id":"input:hit-test:Stay","kind":"precondition","pass":true,"selector":"[data-native-target=\"1\"]","hitTarget":"BUTTON."}
{"name":"check","id":"export:x3-departure-dialog:stay-returns-to-sticky","kind":"product","pass":true,"location":{"pathname":"/app/settings/sticky","key":"p9j3h30w","search":"","hash":"","state":null},"guardWindowAttempts":{"total":0,"reads":0,"writes":0,"removes":0,"other":0}}
{"name":"export-step","shape":"x3-departure-dialog","via":"dialog","point":{"x":173,"y":754,"width":154.890625,"height":44},"failure":null,"location":{"pathname":"/app/settings/sticky","key":"p9j3h30w","search":"","hash":"","state":null}}
{"name":"check","id":"export:x4:starts-in-account-A","kind":"account","pass":true,"accountId":"sticky-native-A","generation":"g1","epoch":2}
{"name":"check","id":"export:x4:scope-locked","kind":"precondition","pass":true,"before":{"kind":"account","accountId":"sticky-native-A","generation":"g1","epoch":2},"locked":{"kind":"locked","accountId":"sticky-native-locked","generation":null,"epoch":3}}
{"name":"check","id":"export:x4:device-drafts-survive-a-to-locked","kind":"product","pass":true,"recovery":[{"text":"Default Color was not saved.","buttons":["Retry Default Color","Discard Default Color"]},{"text":"Restore Default Size was not saved.","buttons":["Retry Restore Default Size","Discard Restore Default Size"]}],"displayed":{"color":["mint"],"font":"large","pin_default":"true","restore_size":"true","grid_spacing":["normal"]}}
{"name":"check","id":"input:control-present:grid_spacing=large","kind":"precondition","pass":true,"selector":".sticky-pane [data-spacing-id=\"large\"]"}
{"name":"check","id":"input:hit-test:grid_spacing=large","kind":"precondition","pass":true,"selector":".sticky-pane [data-spacing-id=\"large\"]","hitTarget":"BUTTON.sn-sp"}
{"name":"check","id":"export:x4:new-device-draft-in-locked-scope","kind":"product","pass":true,"recovery":[{"text":"Default Color was not saved.","buttons":["Retry Default Color","Discard Default Color"]},{"text":"Restore Default Size was not saved.","buttons":["Retry Restore Default Size","Discard Restore Default Size"]},{"text":"Default Grid Spacing was not saved.","buttons":["Retry Default Grid Spacing","Discard Default Grid Spacing"]}]}
{"name":"export-transition","from":{"kind":"account","accountId":"sticky-native-A","generation":"g1","epoch":2},"to":{"kind":"locked","accountId":"sticky-native-locked","generation":null,"epoch":3}}
{"name":"check","id":"export:x4-fresh-locked-after-a-to-locked:total-denial-armed-injector-fires","kind":"precondition","pass":true,"probe":{"logged":1,"threw":true,"last":{"seq":60,"op":"get","area":"local","key":"xai_pref_sticky_color","outcome":"denied"}}}
{"name":"check","id":"export:x4-fresh-locked-after-a-to-locked:download-directory-empty","kind":"precondition","pass":true,"names":[]}
{"name":"check","id":"input:button-present:Export Sticky Note draft","kind":"precondition","pass":true,"scope":".sticky-pane .sticky-recovery-actions"}
{"name":"check","id":"input:control-present:Export Sticky Note draft","kind":"precondition","pass":true,"selector":"[data-native-target=\"1\"]"}
{"name":"check","id":"input:hit-test:Export Sticky Note draft","kind":"precondition","pass":true,"selector":"[data-native-target=\"1\"]","hitTarget":"BUTTON."}
{"name":"check","id":"export:x4-fresh-locked-after-a-to-locked:actual-chrome-download-on-disk","kind":"product","pass":true,"names":["sticky-draft.json"]}
{"name":"check","id":"export:x4-fresh-locked-after-a-to-locked:attempt-level-zero-reads-writes-removes","kind":"product","pass":true,"counts":{"total":0,"reads":0,"writes":0,"removes":0,"other":0},"first":[]}
{"name":"check","id":"export:x4-fresh-locked-after-a-to-locked:failure-hook-consumed","kind":"precondition","pass":true,"create":false,"click":false}
{"name":"check","id":"export:x4-fresh-locked-after-a-to-locked:exactly-one-object-url-created-and-same-revoked","kind":"product","pass":true,"createAttempts":1,"created":["blob:http://127.0.0.1:59494/f6d1d10c-505e-436e-89c3-087c75e00ffb"],"revoked":["blob:http://127.0.0.1:59494/f6d1d10c-505e-436e-89c3-087c75e00ffb"]}
{"name":"check","id":"export:x4-fresh-locked-after-a-to-locked:anchor-appended-clicked-once-removed","kind":"product","pass":true,"clicks":["blob:http://127.0.0.1:59494/f6d1d10c-505e-436e-89c3-087c75e00ffb"],"added":["blob:http://127.0.0.1:59494/f6d1d10c-505e-436e-89c3-087c75e00ffb"],"removed":["blob:http://127.0.0.1:59494/f6d1d10c-505e-436e-89c3-087c75e00ffb"],"anchorsInDom":0}
{"name":"check","id":"export:x4-fresh-locked-after-a-to-locked:disk-json-deep-equals-full-envelope","kind":"product","pass":true,"payload":{"version":1,"kind":"sticky-draft","values":{"device":{"color":"mint","restore_size":true,"grid_spacing":"large"}}},"expected":{"version":1,"kind":"sticky-draft","values":{"device":{"color":"mint","restore_size":true,"grid_spacing":"large"}}}}
{"name":"check","id":"export:x4-fresh-locked-after-a-to-locked:single-download-file","kind":"product","pass":true,"names":["sticky-draft.json"]}
{"name":"check","id":"export:x4-fresh-locked-after-a-to-locked:artifact-not-overwritten","kind":"precondition","pass":true,"artifact":"native-f359be6-post1-export-x4-fresh-locked-after-a-to-locked-sticky-draft.json"}
{"name":"disk-export","shape":"x4-fresh-locked-after-a-to-locked","artifact":"native-f359be6-post1-export-x4-fresh-locked-after-a-to-locked-sticky-draft.json","sha256":"41e1e23c4fba43ef13cedeb6fd0cc1b9d1444e06a0cb36a3867e6954557bd98c","bytes":115,"payload":{"version":1,"kind":"sticky-draft","values":{"device":{"color":"mint","restore_size":true,"grid_spacing":"large"}}}}
{"name":"check","id":"export:x4-fresh-locked-after-a-to-locked:export-error-cleared","kind":"product","pass":true,"paneActions":{"buttons":["Export Sticky Note draft","Discard all changes"],"alert":null}}
{"name":"check","id":"export:x4-fresh-locked-after-a-to-locked:location-unchanged","kind":"product","pass":true,"before":{"pathname":"/app/settings/sticky","key":"p9j3h30w","search":"","hash":"","state":null},"after":{"pathname":"/app/settings/sticky","key":"p9j3h30w","search":"","hash":"","state":null}}
{"name":"check","id":"export:x4-fresh-locked-after-a-to-locked:no-dialog-side-effect","kind":"product","pass":true,"dialog":null}
{"name":"check","id":"export:x4-fresh-locked-after-a-to-locked:drafts-kept","kind":"product","pass":true,"recovery":[{"text":"Default Color was not saved.","buttons":["Retry Default Color","Discard Default Color"]},{"text":"Restore Default Size was not saved.","buttons":["Retry Restore Default Size","Discard Restore Default Size"]},{"text":"Default Grid Spacing was not saved.","buttons":["Retry Default Grid Spacing","Discard Default Grid Spacing"]}]}
{"name":"check","id":"export:x4-fresh-locked-after-a-to-locked:beforeunload-still-warns","kind":"product","pass":true,"warned":true,"attempts":0}
{"name":"check","id":"input:sidebar-row-present:Hotkeys","kind":"precondition","pass":true}
{"name":"check","id":"input:control-present:sidebar Hotkeys","kind":"precondition","pass":true,"selector":"[data-native-sidebar=\"1\"]"}
{"name":"check","id":"input:hit-test:sidebar Hotkeys","kind":"precondition","pass":true,"selector":"[data-native-sidebar=\"1\"]","hitTarget":"SPAN.grow"}
{"name":"check","id":"export:x4-fresh-locked-after-a-to-locked:guard-still-blocks","kind":"product","pass":true,"dialog":{"label":"Unsaved Sticky Note draft","text":"Sticky Note has unsaved changes.","buttons":["Stay","Export current draft","Discard local changes and leave"]},"location":{"pathname":"/app/settings/sticky","key":"p9j3h30w","search":"","hash":"","state":null}}
{"name":"check","id":"input:button-present:Stay","kind":"precondition","pass":true,"scope":".settings-departure-dialog"}
{"name":"check","id":"input:control-present:Stay","kind":"precondition","pass":true,"selector":"[data-native-target=\"1\"]"}
{"name":"check","id":"input:hit-test:Stay","kind":"precondition","pass":true,"selector":"[data-native-target=\"1\"]","hitTarget":"BUTTON."}
{"name":"check","id":"export:x4-fresh-locked-after-a-to-locked:stay-returns-to-sticky","kind":"product","pass":true,"location":{"pathname":"/app/settings/sticky","key":"p9j3h30w","search":"","hash":"","state":null},"guardWindowAttempts":{"total":0,"reads":0,"writes":0,"removes":0,"other":0}}
{"name":"export-step","shape":"x4-fresh-locked-after-a-to-locked","via":"pane","point":{"x":545,"y":722,"width":179.9375,"height":44},"failure":null,"location":{"pathname":"/app/settings/sticky","key":"p9j3h30w","search":"","hash":"","state":null}}
{"name":"check","id":"export:x5:device-drafts-survive-locked-to-a","kind":"product","pass":true,"backToA":{"kind":"account","accountId":"sticky-native-A","generation":"g1","epoch":5},"recovery":[{"text":"Default Color was not saved.","buttons":["Retry Default Color","Discard Default Color"]},{"text":"Restore Default Size was not saved.","buttons":["Retry Restore Default Size","Discard Restore Default Size"]},{"text":"Default Grid Spacing was not saved.","buttons":["Retry Default Grid Spacing","Discard Default Grid Spacing"]}]}
{"name":"check","id":"export:x5:scope-b","kind":"precondition","pass":true,"toB":{"kind":"account","accountId":"sticky-native-B","generation":"g1","epoch":7}}
{"name":"check","id":"export:x5:device-drafts-survive-a-to-b","kind":"product","pass":true,"recovery":[{"text":"Default Color was not saved.","buttons":["Retry Default Color","Discard Default Color"]},{"text":"Restore Default Size was not saved.","buttons":["Retry Restore Default Size","Discard Restore Default Size"]},{"text":"Default Grid Spacing was not saved.","buttons":["Retry Default Grid Spacing","Discard Default Grid Spacing"]}]}
{"name":"check","id":"input:select-focused:Font Size","kind":"precondition","pass":true}
{"name":"check","id":"export:x5:new-device-draft-in-b","kind":"product","pass":true,"recovery":[{"text":"Default Color was not saved.","buttons":["Retry Default Color","Discard Default Color"]},{"text":"Font Size was not saved.","buttons":["Retry Font Size","Discard Font Size"]},{"text":"Restore Default Size was not saved.","buttons":["Retry Restore Default Size","Discard Restore Default Size"]},{"text":"Default Grid Spacing was not saved.","buttons":["Retry Default Grid Spacing","Discard Default Grid Spacing"]}]}
{"name":"export-transition","from":{"kind":"locked","accountId":"sticky-native-locked","generation":null,"epoch":3},"via":{"kind":"account","accountId":"sticky-native-A","generation":"g1","epoch":5},"to":{"kind":"account","accountId":"sticky-native-B","generation":"g1","epoch":7}}
{"name":"check","id":"export:x5-fresh-b-after-a-to-b:total-denial-armed-injector-fires","kind":"precondition","pass":true,"probe":{"logged":1,"threw":true,"last":{"seq":73,"op":"get","area":"local","key":"xai_pref_sticky_color","outcome":"denied"}}}
{"name":"check","id":"export:x5-fresh-b-after-a-to-b:download-directory-empty","kind":"precondition","pass":true,"names":[]}
{"name":"check","id":"input:button-present:Export Sticky Note draft","kind":"precondition","pass":true,"scope":".sticky-pane .sticky-recovery-actions"}
{"name":"check","id":"input:control-present:Export Sticky Note draft","kind":"precondition","pass":true,"selector":"[data-native-target=\"1\"]"}
{"name":"check","id":"input:hit-test:Export Sticky Note draft","kind":"precondition","pass":true,"selector":"[data-native-target=\"1\"]","hitTarget":"BUTTON."}
{"name":"check","id":"export:x5-fresh-b-after-a-to-b:actual-chrome-download-on-disk","kind":"product","pass":true,"names":["sticky-draft.json"]}
{"name":"check","id":"export:x5-fresh-b-after-a-to-b:attempt-level-zero-reads-writes-removes","kind":"product","pass":true,"counts":{"total":0,"reads":0,"writes":0,"removes":0,"other":0},"first":[]}
{"name":"check","id":"export:x5-fresh-b-after-a-to-b:failure-hook-consumed","kind":"precondition","pass":true,"create":false,"click":false}
{"name":"check","id":"export:x5-fresh-b-after-a-to-b:exactly-one-object-url-created-and-same-revoked","kind":"product","pass":true,"createAttempts":1,"created":["blob:http://127.0.0.1:59494/702956a7-f6f7-4813-a4d3-b473debf5dd0"],"revoked":["blob:http://127.0.0.1:59494/702956a7-f6f7-4813-a4d3-b473debf5dd0"]}
{"name":"check","id":"export:x5-fresh-b-after-a-to-b:anchor-appended-clicked-once-removed","kind":"product","pass":true,"clicks":["blob:http://127.0.0.1:59494/702956a7-f6f7-4813-a4d3-b473debf5dd0"],"added":["blob:http://127.0.0.1:59494/702956a7-f6f7-4813-a4d3-b473debf5dd0"],"removed":["blob:http://127.0.0.1:59494/702956a7-f6f7-4813-a4d3-b473debf5dd0"],"anchorsInDom":0}
{"name":"check","id":"export:x5-fresh-b-after-a-to-b:disk-json-deep-equals-full-envelope","kind":"product","pass":true,"payload":{"version":1,"kind":"sticky-draft","values":{"device":{"color":"mint","font":"small","restore_size":true,"grid_spacing":"large"}}},"expected":{"version":1,"kind":"sticky-draft","values":{"device":{"color":"mint","font":"small","restore_size":true,"grid_spacing":"large"}}}}
{"name":"check","id":"export:x5-fresh-b-after-a-to-b:single-download-file","kind":"product","pass":true,"names":["sticky-draft.json"]}
{"name":"check","id":"export:x5-fresh-b-after-a-to-b:artifact-not-overwritten","kind":"precondition","pass":true,"artifact":"native-f359be6-post1-export-x5-fresh-b-after-a-to-b-sticky-draft.json"}
{"name":"disk-export","shape":"x5-fresh-b-after-a-to-b","artifact":"native-f359be6-post1-export-x5-fresh-b-after-a-to-b-sticky-draft.json","sha256":"236cecaa6966e60d270f1f37a96e1d448029fd816fabbf6dd6899be904aece71","bytes":130,"payload":{"version":1,"kind":"sticky-draft","values":{"device":{"color":"mint","font":"small","restore_size":true,"grid_spacing":"large"}}}}
{"name":"check","id":"export:x5-fresh-b-after-a-to-b:export-error-cleared","kind":"product","pass":true,"paneActions":{"buttons":["Export Sticky Note draft","Discard all changes"],"alert":null}}
{"name":"check","id":"export:x5-fresh-b-after-a-to-b:location-unchanged","kind":"product","pass":true,"before":{"pathname":"/app/settings/sticky","key":"p9j3h30w","search":"","hash":"","state":null},"after":{"pathname":"/app/settings/sticky","key":"p9j3h30w","search":"","hash":"","state":null}}
{"name":"check","id":"export:x5-fresh-b-after-a-to-b:no-dialog-side-effect","kind":"product","pass":true,"dialog":null}
{"name":"check","id":"export:x5-fresh-b-after-a-to-b:drafts-kept","kind":"product","pass":true,"recovery":[{"text":"Default Color was not saved.","buttons":["Retry Default Color","Discard Default Color"]},{"text":"Font Size was not saved.","buttons":["Retry Font Size","Discard Font Size"]},{"text":"Restore Default Size was not saved.","buttons":["Retry Restore Default Size","Discard Restore Default Size"]},{"text":"Default Grid Spacing was not saved.","buttons":["Retry Default Grid Spacing","Discard Default Grid Spacing"]}]}
{"name":"check","id":"export:x5-fresh-b-after-a-to-b:beforeunload-still-warns","kind":"product","pass":true,"warned":true,"attempts":0}
{"name":"check","id":"input:sidebar-row-present:Hotkeys","kind":"precondition","pass":true}
{"name":"check","id":"input:control-present:sidebar Hotkeys","kind":"precondition","pass":true,"selector":"[data-native-sidebar=\"1\"]"}
{"name":"check","id":"input:hit-test:sidebar Hotkeys","kind":"precondition","pass":true,"selector":"[data-native-sidebar=\"1\"]","hitTarget":"SPAN.grow"}
{"name":"check","id":"export:x5-fresh-b-after-a-to-b:guard-still-blocks","kind":"product","pass":true,"dialog":{"label":"Unsaved Sticky Note draft","text":"Sticky Note has unsaved changes.","buttons":["Stay","Export current draft","Discard local changes and leave"]},"location":{"pathname":"/app/settings/sticky","key":"p9j3h30w","search":"","hash":"","state":null}}
{"name":"check","id":"input:button-present:Stay","kind":"precondition","pass":true,"scope":".settings-departure-dialog"}
{"name":"check","id":"input:control-present:Stay","kind":"precondition","pass":true,"selector":"[data-native-target=\"1\"]"}
{"name":"check","id":"input:hit-test:Stay","kind":"precondition","pass":true,"selector":"[data-native-target=\"1\"]","hitTarget":"BUTTON."}
{"name":"check","id":"export:x5-fresh-b-after-a-to-b:stay-returns-to-sticky","kind":"product","pass":true,"location":{"pathname":"/app/settings/sticky","key":"p9j3h30w","search":"","hash":"","state":null},"guardWindowAttempts":{"total":0,"reads":0,"writes":0,"removes":0,"other":0}}
{"name":"export-step","shape":"x5-fresh-b-after-a-to-b","via":"pane","point":{"x":545,"y":722,"width":179.9375,"height":44},"failure":null,"location":{"pathname":"/app/settings/sticky","key":"p9j3h30w","search":"","hash":"","state":null}}
{"name":"check","id":"export:x6:fixture-holds-real-pin-lock","kind":"precondition","pass":true,"heldBefore":{"held":["xai:pref:v1:xai_pref_sticky_pin_default"],"pending":[]}}
{"name":"check","id":"input:control-present:Pin by Default","kind":"precondition","pass":true,"selector":".sticky-pane [role=\"switch\"][aria-label=\"Pin by Default\"]"}
{"name":"check","id":"input:hit-test:Pin by Default","kind":"precondition","pass":true,"selector":".sticky-pane [role=\"switch\"][aria-label=\"Pin by Default\"]","hitTarget":"BUTTON.toggle on"}
{"name":"check","id":"export:x6:held-operation-pending","kind":"product","pass":true,"recovery":[{"text":"Default Color was not saved.","buttons":["Retry Default Color","Discard Default Color"]},{"text":"Font Size was not saved.","buttons":["Retry Font Size","Discard Font Size"]},{"text":"Pin by Default is saving.","buttons":["Retry Pin by Default","Discard Pin by Default"]},{"text":"Restore Default Size was not saved.","buttons":["Retry Restore Default Size","Discard Restore Default Size"]},{"text":"Default Grid Spacing was not saved.","buttons":["Retry Default Grid Spacing","Discard Default Grid Spacing"]}]}
{"name":"check","id":"export:x6:engine-waits-on-real-lock","kind":"precondition","pass":true,"locks":{"held":["xai:pref:v1:xai_pref_sticky_pin_default"],"pending":["xai:pref:v1:xai_pref_sticky_pin_default"]}}
{"name":"check","id":"export:x6-held-real-lock:total-denial-armed-injector-fires","kind":"precondition","pass":true,"probe":{"logged":1,"threw":true,"last":{"seq":80,"op":"get","area":"local","key":"xai_pref_sticky_color","outcome":"denied"}}}
{"name":"check","id":"export:x6-held-real-lock:download-directory-empty","kind":"precondition","pass":true,"names":[]}
{"name":"check","id":"input:button-present:Export Sticky Note draft","kind":"precondition","pass":true,"scope":".sticky-pane .sticky-recovery-actions"}
{"name":"check","id":"input:control-present:Export Sticky Note draft","kind":"precondition","pass":true,"selector":"[data-native-target=\"1\"]"}
{"name":"check","id":"input:hit-test:Export Sticky Note draft","kind":"precondition","pass":true,"selector":"[data-native-target=\"1\"]","hitTarget":"BUTTON."}
{"name":"check","id":"export:x6-held-real-lock:actual-chrome-download-on-disk","kind":"product","pass":true,"names":["sticky-draft.json"]}
{"name":"check","id":"export:x6-held-real-lock:attempt-level-zero-reads-writes-removes","kind":"product","pass":true,"counts":{"total":0,"reads":0,"writes":0,"removes":0,"other":0},"first":[]}
{"name":"check","id":"export:x6-held-real-lock:failure-hook-consumed","kind":"precondition","pass":true,"create":false,"click":false}
{"name":"check","id":"export:x6-held-real-lock:exactly-one-object-url-created-and-same-revoked","kind":"product","pass":true,"createAttempts":1,"created":["blob:http://127.0.0.1:59494/2d818163-db61-4009-9225-358cba9ece30"],"revoked":["blob:http://127.0.0.1:59494/2d818163-db61-4009-9225-358cba9ece30"]}
{"name":"check","id":"export:x6-held-real-lock:anchor-appended-clicked-once-removed","kind":"product","pass":true,"clicks":["blob:http://127.0.0.1:59494/2d818163-db61-4009-9225-358cba9ece30"],"added":["blob:http://127.0.0.1:59494/2d818163-db61-4009-9225-358cba9ece30"],"removed":["blob:http://127.0.0.1:59494/2d818163-db61-4009-9225-358cba9ece30"],"anchorsInDom":0}
{"name":"check","id":"export:x6-held-real-lock:disk-json-deep-equals-full-envelope","kind":"product","pass":true,"payload":{"version":1,"kind":"sticky-draft","values":{"device":{"color":"mint","font":"small","pin_default":false,"restore_size":true,"grid_spacing":"large"}}},"expected":{"version":1,"kind":"sticky-draft","values":{"device":{"color":"mint","font":"small","pin_default":false,"restore_size":true,"grid_spacing":"large"}}}}
{"name":"check","id":"export:x6-held-real-lock:single-download-file","kind":"product","pass":true,"names":["sticky-draft.json"]}
{"name":"check","id":"export:x6-held-real-lock:artifact-not-overwritten","kind":"precondition","pass":true,"artifact":"native-f359be6-post1-export-x6-held-real-lock-sticky-draft.json"}
{"name":"disk-export","shape":"x6-held-real-lock","artifact":"native-f359be6-post1-export-x6-held-real-lock-sticky-draft.json","sha256":"73bdb1ff3c22defd31a39428ccba656c1d921a0543fb5b01514a2bc91b4a17a6","bytes":150,"payload":{"version":1,"kind":"sticky-draft","values":{"device":{"color":"mint","font":"small","pin_default":false,"restore_size":true,"grid_spacing":"large"}}}}
{"name":"check","id":"export:x6-held-real-lock:export-error-cleared","kind":"product","pass":true,"paneActions":{"buttons":["Export Sticky Note draft","Discard all changes"],"alert":null}}
{"name":"check","id":"export:x6-held-real-lock:location-unchanged","kind":"product","pass":true,"before":{"pathname":"/app/settings/sticky","key":"p9j3h30w","search":"","hash":"","state":null},"after":{"pathname":"/app/settings/sticky","key":"p9j3h30w","search":"","hash":"","state":null}}
{"name":"check","id":"export:x6-held-real-lock:no-dialog-side-effect","kind":"product","pass":true,"dialog":null}
{"name":"check","id":"export:x6-held-real-lock:drafts-kept","kind":"product","pass":true,"recovery":[{"text":"Default Color was not saved.","buttons":["Retry Default Color","Discard Default Color"]},{"text":"Font Size was not saved.","buttons":["Retry Font Size","Discard Font Size"]},{"text":"Pin by Default is saving.","buttons":["Retry Pin by Default","Discard Pin by Default"]},{"text":"Restore Default Size was not saved.","buttons":["Retry Restore Default Size","Discard Restore Default Size"]},{"text":"Default Grid Spacing was not saved.","buttons":["Retry Default Grid Spacing","Discard Default Grid Spacing"]}]}
{"name":"check","id":"export:x6-held-real-lock:export-never-releases-the-held-operation","kind":"product","pass":true,"locks":{"held":["xai:pref:v1:xai_pref_sticky_pin_default"],"pending":["xai:pref:v1:xai_pref_sticky_pin_default"]},"pin":null}
{"name":"check","id":"export:x6-held-real-lock:beforeunload-still-warns","kind":"product","pass":true,"warned":true,"attempts":0}
{"name":"check","id":"input:sidebar-row-present:Hotkeys","kind":"precondition","pass":true}
{"name":"check","id":"input:control-present:sidebar Hotkeys","kind":"precondition","pass":true,"selector":"[data-native-sidebar=\"1\"]"}
{"name":"check","id":"input:hit-test:sidebar Hotkeys","kind":"precondition","pass":true,"selector":"[data-native-sidebar=\"1\"]","hitTarget":"SPAN.grow"}
{"name":"check","id":"export:x6-held-real-lock:guard-still-blocks","kind":"product","pass":true,"dialog":{"label":"Unsaved Sticky Note draft","text":"Sticky Note has unsaved changes.","buttons":["Stay","Export current draft","Discard local changes and leave"]},"location":{"pathname":"/app/settings/sticky","key":"p9j3h30w","search":"","hash":"","state":null}}
{"name":"check","id":"input:button-present:Stay","kind":"precondition","pass":true,"scope":".settings-departure-dialog"}
{"name":"check","id":"input:control-present:Stay","kind":"precondition","pass":true,"selector":"[data-native-target=\"1\"]"}
{"name":"check","id":"input:hit-test:Stay","kind":"precondition","pass":true,"selector":"[data-native-target=\"1\"]","hitTarget":"BUTTON."}
{"name":"check","id":"export:x6-held-real-lock:stay-returns-to-sticky","kind":"product","pass":true,"location":{"pathname":"/app/settings/sticky","key":"p9j3h30w","search":"","hash":"","state":null},"guardWindowAttempts":{"total":0,"reads":0,"writes":0,"removes":0,"other":0}}
{"name":"export-step","shape":"x6-held-real-lock","via":"pane","point":{"x":545,"y":722,"width":179.9375,"height":44},"failure":null,"location":{"pathname":"/app/settings/sticky","key":"p9j3h30w","search":"","hash":"","state":null}}
{"name":"check","id":"export:x6:held-operation-persists-after-release","kind":"product","pass":true,"pinSets":[{"seq":85,"op":"set","area":"local","key":"xai_pref_sticky_pin_default","outcome":"ok","value":"false"}],"recovery":[{"text":"Default Color was not saved.","buttons":["Retry Default Color","Discard Default Color"]},{"text":"Font Size was not saved.","buttons":["Retry Font Size","Discard Font Size"]},{"text":"Restore Default Size was not saved.","buttons":["Retry Restore Default Size","Discard Restore Default Size"]},{"text":"Default Grid Spacing was not saved.","buttons":["Retry Default Grid Spacing","Discard Default Grid Spacing"]}]}
{"name":"check","id":"export:x7-anchor-click-failure:total-denial-armed-injector-fires","kind":"precondition","pass":true,"probe":{"logged":1,"threw":true,"last":{"seq":88,"op":"get","area":"local","key":"xai_pref_sticky_color","outcome":"denied"}}}
{"name":"check","id":"export:x7-anchor-click-failure:download-directory-empty","kind":"precondition","pass":true,"names":[]}
{"name":"check","id":"input:button-present:Export Sticky Note draft","kind":"precondition","pass":true,"scope":".sticky-pane .sticky-recovery-actions"}
{"name":"check","id":"input:control-present:Export Sticky Note draft","kind":"precondition","pass":true,"selector":"[data-native-target=\"1\"]"}
{"name":"check","id":"input:hit-test:Export Sticky Note draft","kind":"precondition","pass":true,"selector":"[data-native-target=\"1\"]","hitTarget":"BUTTON."}
{"name":"check","id":"export:x7-anchor-click-failure:localized-export-error-visible","kind":"product","pass":true,"paneActions":{"buttons":["Export Sticky Note draft","Discard all changes"],"alert":"Export failed. Please retry."}}
{"name":"check","id":"export:x7-anchor-click-failure:no-download-written","kind":"product","pass":true,"names":[]}
{"name":"check","id":"export:x7-anchor-click-failure:attempt-level-zero-reads-writes-removes","kind":"product","pass":true,"counts":{"total":0,"reads":0,"writes":0,"removes":0,"other":0},"first":[]}
{"name":"check","id":"export:x7-anchor-click-failure:failure-hook-consumed","kind":"precondition","pass":true,"create":false,"click":false}
{"name":"check","id":"export:x7-anchor-click-failure:exactly-one-object-url-created-and-same-revoked","kind":"product","pass":true,"createAttempts":1,"created":["blob:http://127.0.0.1:59494/f40d0bc5-bac9-4cc6-9bf4-cf5c4d4a233b"],"revoked":["blob:http://127.0.0.1:59494/f40d0bc5-bac9-4cc6-9bf4-cf5c4d4a233b"]}
{"name":"check","id":"export:x7-anchor-click-failure:anchor-appended-clicked-once-removed","kind":"product","pass":true,"clicks":["blob:http://127.0.0.1:59494/f40d0bc5-bac9-4cc6-9bf4-cf5c4d4a233b"],"added":["blob:http://127.0.0.1:59494/f40d0bc5-bac9-4cc6-9bf4-cf5c4d4a233b"],"removed":["blob:http://127.0.0.1:59494/f40d0bc5-bac9-4cc6-9bf4-cf5c4d4a233b"],"anchorsInDom":0}
{"name":"check","id":"export:x7-anchor-click-failure:click-failure-fired","kind":"product","pass":true,"throws":1}
{"name":"check","id":"export:x7-anchor-click-failure:location-unchanged","kind":"product","pass":true,"before":{"pathname":"/app/settings/sticky","key":"p9j3h30w","search":"","hash":"","state":null},"after":{"pathname":"/app/settings/sticky","key":"p9j3h30w","search":"","hash":"","state":null}}
{"name":"check","id":"export:x7-anchor-click-failure:no-dialog-side-effect","kind":"product","pass":true,"dialog":null}
{"name":"check","id":"export:x7-anchor-click-failure:drafts-kept","kind":"product","pass":true,"recovery":[{"text":"Default Color was not saved.","buttons":["Retry Default Color","Discard Default Color"]},{"text":"Font Size was not saved.","buttons":["Retry Font Size","Discard Font Size"]},{"text":"Restore Default Size was not saved.","buttons":["Retry Restore Default Size","Discard Restore Default Size"]},{"text":"Default Grid Spacing was not saved.","buttons":["Retry Default Grid Spacing","Discard Default Grid Spacing"]}]}
{"name":"check","id":"export:x7-anchor-click-failure:beforeunload-still-warns","kind":"product","pass":true,"warned":true,"attempts":0}
{"name":"check","id":"input:sidebar-row-present:Hotkeys","kind":"precondition","pass":true}
{"name":"check","id":"input:control-present:sidebar Hotkeys","kind":"precondition","pass":true,"selector":"[data-native-sidebar=\"1\"]"}
{"name":"check","id":"input:hit-test:sidebar Hotkeys","kind":"precondition","pass":true,"selector":"[data-native-sidebar=\"1\"]","hitTarget":"SPAN.grow"}
{"name":"check","id":"export:x7-anchor-click-failure:guard-still-blocks","kind":"product","pass":true,"dialog":{"label":"Unsaved Sticky Note draft","text":"Sticky Note has unsaved changes.","buttons":["Stay","Export current draft","Discard local changes and leave"]},"location":{"pathname":"/app/settings/sticky","key":"p9j3h30w","search":"","hash":"","state":null}}
{"name":"check","id":"input:button-present:Stay","kind":"precondition","pass":true,"scope":".settings-departure-dialog"}
{"name":"check","id":"input:control-present:Stay","kind":"precondition","pass":true,"selector":"[data-native-target=\"1\"]"}
{"name":"check","id":"input:hit-test:Stay","kind":"precondition","pass":true,"selector":"[data-native-target=\"1\"]","hitTarget":"BUTTON."}
{"name":"check","id":"export:x7-anchor-click-failure:stay-returns-to-sticky","kind":"product","pass":true,"location":{"pathname":"/app/settings/sticky","key":"p9j3h30w","search":"","hash":"","state":null},"guardWindowAttempts":{"total":0,"reads":0,"writes":0,"removes":0,"other":0}}
{"name":"export-step","shape":"x7-anchor-click-failure","via":"pane","point":{"x":545,"y":722,"width":179.9375,"height":44},"failure":"click","location":{"pathname":"/app/settings/sticky","key":"p9j3h30w","search":"","hash":"","state":null}}
{"name":"check","id":"export:x7-recovered-after-click-failure:total-denial-armed-injector-fires","kind":"precondition","pass":true,"probe":{"logged":1,"threw":true,"last":{"seq":92,"op":"get","area":"local","key":"xai_pref_sticky_color","outcome":"denied"}}}
{"name":"check","id":"export:x7-recovered-after-click-failure:download-directory-empty","kind":"precondition","pass":true,"names":[]}
{"name":"check","id":"input:button-present:Export Sticky Note draft","kind":"precondition","pass":true,"scope":".sticky-pane .sticky-recovery-actions"}
{"name":"check","id":"input:control-present:Export Sticky Note draft","kind":"precondition","pass":true,"selector":"[data-native-target=\"1\"]"}
{"name":"check","id":"input:hit-test:Export Sticky Note draft","kind":"precondition","pass":true,"selector":"[data-native-target=\"1\"]","hitTarget":"BUTTON."}
{"name":"check","id":"export:x7-recovered-after-click-failure:actual-chrome-download-on-disk","kind":"product","pass":true,"names":["sticky-draft.json"]}
{"name":"check","id":"export:x7-recovered-after-click-failure:attempt-level-zero-reads-writes-removes","kind":"product","pass":true,"counts":{"total":0,"reads":0,"writes":0,"removes":0,"other":0},"first":[]}
{"name":"check","id":"export:x7-recovered-after-click-failure:failure-hook-consumed","kind":"precondition","pass":true,"create":false,"click":false}
{"name":"check","id":"export:x7-recovered-after-click-failure:exactly-one-object-url-created-and-same-revoked","kind":"product","pass":true,"createAttempts":1,"created":["blob:http://127.0.0.1:59494/8463cad2-64f7-43a1-8dcd-f5e84392cb46"],"revoked":["blob:http://127.0.0.1:59494/8463cad2-64f7-43a1-8dcd-f5e84392cb46"]}
{"name":"check","id":"export:x7-recovered-after-click-failure:anchor-appended-clicked-once-removed","kind":"product","pass":true,"clicks":["blob:http://127.0.0.1:59494/8463cad2-64f7-43a1-8dcd-f5e84392cb46"],"added":["blob:http://127.0.0.1:59494/8463cad2-64f7-43a1-8dcd-f5e84392cb46"],"removed":["blob:http://127.0.0.1:59494/8463cad2-64f7-43a1-8dcd-f5e84392cb46"],"anchorsInDom":0}
{"name":"check","id":"export:x7-recovered-after-click-failure:disk-json-deep-equals-full-envelope","kind":"product","pass":true,"payload":{"version":1,"kind":"sticky-draft","values":{"device":{"color":"mint","font":"small","restore_size":true,"grid_spacing":"large"}}},"expected":{"version":1,"kind":"sticky-draft","values":{"device":{"color":"mint","font":"small","restore_size":true,"grid_spacing":"large"}}}}
{"name":"check","id":"export:x7-recovered-after-click-failure:single-download-file","kind":"product","pass":true,"names":["sticky-draft.json"]}
{"name":"check","id":"export:x7-recovered-after-click-failure:artifact-not-overwritten","kind":"precondition","pass":true,"artifact":"native-f359be6-post1-export-x7-recovered-after-click-failure-sticky-draft.json"}
{"name":"disk-export","shape":"x7-recovered-after-click-failure","artifact":"native-f359be6-post1-export-x7-recovered-after-click-failure-sticky-draft.json","sha256":"236cecaa6966e60d270f1f37a96e1d448029fd816fabbf6dd6899be904aece71","bytes":130,"payload":{"version":1,"kind":"sticky-draft","values":{"device":{"color":"mint","font":"small","restore_size":true,"grid_spacing":"large"}}}}
{"name":"check","id":"export:x7-recovered-after-click-failure:export-error-cleared","kind":"product","pass":true,"paneActions":{"buttons":["Export Sticky Note draft","Discard all changes"],"alert":null}}
{"name":"check","id":"export:x7-recovered-after-click-failure:location-unchanged","kind":"product","pass":true,"before":{"pathname":"/app/settings/sticky","key":"p9j3h30w","search":"","hash":"","state":null},"after":{"pathname":"/app/settings/sticky","key":"p9j3h30w","search":"","hash":"","state":null}}
{"name":"check","id":"export:x7-recovered-after-click-failure:no-dialog-side-effect","kind":"product","pass":true,"dialog":null}
{"name":"check","id":"export:x7-recovered-after-click-failure:drafts-kept","kind":"product","pass":true,"recovery":[{"text":"Default Color was not saved.","buttons":["Retry Default Color","Discard Default Color"]},{"text":"Font Size was not saved.","buttons":["Retry Font Size","Discard Font Size"]},{"text":"Restore Default Size was not saved.","buttons":["Retry Restore Default Size","Discard Restore Default Size"]},{"text":"Default Grid Spacing was not saved.","buttons":["Retry Default Grid Spacing","Discard Default Grid Spacing"]}]}
{"name":"check","id":"export:x7-recovered-after-click-failure:beforeunload-still-warns","kind":"product","pass":true,"warned":true,"attempts":0}
{"name":"check","id":"input:sidebar-row-present:Hotkeys","kind":"precondition","pass":true}
{"name":"check","id":"input:control-present:sidebar Hotkeys","kind":"precondition","pass":true,"selector":"[data-native-sidebar=\"1\"]"}
{"name":"check","id":"input:hit-test:sidebar Hotkeys","kind":"precondition","pass":true,"selector":"[data-native-sidebar=\"1\"]","hitTarget":"SPAN.grow"}
{"name":"check","id":"export:x7-recovered-after-click-failure:guard-still-blocks","kind":"product","pass":true,"dialog":{"label":"Unsaved Sticky Note draft","text":"Sticky Note has unsaved changes.","buttons":["Stay","Export current draft","Discard local changes and leave"]},"location":{"pathname":"/app/settings/sticky","key":"p9j3h30w","search":"","hash":"","state":null}}
{"name":"check","id":"input:button-present:Stay","kind":"precondition","pass":true,"scope":".settings-departure-dialog"}
{"name":"check","id":"input:control-present:Stay","kind":"precondition","pass":true,"selector":"[data-native-target=\"1\"]"}
{"name":"check","id":"input:hit-test:Stay","kind":"precondition","pass":true,"selector":"[data-native-target=\"1\"]","hitTarget":"BUTTON."}
{"name":"check","id":"export:x7-recovered-after-click-failure:stay-returns-to-sticky","kind":"product","pass":true,"location":{"pathname":"/app/settings/sticky","key":"p9j3h30w","search":"","hash":"","state":null},"guardWindowAttempts":{"total":0,"reads":0,"writes":0,"removes":0,"other":0}}
{"name":"export-step","shape":"x7-recovered-after-click-failure","via":"pane","point":{"x":545,"y":693,"width":179.9375,"height":44},"failure":null,"location":{"pathname":"/app/settings/sticky","key":"p9j3h30w","search":"","hash":"","state":null}}
{"name":"check","id":"export:x8-create-object-url-failure:total-denial-armed-injector-fires","kind":"precondition","pass":true,"probe":{"logged":1,"threw":true,"last":{"seq":96,"op":"get","area":"local","key":"xai_pref_sticky_color","outcome":"denied"}}}
{"name":"check","id":"export:x8-create-object-url-failure:download-directory-empty","kind":"precondition","pass":true,"names":[]}
{"name":"check","id":"input:button-present:Export Sticky Note draft","kind":"precondition","pass":true,"scope":".sticky-pane .sticky-recovery-actions"}
{"name":"check","id":"input:control-present:Export Sticky Note draft","kind":"precondition","pass":true,"selector":"[data-native-target=\"1\"]"}
{"name":"check","id":"input:hit-test:Export Sticky Note draft","kind":"precondition","pass":true,"selector":"[data-native-target=\"1\"]","hitTarget":"BUTTON."}
{"name":"check","id":"export:x8-create-object-url-failure:localized-export-error-visible","kind":"product","pass":true,"paneActions":{"buttons":["Export Sticky Note draft","Discard all changes"],"alert":"Export failed. Please retry."}}
{"name":"check","id":"export:x8-create-object-url-failure:no-download-written","kind":"product","pass":true,"names":[]}
{"name":"check","id":"export:x8-create-object-url-failure:attempt-level-zero-reads-writes-removes","kind":"product","pass":true,"counts":{"total":0,"reads":0,"writes":0,"removes":0,"other":0},"first":[]}
{"name":"check","id":"export:x8-create-object-url-failure:failure-hook-consumed","kind":"precondition","pass":true,"create":false,"click":false}
{"name":"check","id":"export:x8-create-object-url-failure:create-failure-no-url-no-anchor-no-click","kind":"product","pass":true,"createAttempts":1,"created":[],"revoked":[],"clicks":[],"added":[]}
{"name":"check","id":"export:x8-create-object-url-failure:location-unchanged","kind":"product","pass":true,"before":{"pathname":"/app/settings/sticky","key":"p9j3h30w","search":"","hash":"","state":null},"after":{"pathname":"/app/settings/sticky","key":"p9j3h30w","search":"","hash":"","state":null}}
{"name":"check","id":"export:x8-create-object-url-failure:no-dialog-side-effect","kind":"product","pass":true,"dialog":null}
{"name":"check","id":"export:x8-create-object-url-failure:drafts-kept","kind":"product","pass":true,"recovery":[{"text":"Default Color was not saved.","buttons":["Retry Default Color","Discard Default Color"]},{"text":"Font Size was not saved.","buttons":["Retry Font Size","Discard Font Size"]},{"text":"Restore Default Size was not saved.","buttons":["Retry Restore Default Size","Discard Restore Default Size"]},{"text":"Default Grid Spacing was not saved.","buttons":["Retry Default Grid Spacing","Discard Default Grid Spacing"]}]}
{"name":"check","id":"export:x8-create-object-url-failure:beforeunload-still-warns","kind":"product","pass":true,"warned":true,"attempts":0}
{"name":"check","id":"input:sidebar-row-present:Hotkeys","kind":"precondition","pass":true}
{"name":"check","id":"input:control-present:sidebar Hotkeys","kind":"precondition","pass":true,"selector":"[data-native-sidebar=\"1\"]"}
{"name":"check","id":"input:hit-test:sidebar Hotkeys","kind":"precondition","pass":true,"selector":"[data-native-sidebar=\"1\"]","hitTarget":"SPAN.grow"}
{"name":"check","id":"export:x8-create-object-url-failure:guard-still-blocks","kind":"product","pass":true,"dialog":{"label":"Unsaved Sticky Note draft","text":"Sticky Note has unsaved changes.","buttons":["Stay","Export current draft","Discard local changes and leave"]},"location":{"pathname":"/app/settings/sticky","key":"p9j3h30w","search":"","hash":"","state":null}}
{"name":"check","id":"input:button-present:Stay","kind":"precondition","pass":true,"scope":".settings-departure-dialog"}
{"name":"check","id":"input:control-present:Stay","kind":"precondition","pass":true,"selector":"[data-native-target=\"1\"]"}
{"name":"check","id":"input:hit-test:Stay","kind":"precondition","pass":true,"selector":"[data-native-target=\"1\"]","hitTarget":"BUTTON."}
{"name":"check","id":"export:x8-create-object-url-failure:stay-returns-to-sticky","kind":"product","pass":true,"location":{"pathname":"/app/settings/sticky","key":"p9j3h30w","search":"","hash":"","state":null},"guardWindowAttempts":{"total":0,"reads":0,"writes":0,"removes":0,"other":0}}
{"name":"export-step","shape":"x8-create-object-url-failure","via":"pane","point":{"x":545,"y":722,"width":179.9375,"height":44},"failure":"create","location":{"pathname":"/app/settings/sticky","key":"p9j3h30w","search":"","hash":"","state":null}}
{"name":"export-summary","artifacts":[{"shape":"x1-sparse-one-field","artifact":"native-f359be6-post1-export-x1-sparse-one-field-sticky-draft.json","sha256":"3e43a9426f234877da6e9c7b9a05d262dd7bf8b80415e609d0ce15ee2e835471","bytes":72},{"shape":"x2-all-five","artifact":"native-f359be6-post1-export-x2-all-five-sticky-draft.json","sha256":"becd15433fbed7d1228ba886542ba5b666da043d5c555cede2b7c8d066d39695","bytes":144},{"shape":"x3-departure-dialog","artifact":"native-f359be6-post1-export-x3-departure-dialog-sticky-draft.json","sha256":"6ce999b2443cc5806a653cb15d05bd36cd34575cb05498e81309cf4deb088856","bytes":92},{"shape":"x4-fresh-locked-after-a-to-locked","artifact":"native-f359be6-post1-export-x4-fresh-locked-after-a-to-locked-sticky-draft.json","sha256":"41e1e23c4fba43ef13cedeb6fd0cc1b9d1444e06a0cb36a3867e6954557bd98c","bytes":115},{"shape":"x5-fresh-b-after-a-to-b","artifact":"native-f359be6-post1-export-x5-fresh-b-after-a-to-b-sticky-draft.json","sha256":"236cecaa6966e60d270f1f37a96e1d448029fd816fabbf6dd6899be904aece71","bytes":130},{"shape":"x6-held-real-lock","artifact":"native-f359be6-post1-export-x6-held-real-lock-sticky-draft.json","sha256":"73bdb1ff3c22defd31a39428ccba656c1d921a0543fb5b01514a2bc91b4a17a6","bytes":150},{"shape":"x7-recovered-after-click-failure","artifact":"native-f359be6-post1-export-x7-recovered-after-click-failure-sticky-draft.json","sha256":"236cecaa6966e60d270f1f37a96e1d448029fd816fabbf6dd6899be904aece71","bytes":130}]}
{"name":"check","id":"run:no-unexpected-javascript-dialogs","kind":"precondition","pass":true,"unexpectedDialogs":[]}
{"name":"check","id":"run:runtime-errors-zero","kind":"product","pass":true,"runtimeErrors":[]}
{"name":"native","pass":true,"mode":"export","checks":295,"runtimeErrors":0,"consoleWarnings":0,"consoleWarningSamples":[],"artifacts":[{"shape":"x1-sparse-one-field","artifact":"native-f359be6-post1-export-x1-sparse-one-field-sticky-draft.json","sha256":"3e43a9426f234877da6e9c7b9a05d262dd7bf8b80415e609d0ce15ee2e835471","bytes":72},{"shape":"x2-all-five","artifact":"native-f359be6-post1-export-x2-all-five-sticky-draft.json","sha256":"becd15433fbed7d1228ba886542ba5b666da043d5c555cede2b7c8d066d39695","bytes":144},{"shape":"x3-departure-dialog","artifact":"native-f359be6-post1-export-x3-departure-dialog-sticky-draft.json","sha256":"6ce999b2443cc5806a653cb15d05bd36cd34575cb05498e81309cf4deb088856","bytes":92},{"shape":"x4-fresh-locked-after-a-to-locked","artifact":"native-f359be6-post1-export-x4-fresh-locked-after-a-to-locked-sticky-draft.json","sha256":"41e1e23c4fba43ef13cedeb6fd0cc1b9d1444e06a0cb36a3867e6954557bd98c","bytes":115},{"shape":"x5-fresh-b-after-a-to-b","artifact":"native-f359be6-post1-export-x5-fresh-b-after-a-to-b-sticky-draft.json","sha256":"236cecaa6966e60d270f1f37a96e1d448029fd816fabbf6dd6899be904aece71","bytes":130},{"shape":"x6-held-real-lock","artifact":"native-f359be6-post1-export-x6-held-real-lock-sticky-draft.json","sha256":"73bdb1ff3c22defd31a39428ccba656c1d921a0543fb5b01514a2bc91b4a17a6","bytes":150},{"shape":"x7-recovered-after-click-failure","artifact":"native-f359be6-post1-export-x7-recovered-after-click-failure-sticky-draft.json","sha256":"236cecaa6966e60d270f1f37a96e1d448029fd816fabbf6dd6899be904aece71","bytes":130}]}
