▲ [WARNING] "import.meta" is not available with the "iife" output format and will be empty [empty-import-meta]

    packages/plugin-web-tokens/src/i18n.ts:745:17:
      745 │       if (typeof import.meta !== "undefined" && (import.meta as {...
          ╵                  ~~~~~~~~~~~

  You need to set the output format to "esm" for "import.meta" to work correctly.

▲ [WARNING] "import.meta" is not available with the "iife" output format and will be empty [empty-import-meta]

    packages/plugin-web-tokens/src/i18n.ts:745:49:
      745 │ ....meta !== "undefined" && (import.meta as { env?: { DEV?: boole...
          ╵                              ~~~~~~~~~~~

  You need to set the output format to "esm" for "import.meta" to work correctly.

▲ [WARNING] "import.meta" is not available with the "iife" output format and will be empty [empty-import-meta]

    packages/plugin-web-tokens/src/i18n.ts:753:17:
      753 │       if (typeof import.meta !== "undefined" && (import.meta as {...
          ╵                  ~~~~~~~~~~~

  You need to set the output format to "esm" for "import.meta" to work correctly.

▲ [WARNING] "import.meta" is not available with the "iife" output format and will be empty [empty-import-meta]

    packages/plugin-web-tokens/src/i18n.ts:753:49:
      753 │ ....meta !== "undefined" && (import.meta as { env?: { DEV?: boole...
          ╵                              ~~~~~~~~~~~

  You need to set the output format to "esm" for "import.meta" to work correctly.

▲ [WARNING] "import.meta" is not available with the "iife" output format and will be empty [empty-import-meta]

    packages/plugin-web-tokens/src/i18n.ts:761:15:
      761 │     if (typeof import.meta !== "undefined" && (import.meta as { e...
          ╵                ~~~~~~~~~~~

  You need to set the output format to "esm" for "import.meta" to work correctly.

▲ [WARNING] "import.meta" is not available with the "iife" output format and will be empty [empty-import-meta]

    packages/plugin-web-tokens/src/i18n.ts:761:47:
      761 │ ....meta !== "undefined" && (import.meta as { env?: { DEV?: boole...
          ╵                              ~~~~~~~~~~~

  You need to set the output format to "esm" for "import.meta" to work correctly.

{
  "pass": true,
  "dialogRetained": true,
  "draftRetained": true,
  "errorVisible": true,
  "originalBytesPreserved": true,
  "falseEvents": 0,
  "checks": [
    "Original native quota retains dialog/draft and shows failure",
    "Latest edited draft exported and saved once on retry",
    "Failed native keyboard move emits zero events; confirmed retry emits once",
    "Old A draft retry/export cannot write or leak into B"
  ],
  "pids": [
    51908
  ]
}
