revision=d9d9fdd fixed_commit=d9d9fdde211e19fc258f97e7184a8ee77338d80c
exit=0

 RUN  v3.2.7 /var/folders/zk/bxw8sv_15xx51q2mf6xhdb8c0000gn/T/xai-dt-sol-Tyu8TY

 ✓ packages/plugin-web-settings-rest/src/__tests__/accountPane.test.tsx (12 tests) 166ms
 ✓ packages/plugin-web-settings-rest/src/__tests__/integrationConnectButton.test.tsx (5 tests) 236ms
 ✓ packages/plugin-web-settings-rest/src/__tests__/integrationsPane.test.tsx (18 tests) 489ms
 ✓ packages/plugin-web-settings-rest/src/__tests__/aiPane.test.tsx (13 tests) 321ms
 ✓ packages/plugin-web-settings-rest/src/__tests__/smartListsRecovery.test.tsx (4 tests) 552ms
 ✓ packages/plugin-web-settings-rest/src/__tests__/collaboratePane.test.tsx (11 tests) 431ms
 ✓ packages/plugin-web-settings-rest/src/__tests__/morePane.test.tsx (12 tests) 442ms
 ✓ packages/plugin-web-settings-rest/src/__tests__/CallbackPage.test.tsx (9 tests) 114ms
 ✓ packages/plugin-web-settings-rest/src/__tests__/DeviceRecoveryExport.test.tsx (4 tests) 124ms
 ✓ packages/plugin-web-settings-rest/src/__tests__/integrationDisconnectButton.test.tsx (3 tests) 93ms
 ✓ packages/plugin-web-settings-rest/src/__tests__/DeleteAccountConfirmModal.test.tsx (19 tests) 119ms
 ✓ packages/plugin-web-settings-rest/src/__tests__/CheckoutSuccessPage.test.tsx (10 tests) 131ms
 ✓ packages/plugin-web-settings-rest/src/__tests__/stickyPane.test.tsx (10 tests) 158ms
 ✓ packages/plugin-web-settings-rest/src/__tests__/useAccountDeleteOrchestrator.test.tsx (15 tests) 60ms
 ✓ packages/plugin-web-settings-rest/src/__tests__/smartListsPane.test.tsx (6 tests) 81ms
 ✓ packages/plugin-web-settings-rest/src/__tests__/accountDeletionRecovery.test.tsx (10 tests) 165ms
 ✓ packages/plugin-web-settings-rest/src/__tests__/notificationsPane.test.tsx (9 tests) 72ms
 ✓ packages/plugin-web-settings-rest/src/__tests__/premiumUpgradeButton.test.tsx (5 tests) 62ms
 ✓ packages/plugin-web-settings-rest/src/__tests__/premiumPane.test.tsx (9 tests) 97ms
 ✓ packages/plugin-web-settings-rest/src/__tests__/aboutPane.test.tsx (7 tests) 56ms
 ✓ packages/plugin-web-settings-rest/src/__tests__/PremiumTierBadge.test.tsx (2 tests) 22ms
 ✓ packages/plugin-web-settings-rest/src/__tests__/accountDeleteHttpFailure.test.tsx (7 tests) 112ms
 ✓ packages/plugin-web-settings-rest/src/__tests__/hotkeysPane.test.tsx (3 tests) 55ms
 ✓ packages/plugin-web-settings-rest/src/__tests__/usePremiumTier.test.tsx (6 tests) 24ms
 ✓ packages/plugin-web-settings-rest/src/__tests__/premiumDisclosureBanner.test.tsx (3 tests) 71ms
 ✓ packages/plugin-web-settings-rest/src/__tests__/no-stripe-js-bundle.test.ts (2 tests) 15ms
 ✓ packages/plugin-web-settings-rest/src/__tests__/dateTimePane.test.tsx (8 tests) 238ms
 ✓ packages/plugin-web-settings-rest/src/__tests__/premiumCancelButton.test.tsx (5 tests) 46ms
 ✓ packages/plugin-web-settings-rest/src/__tests__/integrationStubBanner.test.tsx (2 tests) 29ms
 ✓ packages/plugin-web-settings-rest/src/__tests__/CheckoutCancelPage.test.tsx (6 tests) 136ms
 ✓ packages/plugin-web-settings-rest/src/__tests__/no-hex-literals.test.ts (1 test) 5ms
 ✓ packages/plugin-web-settings-rest/src/__tests__/pkce.test.ts (8 tests) 27ms
 ✓ packages/plugin-web-settings-rest/src/__tests__/no-localstorage-clear.test.ts (2 tests) 15ms
 ✓ packages/plugin-web-settings-rest/src/__tests__/oauthState.test.ts (12 tests) 7ms
 ✓ packages/plugin-web-settings-rest/src/__tests__/no-stripe-secret-key.test.ts (2 tests) 11ms
 ✓ packages/plugin-web-settings-rest/src/__tests__/buildAuthorizeUrl.test.ts (6 tests) 10ms
 ✓ packages/plugin-web-settings-rest/src/__tests__/no-math-random.test.ts (7 tests) 3ms
 ✓ packages/plugin-web-settings-rest/src/__tests__/integrationProviders.test.ts (4 tests) 22ms
 ✓ packages/plugin-web-settings-rest/src/__tests__/restPanesById.test.ts (3 tests) 6ms
 ✓ packages/plugin-web-settings-rest/src/__tests__/applyRestPanesToRegistry.test.ts (5 tests) 3ms
 ✓ packages/plugin-web-settings-rest/src/__tests__/premiumTier.test.ts (4 tests) 3ms
 ✓ packages/plugin-web-settings-rest/src/__tests__/usePremiumConfig.test.tsx (3 tests) 2ms
 ✓ packages/plugin-web-settings-rest/src/__tests__/index-barrel.test.ts (3 tests) 2ms

 Test Files  43 passed (43)
      Tests  295 passed (295)
   Start at  05:11:12
   Duration  7.92s (transform 2.07s, setup 7.61s, collect 7.48s, tests 4.83s, environment 20.40s, prepare 3.37s)


stderr | packages/plugin-web-settings-rest/src/__tests__/morePane.test.tsx > REL-03 a stale reset callback cannot reset B or device settings
An update to MorePaneContent inside a test was not wrapped in act(...).

When testing, code that causes React state updates should be wrapped into act(...):

act(() => {
  /* fire events that update state */
});
/* assert on the output */

This ensures that you're testing the behavior the user would see in the browser. Learn more at https://react.dev/link/wrap-tests-with-act
An update to MorePaneContent inside a test was not wrapped in act(...).

When testing, code that causes React state updates should be wrapped into act(...):

act(() => {
  /* fire events that update state */
});
/* assert on the output */

This ensures that you're testing the behavior the user would see in the browser. Learn more at https://react.dev/link/wrap-tests-with-act
An update to MorePaneContent inside a test was not wrapped in act(...).

When testing, code that causes React state updates should be wrapped into act(...):

act(() => {
  /* fire events that update state */
});
/* assert on the output */

This ensures that you're testing the behavior the user would see in the browser. Learn more at https://react.dev/link/wrap-tests-with-act
An update to MorePaneContent inside a test was not wrapped in act(...).

When testing, code that causes React state updates should be wrapped into act(...):

act(() => {
  /* fire events that update state */
});
/* assert on the output */

This ensures that you're testing the behavior the user would see in the browser. Learn more at https://react.dev/link/wrap-tests-with-act
An update to MorePaneContent inside a test was not wrapped in act(...).

When testing, code that causes React state updates should be wrapped into act(...):

act(() => {
  /* fire events that update state */
});
/* assert on the output */

This ensures that you're testing the behavior the user would see in the browser. Learn more at https://react.dev/link/wrap-tests-with-act
An update to MorePaneContent inside a test was not wrapped in act(...).

When testing, code that causes React state updates should be wrapped into act(...):

act(() => {
  /* fire events that update state */
});
/* assert on the output */

This ensures that you're testing the behavior the user would see in the browser. Learn more at https://react.dev/link/wrap-tests-with-act
An update to MorePaneContent inside a test was not wrapped in act(...).

When testing, code that causes React state updates should be wrapped into act(...):

act(() => {
  /* fire events that update state */
});
/* assert on the output */

This ensures that you're testing the behavior the user would see in the browser. Learn more at https://react.dev/link/wrap-tests-with-act
An update to MorePaneContent inside a test was not wrapped in act(...).

When testing, code that causes React state updates should be wrapped into act(...):

act(() => {
  /* fire events that update state */
});
/* assert on the output */

This ensures that you're testing the behavior the user would see in the browser. Learn more at https://react.dev/link/wrap-tests-with-act
An update to MorePaneContent inside a test was not wrapped in act(...).

When testing, code that causes React state updates should be wrapped into act(...):

act(() => {
  /* fire events that update state */
});
/* assert on the output */

This ensures that you're testing the behavior the user would see in the browser. Learn more at https://react.dev/link/wrap-tests-with-act
An update to MorePaneContent inside a test was not wrapped in act(...).

When testing, code that causes React state updates should be wrapped into act(...):

act(() => {
  /* fire events that update state */
});
/* assert on the output */

This ensures that you're testing the behavior the user would see in the browser. Learn more at https://react.dev/link/wrap-tests-with-act
An update to MorePaneContent inside a test was not wrapped in act(...).

When testing, code that causes React state updates should be wrapped into act(...):

act(() => {
  /* fire events that update state */
});
/* assert on the output */

This ensures that you're testing the behavior the user would see in the browser. Learn more at https://react.dev/link/wrap-tests-with-act
An update to MorePaneContent inside a test was not wrapped in act(...).

When testing, code that causes React state updates should be wrapped into act(...):

act(() => {
  /* fire events that update state */
});
/* assert on the output */

This ensures that you're testing the behavior the user would see in the browser. Learn more at https://react.dev/link/wrap-tests-with-act
An update to MorePaneContent inside a test was not wrapped in act(...).

When testing, code that causes React state updates should be wrapped into act(...):

act(() => {
  /* fire events that update state */
});
/* assert on the output */

This ensures that you're testing the behavior the user would see in the browser. Learn more at https://react.dev/link/wrap-tests-with-act
An update to MorePaneContent inside a test was not wrapped in act(...).

When testing, code that causes React state updates should be wrapped into act(...):

act(() => {
  /* fire events that update state */
});
/* assert on the output */

This ensures that you're testing the behavior the user would see in the browser. Learn more at https://react.dev/link/wrap-tests-with-act
An update to MorePaneContent inside a test was not wrapped in act(...).

When testing, code that causes React state updates should be wrapped into act(...):

act(() => {
  /* fire events that update state */
});
/* assert on the output */

This ensures that you're testing the behavior the user would see in the browser. Learn more at https://react.dev/link/wrap-tests-with-act
An update to MorePaneContent inside a test was not wrapped in act(...).

When testing, code that causes React state updates should be wrapped into act(...):

act(() => {
  /* fire events that update state */
});
/* assert on the output */

This ensures that you're testing the behavior the user would see in the browser. Learn more at https://react.dev/link/wrap-tests-with-act
An update to MorePaneContent inside a test was not wrapped in act(...).

When testing, code that causes React state updates should be wrapped into act(...):

act(() => {
  /* fire events that update state */
});
/* assert on the output */

This ensures that you're testing the behavior the user would see in the browser. Learn more at https://react.dev/link/wrap-tests-with-act
An update to MorePaneContent inside a test was not wrapped in act(...).

When testing, code that causes React state updates should be wrapped into act(...):

act(() => {
  /* fire events that update state */
});
/* assert on the output */

This ensures that you're testing the behavior the user would see in the browser. Learn more at https://react.dev/link/wrap-tests-with-act
An update to MorePaneContent inside a test was not wrapped in act(...).

When testing, code that causes React state updates should be wrapped into act(...):

act(() => {
  /* fire events that update state */
});
/* assert on the output */

This ensures that you're testing the behavior the user would see in the browser. Learn more at https://react.dev/link/wrap-tests-with-act
An update to MorePaneContent inside a test was not wrapped in act(...).

When testing, code that causes React state updates should be wrapped into act(...):

act(() => {
  /* fire events that update state */
});
/* assert on the output */

This ensures that you're testing the behavior the user would see in the browser. Learn more at https://react.dev/link/wrap-tests-with-act
An update to MorePaneContent inside a test was not wrapped in act(...).

When testing, code that causes React state updates should be wrapped into act(...):

act(() => {
  /* fire events that update state */
});
/* assert on the output */

This ensures that you're testing the behavior the user would see in the browser. Learn more at https://react.dev/link/wrap-tests-with-act
An update to MorePaneContent inside a test was not wrapped in act(...).

When testing, code that causes React state updates should be wrapped into act(...):

act(() => {
  /* fire events that update state */
});
/* assert on the output */

This ensures that you're testing the behavior the user would see in the browser. Learn more at https://react.dev/link/wrap-tests-with-act
An update to MorePaneContent inside a test was not wrapped in act(...).

When testing, code that causes React state updates should be wrapped into act(...):

act(() => {
  /* fire events that update state */
});
/* assert on the output */

This ensures that you're testing the behavior the user would see in the browser. Learn more at https://react.dev/link/wrap-tests-with-act
An update to MorePaneContent inside a test was not wrapped in act(...).

When testing, code that causes React state updates should be wrapped into act(...):

act(() => {
  /* fire events that update state */
});
/* assert on the output */

This ensures that you're testing the behavior the user would see in the browser. Learn more at https://react.dev/link/wrap-tests-with-act
An update to MorePaneContent inside a test was not wrapped in act(...).

When testing, code that causes React state updates should be wrapped into act(...):

act(() => {
  /* fire events that update state */
});
/* assert on the output */

This ensures that you're testing the behavior the user would see in the browser. Learn more at https://react.dev/link/wrap-tests-with-act
An update to MorePaneContent inside a test was not wrapped in act(...).

When testing, code that causes React state updates should be wrapped into act(...):

act(() => {
  /* fire events that update state */
});
/* assert on the output */

This ensures that you're testing the behavior the user would see in the browser. Learn more at https://react.dev/link/wrap-tests-with-act
An update to MorePaneContent inside a test was not wrapped in act(...).

When testing, code that causes React state updates should be wrapped into act(...):

act(() => {
  /* fire events that update state */
});
/* assert on the output */

This ensures that you're testing the behavior the user would see in the browser. Learn more at https://react.dev/link/wrap-tests-with-act
An update to MorePaneContent inside a test was not wrapped in act(...).

When testing, code that causes React state updates should be wrapped into act(...):

act(() => {
  /* fire events that update state */
});
/* assert on the output */

This ensures that you're testing the behavior the user would see in the browser. Learn more at https://react.dev/link/wrap-tests-with-act
An update to MorePaneContent inside a test was not wrapped in act(...).

When testing, code that causes React state updates should be wrapped into act(...):

act(() => {
  /* fire events that update state */
});
/* assert on the output */

This ensures that you're testing the behavior the user would see in the browser. Learn more at https://react.dev/link/wrap-tests-with-act
An update to MorePaneContent inside a test was not wrapped in act(...).

When testing, code that causes React state updates should be wrapped into act(...):

act(() => {
  /* fire events that update state */
});
/* assert on the output */

This ensures that you're testing the behavior the user would see in the browser. Learn more at https://react.dev/link/wrap-tests-with-act
An update to MorePaneContent inside a test was not wrapped in act(...).

When testing, code that causes React state updates should be wrapped into act(...):

act(() => {
  /* fire events that update state */
});
/* assert on the output */

This ensures that you're testing the behavior the user would see in the browser. Learn more at https://react.dev/link/wrap-tests-with-act
An update to MorePaneContent inside a test was not wrapped in act(...).

When testing, code that causes React state updates should be wrapped into act(...):

act(() => {
  /* fire events that update state */
});
/* assert on the output */

This ensures that you're testing the behavior the user would see in the browser. Learn more at https://react.dev/link/wrap-tests-with-act
