revision=2c09719 fixed_commit=2c097197cc5cff869b875b5e1baa8b7656b5de76
exit=1

 RUN  v3.2.7 /var/folders/zk/bxw8sv_15xx51q2mf6xhdb8c0000gn/T/xai-dt-sol-K7YbsV

 ❯ docs/reviews/web-date-time-recovery-astra/uncertain-boundary.test.tsx (15 tests | 9 failed) 32ms
   × set uncertain token refuses externally restored original baseline without another write/remove/notice 10ms
     → expected { ok: true, value: false, …(3) } to match object { ok: false, reason: 'conflict' }
(4 matching properties omitted from actual)
     → expected 'false' to be 'true' // Object.is equality
     → expected "setItem" to not be called at all, but actually been called 1 times

Received: 

  1st setItem call:

    Array [
      "xai_pref_dt_timezone",
      "false",
    ]


Number of calls: 1

     → expected "spy" to not be called at all, but actually been called 1 times

Received: 

  1st spy call:

    Array [
      false,
    ]


Number of calls: 1

   × reset uncertain token refuses externally restored original baseline without another write/remove/notice 2ms
     → expected { ok: true, value: true, …(3) } to match object { ok: false, reason: 'conflict' }
(4 matching properties omitted from actual)
     → expected null to be 'true' // Object.is equality
     → expected "removeItem" to not be called at all, but actually been called 1 times

Received: 

  1st removeItem call:

    Array [
      "xai_pref_dt_timezone",
    ]


Number of calls: 1

     → expected "spy" to not be called at all, but actually been called 1 times

Received: 

  1st spy call:

    Array [
      true,
    ]


Number of calls: 1

   ✓ set unchanged token verifies once with zero further mutations and one reconciliation notice 1ms
   ✓ reset unchanged token verifies once with zero further mutations and one reconciliation notice 0ms
   × unknown token cannot degrade into a normal set when expected baseline matches 1ms
     → expected { ok: true, value: false, …(3) } to match object { ok: false, reason: 'conflict' }
(4 matching properties omitted from actual)
     → expected 'false' to be 'true' // Object.is equality
     → expected "setItem" to not be called at all, but actually been called 1 times

Received: 

  1st setItem call:

    Array [
      "xai_pref_dt_timezone",
      "false",
    ]


Number of calls: 1

   × public hook retains an issued uncertainty token across a transient read-denied Retry 11ms
     → expected false to be true // Object.is equality
     → expected 'conflict' to be 'saved' // Object.is equality
   × set consumed token cannot mutate a restored original baseline 1ms
     → expected { ok: true, value: false, …(3) } to match object { ok: false, reason: 'conflict' }
(4 matching properties omitted from actual)
     → expected 'false' to be 'true' // Object.is equality
     → expected "setItem" to not be called at all, but actually been called 1 times

Received: 

  1st setItem call:

    Array [
      "xai_pref_dt_timezone",
      "false",
    ]


Number of calls: 1

   × reset consumed token cannot mutate a restored original baseline 1ms
     → expected { ok: true, value: true, …(3) } to match object { ok: false, reason: 'conflict' }
(4 matching properties omitted from actual)
     → expected null to be 'true' // Object.is equality
     → expected "removeItem" to not be called at all, but actually been called 1 times

Received: 

  1st removeItem call:

    Array [
      "xai_pref_dt_timezone",
    ]


Number of calls: 1

   × set observed-invalid external source revokes token through intended and original restoration 1ms
     → expected { ok: true, value: false, …(3) } to match object { ok: false, reason: 'conflict' }
(4 matching properties omitted from actual)
     → expected 'false' to be 'true' // Object.is equality
     → expected "setItem" to not be called at all, but actually been called 1 times

Received: 

  1st setItem call:

    Array [
      "xai_pref_dt_timezone",
      "false",
    ]


Number of calls: 1

   × reset observed-invalid external source revokes token through intended and original restoration 1ms
     → expected { ok: true, value: true, …(3) } to match object { ok: false, reason: 'conflict' }
(4 matching properties omitted from actual)
     → expected null to be 'true' // Object.is equality
     → expected "removeItem" to not be called at all, but actually been called 1 times

Received: 

  1st removeItem call:

    Array [
      "xai_pref_dt_timezone",
    ]


Number of calls: 1

   ✓ set temporary read denial preserves token verification without a second mutation 0ms
   ✓ set temporary lock denial preserves token verification without a second mutation 0ms
   ✓ reset temporary read denial preserves token verification without a second mutation 0ms
   ✓ reset temporary lock denial preserves token verification without a second mutation 0ms
   × public hook repeated Retry cannot lose an invalidated grant and overwrite the external original 4ms
     → expected { ok: true, value: false, …(3) } to match object { ok: false, reason: 'conflict' }
(4 matching properties omitted from actual)
     → expected { ok: true, value: false, …(3) } to match object { ok: false, reason: 'conflict' }
(4 matching properties omitted from actual)
     → expected 'false' to be 'true' // Object.is equality
     → expected "setItem" to not be called at all, but actually been called 1 times

Received: 

  1st setItem call:

    Array [
      "xai_pref_dt_timezone",
      "false",
    ]


Number of calls: 1

     → expected 'saved' not to be 'saved' // Object.is equality

 Test Files  1 failed (1)
      Tests  9 failed | 6 passed (15)
   Start at  01:30:38
   Duration  1.10s (transform 161ms, setup 254ms, collect 69ms, tests 32ms, environment 368ms, prepare 122ms)



⎯⎯⎯⎯⎯⎯⎯ Failed Tests 9 ⎯⎯⎯⎯⎯⎯⎯

 FAIL  docs/reviews/web-date-time-recovery-astra/uncertain-boundary.test.tsx > set uncertain token refuses externally restored original baseline without another write/remove/notice
AssertionError: expected { ok: true, value: false, …(3) } to match object { ok: false, reason: 'conflict' }
(4 matching properties omitted from actual)

- Expected
+ Received

  {
-   "ok": false,
-   "reason": "conflict",
+   "ok": true,
  }

 ❯ docs/reviews/web-date-time-recovery-astra/uncertain-boundary.test.tsx:26:42

⎯⎯⎯⎯⎯⎯⎯⎯⎯⎯⎯⎯⎯⎯⎯⎯⎯⎯⎯⎯⎯⎯⎯[1/30]⎯

 FAIL  docs/reviews/web-date-time-recovery-astra/uncertain-boundary.test.tsx > set uncertain token refuses externally restored original baseline without another write/remove/notice
AssertionError: expected 'false' to be 'true' // Object.is equality

Expected: "true"
Received: "false"

 ❯ docs/reviews/web-date-time-recovery-astra/uncertain-boundary.test.tsx:27:51

⎯⎯⎯⎯⎯⎯⎯⎯⎯⎯⎯⎯⎯⎯⎯⎯⎯⎯⎯⎯⎯⎯⎯[2/30]⎯

 FAIL  docs/reviews/web-date-time-recovery-astra/uncertain-boundary.test.tsx > set uncertain token refuses externally restored original baseline without another write/remove/notice
AssertionError: expected "setItem" to not be called at all, but actually been called 1 times

Received: 

  1st setItem call:

    Array [
      "xai_pref_dt_timezone",
      "false",
    ]


Number of calls: 1

 ❯ docs/reviews/web-date-time-recovery-astra/uncertain-boundary.test.tsx:28:29

⎯⎯⎯⎯⎯⎯⎯⎯⎯⎯⎯⎯⎯⎯⎯⎯⎯⎯⎯⎯⎯⎯⎯[3/30]⎯

 FAIL  docs/reviews/web-date-time-recovery-astra/uncertain-boundary.test.tsx > set uncertain token refuses externally restored original baseline without another write/remove/notice
AssertionError: expected "spy" to not be called at all, but actually been called 1 times

Received: 

  1st spy call:

    Array [
      false,
    ]


Number of calls: 1

 ❯ docs/reviews/web-date-time-recovery-astra/uncertain-boundary.test.tsx:28:116

⎯⎯⎯⎯⎯⎯⎯⎯⎯⎯⎯⎯⎯⎯⎯⎯⎯⎯⎯⎯⎯⎯⎯[4/30]⎯

 FAIL  docs/reviews/web-date-time-recovery-astra/uncertain-boundary.test.tsx > reset uncertain token refuses externally restored original baseline without another write/remove/notice
AssertionError: expected { ok: true, value: true, …(3) } to match object { ok: false, reason: 'conflict' }
(4 matching properties omitted from actual)

- Expected
+ Received

  {
-   "ok": false,
-   "reason": "conflict",
+   "ok": true,
  }

 ❯ docs/reviews/web-date-time-recovery-astra/uncertain-boundary.test.tsx:26:42

⎯⎯⎯⎯⎯⎯⎯⎯⎯⎯⎯⎯⎯⎯⎯⎯⎯⎯⎯⎯⎯⎯⎯[5/30]⎯

 FAIL  docs/reviews/web-date-time-recovery-astra/uncertain-boundary.test.tsx > reset uncertain token refuses externally restored original baseline without another write/remove/notice
AssertionError: expected null to be 'true' // Object.is equality

- Expected: 
"true"

+ Received: 
null

 ❯ docs/reviews/web-date-time-recovery-astra/uncertain-boundary.test.tsx:27:51

⎯⎯⎯⎯⎯⎯⎯⎯⎯⎯⎯⎯⎯⎯⎯⎯⎯⎯⎯⎯⎯⎯⎯[6/30]⎯

 FAIL  docs/reviews/web-date-time-recovery-astra/uncertain-boundary.test.tsx > reset uncertain token refuses externally restored original baseline without another write/remove/notice
AssertionError: expected "removeItem" to not be called at all, but actually been called 1 times

Received: 

  1st removeItem call:

    Array [
      "xai_pref_dt_timezone",
    ]


Number of calls: 1

 ❯ docs/reviews/web-date-time-recovery-astra/uncertain-boundary.test.tsx:28:73

⎯⎯⎯⎯⎯⎯⎯⎯⎯⎯⎯⎯⎯⎯⎯⎯⎯⎯⎯⎯⎯⎯⎯[7/30]⎯

 FAIL  docs/reviews/web-date-time-recovery-astra/uncertain-boundary.test.tsx > reset uncertain token refuses externally restored original baseline without another write/remove/notice
AssertionError: expected "spy" to not be called at all, but actually been called 1 times

Received: 

  1st spy call:

    Array [
      true,
    ]


Number of calls: 1

 ❯ docs/reviews/web-date-time-recovery-astra/uncertain-boundary.test.tsx:28:116

⎯⎯⎯⎯⎯⎯⎯⎯⎯⎯⎯⎯⎯⎯⎯⎯⎯⎯⎯⎯⎯⎯⎯[8/30]⎯

 FAIL  docs/reviews/web-date-time-recovery-astra/uncertain-boundary.test.tsx > unknown token cannot degrade into a normal set when expected baseline matches
AssertionError: expected { ok: true, value: false, …(3) } to match object { ok: false, reason: 'conflict' }
(4 matching properties omitted from actual)

- Expected
+ Received

  {
-   "ok": false,
-   "reason": "conflict",
+   "ok": true,
  }

 ❯ docs/reviews/web-date-time-recovery-astra/uncertain-boundary.test.tsx:37:156

⎯⎯⎯⎯⎯⎯⎯⎯⎯⎯⎯⎯⎯⎯⎯⎯⎯⎯⎯⎯⎯⎯⎯[9/30]⎯

 FAIL  docs/reviews/web-date-time-recovery-astra/uncertain-boundary.test.tsx > unknown token cannot degrade into a normal set when expected baseline matches
AssertionError: expected 'false' to be 'true' // Object.is equality

Expected: "true"
Received: "false"

 ❯ docs/reviews/web-date-time-recovery-astra/uncertain-boundary.test.tsx:37:246

⎯⎯⎯⎯⎯⎯⎯⎯⎯⎯⎯⎯⎯⎯⎯⎯⎯⎯⎯⎯⎯⎯[10/30]⎯

 FAIL  docs/reviews/web-date-time-recovery-astra/uncertain-boundary.test.tsx > unknown token cannot degrade into a normal set when expected baseline matches
AssertionError: expected "setItem" to not be called at all, but actually been called 1 times

Received: 

  1st setItem call:

    Array [
      "xai_pref_dt_timezone",
      "false",
    ]


Number of calls: 1

 ❯ docs/reviews/web-date-time-recovery-astra/uncertain-boundary.test.tsx:37:278

⎯⎯⎯⎯⎯⎯⎯⎯⎯⎯⎯⎯⎯⎯⎯⎯⎯⎯⎯⎯⎯⎯[11/30]⎯

 FAIL  docs/reviews/web-date-time-recovery-astra/uncertain-boundary.test.tsx > public hook retains an issued uncertainty token across a transient read-denied Retry
AssertionError: expected false to be true // Object.is equality

- Expected
+ Received

- true
+ false

 ❯ docs/reviews/web-date-time-recovery-astra/uncertain-boundary.test.tsx:46:94

⎯⎯⎯⎯⎯⎯⎯⎯⎯⎯⎯⎯⎯⎯⎯⎯⎯⎯⎯⎯⎯⎯[12/30]⎯

 FAIL  docs/reviews/web-date-time-recovery-astra/uncertain-boundary.test.tsx > public hook retains an issued uncertainty token across a transient read-denied Retry
AssertionError: expected 'conflict' to be 'saved' // Object.is equality

Expected: "saved"
Received: "conflict"

 ❯ docs/reviews/web-date-time-recovery-astra/uncertain-boundary.test.tsx:47:116

⎯⎯⎯⎯⎯⎯⎯⎯⎯⎯⎯⎯⎯⎯⎯⎯⎯⎯⎯⎯⎯⎯[13/30]⎯

 FAIL  docs/reviews/web-date-time-recovery-astra/uncertain-boundary.test.tsx > set consumed token cannot mutate a restored original baseline
AssertionError: expected { ok: true, value: false, …(3) } to match object { ok: false, reason: 'conflict' }
(4 matching properties omitted from actual)

- Expected
+ Received

  {
-   "ok": false,
-   "reason": "conflict",
+   "ok": true,
  }

 ❯ docs/reviews/web-date-time-recovery-astra/uncertain-boundary.test.tsx:53:40

⎯⎯⎯⎯⎯⎯⎯⎯⎯⎯⎯⎯⎯⎯⎯⎯⎯⎯⎯⎯⎯⎯[14/30]⎯

 FAIL  docs/reviews/web-date-time-recovery-astra/uncertain-boundary.test.tsx > set consumed token cannot mutate a restored original baseline
AssertionError: expected 'false' to be 'true' // Object.is equality

Expected: "true"
Received: "false"

 ❯ docs/reviews/web-date-time-recovery-astra/uncertain-boundary.test.tsx:53:130

⎯⎯⎯⎯⎯⎯⎯⎯⎯⎯⎯⎯⎯⎯⎯⎯⎯⎯⎯⎯⎯⎯[15/30]⎯

 FAIL  docs/reviews/web-date-time-recovery-astra/uncertain-boundary.test.tsx > set consumed token cannot mutate a restored original baseline
AssertionError: expected "setItem" to not be called at all, but actually been called 1 times

Received: 

  1st setItem call:

    Array [
      "xai_pref_dt_timezone",
      "false",
    ]


Number of calls: 1

 ❯ docs/reviews/web-date-time-recovery-astra/uncertain-boundary.test.tsx:53:167

⎯⎯⎯⎯⎯⎯⎯⎯⎯⎯⎯⎯⎯⎯⎯⎯⎯⎯⎯⎯⎯⎯[16/30]⎯

 FAIL  docs/reviews/web-date-time-recovery-astra/uncertain-boundary.test.tsx > reset consumed token cannot mutate a restored original baseline
AssertionError: expected { ok: true, value: true, …(3) } to match object { ok: false, reason: 'conflict' }
(4 matching properties omitted from actual)

- Expected
+ Received

  {
-   "ok": false,
-   "reason": "conflict",
+   "ok": true,
  }

 ❯ docs/reviews/web-date-time-recovery-astra/uncertain-boundary.test.tsx:53:40

⎯⎯⎯⎯⎯⎯⎯⎯⎯⎯⎯⎯⎯⎯⎯⎯⎯⎯⎯⎯⎯⎯[17/30]⎯

 FAIL  docs/reviews/web-date-time-recovery-astra/uncertain-boundary.test.tsx > reset consumed token cannot mutate a restored original baseline
AssertionError: expected null to be 'true' // Object.is equality

- Expected: 
"true"

+ Received: 
null

 ❯ docs/reviews/web-date-time-recovery-astra/uncertain-boundary.test.tsx:53:130

⎯⎯⎯⎯⎯⎯⎯⎯⎯⎯⎯⎯⎯⎯⎯⎯⎯⎯⎯⎯⎯⎯[18/30]⎯

 FAIL  docs/reviews/web-date-time-recovery-astra/uncertain-boundary.test.tsx > reset consumed token cannot mutate a restored original baseline
AssertionError: expected "removeItem" to not be called at all, but actually been called 1 times

Received: 

  1st removeItem call:

    Array [
      "xai_pref_dt_timezone",
    ]


Number of calls: 1

 ❯ docs/reviews/web-date-time-recovery-astra/uncertain-boundary.test.tsx:53:206

⎯⎯⎯⎯⎯⎯⎯⎯⎯⎯⎯⎯⎯⎯⎯⎯⎯⎯⎯⎯⎯⎯[19/30]⎯

 FAIL  docs/reviews/web-date-time-recovery-astra/uncertain-boundary.test.tsx > set observed-invalid external source revokes token through intended and original restoration
AssertionError: expected { ok: true, value: false, …(3) } to match object { ok: false, reason: 'conflict' }
(4 matching properties omitted from actual)

- Expected
+ Received

  {
-   "ok": false,
-   "reason": "conflict",
+   "ok": true,
  }

 ❯ docs/reviews/web-date-time-recovery-astra/uncertain-boundary.test.tsx:60:40

⎯⎯⎯⎯⎯⎯⎯⎯⎯⎯⎯⎯⎯⎯⎯⎯⎯⎯⎯⎯⎯⎯[20/30]⎯

 FAIL  docs/reviews/web-date-time-recovery-astra/uncertain-boundary.test.tsx > set observed-invalid external source revokes token through intended and original restoration
AssertionError: expected 'false' to be 'true' // Object.is equality

Expected: "true"
Received: "false"

 ❯ docs/reviews/web-date-time-recovery-astra/uncertain-boundary.test.tsx:60:130

⎯⎯⎯⎯⎯⎯⎯⎯⎯⎯⎯⎯⎯⎯⎯⎯⎯⎯⎯⎯⎯⎯[21/30]⎯

 FAIL  docs/reviews/web-date-time-recovery-astra/uncertain-boundary.test.tsx > set observed-invalid external source revokes token through intended and original restoration
AssertionError: expected "setItem" to not be called at all, but actually been called 1 times

Received: 

  1st setItem call:

    Array [
      "xai_pref_dt_timezone",
      "false",
    ]


Number of calls: 1

 ❯ docs/reviews/web-date-time-recovery-astra/uncertain-boundary.test.tsx:60:167

⎯⎯⎯⎯⎯⎯⎯⎯⎯⎯⎯⎯⎯⎯⎯⎯⎯⎯⎯⎯⎯⎯[22/30]⎯

 FAIL  docs/reviews/web-date-time-recovery-astra/uncertain-boundary.test.tsx > reset observed-invalid external source revokes token through intended and original restoration
AssertionError: expected { ok: true, value: true, …(3) } to match object { ok: false, reason: 'conflict' }
(4 matching properties omitted from actual)

- Expected
+ Received

  {
-   "ok": false,
-   "reason": "conflict",
+   "ok": true,
  }

 ❯ docs/reviews/web-date-time-recovery-astra/uncertain-boundary.test.tsx:60:40

⎯⎯⎯⎯⎯⎯⎯⎯⎯⎯⎯⎯⎯⎯⎯⎯⎯⎯⎯⎯⎯⎯[23/30]⎯

 FAIL  docs/reviews/web-date-time-recovery-astra/uncertain-boundary.test.tsx > reset observed-invalid external source revokes token through intended and original restoration
AssertionError: expected null to be 'true' // Object.is equality

- Expected: 
"true"

+ Received: 
null

 ❯ docs/reviews/web-date-time-recovery-astra/uncertain-boundary.test.tsx:60:130

⎯⎯⎯⎯⎯⎯⎯⎯⎯⎯⎯⎯⎯⎯⎯⎯⎯⎯⎯⎯⎯⎯[24/30]⎯

 FAIL  docs/reviews/web-date-time-recovery-astra/uncertain-boundary.test.tsx > reset observed-invalid external source revokes token through intended and original restoration
AssertionError: expected "removeItem" to not be called at all, but actually been called 1 times

Received: 

  1st removeItem call:

    Array [
      "xai_pref_dt_timezone",
    ]


Number of calls: 1

 ❯ docs/reviews/web-date-time-recovery-astra/uncertain-boundary.test.tsx:60:206

⎯⎯⎯⎯⎯⎯⎯⎯⎯⎯⎯⎯⎯⎯⎯⎯⎯⎯⎯⎯⎯⎯[25/30]⎯

 FAIL  docs/reviews/web-date-time-recovery-astra/uncertain-boundary.test.tsx > public hook repeated Retry cannot lose an invalidated grant and overwrite the external original
 FAIL  docs/reviews/web-date-time-recovery-astra/uncertain-boundary.test.tsx > public hook repeated Retry cannot lose an invalidated grant and overwrite the external original
AssertionError: expected { ok: true, value: false, …(3) } to match object { ok: false, reason: 'conflict' }
(4 matching properties omitted from actual)

- Expected
+ Received

  {
-   "ok": false,
-   "reason": "conflict",
+   "ok": true,
  }

 ❯ docs/reviews/web-date-time-recovery-astra/uncertain-boundary.test.tsx:71:141

⎯⎯⎯⎯⎯⎯⎯⎯⎯⎯⎯⎯⎯⎯⎯⎯⎯⎯⎯⎯⎯⎯[26/30]⎯

 FAIL  docs/reviews/web-date-time-recovery-astra/uncertain-boundary.test.tsx > public hook repeated Retry cannot lose an invalidated grant and overwrite the external original
AssertionError: expected 'false' to be 'true' // Object.is equality

Expected: "true"
Received: "false"

 ❯ docs/reviews/web-date-time-recovery-astra/uncertain-boundary.test.tsx:72:49

⎯⎯⎯⎯⎯⎯⎯⎯⎯⎯⎯⎯⎯⎯⎯⎯⎯⎯⎯⎯⎯⎯[27/30]⎯

 FAIL  docs/reviews/web-date-time-recovery-astra/uncertain-boundary.test.tsx > public hook repeated Retry cannot lose an invalidated grant and overwrite the external original
AssertionError: expected "setItem" to not be called at all, but actually been called 1 times

Received: 

  1st setItem call:

    Array [
      "xai_pref_dt_timezone",
      "false",
    ]


Number of calls: 1

 ❯ docs/reviews/web-date-time-recovery-astra/uncertain-boundary.test.tsx:72:86

⎯⎯⎯⎯⎯⎯⎯⎯⎯⎯⎯⎯⎯⎯⎯⎯⎯⎯⎯⎯⎯⎯[28/30]⎯

 FAIL  docs/reviews/web-date-time-recovery-astra/uncertain-boundary.test.tsx > public hook repeated Retry cannot lose an invalidated grant and overwrite the external original
AssertionError: expected 'saved' not to be 'saved' // Object.is equality
 ❯ docs/reviews/web-date-time-recovery-astra/uncertain-boundary.test.tsx:72:184

⎯⎯⎯⎯⎯⎯⎯⎯⎯⎯⎯⎯⎯⎯⎯⎯⎯⎯⎯⎯⎯⎯[29/30]⎯
