{"id":"session:mounted","kind":"precondition","pass":true,"name":"check"}
{"requested":"5cd63ff","resolved":"5cd63ff652f02a2c726187fe12cbc796218d31c0","docsHead":"c516fced2ec8c6fb6a8054c6e6858c315fa4b84c","productDeltaVsDocsHead":"","mode":"race","suffix":"fixed1","browser":"Chrome/154.0.8037.97","protocol":"1.3","viewport":{"width":1280,"height":813,"dpr":1},"node":"v24.16.0","esbuild":"0.28.1","packages":{"react":"19.2.0","react-dom":"19.2.0","react-router":"7.15.1"},"lockfileSha256":{"archive":"df05f2ddfd7f2d04d526ec3cccf6559991686188a0e4bcbc48d2b0451c9aeab9","dependencies":"df05f2ddfd7f2d04d526ec3cccf6559991686188a0e4bcbc48d2b0451c9aeab9"},"fixtureSha256":"3937baecba2810e0e22dfc11a0c3f7a1f288202d59ca95a8032f3430440d5382","preludeSha256":"67bbfaa7f554939f40a9ce53e570091f324bbee4b4e91adc7175b001fce87670","runnerSha256":"3d009ac0b5b1f329f13c351a92a945d6b894a284f06018452a2aa44cbbb6bf18","bundleSha256":"1ec44056c6841d487dca00e0f04e83136eb4d947e0e520525751944aba8eb2cc","bundleCssSha256":"5501917e864492542e8fa6b16077bc258767423fe1d28629a484157d806633bb","bundleInputs":{"total":631,"archive":561,"thirdParty":69,"foreign":[]},"productHashes":{"apps/web/src/routes/modules/departureCoordinator.tsx":"0844a697b146b07fceb1835da7c4410db8812bc07bdea362f3386e991a2bc075","apps/web/src/routes/modules/composedSettingsRegistration.tsx":"bd2ba2dd92da486ce9d3890fe74af6d3878b3394ed410014313412fdceee377d","apps/web/src/routes/modules/settingsDeparture.ts":"80c3a5787df8eb02102c4a508f2fe67c1fbd6a6b8ba7f16b3a65c3f542c8548b","packages/plugin-web-settings-rest/src/panes/stickyPane.tsx":"721d75568660872328e2c6c46d4dd405335596b881233947b60b85f5cd97155f","packages/plugin-web-storage/src/internal/usePrefAsync.ts":"541fae97413104b8db90c20d7b565a5492f17fc74d79b3e975f954d7189a4491","packages/plugin-web-storage/src/internal/usePrefAutosaveAsync.ts":"e27f9f86196c08166b3c03f8450a546d486c2035adec42f91a90ae2723350332","packages/plugin-web-storage/src/internal/prefMutation.ts":"3f8840ac8e7e824ddc9aacb6839d19a0602244235dbfd542f686ca749125ec00","packages/plugin-web-storage/src/internal/accountScope.ts":"ca9d79b2188e1a2b011a4c41038019659b43e03127bc8bd876cffafe2e489e36","packages/xai-web-shell/src/Shell.tsx":"7d46423f40adc5412f54b701c2c93ab4f7529e329dc22766f387d78f614f8df0"},"origin":"127.0.0.1 (ephemeral port)","name":"baseline"}
{"productDelta":"","id":"baseline:docs-head-product-tree-equals-candidate","kind":"precondition","pass":true,"name":"check"}
{"id":"baseline:lockfile-gate","kind":"precondition","pass":true,"name":"check"}
{"foreign":[],"productInBundle":true,"id":"baseline:bundle-inputs-pinned-to-archive","kind":"precondition","pass":true,"name":"check"}
{"runtimeErrors":[],"id":"baseline:no-mount-runtime-errors","kind":"precondition","pass":true,"name":"check"}
{"commits":2,"hookErrors":0,"id":"baseline:react-commit-observer-active","kind":"precondition","pass":true,"name":"check"}
{"id":"baseline:navigation-api-available","kind":"precondition","pass":true,"name":"check"}
{"id":"setup:p-mounted","kind":"precondition","pass":true,"name":"check"}
{"id":"setup:s-mounted","kind":"precondition","pass":true,"name":"check"}
{"P":{"pathname":"/app/settings/date_time","key":"l9udk7xh","state":{"token":"race-P"}},"S":{"pathname":"/app/settings/sticky","key":"1e4tysjr","state":null},"stack":{"ids":["6:blank","13:/app/settings/hotkeys","15:/app/settings/date_time","16:/app/settings/sticky"],"currentIndex":3,"navKeys":["cb974c62-a6f3-4ee0-b5e4-bdd375b57302","1a0bf9cb-755d-41c6-92f4-bda4112c3a2e","2496dcc2-5226-45df-bf1a-f54c441a9795"],"navIndex":2},"id":"setup:history-p-then-s","kind":"precondition","pass":true,"name":"check"}
{"P":{"pathname":"/app/settings/date_time","key":"l9udk7xh","state":{"token":"race-P"}},"S":{"pathname":"/app/settings/sticky","key":"1e4tysjr","state":null},"stack":{"ids":["6:blank","13:/app/settings/hotkeys","15:/app/settings/date_time","16:/app/settings/sticky"],"currentIndex":3,"navKeys":["cb974c62-a6f3-4ee0-b5e4-bdd375b57302","1a0bf9cb-755d-41c6-92f4-bda4112c3a2e","2496dcc2-5226-45df-bf1a-f54c441a9795"],"navIndex":2},"name":"history-entries"}
{"location":{"pathname":"/app/settings/sticky","key":"1e4tysjr","state":null},"id":"r1:at-s-no-dialog","kind":"precondition","pass":true,"name":"check"}
{"selector":".settings-detail [role=\"switch\"][aria-label=\"Pin by Default\"]","id":"input:control-present:r1:toggle Pin by Default","kind":"precondition","pass":true,"name":"check"}
{"selector":".settings-detail [role=\"switch\"][aria-label=\"Pin by Default\"]","hitTarget":"BUTTON.toggle on","id":"input:hit-test:r1:toggle Pin by Default","kind":"precondition","pass":true,"name":"check"}
{"denied":[{"seq":39,"op":"set","key":"xai_pref_sticky_pin_default","value":"false","outcome":"denied"}],"alerts":["Pin by Default was not saved.RetryDiscard"],"id":"r1:save-failed-with-retry-offered","kind":"precondition","pass":true,"name":"check"}
{"currentIndex":3,"id":"r1:first-back:traverse-back-entry-exists","kind":"precondition","pass":true,"name":"check"}
{"step":{"fromIndex":3,"toIndex":2,"entryId":15},"dialog":{"label":"Unsaved Sticky Note draft","text":"Sticky Note has unsaved changes.","buttons":["Stay","Export current draft","Discard local changes and leave"]},"live":{"id":2,"state":"blocked"},"committed":{"seq":48,"b":2,"s":"blocked","gv":7,"iv":1},"location":{"pathname":"/app/settings/sticky","key":"1e4tysjr","state":null},"id":"r1:first-back:held-dialog-open-location-s","kind":"precondition","pass":true,"name":"check"}
{"currentIndex":3,"id":"r1:second-back:traverse-back-entry-exists","kind":"precondition","pass":true,"name":"check"}
{"arm":{"seq":54,"name":"Stay","found":true,"armedLive":2,"live":{"id":3,"state":"blocked"},"committedCoordinator":{"seq":48,"b":2,"s":"blocked","gv":7,"iv":1},"beforeRender":true,"dialogAfterClick":true},"first":2,"step2":{"fromIndex":3,"toIndex":2,"entryId":15},"id":"r1:script-click-fired-on-new-blocked-blocker","kind":"precondition","pass":true,"name":"check"}
{"arm":{"seq":54,"name":"Stay","found":true,"armedLive":2,"live":{"id":3,"state":"blocked"},"committedCoordinator":{"seq":48,"b":2,"s":"blocked","gv":7,"iv":1},"beforeRender":true,"dialogAfterClick":true},"id":"r1:click-landed-before-react-rendered-second-blocker","kind":"precondition","pass":true,"name":"check"}
{"dialog":{"label":"Unsaved Sticky Note draft","text":"Sticky Note has unsaved changes.","buttons":["Stay","Export current draft","Discard local changes and leave"]},"live":{"id":3,"state":"blocked"},"blockers":[{"key":"1","id":3,"state":"blocked"}],"location":{"pathname":"/app/settings/sticky","key":"1e4tysjr","state":null},"id":"r1:decision-never-lost-held-or-stayed","kind":"product","deferred":true,"pass":true,"name":"check"}
{"live":{"id":3,"state":"blocked"},"second":3,"dialog":{"label":"Unsaved Sticky Note draft","text":"Sticky Note has unsaved changes.","buttons":["Stay","Export current draft","Discard local changes and leave"]},"id":"r1:re-prompt-holds-the-live-second-blocker","kind":"product","deferred":true,"pass":true,"name":"check"}
{"scope":".settings-departure-dialog","name":"check","id":"input:button-present:r1:Stay (trusted, re-prompt)","kind":"precondition","pass":true}
{"selector":"[data-f1-target=\"1\"]","id":"input:control-present:r1:Stay (trusted, re-prompt)","kind":"precondition","pass":true,"name":"check"}
{"selector":"[data-f1-target=\"1\"]","hitTarget":"BUTTON.","id":"input:hit-test:r1:Stay (trusted, re-prompt)","kind":"precondition","pass":true,"name":"check"}
{"case":"r1","choice":"Stay","timing":"before-render","outcome":"held-with-dialog-for-live-blocker","first":2,"second":3,"arm":{"seq":54,"name":"Stay","found":true,"armedLive":2,"live":{"id":3,"state":"blocked"},"committedCoordinator":{"seq":48,"b":2,"s":"blocked","gv":7,"iv":1},"beforeRender":true,"dialogAfterClick":true},"proceeds":0,"resets":1,"perBlocker":{"3":1},"nonLive":0,"throws":0,"staleCommits":1,"dialogTransitions":["open","closed"],"timeline":["44 popstate /app/settings/date_time#l9udk7xh","45 router PUSH /app/settings/sticky#1e4tysjr blockers=[2:blocked]","46 react-commit p1 coordinator blocker#2:blocked gv=7 iv=0 live=#2:blocked","48 react-commit p1 coordinator blocker#2:blocked gv=7 iv=1 live=#2:blocked","50 dialog OPEN live=#2:blocked","51 popstate /app/settings/sticky#1e4tysjr","52 popstate /app/settings/date_time#l9udk7xh","53 router PUSH /app/settings/sticky#1e4tysjr blockers=[3:blocked]","54 ARM-CLICK Stay found=true live=#3:blocked committed=#2:blocked beforeRender=true","55 click Stay (script)","56 react-commit p1 coordinator blocker#3:blocked gv=7 iv=2 live=#3:blocked","58 react-commit p1 coordinator blocker#3:blocked gv=7 iv=3 live=#3:blocked","60 popstate /app/settings/sticky#1e4tysjr","61 click Stay","62 RESET blocker#3 live=#3:blocked","63 router PUSH /app/settings/sticky#1e4tysjr blockers=[1:unblocked]","64 react-commit p1 coordinator blocker#3:blocked gv=7 iv=4 live=#1:unblocked STALE","66 dialog closed live=#1:unblocked","67 react-commit p3 coordinator blocker#1:unblocked gv=7 iv=4 live=#1:unblocked"],"name":"observation"}
{"blockerCalls":[{"seq":62,"op":"reset","blocker":3,"liveBlocker":3,"liveState":"blocked","path":"/app/settings/sticky"}],"id":"r1:stay-zero-proceeds-one-reset-on-second-blocker","kind":"product","deferred":true,"pass":true,"name":"check"}
{"dialog":null,"blockers":[{"key":"1","id":1,"state":"unblocked"}],"id":"r1:final-dialog-closed-no-blocked-blocker","kind":"product","deferred":true,"pass":true,"name":"check"}
{"location":{"pathname":"/app/settings/sticky","key":"1e4tysjr","state":null},"commits":[],"history":[],"id":"r1:location-s-zero-commits-zero-push-replace","kind":"product","deferred":true,"pass":true,"name":"check"}
{"stack":{"ids":["6:blank","13:/app/settings/hotkeys","15:/app/settings/date_time","16:/app/settings/sticky"],"currentIndex":3,"navKeys":["cb974c62-a6f3-4ee0-b5e4-bdd375b57302","1a0bf9cb-755d-41c6-92f4-bda4112c3a2e","2496dcc2-5226-45df-bf1a-f54c441a9795"],"navIndex":2},"base":{"ids":["6:blank","13:/app/settings/hotkeys","15:/app/settings/date_time","16:/app/settings/sticky"],"currentIndex":3,"navKeys":["cb974c62-a6f3-4ee0-b5e4-bdd375b57302","1a0bf9cb-755d-41c6-92f4-bda4112c3a2e","2496dcc2-5226-45df-bf1a-f54c441a9795"],"navIndex":2},"id":"r1:history-stack-intact-at-s","kind":"product","deferred":true,"pass":true,"name":"check"}
{"writes":[],"id":"r1:draft-kept-zero-writes","kind":"product","deferred":true,"pass":true,"name":"check"}
{"perBlocker":{"3":1},"id":"r1:no-double-settlement-each-blocker-at-most-once","kind":"product","deferred":true,"pass":true,"name":"check"}
{"nonLive":[],"id":"r1:every-blocker-call-on-live-blocked-blocker","kind":"product","deferred":true,"pass":true,"name":"check"}
{"throws":[],"id":"r1:no-blocker-throw-no-invalid-transition","kind":"product","deferred":true,"pass":true,"name":"check"}
{"consoleErrors":[],"errorUi":[],"cdpRuntimeErrors":[],"id":"r1:zero-runtime-errors-no-error-boundary","kind":"product","deferred":true,"pass":true,"name":"check"}
{"location":{"pathname":"/app/settings/sticky","key":"1e4tysjr","state":null},"id":"r2:at-s-no-dialog","kind":"precondition","pass":true,"name":"check"}
{"id":"r2:failed-draft-present","kind":"precondition","pass":true,"name":"check"}
{"currentIndex":3,"id":"r2:first-back:traverse-back-entry-exists","kind":"precondition","pass":true,"name":"check"}
{"step":{"fromIndex":3,"toIndex":2,"entryId":15},"dialog":{"label":"Unsaved Sticky Note draft","text":"Sticky Note has unsaved changes.","buttons":["Stay","Export current draft","Discard local changes and leave"]},"live":{"id":4,"state":"blocked"},"committed":{"seq":73,"b":4,"s":"blocked","gv":7,"iv":5},"location":{"pathname":"/app/settings/sticky","key":"1e4tysjr","state":null},"id":"r2:first-back:held-dialog-open-location-s","kind":"precondition","pass":true,"name":"check"}
{"currentIndex":3,"id":"r2:second-back:traverse-back-entry-exists","kind":"precondition","pass":true,"name":"check"}
{"before":{"live":{"id":5,"state":"blocked"},"committed":{"seq":81,"b":5,"s":"blocked","gv":7,"iv":6},"dialog":{"label":"Unsaved Sticky Note draft","text":"Sticky Note has unsaved changes.","buttons":["Stay","Export current draft","Discard local changes and leave"]},"location":{"pathname":"/app/settings/sticky","key":"1e4tysjr","state":null}},"first":4,"step2":{"fromIndex":3,"toIndex":2,"entryId":15},"id":"r2:second-blocker-rendered-dialog-open-before-click","kind":"precondition","pass":true,"name":"check"}
{"firstCommitted":{"seq":73,"b":4,"s":"blocked","gv":7,"iv":5},"committed":{"seq":81,"b":5,"s":"blocked","gv":7,"iv":6},"id":"r2:intent-rebound-to-second-blocker-observed","kind":"harness","deferred":true,"pass":true,"name":"check"}
{"scope":".settings-departure-dialog","name":"check","id":"input:button-present:r2:Stay (trusted)","kind":"precondition","pass":true}
{"selector":"[data-f1-target=\"1\"]","id":"input:control-present:r2:Stay (trusted)","kind":"precondition","pass":true,"name":"check"}
{"selector":"[data-f1-target=\"1\"]","hitTarget":"BUTTON.","id":"input:hit-test:r2:Stay (trusted)","kind":"precondition","pass":true,"name":"check"}
{"case":"r2","choice":"Stay","timing":"after-render","first":4,"second":5,"reopenedAfterClick":false,"proceeds":0,"resets":1,"perBlocker":{"5":1},"nonLive":0,"throws":0,"staleCommits":1,"dialogTransitions":["open","closed"],"timeline":["69 popstate /app/settings/date_time#l9udk7xh","70 router PUSH /app/settings/sticky#1e4tysjr blockers=[4:blocked]","71 react-commit p1 coordinator blocker#4:blocked gv=7 iv=4 live=#4:blocked","73 react-commit p1 coordinator blocker#4:blocked gv=7 iv=5 live=#4:blocked","75 dialog OPEN live=#4:blocked","76 popstate /app/settings/sticky#1e4tysjr","77 popstate /app/settings/date_time#l9udk7xh","78 router PUSH /app/settings/sticky#1e4tysjr blockers=[5:blocked]","79 react-commit p1 coordinator blocker#5:blocked gv=7 iv=5 live=#5:blocked","81 react-commit p1 coordinator blocker#5:blocked gv=7 iv=6 live=#5:blocked","83 popstate /app/settings/sticky#1e4tysjr","84 click Stay","85 RESET blocker#5 live=#5:blocked","86 router PUSH /app/settings/sticky#1e4tysjr blockers=[1:unblocked]","87 react-commit p1 coordinator blocker#5:blocked gv=7 iv=7 live=#1:unblocked STALE","89 dialog closed live=#1:unblocked","90 react-commit p3 coordinator blocker#1:unblocked gv=7 iv=7 live=#1:unblocked"],"name":"observation"}
{"blockerCalls":[{"seq":85,"op":"reset","blocker":5,"liveBlocker":5,"liveState":"blocked","path":"/app/settings/sticky"}],"id":"r2:first-blocker-never-settled","kind":"product","deferred":true,"pass":true,"name":"check"}
{"blockerCalls":[{"seq":85,"op":"reset","blocker":5,"liveBlocker":5,"liveState":"blocked","path":"/app/settings/sticky"}],"id":"r2:stay-one-reset-on-live-second-blocker-zero-proceeds","kind":"product","deferred":true,"pass":true,"name":"check"}
{"dialog":null,"blockers":[{"key":"1","id":1,"state":"unblocked"}],"id":"r2:dialog-closed-not-reopened-no-blocked-blocker","kind":"product","deferred":true,"pass":true,"name":"check"}
{"location":{"pathname":"/app/settings/sticky","key":"1e4tysjr","state":null},"commits":[],"history":[],"id":"r2:location-s-zero-commits-zero-push-replace","kind":"product","deferred":true,"pass":true,"name":"check"}
{"stack":{"ids":["6:blank","13:/app/settings/hotkeys","15:/app/settings/date_time","16:/app/settings/sticky"],"currentIndex":3,"navKeys":["cb974c62-a6f3-4ee0-b5e4-bdd375b57302","1a0bf9cb-755d-41c6-92f4-bda4112c3a2e","2496dcc2-5226-45df-bf1a-f54c441a9795"],"navIndex":2},"base":{"ids":["6:blank","13:/app/settings/hotkeys","15:/app/settings/date_time","16:/app/settings/sticky"],"currentIndex":3,"navKeys":["cb974c62-a6f3-4ee0-b5e4-bdd375b57302","1a0bf9cb-755d-41c6-92f4-bda4112c3a2e","2496dcc2-5226-45df-bf1a-f54c441a9795"],"navIndex":2},"id":"r2:history-stack-intact-at-s","kind":"product","deferred":true,"pass":true,"name":"check"}
{"writes":[],"id":"r2:draft-kept-zero-writes","kind":"product","deferred":true,"pass":true,"name":"check"}
{"perBlocker":{"5":1},"id":"r2:no-double-settlement-each-blocker-at-most-once","kind":"product","deferred":true,"pass":true,"name":"check"}
{"nonLive":[],"id":"r2:every-blocker-call-on-live-blocked-blocker","kind":"product","deferred":true,"pass":true,"name":"check"}
{"throws":[],"id":"r2:no-blocker-throw-no-invalid-transition","kind":"product","deferred":true,"pass":true,"name":"check"}
{"consoleErrors":[],"errorUi":[],"cdpRuntimeErrors":[],"id":"r2:zero-runtime-errors-no-error-boundary","kind":"product","deferred":true,"pass":true,"name":"check"}
{"location":{"pathname":"/app/settings/sticky","key":"1e4tysjr","state":null},"id":"r3:at-s-no-dialog","kind":"precondition","pass":true,"name":"check"}
{"id":"r3:failed-draft-present","kind":"precondition","pass":true,"name":"check"}
{"currentIndex":3,"id":"r3:first-back:traverse-back-entry-exists","kind":"precondition","pass":true,"name":"check"}
{"step":{"fromIndex":3,"toIndex":2,"entryId":15},"dialog":{"label":"Unsaved Sticky Note draft","text":"Sticky Note has unsaved changes.","buttons":["Stay","Export current draft","Discard local changes and leave"]},"live":{"id":6,"state":"blocked"},"committed":{"seq":96,"b":6,"s":"blocked","gv":7,"iv":8},"location":{"pathname":"/app/settings/sticky","key":"1e4tysjr","state":null},"id":"r3:first-back:held-dialog-open-location-s","kind":"precondition","pass":true,"name":"check"}
{"currentIndex":3,"id":"r3:second-back:traverse-back-entry-exists","kind":"precondition","pass":true,"name":"check"}
{"arm":{"seq":102,"name":"Discard local changes and leave","found":true,"armedLive":6,"live":{"id":7,"state":"blocked"},"committedCoordinator":{"seq":96,"b":6,"s":"blocked","gv":7,"iv":8},"beforeRender":true,"dialogAfterClick":true},"first":6,"step2":{"fromIndex":3,"toIndex":2,"entryId":15},"id":"r3:script-click-fired-on-new-blocked-blocker","kind":"precondition","pass":true,"name":"check"}
{"arm":{"seq":102,"name":"Discard local changes and leave","found":true,"armedLive":6,"live":{"id":7,"state":"blocked"},"committedCoordinator":{"seq":96,"b":6,"s":"blocked","gv":7,"iv":8},"beforeRender":true,"dialogAfterClick":true},"id":"r3:click-landed-before-react-rendered-second-blocker","kind":"precondition","pass":true,"name":"check"}
{"dialog":null,"live":{"id":1,"state":"unblocked"},"blockers":[{"key":"1","id":1,"state":"unblocked"}],"location":{"pathname":"/app/settings/date_time","key":"l9udk7xh","state":{"token":"race-P"}},"id":"r3:decision-never-lost-held-or-released","kind":"product","deferred":true,"pass":true,"name":"check"}
{"case":"r3","choice":"Discard local changes and leave","timing":"before-render","outcome":"released-on-re-evaluation","first":6,"second":7,"arm":{"seq":102,"name":"Discard local changes and leave","found":true,"armedLive":6,"live":{"id":7,"state":"blocked"},"committedCoordinator":{"seq":96,"b":6,"s":"blocked","gv":7,"iv":8},"beforeRender":true,"dialogAfterClick":true},"proceeds":1,"resets":0,"perBlocker":{"7":1},"nonLive":0,"throws":0,"staleCommits":0,"dialogTransitions":["open","closed"],"timeline":["92 popstate /app/settings/date_time#l9udk7xh","93 router PUSH /app/settings/sticky#1e4tysjr blockers=[6:blocked]","94 react-commit p1 coordinator blocker#6:blocked gv=7 iv=7 live=#6:blocked","96 react-commit p1 coordinator blocker#6:blocked gv=7 iv=8 live=#6:blocked","98 dialog OPEN live=#6:blocked","99 popstate /app/settings/sticky#1e4tysjr","100 popstate /app/settings/date_time#l9udk7xh","101 router PUSH /app/settings/sticky#1e4tysjr blockers=[7:blocked]","102 ARM-CLICK Discard local changes and leave found=true live=#7:blocked committed=#6:blocked beforeRender=true","103 click Discard local changes and leave (script)","105 react-commit p1 coordinator blocker#7:blocked gv=7 iv=9 live=#7:blocked","106 beforeunload-listener remove active=0","107 PROCEED blocker#7 live=#7:blocked","108 router PUSH /app/settings/sticky#1e4tysjr blockers=[8:proceeding]","110 react-commit p1 coordinator blocker#8:proceeding gv=9 iv=9 live=#8:proceeding","112 dialog closed live=#8:proceeding","113 popstate /app/settings/sticky#1e4tysjr","114 popstate /app/settings/date_time#l9udk7xh","115 router POP /app/settings/date_time#l9udk7xh blockers=[1:unblocked]","121 react-commit p1 coordinator blocker#1:unblocked gv=9 iv=9 live=#1:unblocked","123 react-commit p1 coordinator blocker#1:unblocked gv=11 iv=9 live=#1:unblocked"],"name":"observation"}
{"blockerCalls":[{"seq":107,"op":"proceed","blocker":7,"liveBlocker":7,"liveState":"blocked","path":"/app/settings/date_time"}],"id":"r3:released-exactly-once-one-proceed-on-second-blocker-zero-resets","kind":"product","deferred":true,"pass":true,"name":"check"}
{"location":{"pathname":"/app/settings/date_time","key":"l9udk7xh","state":{"token":"race-P"}},"commits":[{"seq":115,"key":"l9udk7xh","pathname":"/app/settings/date_time","state":{"token":"race-P"},"action":"POP"}],"history":[],"id":"r3:location-deep-equal-p-one-pop-commit-zero-push-replace","kind":"product","deferred":true,"pass":true,"name":"check"}
{"stack":{"ids":["6:blank","13:/app/settings/hotkeys","15:/app/settings/date_time","16:/app/settings/sticky"],"currentIndex":2,"navKeys":["cb974c62-a6f3-4ee0-b5e4-bdd375b57302","1a0bf9cb-755d-41c6-92f4-bda4112c3a2e","2496dcc2-5226-45df-bf1a-f54c441a9795"],"navIndex":1},"base":{"ids":["6:blank","13:/app/settings/hotkeys","15:/app/settings/date_time","16:/app/settings/sticky"],"currentIndex":3,"navKeys":["cb974c62-a6f3-4ee0-b5e4-bdd375b57302","1a0bf9cb-755d-41c6-92f4-bda4112c3a2e","2496dcc2-5226-45df-bf1a-f54c441a9795"],"navIndex":2},"id":"r3:history-stack-intact-at-p","kind":"product","deferred":true,"pass":true,"name":"check"}
{"dialog":null,"writes":[],"unload":0,"blockers":[{"key":"1","id":1,"state":"unblocked"}],"id":"r3:dialog-closed-draft-discarded-zero-writes-no-unload-listener","kind":"product","deferred":true,"pass":true,"name":"check"}
{"perBlocker":{"7":1},"id":"r3:no-double-settlement-each-blocker-at-most-once","kind":"product","deferred":true,"pass":true,"name":"check"}
{"nonLive":[],"id":"r3:every-blocker-call-on-live-blocked-blocker","kind":"product","deferred":true,"pass":true,"name":"check"}
{"throws":[],"id":"r3:no-blocker-throw-no-invalid-transition","kind":"product","deferred":true,"pass":true,"name":"check"}
{"consoleErrors":[],"errorUi":[],"cdpRuntimeErrors":[],"id":"r3:zero-runtime-errors-no-error-boundary","kind":"product","deferred":true,"pass":true,"name":"check"}
{"currentIndex":2,"id":"r3:return:traverse-forward-entry-exists","kind":"precondition","pass":true,"name":"check"}
{"location":{"pathname":"/app/settings/sticky","key":"1e4tysjr","state":null},"id":"r3:returned-to-s-clean","kind":"precondition","pass":true,"name":"check"}
{"location":{"pathname":"/app/settings/sticky","key":"1e4tysjr","state":null},"id":"r4:at-s-no-dialog","kind":"precondition","pass":true,"name":"check"}
{"selector":".settings-detail [role=\"switch\"][aria-label=\"Pin by Default\"]","id":"input:control-present:r4:toggle Pin by Default","kind":"precondition","pass":true,"name":"check"}
{"selector":".settings-detail [role=\"switch\"][aria-label=\"Pin by Default\"]","hitTarget":"BUTTON.toggle on","id":"input:hit-test:r4:toggle Pin by Default","kind":"precondition","pass":true,"name":"check"}
{"denied":[{"seq":143,"op":"set","key":"xai_pref_sticky_pin_default","value":"false","outcome":"denied"}],"alerts":["Pin by Default was not saved.RetryDiscard"],"id":"r4:save-failed-with-retry-offered","kind":"precondition","pass":true,"name":"check"}
{"currentIndex":3,"id":"r4:first-back:traverse-back-entry-exists","kind":"precondition","pass":true,"name":"check"}
{"step":{"fromIndex":3,"toIndex":2,"entryId":15},"dialog":{"label":"Unsaved Sticky Note draft","text":"Sticky Note has unsaved changes.","buttons":["Stay","Export current draft","Discard local changes and leave"]},"live":{"id":9,"state":"blocked"},"committed":{"seq":153,"b":9,"s":"blocked","gv":17,"iv":10},"location":{"pathname":"/app/settings/sticky","key":"1e4tysjr","state":null},"id":"r4:first-back:held-dialog-open-location-s","kind":"precondition","pass":true,"name":"check"}
{"currentIndex":3,"id":"r4:second-back:traverse-back-entry-exists","kind":"precondition","pass":true,"name":"check"}
{"before":{"live":{"id":10,"state":"blocked"},"committed":{"seq":161,"b":10,"s":"blocked","gv":17,"iv":11},"dialog":{"label":"Unsaved Sticky Note draft","text":"Sticky Note has unsaved changes.","buttons":["Stay","Export current draft","Discard local changes and leave"]},"location":{"pathname":"/app/settings/sticky","key":"1e4tysjr","state":null}},"first":9,"step2":{"fromIndex":3,"toIndex":2,"entryId":15},"id":"r4:second-blocker-rendered-dialog-open-before-click","kind":"precondition","pass":true,"name":"check"}
{"firstCommitted":{"seq":153,"b":9,"s":"blocked","gv":17,"iv":10},"committed":{"seq":161,"b":10,"s":"blocked","gv":17,"iv":11},"id":"r4:intent-rebound-to-second-blocker-observed","kind":"harness","deferred":true,"pass":true,"name":"check"}
{"scope":".settings-departure-dialog","name":"check","id":"input:button-present:r4:Discard local changes and leave (trusted)","kind":"precondition","pass":true}
{"selector":"[data-f1-target=\"1\"]","id":"input:control-present:r4:Discard local changes and leave (trusted)","kind":"precondition","pass":true,"name":"check"}
{"selector":"[data-f1-target=\"1\"]","hitTarget":"BUTTON.","id":"input:hit-test:r4:Discard local changes and leave (trusted)","kind":"precondition","pass":true,"name":"check"}
{"case":"r4","choice":"Discard local changes and leave","timing":"after-render","first":9,"second":10,"reopenedAfterClick":false,"proceeds":1,"resets":0,"perBlocker":{"10":1},"nonLive":0,"throws":0,"staleCommits":1,"dialogTransitions":["open","closed"],"timeline":["149 popstate /app/settings/date_time#l9udk7xh","150 router POP /app/settings/sticky#1e4tysjr blockers=[9:blocked]","151 react-commit p1 coordinator blocker#9:blocked gv=17 iv=9 live=#9:blocked","153 react-commit p1 coordinator blocker#9:blocked gv=17 iv=10 live=#9:blocked","155 dialog OPEN live=#9:blocked","156 popstate /app/settings/sticky#1e4tysjr","157 popstate /app/settings/date_time#l9udk7xh","158 router POP /app/settings/sticky#1e4tysjr blockers=[10:blocked]","159 react-commit p1 coordinator blocker#10:blocked gv=17 iv=10 live=#10:blocked","161 react-commit p1 coordinator blocker#10:blocked gv=17 iv=11 live=#10:blocked","163 popstate /app/settings/sticky#1e4tysjr","164 click Discard local changes and leave","166 PROCEED blocker#10 live=#10:blocked","167 router POP /app/settings/sticky#1e4tysjr blockers=[11:proceeding]","168 react-commit p1 coordinator blocker#10:blocked gv=17 iv=12 live=#11:proceeding STALE","169 beforeunload-listener remove active=0","171 dialog closed live=#11:proceeding","172 popstate /app/settings/date_time#l9udk7xh","173 router POP /app/settings/date_time#l9udk7xh blockers=[1:unblocked]","179 react-commit p1 coordinator blocker#1:unblocked gv=19 iv=12 live=#1:unblocked","181 react-commit p1 coordinator blocker#1:unblocked gv=21 iv=12 live=#1:unblocked"],"name":"observation"}
{"blockerCalls":[{"seq":166,"op":"proceed","blocker":10,"liveBlocker":10,"liveState":"blocked","path":"/app/settings/sticky"}],"id":"r4:first-blocker-never-settled","kind":"product","deferred":true,"pass":true,"name":"check"}
{"blockerCalls":[{"seq":166,"op":"proceed","blocker":10,"liveBlocker":10,"liveState":"blocked","path":"/app/settings/sticky"}],"id":"r4:discard-one-proceed-on-live-second-blocker-zero-resets","kind":"product","deferred":true,"pass":true,"name":"check"}
{"location":{"pathname":"/app/settings/date_time","key":"l9udk7xh","state":{"token":"race-P"}},"commits":[{"seq":173,"key":"l9udk7xh","pathname":"/app/settings/date_time","state":{"token":"race-P"},"action":"POP"}],"history":[],"id":"r4:location-deep-equal-p-one-pop-commit-zero-push-replace","kind":"product","deferred":true,"pass":true,"name":"check"}
{"stack":{"ids":["6:blank","13:/app/settings/hotkeys","15:/app/settings/date_time","16:/app/settings/sticky"],"currentIndex":2,"navKeys":["cb974c62-a6f3-4ee0-b5e4-bdd375b57302","1a0bf9cb-755d-41c6-92f4-bda4112c3a2e","2496dcc2-5226-45df-bf1a-f54c441a9795"],"navIndex":1},"base":{"ids":["6:blank","13:/app/settings/hotkeys","15:/app/settings/date_time","16:/app/settings/sticky"],"currentIndex":3,"navKeys":["cb974c62-a6f3-4ee0-b5e4-bdd375b57302","1a0bf9cb-755d-41c6-92f4-bda4112c3a2e","2496dcc2-5226-45df-bf1a-f54c441a9795"],"navIndex":2},"id":"r4:history-stack-intact-at-p","kind":"product","deferred":true,"pass":true,"name":"check"}
{"dialog":null,"writes":[],"unload":0,"id":"r4:dialog-closed-zero-writes-no-unload-listener","kind":"product","deferred":true,"pass":true,"name":"check"}
{"perBlocker":{"10":1},"id":"r4:no-double-settlement-each-blocker-at-most-once","kind":"product","deferred":true,"pass":true,"name":"check"}
{"nonLive":[],"id":"r4:every-blocker-call-on-live-blocked-blocker","kind":"product","deferred":true,"pass":true,"name":"check"}
{"throws":[],"id":"r4:no-blocker-throw-no-invalid-transition","kind":"product","deferred":true,"pass":true,"name":"check"}
{"consoleErrors":[],"errorUi":[],"cdpRuntimeErrors":[],"id":"r4:zero-runtime-errors-no-error-boundary","kind":"product","deferred":true,"pass":true,"name":"check"}
{"currentIndex":2,"id":"r4:return:traverse-forward-entry-exists","kind":"precondition","pass":true,"name":"check"}
{"location":{"pathname":"/app/settings/sticky","key":"1e4tysjr","state":null},"id":"r4:returned-to-s-clean","kind":"precondition","pass":true,"name":"check"}
{"location":{"pathname":"/app/settings/sticky","key":"1e4tysjr","state":null},"id":"k:at-s-no-dialog","kind":"precondition","pass":true,"name":"check"}
{"selector":".settings-detail [role=\"switch\"][aria-label=\"Pin by Default\"]","id":"input:control-present:k:toggle Pin by Default","kind":"precondition","pass":true,"name":"check"}
{"selector":".settings-detail [role=\"switch\"][aria-label=\"Pin by Default\"]","hitTarget":"BUTTON.toggle on","id":"input:hit-test:k:toggle Pin by Default","kind":"precondition","pass":true,"name":"check"}
{"denied":[{"seq":201,"op":"set","key":"xai_pref_sticky_pin_default","value":"false","outcome":"denied"}],"alerts":["Pin by Default was not saved.RetryDiscard"],"id":"k:save-failed-with-retry-offered","kind":"precondition","pass":true,"name":"check"}
{"scopeKind":"account","accountId":"f1-race-A","generation":"g1","epoch":2,"id":"k:starts-in-account-a","kind":"precondition","pass":true,"name":"check"}
{"currentIndex":3,"id":"k:back:traverse-back-entry-exists","kind":"precondition","pass":true,"name":"check"}
{"step":{"fromIndex":3,"toIndex":2,"entryId":15},"dialog":{"label":"Unsaved Sticky Note draft","text":"Sticky Note has unsaved changes.","buttons":["Stay","Export current draft","Discard local changes and leave"]},"live":{"id":12,"state":"blocked"},"committed":{"seq":211,"b":12,"s":"blocked","gv":27,"iv":13},"location":{"pathname":"/app/settings/sticky","key":"1e4tysjr","state":null},"id":"k:back:held-dialog-open-location-s","kind":"precondition","pass":true,"name":"check"}
{"scopeKind":"account","accountId":"f1-race-B","generation":"g1","epoch":4,"id":"k:scope-b-new-epoch","kind":"precondition","pass":true,"name":"check"}
{"committedBefore":{"seq":211,"b":12,"s":"blocked","gv":27,"iv":13},"after":[{"b":12,"s":"blocked","gv":27,"iv":13},{"b":12,"s":"blocked","gv":29,"iv":13},{"b":12,"s":"blocked","gv":29,"iv":14},{"b":1,"s":"unblocked","gv":29,"iv":14}],"id":"k:guard-re-registered-after-epoch-change","kind":"harness","deferred":true,"pass":true,"name":"check"}
{"case":"k","scopeA":{"scopeKind":"account","accountId":"f1-race-A","generation":"g1","epoch":2},"toB":{"scopeKind":"account","accountId":"f1-race-B","generation":"g1","epoch":4},"held":12,"reopenedAfterEpoch":false,"proceeds":0,"resets":1,"perBlocker":{"12":1},"nonLive":0,"throws":0,"staleCommits":1,"dialogTransitions":["open","closed"],"timeline":["207 popstate /app/settings/date_time#l9udk7xh","208 router POP /app/settings/sticky#1e4tysjr blockers=[12:blocked]","209 react-commit p1 coordinator blocker#12:blocked gv=27 iv=12 live=#12:blocked","211 react-commit p1 coordinator blocker#12:blocked gv=27 iv=13 live=#12:blocked","213 dialog OPEN live=#12:blocked","214 popstate /app/settings/sticky#1e4tysjr","215 react-commit p1 coordinator blocker#12:blocked gv=27 iv=13 live=#12:blocked","217 react-commit p3 coordinator blocker#12:blocked gv=29 iv=13 live=#12:blocked","218 RESET blocker#12 live=#12:blocked","219 router POP /app/settings/sticky#1e4tysjr blockers=[1:unblocked]","221 react-commit p3 coordinator blocker#12:blocked gv=29 iv=14 live=#1:unblocked STALE","222 dialog closed live=#1:unblocked","224 react-commit p3 coordinator blocker#1:unblocked gv=29 iv=14 live=#1:unblocked"],"name":"observation"}
{"blockerCalls":[{"seq":218,"op":"reset","blocker":12,"liveBlocker":12,"liveState":"blocked","path":"/app/settings/sticky"}],"id":"k:old-pop-intent-cancelled-exactly-once","kind":"product","deferred":true,"pass":true,"name":"check"}
{"dialog":null,"blockers":[{"key":"1","id":1,"state":"unblocked"}],"dialogs":[{"seq":213,"open":true,"live":{"id":12,"state":"blocked"}},{"seq":222,"open":false,"live":{"id":1,"state":"unblocked"}}],"id":"k:dialog-not-reopened-from-stale-snapshot-no-blocked-blocker","kind":"product","deferred":true,"pass":true,"name":"check"}
{"location":{"pathname":"/app/settings/sticky","key":"1e4tysjr","state":null},"commits":[],"stack":{"ids":["6:blank","13:/app/settings/hotkeys","15:/app/settings/date_time","16:/app/settings/sticky"],"currentIndex":3,"navKeys":["cb974c62-a6f3-4ee0-b5e4-bdd375b57302","1a0bf9cb-755d-41c6-92f4-bda4112c3a2e","2496dcc2-5226-45df-bf1a-f54c441a9795"],"navIndex":2},"id":"k:location-s-zero-commits-zero-push-replace-stack-intact","kind":"product","deferred":true,"pass":true,"name":"check"}
{"alerts":["Pin by Default was not saved.RetryDiscard"],"id":"k:device-draft-survives-epoch","kind":"product","deferred":true,"pass":true,"name":"check"}
{"perBlocker":{"12":1},"id":"k:no-double-settlement-each-blocker-at-most-once","kind":"product","deferred":true,"pass":true,"name":"check"}
{"nonLive":[],"id":"k:every-blocker-call-on-live-blocked-blocker","kind":"product","deferred":true,"pass":true,"name":"check"}
{"throws":[],"id":"k:no-blocker-throw-no-invalid-transition","kind":"product","deferred":true,"pass":true,"name":"check"}
{"consoleErrors":[],"errorUi":[],"cdpRuntimeErrors":[],"id":"k:zero-runtime-errors-no-error-boundary","kind":"product","deferred":true,"pass":true,"name":"check"}
{"currentIndex":3,"id":"k:fresh-back:traverse-back-entry-exists","kind":"precondition","pass":true,"name":"check"}
{"step":{"fromIndex":3,"toIndex":2,"entryId":15},"dialog":{"label":"Unsaved Sticky Note draft","text":"Sticky Note has unsaved changes.","buttons":["Stay","Export current draft","Discard local changes and leave"]},"live":{"id":13,"state":"blocked"},"committed":{"seq":230,"b":13,"s":"blocked","gv":29,"iv":15},"location":{"pathname":"/app/settings/sticky","key":"1e4tysjr","state":null},"id":"k:fresh-back:held-dialog-open-location-s","kind":"product","deferred":true,"pass":true,"name":"check"}
{"scope":".settings-departure-dialog","name":"check","id":"input:button-present:k:fresh Stay (trusted)","kind":"precondition","pass":true}
{"selector":"[data-f1-target=\"1\"]","id":"input:control-present:k:fresh Stay (trusted)","kind":"precondition","pass":true,"name":"check"}
{"selector":"[data-f1-target=\"1\"]","hitTarget":"BUTTON.","id":"input:hit-test:k:fresh Stay (trusted)","kind":"precondition","pass":true,"name":"check"}
{"case":"k-fresh","fresh":13,"proceeds":0,"resets":1,"perBlocker":{"13":1},"nonLive":0,"throws":0,"staleCommits":1,"dialogTransitions":["open","closed"],"timeline":["226 popstate /app/settings/date_time#l9udk7xh","227 router POP /app/settings/sticky#1e4tysjr blockers=[13:blocked]","228 react-commit p1 coordinator blocker#13:blocked gv=29 iv=14 live=#13:blocked","230 react-commit p1 coordinator blocker#13:blocked gv=29 iv=15 live=#13:blocked","232 dialog OPEN live=#13:blocked","233 popstate /app/settings/sticky#1e4tysjr","234 click Stay","235 RESET blocker#13 live=#13:blocked","236 router POP /app/settings/sticky#1e4tysjr blockers=[1:unblocked]","237 react-commit p1 coordinator blocker#13:blocked gv=29 iv=16 live=#1:unblocked STALE","239 dialog closed live=#1:unblocked","240 react-commit p3 coordinator blocker#1:unblocked gv=29 iv=16 live=#1:unblocked"],"name":"observation"}
{"blockerCalls":[{"seq":235,"op":"reset","blocker":13,"liveBlocker":13,"liveState":"blocked","path":"/app/settings/sticky"}],"id":"k:fresh-protection-guards-then-stay-one-reset","kind":"product","deferred":true,"pass":true,"name":"check"}
{"perBlocker":{"13":1},"id":"k-fresh:no-double-settlement-each-blocker-at-most-once","kind":"product","deferred":true,"pass":true,"name":"check"}
{"nonLive":[],"id":"k-fresh:every-blocker-call-on-live-blocked-blocker","kind":"product","deferred":true,"pass":true,"name":"check"}
{"throws":[],"id":"k-fresh:no-blocker-throw-no-invalid-transition","kind":"product","deferred":true,"pass":true,"name":"check"}
{"consoleErrors":[],"errorUi":[],"cdpRuntimeErrors":[],"id":"k-fresh:zero-runtime-errors-no-error-boundary","kind":"product","deferred":true,"pass":true,"name":"check"}
{"toA":{"scopeKind":"account","accountId":"f1-race-A","generation":"g1","epoch":6},"blockerCalls":[],"dialogs":[],"id":"k:epoch-change-without-intent-no-blocker-call-no-dialog","kind":"product","deferred":true,"pass":true,"name":"check"}
{"row":"k","toB":{"scopeKind":"account","accountId":"f1-race-B","generation":"g1","epoch":4},"toA":{"scopeKind":"account","accountId":"f1-race-A","generation":"g1","epoch":6},"held":12,"fresh":13,"name":"row"}
{"location":{"pathname":"/app/settings/sticky","key":"1e4tysjr","state":null},"id":"g1:at-s-no-dialog","kind":"precondition","pass":true,"name":"check"}
{"id":"g1:failed-draft-present","kind":"precondition","pass":true,"name":"check"}
{"currentIndex":3,"id":"g1:back:traverse-back-entry-exists","kind":"precondition","pass":true,"name":"check"}
{"step":{"fromIndex":3,"toIndex":2,"entryId":15},"dialog":{"label":"Unsaved Sticky Note draft","text":"Sticky Note has unsaved changes.","buttons":["Stay","Export current draft","Discard local changes and leave"]},"live":{"id":14,"state":"blocked"},"committed":{"seq":250,"b":14,"s":"blocked","gv":31,"iv":17},"location":{"pathname":"/app/settings/sticky","key":"1e4tysjr","state":null},"id":"g1:back:held-dialog-open-location-s","kind":"precondition","pass":true,"name":"check"}
{"found":[true,true],"sync":{"seq":254,"targets":["dialog:Stay","switch:Restore Default Size"],"found":[true,true],"live":{"id":14,"state":"blocked"},"committedCoordinator":{"seq":250,"b":14,"s":"blocked","gv":31,"iv":17}},"id":"g1:stay-and-pane-edit-dispatched-in-one-task","kind":"precondition","pass":true,"name":"check"}
{"sync":{"seq":254,"targets":["dialog:Stay","switch:Restore Default Size"],"found":[true,true],"live":{"id":14,"state":"blocked"},"committedCoordinator":{"seq":250,"b":14,"s":"blocked","gv":31,"iv":17}},"id":"g1:rendered-snapshot-blocked-at-dispatch","kind":"precondition","pass":true,"name":"check"}
{"atDispatch":{"seq":250,"b":14,"s":"blocked","gv":31,"iv":17},"commits":[{"seq":260,"coord":{"b":14,"s":"blocked","gv":31,"iv":18},"live":{"id":1,"state":"unblocked"}},{"seq":263,"coord":{"b":14,"s":"blocked","gv":33,"iv":18},"live":{"id":1,"state":"unblocked"}},{"seq":269,"coord":{"b":14,"s":"blocked","gv":33,"iv":18},"live":{"id":1,"state":"unblocked"}},{"seq":271,"coord":{"b":14,"s":"blocked","gv":35,"iv":18},"live":{"id":1,"state":"unblocked"}},{"seq":273,"coord":{"b":1,"s":"unblocked","gv":35,"iv":18},"live":{"id":1,"state":"unblocked"}}],"id":"g1:guard-re-registered-while-rendered-snapshot-still-blocked","kind":"harness","deferred":true,"pass":true,"name":"check"}
{"case":"g1","held":14,"staleReRegistration":true,"reopenedAfterStay":false,"editBefore":"false","editAfter":"true","proceeds":0,"resets":1,"perBlocker":{"14":1},"nonLive":0,"throws":0,"staleCommits":4,"dialogTransitions":["open","closed"],"timeline":["246 popstate /app/settings/date_time#l9udk7xh","247 router POP /app/settings/sticky#1e4tysjr blockers=[14:blocked]","248 react-commit p1 coordinator blocker#14:blocked gv=31 iv=16 live=#14:blocked","250 react-commit p1 coordinator blocker#14:blocked gv=31 iv=17 live=#14:blocked","252 dialog OPEN live=#14:blocked","253 popstate /app/settings/sticky#1e4tysjr","254 SYNC-CLICKS dialog:Stay + switch:Restore Default Size live=#14:blocked committed=#14:blocked gv=31","255 click Stay (script)","256 RESET blocker#14 live=#14:blocked","257 router POP /app/settings/sticky#1e4tysjr blockers=[1:unblocked]","258 click Restore Default Size (script)","260 react-commit p1 coordinator blocker#14:blocked gv=31 iv=18 live=#1:unblocked STALE","262 dialog closed live=#1:unblocked","263 react-commit p3 coordinator blocker#14:blocked gv=33 iv=18 live=#1:unblocked STALE","265 set restore_size true ok","269 react-commit p3 coordinator blocker#14:blocked gv=33 iv=18 live=#1:unblocked STALE","271 react-commit p3 coordinator blocker#14:blocked gv=35 iv=18 live=#1:unblocked STALE","273 react-commit p3 coordinator blocker#1:unblocked gv=35 iv=18 live=#1:unblocked"],"name":"observation"}
{"blockerCalls":[{"seq":256,"op":"reset","blocker":14,"liveBlocker":14,"liveState":"blocked","path":"/app/settings/sticky"}],"id":"g1:stay-one-reset-zero-proceeds","kind":"product","deferred":true,"pass":true,"name":"check"}
{"dialog":null,"dialogs":[{"seq":252,"open":true,"live":{"id":14,"state":"blocked"}},{"seq":262,"open":false,"live":{"id":1,"state":"unblocked"}}],"blockers":[{"key":"1","id":1,"state":"unblocked"}],"id":"g1:guard-re-registration-after-stay-does-not-reopen-dialog","kind":"product","deferred":true,"pass":true,"name":"check"}
{"location":{"pathname":"/app/settings/sticky","key":"1e4tysjr","state":null},"commits":[],"stack":{"ids":["6:blank","13:/app/settings/hotkeys","15:/app/settings/date_time","16:/app/settings/sticky"],"currentIndex":3,"navKeys":["cb974c62-a6f3-4ee0-b5e4-bdd375b57302","1a0bf9cb-755d-41c6-92f4-bda4112c3a2e","2496dcc2-5226-45df-bf1a-f54c441a9795"],"navIndex":2},"id":"g1:location-s-zero-commits-zero-push-replace-stack-intact","kind":"product","deferred":true,"pass":true,"name":"check"}
{"editWrites":[{"seq":265,"op":"set","key":"xai_pref_sticky_restore_size","value":"true","outcome":"ok"}],"writes":[],"id":"g1:pane-edit-saved-once-pin-default-draft-kept","kind":"product","deferred":true,"pass":true,"name":"check"}
{"perBlocker":{"14":1},"id":"g1:no-double-settlement-each-blocker-at-most-once","kind":"product","deferred":true,"pass":true,"name":"check"}
{"nonLive":[],"id":"g1:every-blocker-call-on-live-blocked-blocker","kind":"product","deferred":true,"pass":true,"name":"check"}
{"throws":[],"id":"g1:no-blocker-throw-no-invalid-transition","kind":"product","deferred":true,"pass":true,"name":"check"}
{"consoleErrors":[],"errorUi":[],"cdpRuntimeErrors":[],"id":"g1:zero-runtime-errors-no-error-boundary","kind":"product","deferred":true,"pass":true,"name":"check"}
{"currentIndex":3,"id":"g2:fresh-back:traverse-back-entry-exists","kind":"precondition","pass":true,"name":"check"}
{"step":{"fromIndex":3,"toIndex":2,"entryId":15},"dialog":{"label":"Unsaved Sticky Note draft","text":"Sticky Note has unsaved changes.","buttons":["Stay","Export current draft","Discard local changes and leave"]},"live":{"id":15,"state":"blocked"},"committed":{"seq":279,"b":15,"s":"blocked","gv":35,"iv":19},"location":{"pathname":"/app/settings/sticky","key":"1e4tysjr","state":null},"id":"g2:fresh-back:held-dialog-open-location-s","kind":"product","deferred":true,"pass":true,"name":"check"}
{"scope":".settings-departure-dialog","name":"check","id":"input:button-present:g2:Stay (trusted)","kind":"precondition","pass":true}
{"selector":"[data-f1-target=\"1\"]","id":"input:control-present:g2:Stay (trusted)","kind":"precondition","pass":true,"name":"check"}
{"selector":"[data-f1-target=\"1\"]","hitTarget":"BUTTON.","id":"input:hit-test:g2:Stay (trusted)","kind":"precondition","pass":true,"name":"check"}
{"case":"g2","fresh":15,"proceeds":0,"resets":1,"perBlocker":{"15":1},"nonLive":0,"throws":0,"staleCommits":1,"dialogTransitions":["open","closed"],"timeline":["275 popstate /app/settings/date_time#l9udk7xh","276 router POP /app/settings/sticky#1e4tysjr blockers=[15:blocked]","277 react-commit p1 coordinator blocker#15:blocked gv=35 iv=18 live=#15:blocked","279 react-commit p1 coordinator blocker#15:blocked gv=35 iv=19 live=#15:blocked","281 dialog OPEN live=#15:blocked","282 popstate /app/settings/sticky#1e4tysjr","283 click Stay","284 RESET blocker#15 live=#15:blocked","285 router POP /app/settings/sticky#1e4tysjr blockers=[1:unblocked]","286 react-commit p1 coordinator blocker#15:blocked gv=35 iv=20 live=#1:unblocked STALE","288 dialog closed live=#1:unblocked","289 react-commit p3 coordinator blocker#1:unblocked gv=35 iv=20 live=#1:unblocked"],"name":"observation"}
{"blockerCalls":[{"seq":284,"op":"reset","blocker":15,"liveBlocker":15,"liveState":"blocked","path":"/app/settings/sticky"}],"id":"g2:fresh-back-after-stay-prompts-then-stay-one-reset","kind":"product","deferred":true,"pass":true,"name":"check"}
{"perBlocker":{"15":1},"id":"g2:no-double-settlement-each-blocker-at-most-once","kind":"product","deferred":true,"pass":true,"name":"check"}
{"nonLive":[],"id":"g2:every-blocker-call-on-live-blocked-blocker","kind":"product","deferred":true,"pass":true,"name":"check"}
{"throws":[],"id":"g2:no-blocker-throw-no-invalid-transition","kind":"product","deferred":true,"pass":true,"name":"check"}
{"consoleErrors":[],"errorUi":[],"cdpRuntimeErrors":[],"id":"g2:zero-runtime-errors-no-error-boundary","kind":"product","deferred":true,"pass":true,"name":"check"}
{"name":"check","id":"input:sidebar-row-present:g3:sidebar Hotkeys","kind":"precondition","pass":true}
{"selector":"[data-f1-target=\"1\"]","id":"input:control-present:g3:sidebar Hotkeys","kind":"precondition","pass":true,"name":"check"}
{"selector":"[data-f1-target=\"1\"]","hitTarget":"SPAN.grow","id":"input:hit-test:g3:sidebar Hotkeys","kind":"precondition","pass":true,"name":"check"}
{"dialog":{"label":"Unsaved Sticky Note draft","text":"Sticky Note has unsaved changes.","buttons":["Stay","Export current draft","Discard local changes and leave"]},"location":{"pathname":"/app/settings/sticky","key":"1e4tysjr","state":null},"id":"g3:fresh-sidebar-intent-after-stay-prompts","kind":"product","deferred":true,"pass":true,"name":"check"}
{"scope":".settings-departure-dialog","name":"check","id":"input:button-present:g3:Stay (trusted)","kind":"precondition","pass":true}
{"selector":"[data-f1-target=\"1\"]","id":"input:control-present:g3:Stay (trusted)","kind":"precondition","pass":true,"name":"check"}
{"selector":"[data-f1-target=\"1\"]","hitTarget":"BUTTON.","id":"input:hit-test:g3:Stay (trusted)","kind":"precondition","pass":true,"name":"check"}
{"case":"g3","opened":true,"proceeds":0,"resets":0,"perBlocker":{},"nonLive":0,"throws":0,"staleCommits":0,"dialogTransitions":["open","closed"],"timeline":["291 click Hotkeys","292 react-commit p1 coordinator blocker#1:unblocked gv=35 iv=21 live=#1:unblocked","294 dialog OPEN live=#1:unblocked","295 click Stay","296 react-commit p1 coordinator blocker#1:unblocked gv=35 iv=22 live=#1:unblocked","298 dialog closed live=#1:unblocked"],"name":"observation"}
{"blockerCalls":[],"commits":[],"id":"g3:stay-keeps-location-zero-commits-no-blocker-calls","kind":"product","deferred":true,"pass":true,"name":"check"}
{"perBlocker":{},"id":"g3:no-double-settlement-each-blocker-at-most-once","kind":"product","deferred":true,"pass":true,"name":"check"}
{"nonLive":[],"id":"g3:every-blocker-call-on-live-blocked-blocker","kind":"product","deferred":true,"pass":true,"name":"check"}
{"throws":[],"id":"g3:no-blocker-throw-no-invalid-transition","kind":"product","deferred":true,"pass":true,"name":"check"}
{"consoleErrors":[],"errorUi":[],"cdpRuntimeErrors":[],"id":"g3:zero-runtime-errors-no-error-boundary","kind":"product","deferred":true,"pass":true,"name":"check"}
{"row":"g","held":14,"fresh":15,"sidebarPrompted":true,"staleReRegistration":true,"name":"row"}
{"location":{"pathname":"/app/settings/sticky","key":"1e4tysjr","state":null},"id":"l:at-s-no-dialog","kind":"precondition","pass":true,"name":"check"}
{"id":"l:failed-draft-present","kind":"precondition","pass":true,"name":"check"}
{"currentIndex":3,"id":"l:back:traverse-back-entry-exists","kind":"precondition","pass":true,"name":"check"}
{"step":{"fromIndex":3,"toIndex":2,"entryId":15},"dialog":{"label":"Unsaved Sticky Note draft","text":"Sticky Note has unsaved changes.","buttons":["Stay","Export current draft","Discard local changes and leave"]},"live":{"id":16,"state":"blocked"},"committed":{"seq":303,"b":16,"s":"blocked","gv":35,"iv":23},"location":{"pathname":"/app/settings/sticky","key":"1e4tysjr","state":null},"id":"l:back:held-dialog-open-location-s","kind":"precondition","pass":true,"name":"check"}
{"unload":1,"wrapped":true,"blockers":[{"key":"1","id":16,"state":"blocked"}],"physical":null,"id":"l:held-blocker-unload-listener-and-wrapper-active-before-unmount","kind":"precondition","pass":true,"name":"check"}
{"case":"l","held":16,"children":0,"proceeds":0,"resets":0,"perBlocker":{},"nonLive":0,"throws":0,"staleCommits":0,"dialogTransitions":["closed"],"timeline":["308 beforeunload-listener remove active=0","310 dialog closed live=#undefined:undefined"],"name":"observation"}
{"children":0,"after":0,"id":"l:root-emptied","kind":"product","deferred":true,"pass":true,"name":"check"}
{"blockerCalls":[],"id":"l:router-deleted-blocker-never-reset-zero-blocker-calls","kind":"product","deferred":true,"pass":true,"name":"check"}
{"blockers":[],"id":"l:no-phantom-blocker-left-in-router-state","kind":"product","deferred":true,"pass":true,"name":"check"}
{"unload":[{"seq":308,"op":"remove","active":0}],"active":0,"id":"l:unload-listener-removed","kind":"product","deferred":true,"pass":true,"name":"check"}
{"wrapped":false,"id":"l:coordinator-navigate-wrapper-removed","kind":"product","deferred":true,"pass":true,"name":"check"}
{"history":[],"commits":[],"writes":[],"id":"l:no-history-mutation-location-unchanged-zero-writes","kind":"product","deferred":true,"pass":true,"name":"check"}
{"perBlocker":{},"id":"l:no-double-settlement-each-blocker-at-most-once","kind":"product","deferred":true,"pass":true,"name":"check"}
{"nonLive":[],"id":"l:every-blocker-call-on-live-blocked-blocker","kind":"product","deferred":true,"pass":true,"name":"check"}
{"throws":[],"id":"l:no-blocker-throw-no-invalid-transition","kind":"product","deferred":true,"pass":true,"name":"check"}
{"consoleErrors":[],"errorUi":[],"cdpRuntimeErrors":[],"id":"l:zero-runtime-errors-no-error-boundary","kind":"product","deferred":true,"pass":true,"name":"check"}
{"currentIndex":3,"id":"l:after-unmount-back:traverse-back-entry-exists","kind":"precondition","pass":true,"name":"check"}
{"commits":[{"seq":312,"key":"l9udk7xh","pathname":"/app/settings/date_time","state":{"token":"race-P"},"action":"POP"}],"blockers":[],"blockerCalls":[],"id":"l:browser-back-after-unmount-commits-without-blocker","kind":"product","deferred":true,"pass":true,"name":"check"}
{"perBlocker":{},"id":"l-after:no-double-settlement-each-blocker-at-most-once","kind":"product","deferred":true,"pass":true,"name":"check"}
{"nonLive":[],"id":"l-after:every-blocker-call-on-live-blocked-blocker","kind":"product","deferred":true,"pass":true,"name":"check"}
{"throws":[],"id":"l-after:no-blocker-throw-no-invalid-transition","kind":"product","deferred":true,"pass":true,"name":"check"}
{"consoleErrors":[],"errorUi":[],"cdpRuntimeErrors":[],"id":"l-after:zero-runtime-errors-no-error-boundary","kind":"product","deferred":true,"pass":true,"name":"check"}
{"row":"l","held":16,"children":0,"blockersAfter":[],"unloadAfter":0,"wrappedAfter":false,"name":"row"}
{"unexpectedDialogs":[],"id":"run:no-unexpected-javascript-dialogs","kind":"precondition","pass":true,"name":"check"}
{"id":"run:react-observer-never-threw","kind":"precondition","pass":true,"name":"check"}
{"runtimeErrors":[],"id":"run:runtime-errors-zero","kind":"product","deferred":true,"pass":true,"name":"check"}
{"pass":true,"verdict":"pass","mode":"race","checks":183,"deferredFailures":[],"harnessGaps":[],"outcomes":[{"case":"r1","choice":"Stay","timing":"before-render","outcome":"held-with-dialog-for-live-blocker","first":2,"second":3,"arm":{"seq":54,"name":"Stay","found":true,"armedLive":2,"live":{"id":3,"state":"blocked"},"committedCoordinator":{"seq":48,"b":2,"s":"blocked","gv":7,"iv":1},"beforeRender":true,"dialogAfterClick":true},"proceeds":0,"resets":1,"perBlocker":{"3":1},"nonLive":0,"throws":0,"staleCommits":1,"dialogTransitions":["open","closed"]},{"case":"r2","choice":"Stay","timing":"after-render","first":4,"second":5,"reopenedAfterClick":false,"proceeds":0,"resets":1,"perBlocker":{"5":1},"nonLive":0,"throws":0,"staleCommits":1,"dialogTransitions":["open","closed"]},{"case":"r3","choice":"Discard local changes and leave","timing":"before-render","outcome":"released-on-re-evaluation","first":6,"second":7,"arm":{"seq":102,"name":"Discard local changes and leave","found":true,"armedLive":6,"live":{"id":7,"state":"blocked"},"committedCoordinator":{"seq":96,"b":6,"s":"blocked","gv":7,"iv":8},"beforeRender":true,"dialogAfterClick":true},"proceeds":1,"resets":0,"perBlocker":{"7":1},"nonLive":0,"throws":0,"staleCommits":0,"dialogTransitions":["open","closed"]},{"case":"r4","choice":"Discard local changes and leave","timing":"after-render","first":9,"second":10,"reopenedAfterClick":false,"proceeds":1,"resets":0,"perBlocker":{"10":1},"nonLive":0,"throws":0,"staleCommits":1,"dialogTransitions":["open","closed"]},{"case":"k","scopeA":{"scopeKind":"account","accountId":"f1-race-A","generation":"g1","epoch":2},"toB":{"scopeKind":"account","accountId":"f1-race-B","generation":"g1","epoch":4},"held":12,"reopenedAfterEpoch":false,"proceeds":0,"resets":1,"perBlocker":{"12":1},"nonLive":0,"throws":0,"staleCommits":1,"dialogTransitions":["open","closed"]},{"case":"k-fresh","fresh":13,"proceeds":0,"resets":1,"perBlocker":{"13":1},"nonLive":0,"throws":0,"staleCommits":1,"dialogTransitions":["open","closed"]},{"case":"g1","held":14,"staleReRegistration":true,"reopenedAfterStay":false,"editBefore":"false","editAfter":"true","proceeds":0,"resets":1,"perBlocker":{"14":1},"nonLive":0,"throws":0,"staleCommits":4,"dialogTransitions":["open","closed"]},{"case":"g2","fresh":15,"proceeds":0,"resets":1,"perBlocker":{"15":1},"nonLive":0,"throws":0,"staleCommits":1,"dialogTransitions":["open","closed"]},{"case":"g3","opened":true,"proceeds":0,"resets":0,"perBlocker":{},"nonLive":0,"throws":0,"staleCommits":0,"dialogTransitions":["open","closed"]},{"case":"l","held":16,"children":0,"proceeds":0,"resets":0,"perBlocker":{},"nonLive":0,"throws":0,"staleCommits":0,"dialogTransitions":["closed"]}],"runtimeErrors":0,"runtimeErrorSamples":[],"consoleWarnings":0,"name":"result"}
