{"name":"check","id":"session:mounted","kind":"precondition","pass":true}
{"name":"baseline","requested":"f359be6","resolved":"f359be6d838393e0f9e93efd80b88b5b09f6144e","docsHead":"518fa42053c0f65f745cb0e09d043b429c2b40b5","productDeltaVsDocsHead":"","mode":"more","suffix":"post1","config":{"pane":"more","key":"xai_pref_more_launch_at_login","toggle":"Launch at Login","retry":"Retry Launch at Login","failed":["Launch at Login was not saved."],"reRegistrationOnRetry":"morePane.tsx retry() changed() + settle() changed()"},"browser":"Chrome/154.0.8037.97","protocol":"1.3","viewport":{"width":1280,"height":813,"dpr":1},"node":"v24.16.0","esbuild":"0.28.1","packages":{"react":"19.2.0","react-dom":"19.2.0","react-router":"7.15.1"},"lockfileSha256":{"archive":"df05f2ddfd7f2d04d526ec3cccf6559991686188a0e4bcbc48d2b0451c9aeab9","dependencies":"df05f2ddfd7f2d04d526ec3cccf6559991686188a0e4bcbc48d2b0451c9aeab9"},"fixtureSha256":"af969a73dc25a88fd8399883a5cb8321b6613ec3729c2164a92d8c1d4518f734","preludeSha256":"67bbfaa7f554939f40a9ce53e570091f324bbee4b4e91adc7175b001fce87670","runnerSha256":"816bd261a6bb6d72ad36322a898678a7f1f8d62173ca40f0f9d4cdf44f44c527","bundleSha256":"8ecd089a48ca2a5196ca1079f3d5c456d91af8af7def5745e4da4d27437eb4f4","bundleCssSha256":"4253982fdba00ac6ae532227159f59876025f274edb8c13ca9413cb4e7a7ee09","bundleInputs":{"total":629,"archive":559,"thirdParty":69,"foreign":[]},"productHashes":{"apps/web/src/routes/modules/departureCoordinator.tsx":"0844a697b146b07fceb1835da7c4410db8812bc07bdea362f3386e991a2bc075","apps/web/src/routes/modules/composedSettingsRegistration.tsx":"bd2ba2dd92da486ce9d3890fe74af6d3878b3394ed410014313412fdceee377d","apps/web/src/routes/modules/settingsDeparture.ts":"80c3a5787df8eb02102c4a508f2fe67c1fbd6a6b8ba7f16b3a65c3f542c8548b","packages/plugin-web-settings-rest/src/panes/morePane.tsx":"96c8694df00b7e81e9466b874749dd4b54faab04b1078ecbd29d586acb3dde7f","packages/plugin-web-settings-rest/src/panes/collaboratePane.tsx":"2a1470161972d9dda5d0493f54b805802e4adc3f581d2df85d45e90fbdada5a4","packages/plugin-web-settings-rest/src/panes/stickyPane.tsx":"721d75568660872328e2c6c46d4dd405335596b881233947b60b85f5cd97155f","packages/plugin-web-storage/src/internal/usePrefAsync.ts":"541fae97413104b8db90c20d7b565a5492f17fc74d79b3e975f954d7189a4491","packages/plugin-web-storage/src/internal/prefMutation.ts":"3f8840ac8e7e824ddc9aacb6839d19a0602244235dbfd542f686ca749125ec00","packages/xai-web-shell/src/Shell.tsx":"7d46423f40adc5412f54b701c2c93ab4f7529e329dc22766f387d78f614f8df0"},"origin":"127.0.0.1 (ephemeral port)"}
{"name":"check","id":"baseline:docs-head-product-tree-equals-fixed","kind":"precondition","pass":true,"productDelta":""}
{"name":"check","id":"baseline:lockfile-gate","kind":"precondition","pass":true}
{"name":"check","id":"baseline:bundle-inputs-pinned-to-archive","kind":"precondition","pass":true,"foreign":[],"productInBundle":true}
{"name":"check","id":"baseline:no-mount-runtime-errors","kind":"precondition","pass":true,"runtimeErrors":[]}
{"name":"check","id":"baseline:react-commit-observer-active","kind":"precondition","pass":true,"commits":2,"hookErrors":0}
{"name":"check","id":"setup:p-mounted","kind":"precondition","pass":true}
{"name":"check","id":"setup:s-mounted:more","kind":"precondition","pass":true}
{"name":"check","id":"setup:history-p-then-s","kind":"precondition","pass":true,"P":{"pathname":"/app/settings/date_time","key":"nbmz9otz","state":{"token":"f1-P"}},"S":{"pathname":"/app/settings/more","key":"ttiuyk1s","state":null},"currentIndex":3}
{"name":"history-entries","P":{"pathname":"/app/settings/date_time","key":"nbmz9otz","state":{"token":"f1-P"}},"S":{"pathname":"/app/settings/more","key":"ttiuyk1s","state":null},"stack":["6:blank","13:/app/settings/hotkeys","15:/app/settings/date_time","16:/app/settings/more"],"currentIndex":3}
{"name":"check","id":"r1:starts-clean-at-s","kind":"precondition","pass":true}
{"name":"check","id":"input:control-present:r1:toggle Launch at Login","kind":"precondition","pass":true,"selector":".settings-detail [role=\"switch\"][aria-label=\"Launch at Login\"]"}
{"name":"check","id":"input:hit-test:r1:toggle Launch at Login","kind":"precondition","pass":true,"selector":".settings-detail [role=\"switch\"][aria-label=\"Launch at Login\"]","hitTarget":"BUTTON.toggle"}
{"name":"check","id":"r1:save-failed-with-retry-offered","kind":"precondition","pass":true,"denied":[{"seq":54,"op":"set","key":"xai_pref_more_launch_at_login","value":"true","outcome":"denied"}],"alerts":["Launch at Login was not saved.RetryDiscard"]}
{"name":"check","id":"r1:traverse-back-entry-exists","kind":"precondition","pass":true,"currentIndex":3}
{"name":"check","id":"r1:back-held-dialog-open-url-restored","kind":"precondition","pass":true,"dialog":{"label":"Unsaved More draft","text":"More has unsaved changes.","buttons":["Stay","Export current draft","Discard local changes and leave"]},"location":{"pathname":"/app/settings/more","key":"ttiuyk1s","state":null},"step":{"fromIndex":3,"toIndex":2,"entryId":15}}
{"name":"check","id":"r1:held-guard-label-is-caller-not-fallback","kind":"product","deferred":true,"pass":true,"dialog":{"label":"Unsaved More draft","text":"More has unsaved changes.","buttons":["Stay","Export current draft","Discard local changes and leave"]}}
{"name":"check","id":"input:button-present:Retry Launch at Login","kind":"precondition","pass":true,"scope":".settings-detail"}
{"name":"check","id":"input:control-present:Retry Launch at Login","kind":"precondition","pass":true,"selector":"[data-f1-target=\"1\"]"}
{"name":"check","id":"input:hit-test:Retry Launch at Login","kind":"precondition","pass":true,"selector":"[data-f1-target=\"1\"]","hitTarget":"BUTTON."}
{"name":"check","id":"r1:location-deep-equal-p","kind":"product","deferred":true,"pass":true,"location":{"pathname":"/app/settings/date_time","key":"nbmz9otz","state":{"token":"f1-P"}},"expected":{"pathname":"/app/settings/date_time","key":"nbmz9otz","state":{"token":"f1-P"}}}
{"name":"check","id":"r1:exactly-one-pop-commit-zero-push-replace","kind":"product","deferred":true,"pass":true,"commits":[{"seq":80,"key":"nbmz9otz","pathname":"/app/settings/date_time","state":{"token":"f1-P"},"action":"POP"}],"history":[],"pops":1,"stackLength":4}
{"name":"check","id":"r1:dialog-closed-latest-written-once","kind":"product","deferred":true,"pass":true,"dialog":null,"writes":[{"seq":72,"op":"set","key":"xai_pref_more_launch_at_login","value":"true","outcome":"ok"}],"latest":"true","physical":"true"}
{"name":"check","id":"r1:blocker-proceed-exactly-once-from-blocked","kind":"product","deferred":true,"pass":true,"blockerCalls":[{"seq":75,"op":"proceed","blocker":2,"liveBlocker":2,"liveState":"blocked","path":"/app/settings/more"}]}
{"name":"check","id":"r1:zero-runtime-errors-no-error-boundary","kind":"product","deferred":true,"pass":true,"consoleErrors":[],"errorUi":[],"cdpRuntimeErrors":0}
{"name":"observation","case":"r1","release":"retry","pass":true,"f1Signature":false,"proceeds":1,"staleCommits":1,"guardVersions":[7,9,11,13],"stale":[{"seq":78,"coordinator":{"b":2,"s":"blocked","gv":9,"iv":2},"live":{"id":3,"state":"proceeding"}}],"timeline":["66 click Retry Launch at Login","67 lock-request xai:pref:v1:xai_pref_more_launch_at_login","68 react-commit p1 coordinator blocker#2:blocked gv=7 iv=1 live=#2:blocked","69 passive-effects-flushed live=#2:blocked","70 react-commit p3 coordinator blocker#2:blocked gv=9 iv=1 live=#2:blocked","72 set true ok","75 PROCEED blocker#2 live=#2:blocked","76 router PUSH /app/settings/more#ttiuyk1s blockers=[3:proceeding]","77 passive-effects-flushed live=#3:proceeding","78 react-commit p3 coordinator blocker#2:blocked gv=9 iv=2 live=#3:proceeding STALE","79 popstate /app/settings/date_time#nbmz9otz","80 router POP /app/settings/date_time#nbmz9otz blockers=[1:unblocked]","81 passive-effects-flushed live=#1:unblocked","87 react-commit p1 coordinator blocker#1:unblocked gv=11 iv=2 live=#1:unblocked","88 passive-effects-flushed live=#1:unblocked","89 react-commit p1 coordinator blocker#1:unblocked gv=13 iv=2 live=#1:unblocked","90 passive-effects-flushed live=#1:unblocked"]}
{"name":"check","id":"r1:return:traverse-forward-entry-exists","kind":"precondition","pass":true,"currentIndex":2}
{"name":"check","id":"r1:returned-to-s-clean","kind":"precondition","pass":true,"location":{"pathname":"/app/settings/more","key":"ttiuyk1s","state":null}}
{"name":"check","id":"d1:starts-clean-at-s","kind":"precondition","pass":true}
{"name":"check","id":"input:control-present:d1:toggle Launch at Login","kind":"precondition","pass":true,"selector":".settings-detail [role=\"switch\"][aria-label=\"Launch at Login\"]"}
{"name":"check","id":"input:hit-test:d1:toggle Launch at Login","kind":"precondition","pass":true,"selector":".settings-detail [role=\"switch\"][aria-label=\"Launch at Login\"]","hitTarget":"BUTTON.toggle on"}
{"name":"check","id":"d1:save-failed-with-retry-offered","kind":"precondition","pass":true,"denied":[{"seq":124,"op":"set","key":"xai_pref_more_launch_at_login","value":"false","outcome":"denied"}],"alerts":["Launch at Login was not saved.RetryDiscard"]}
{"name":"check","id":"d1:traverse-back-entry-exists","kind":"precondition","pass":true,"currentIndex":3}
{"name":"check","id":"d1:back-held-dialog-open-url-restored","kind":"precondition","pass":true,"dialog":{"label":"Unsaved More draft","text":"More has unsaved changes.","buttons":["Stay","Export current draft","Discard local changes and leave"]},"location":{"pathname":"/app/settings/more","key":"ttiuyk1s","state":null},"step":{"fromIndex":3,"toIndex":2,"entryId":15}}
{"name":"check","id":"d1:held-guard-label-is-caller-not-fallback","kind":"product","deferred":true,"pass":true,"dialog":{"label":"Unsaved More draft","text":"More has unsaved changes.","buttons":["Stay","Export current draft","Discard local changes and leave"]}}
{"name":"check","id":"input:button-present:Discard local changes and leave","kind":"precondition","pass":true,"scope":".settings-departure-dialog"}
{"name":"check","id":"input:control-present:Discard local changes and leave","kind":"precondition","pass":true,"selector":"[data-f1-target=\"1\"]"}
{"name":"check","id":"input:hit-test:Discard local changes and leave","kind":"precondition","pass":true,"selector":"[data-f1-target=\"1\"]","hitTarget":"BUTTON."}
{"name":"check","id":"d1:location-deep-equal-p","kind":"product","deferred":true,"pass":true,"location":{"pathname":"/app/settings/date_time","key":"nbmz9otz","state":{"token":"f1-P"}},"expected":{"pathname":"/app/settings/date_time","key":"nbmz9otz","state":{"token":"f1-P"}}}
{"name":"check","id":"d1:exactly-one-pop-commit-zero-push-replace","kind":"product","deferred":true,"pass":true,"commits":[{"seq":145,"key":"nbmz9otz","pathname":"/app/settings/date_time","state":{"token":"f1-P"},"action":"POP"}],"history":[],"pops":1,"stackLength":4}
{"name":"check","id":"d1:dialog-closed-zero-writes","kind":"product","deferred":true,"pass":true,"dialog":null,"writes":[],"latest":"false","physical":"true"}
{"name":"check","id":"d1:blocker-proceed-exactly-once-from-blocked","kind":"product","deferred":true,"pass":true,"blockerCalls":[{"seq":139,"op":"proceed","blocker":4,"liveBlocker":4,"liveState":"blocked","path":"/app/settings/more"}]}
{"name":"check","id":"d1:zero-runtime-errors-no-error-boundary","kind":"product","deferred":true,"pass":true,"consoleErrors":[],"errorUi":[],"cdpRuntimeErrors":0}
{"name":"observation","case":"d1","release":"discard","pass":true,"f1Signature":false,"proceeds":1,"staleCommits":2,"guardVersions":[19,21,23],"stale":[{"seq":141,"coordinator":{"b":4,"s":"blocked","gv":19,"iv":4},"live":{"id":5,"state":"proceeding"}},{"seq":143,"coordinator":{"b":4,"s":"blocked","gv":21,"iv":4},"live":{"id":5,"state":"proceeding"}}],"timeline":["137 click Discard local changes and leave","139 PROCEED blocker#4 live=#4:blocked","140 router POP /app/settings/more#ttiuyk1s blockers=[5:proceeding]","141 react-commit p1 coordinator blocker#4:blocked gv=19 iv=4 live=#5:proceeding STALE","142 passive-effects-flushed live=#5:proceeding","143 react-commit p3 coordinator blocker#4:blocked gv=21 iv=4 live=#5:proceeding STALE","144 popstate /app/settings/date_time#nbmz9otz","145 router POP /app/settings/date_time#nbmz9otz blockers=[1:unblocked]","146 passive-effects-flushed live=#1:unblocked","152 react-commit p1 coordinator blocker#1:unblocked gv=21 iv=4 live=#1:unblocked","153 passive-effects-flushed live=#1:unblocked","154 react-commit p1 coordinator blocker#1:unblocked gv=23 iv=4 live=#1:unblocked","155 passive-effects-flushed live=#1:unblocked"]}
{"name":"check","id":"d1:return:traverse-forward-entry-exists","kind":"precondition","pass":true,"currentIndex":2}
{"name":"check","id":"d1:returned-to-s-clean","kind":"precondition","pass":true,"location":{"pathname":"/app/settings/more","key":"ttiuyk1s","state":null}}
{"name":"check","id":"r2:starts-clean-at-s","kind":"precondition","pass":true}
{"name":"check","id":"input:control-present:r2:toggle Launch at Login","kind":"precondition","pass":true,"selector":".settings-detail [role=\"switch\"][aria-label=\"Launch at Login\"]"}
{"name":"check","id":"input:hit-test:r2:toggle Launch at Login","kind":"precondition","pass":true,"selector":".settings-detail [role=\"switch\"][aria-label=\"Launch at Login\"]","hitTarget":"BUTTON.toggle on"}
{"name":"check","id":"r2:save-failed-with-retry-offered","kind":"precondition","pass":true,"denied":[{"seq":189,"op":"set","key":"xai_pref_more_launch_at_login","value":"false","outcome":"denied"}],"alerts":["Launch at Login was not saved.RetryDiscard"]}
{"name":"check","id":"r2:traverse-back-entry-exists","kind":"precondition","pass":true,"currentIndex":3}
{"name":"check","id":"r2:back-held-dialog-open-url-restored","kind":"precondition","pass":true,"dialog":{"label":"Unsaved More draft","text":"More has unsaved changes.","buttons":["Stay","Export current draft","Discard local changes and leave"]},"location":{"pathname":"/app/settings/more","key":"ttiuyk1s","state":null},"step":{"fromIndex":3,"toIndex":2,"entryId":15}}
{"name":"check","id":"r2:held-guard-label-is-caller-not-fallback","kind":"product","deferred":true,"pass":true,"dialog":{"label":"Unsaved More draft","text":"More has unsaved changes.","buttons":["Stay","Export current draft","Discard local changes and leave"]}}
{"name":"check","id":"input:button-present:Retry Launch at Login","kind":"precondition","pass":true,"scope":".settings-detail"}
{"name":"check","id":"input:control-present:Retry Launch at Login","kind":"precondition","pass":true,"selector":"[data-f1-target=\"1\"]"}
{"name":"check","id":"input:hit-test:Retry Launch at Login","kind":"precondition","pass":true,"selector":"[data-f1-target=\"1\"]","hitTarget":"BUTTON."}
{"name":"check","id":"r2:location-deep-equal-p","kind":"product","deferred":true,"pass":true,"location":{"pathname":"/app/settings/date_time","key":"nbmz9otz","state":{"token":"f1-P"}},"expected":{"pathname":"/app/settings/date_time","key":"nbmz9otz","state":{"token":"f1-P"}}}
{"name":"check","id":"r2:exactly-one-pop-commit-zero-push-replace","kind":"product","deferred":true,"pass":true,"commits":[{"seq":218,"key":"nbmz9otz","pathname":"/app/settings/date_time","state":{"token":"f1-P"},"action":"POP"}],"history":[],"pops":1,"stackLength":4}
{"name":"check","id":"r2:dialog-closed-latest-written-once","kind":"product","deferred":true,"pass":true,"dialog":null,"writes":[{"seq":208,"op":"set","key":"xai_pref_more_launch_at_login","value":"false","outcome":"ok"}],"latest":"false","physical":"false"}
{"name":"check","id":"r2:blocker-proceed-exactly-once-from-blocked","kind":"product","deferred":true,"pass":true,"blockerCalls":[{"seq":211,"op":"proceed","blocker":6,"liveBlocker":6,"liveState":"blocked","path":"/app/settings/more"}]}
{"name":"check","id":"r2:zero-runtime-errors-no-error-boundary","kind":"product","deferred":true,"pass":true,"consoleErrors":[],"errorUi":[],"cdpRuntimeErrors":0}
{"name":"observation","case":"r2","release":"retry","pass":true,"f1Signature":false,"proceeds":1,"staleCommits":2,"guardVersions":[29,31,33,35],"stale":[{"seq":214,"coordinator":{"b":6,"s":"blocked","gv":31,"iv":6},"live":{"id":7,"state":"proceeding"}},{"seq":216,"coordinator":{"b":6,"s":"blocked","gv":33,"iv":6},"live":{"id":7,"state":"proceeding"}}],"timeline":["202 click Retry Launch at Login","203 lock-request xai:pref:v1:xai_pref_more_launch_at_login","204 react-commit p1 coordinator blocker#6:blocked gv=29 iv=5 live=#6:blocked","205 passive-effects-flushed live=#6:blocked","206 react-commit p3 coordinator blocker#6:blocked gv=31 iv=5 live=#6:blocked","208 set false ok","211 PROCEED blocker#6 live=#6:blocked","212 router POP /app/settings/more#ttiuyk1s blockers=[7:proceeding]","213 passive-effects-flushed live=#7:proceeding","214 react-commit p3 coordinator blocker#6:blocked gv=31 iv=6 live=#7:proceeding STALE","215 passive-effects-flushed live=#7:proceeding","216 react-commit p3 coordinator blocker#6:blocked gv=33 iv=6 live=#7:proceeding STALE","217 popstate /app/settings/date_time#nbmz9otz","218 router POP /app/settings/date_time#nbmz9otz blockers=[1:unblocked]","219 passive-effects-flushed live=#1:unblocked","225 react-commit p1 coordinator blocker#1:unblocked gv=33 iv=6 live=#1:unblocked","226 passive-effects-flushed live=#1:unblocked","227 react-commit p1 coordinator blocker#1:unblocked gv=35 iv=6 live=#1:unblocked","228 passive-effects-flushed live=#1:unblocked"]}
{"name":"check","id":"r2:return:traverse-forward-entry-exists","kind":"precondition","pass":true,"currentIndex":2}
{"name":"check","id":"r2:returned-to-s-clean","kind":"precondition","pass":true,"location":{"pathname":"/app/settings/more","key":"ttiuyk1s","state":null}}
{"name":"check","id":"run:no-unexpected-javascript-dialogs","kind":"precondition","pass":true,"unexpectedDialogs":[]}
{"name":"check","id":"run:react-observer-never-threw","kind":"precondition","pass":true}
{"name":"result","pass":true,"mode":"more","checks":62,"deferredFailures":[],"outcomes":[{"case":"r1","release":"retry","pass":true,"f1Signature":false,"proceeds":1,"staleCommits":1,"guardVersions":[7,9,11,13]},{"case":"d1","release":"discard","pass":true,"f1Signature":false,"proceeds":1,"staleCommits":2,"guardVersions":[19,21,23]},{"case":"r2","release":"retry","pass":true,"f1Signature":false,"proceeds":1,"staleCommits":2,"guardVersions":[29,31,33,35]}],"runtimeErrors":0,"runtimeErrorSamples":[],"consoleWarnings":0}
