{"name":"check","id":"session:mounted","kind":"precondition","pass":true}
{"name":"baseline","requested":"f359be6","resolved":"f359be6d838393e0f9e93efd80b88b5b09f6144e","docsHead":"518fa42053c0f65f745cb0e09d043b429c2b40b5","productDeltaVsDocsHead":"","mode":"selfcheck","suffix":"post1","config":{"route":null},"history":{"start":{"pathname":"/app/settings/hotkeys","view":"settings:hotkeys"},"P":{"pathname":"/app/settings/about","state":{"token":"f1-P"},"view":"settings:about"},"N":{"pathname":"/app/settings/hotkeys","state":{"token":"f1-N"},"view":"settings:hotkeys"}},"keys":[],"physicalKeys":[],"lockNames":[],"browser":"Chrome/154.0.8037.97","protocol":"1.3","viewport":{"width":1280,"height":813,"dpr":1},"node":"v24.16.0","esbuild":"0.28.1","packages":{"react":"19.2.0","react-dom":"19.2.0","react-router":"7.15.1"},"lockfileSha256":{"archive":"df05f2ddfd7f2d04d526ec3cccf6559991686188a0e4bcbc48d2b0451c9aeab9","dependencies":"df05f2ddfd7f2d04d526ec3cccf6559991686188a0e4bcbc48d2b0451c9aeab9"},"fixtureSha256":"e636ffdb1eb0caa04e6c40507fb0dedefaf3c12a440be4db27067f9f196c0458","preludeSha256":"67bbfaa7f554939f40a9ce53e570091f324bbee4b4e91adc7175b001fce87670","runnerSha256":"88ccca3ddd7a99107f1dbec8ec87a18bc49e28ab3a245d19e4de688dc60314d1","bundleSha256":"415079d6bb2dc4dc1a2b7b5242653e81492553bc9bbd28040140709dc82ca3df","bundleCssSha256":"4253982fdba00ac6ae532227159f59876025f274edb8c13ca9413cb4e7a7ee09","bundleInputs":{"total":629,"archive":559,"thirdParty":69,"foreign":[]},"productHashes":{"apps/web/src/routes/modules/departureCoordinator.tsx":"0844a697b146b07fceb1835da7c4410db8812bc07bdea362f3386e991a2bc075","apps/web/src/routes/modules/composedSettingsRegistration.tsx":"bd2ba2dd92da486ce9d3890fe74af6d3878b3394ed410014313412fdceee377d","apps/web/src/routes/modules/settingsDeparture.ts":"80c3a5787df8eb02102c4a508f2fe67c1fbd6a6b8ba7f16b3a65c3f542c8548b","apps/web/src/routes/modules/dashboardRegistration.tsx":"66c524e4e02117275ed369c02049f33a0eb2c42ad068388eb4041fa469c903e8","apps/web/src/routes/modules/pomodoroRegistration.tsx":"0762a079a7b5b5f7ed6a3f4e6a1330c4e43a65d8ff34a058c03b8abb7183e3a5","apps/web/src/routes/modules/shellRegistrations.tsx":"c003c499ca3330ff6e3b7e738df4e3366d0daca141d65327dacc3d3665e1b8fe","packages/plugin-web-settings-rest/src/panes/notificationsPane.tsx":"04930bd98b4ba05346f1472cc70f849238db14ce6cb5b4d1165132719ffbc87f","packages/plugin-web-settings-rest/src/panes/dateTimePane.tsx":"b938e61e88cb9b15d75572492695a3d43e091bd33ab27298671fe9f7d7c52cae","packages/plugin-web-settings-rest/src/panes/smartListsPane.tsx":"2dad789f12aa5dac8db675770065590c058ff365a558d5814beacb27f3cee2a9","packages/xai-web-dashboard-grid/src/DashHeader.tsx":"0aaa4ce3b456b1fedf3c4bb3f7163830e6ee7390ba65382564d9c13852e40456","packages/xai-web-dashboard-grid/src/DashboardModule.tsx":"36a8532beb638a5741d3b51338a2ce32da9daa220e1a461cd00729da61e542a2","packages/plugin-web-pomodoro/src/PomodoroModule.tsx":"3b16787171ee9811b5f417c4534b88e4914983e1dc54406dc991dd514b74550d","packages/plugin-web-pomodoro/src/internal/usePreferenceDepartureRecovery.ts":"392c54ab684954701f2533c4218803b6a92d4c0b16e0dc75c94b44f4d4868931","packages/plugin-web-storage/src/internal/usePrefAsync.ts":"541fae97413104b8db90c20d7b565a5492f17fc74d79b3e975f954d7189a4491","packages/plugin-web-storage/src/internal/usePrefAutosaveAsync.ts":"e27f9f86196c08166b3c03f8450a546d486c2035adec42f91a90ae2723350332","packages/plugin-web-storage/src/internal/prefMutation.ts":"3f8840ac8e7e824ddc9aacb6839d19a0602244235dbfd542f686ca749125ec00","packages/xai-web-shell/src/Shell.tsx":"7d46423f40adc5412f54b701c2c93ab4f7529e329dc22766f387d78f614f8df0"},"origin":"127.0.0.1 (ephemeral port)"}
{"name":"check","id":"baseline:docs-head-product-tree-equals-fixed","kind":"precondition","pass":true,"productDelta":""}
{"name":"check","id":"baseline:lockfile-gate","kind":"precondition","pass":true}
{"name":"check","id":"baseline:bundle-inputs-pinned-to-archive","kind":"precondition","pass":true,"foreign":[],"productInBundle":true,"missing":[]}
{"name":"check","id":"baseline:no-mount-runtime-errors","kind":"precondition","pass":true,"runtimeErrors":[]}
{"name":"check","id":"baseline:react-commit-observer-active","kind":"precondition","pass":true,"commits":2,"hookErrors":0}
{"name":"check","id":"setup:notifications-mounted","kind":"precondition","pass":true,"view":"settings:notifications"}
{"name":"check","id":"selfcheck:notifications:control-present-and-hit:.settings-detail [role=\"switch\"][aria-label=\"Task due\"]","kind":"precondition","pass":true,"hitTarget":"SPAN.toggle-knob"}
{"name":"check","id":"selfcheck:notifications:no-dialog-no-runtime-errors","kind":"precondition","pass":true,"runtimeErrors":[]}
{"name":"check","id":"setup:date-time-mounted","kind":"precondition","pass":true,"view":"settings:date_time"}
{"name":"check","id":"selfcheck:date-time:control-present-and-hit:.settings-detail [role=\"switch\"][aria-label=\"Show Lunar Calendar\"]","kind":"precondition","pass":true,"hitTarget":"SPAN.toggle-knob"}
{"name":"check","id":"selfcheck:date-time:no-dialog-no-runtime-errors","kind":"precondition","pass":true,"runtimeErrors":[]}
{"name":"check","id":"setup:smart-lists-mounted","kind":"precondition","pass":true,"view":"settings:smart_lists"}
{"name":"check","id":"selfcheck:smart-lists:control-present-and-hit:.settings-detail select[aria-label=\"All\"]","kind":"precondition","pass":true,"hitTarget":"SELECT.sl-select"}
{"name":"check","id":"selfcheck:smart-lists:control-present-and-hit:.settings-detail select[aria-label=\"Today\"]","kind":"precondition","pass":true,"hitTarget":"SELECT.sl-select"}
{"name":"check","id":"selfcheck:smart-lists:control-present-and-hit:.settings-detail select[aria-label=\"Tomorrow\"]","kind":"precondition","pass":true,"hitTarget":"SELECT.sl-select"}
{"name":"check","id":"selfcheck:smart-lists:control-present-and-hit:.settings-detail select[aria-label=\"Next 7 Days\"]","kind":"precondition","pass":true,"hitTarget":"SELECT.sl-select"}
{"name":"check","id":"selfcheck:smart-lists:no-dialog-no-runtime-errors","kind":"precondition","pass":true,"runtimeErrors":[]}
{"name":"check","id":"setup:header-mounted","kind":"precondition","pass":true,"view":"dashboard"}
{"name":"check","id":"selfcheck:header:control-present-and-hit:.dash-head button[aria-label=\"Edit dashboard note\"]","kind":"precondition","pass":true,"hitTarget":"SPAN.dash-note__placeholder"}
{"name":"check","id":"selfcheck:header:no-dialog-no-runtime-errors","kind":"precondition","pass":true,"runtimeErrors":[]}
{"name":"check","id":"setup:pomodoro-mounted","kind":"precondition","pass":true,"view":"pomodoro"}
{"name":"check","id":"selfcheck:pomodoro:control-present-and-hit:[data-testid=\"style-ring\"]","kind":"precondition","pass":true,"hitTarget":"BUTTON.pomo-style-btn"}
{"name":"check","id":"selfcheck:pomodoro:control-present-and-hit:[data-testid=\"theme-teal\"]","kind":"precondition","pass":true,"hitTarget":"BUTTON.pomo-color-dot"}
{"name":"check","id":"selfcheck:pomodoro:control-present-and-hit:[data-testid=\"style-minimal\"]","kind":"precondition","pass":true,"hitTarget":"BUTTON.pomo-style-btn"}
{"name":"check","id":"selfcheck:pomodoro:control-present-and-hit:[data-testid=\"theme-blue\"]","kind":"precondition","pass":true,"hitTarget":"BUTTON.pomo-color-dot"}
{"name":"check","id":"selfcheck:pomodoro:control-present-and-hit:[data-testid=\"style-digital\"]","kind":"precondition","pass":true,"hitTarget":"BUTTON.pomo-style-btn"}
{"name":"check","id":"selfcheck:pomodoro:control-present-and-hit:[data-testid=\"theme-sage\"]","kind":"precondition","pass":true,"hitTarget":"BUTTON.pomo-color-dot"}
{"name":"check","id":"selfcheck:pomodoro:no-dialog-no-runtime-errors","kind":"precondition","pass":true,"runtimeErrors":[]}
{"name":"selfcheck","probes":[{"mode":"notifications","route":"/app/settings/notifications","location":{"pathname":"/app/settings/notifications","key":"gztpwvm2","state":null},"keys":[{"key":"xai_pref_notif_push_task","physical":"xai_pref_notif_push_task","lock":"xai:pref:v1:xai_pref_notif_push_task"}]},{"mode":"date-time","route":"/app/settings/date_time","location":{"pathname":"/app/settings/date_time","key":"qnct7k9i","state":null},"keys":[{"key":"xai_pref_dt_lunar","physical":"xai_pref_dt_lunar","lock":"xai:pref:v1:xai_pref_dt_lunar"}]},{"mode":"smart-lists","route":"/app/settings/smart_lists","location":{"pathname":"/app/settings/smart_lists","key":"ucjj29gq","state":null},"keys":[{"key":"xai_pref_smart_lists","physical":"xai:account:v1:f1-callers-A:g1:xai_pref_smart_lists","lock":"xai:pref:v1:xai%3Aaccount%3Av1%3Af1-callers-A%3Ag1%3Axai_pref_smart_lists"}]},{"mode":"header","route":"/app/dashboard","location":{"pathname":"/app/dashboard","key":"ye97fpy7","state":null},"keys":[{"key":"xai_pref_dashboard_header_note","physical":"xai:account:v1:f1-callers-A:g1:xai_pref_dashboard_header_note","lock":"xai:pref:v1:xai%3Aaccount%3Av1%3Af1-callers-A%3Ag1%3Axai_pref_dashboard_header_note"}]},{"mode":"pomodoro","route":"/app/pomodoro","location":{"pathname":"/app/pomodoro","key":"xatnuz5f","state":null},"keys":[{"key":"xai_pref_pomodoro_display_style","physical":"xai_pref_pomodoro_display_style","lock":"xai:pref:v1:xai_pref_pomodoro_display_style"},{"key":"xai_pref_pomodoro_theme","physical":"xai_pref_pomodoro_theme","lock":"xai:pref:v1:xai_pref_pomodoro_theme"}]}]}
{"name":"check","id":"run:no-unexpected-javascript-dialogs","kind":"precondition","pass":true,"unexpectedDialogs":[]}
{"name":"check","id":"run:react-observer-never-threw","kind":"precondition","pass":true}
{"name":"result","pass":true,"mode":"selfcheck","verdict":"harness-valid","checks":31,"deferredFailures":[],"runtimeErrors":0,"consoleWarnings":0}
