{"name":"check","id":"session:mounted","kind":"precondition","pass":true}
{"name":"baseline","requested":"f9eb4b1","resolved":"f9eb4b1f207bc4b46f547b90afc250424b3c8695","docsHead":"dac8cd3ff4d916392051519699577eff084c42e4","productDeltaVsDocsHead":"","mode":"sticky","suffix":"apprail-fixed1","config":{"pane":"sticky","key":"xai_pref_sticky_pin_default","toggle":"Pin by Default","retry":"Retry Pin by Default","failed":["Pin by Default was not saved."],"reRegistrationOnRetry":"stickyPane.tsx retry() changed() + settle() changed()"},"browser":"Chrome/155.0.8059.39","protocol":"1.3","viewport":{"width":1280,"height":813,"dpr":1},"node":"v24.16.0","esbuild":"0.28.1","packages":{"react":"19.2.0","react-dom":"19.2.0","react-router":"7.15.1"},"lockfileSha256":{"archive":"df05f2ddfd7f2d04d526ec3cccf6559991686188a0e4bcbc48d2b0451c9aeab9","dependencies":"df05f2ddfd7f2d04d526ec3cccf6559991686188a0e4bcbc48d2b0451c9aeab9"},"fixtureSha256":"af969a73dc25a88fd8399883a5cb8321b6613ec3729c2164a92d8c1d4518f734","preludeSha256":"67bbfaa7f554939f40a9ce53e570091f324bbee4b4e91adc7175b001fce87670","runnerSha256":"816bd261a6bb6d72ad36322a898678a7f1f8d62173ca40f0f9d4cdf44f44c527","bundleSha256":"885a8076dcc50b5500ba32813be8f1cb7b668771e129dbc133b6fb320c59d418","bundleCssSha256":"3a3ce2bb2d1fd250faf96fcbb6e3360f560306d2e0b7f138649f9c9e10201996","bundleInputs":{"total":640,"archive":570,"thirdParty":69,"foreign":[]},"productHashes":{"apps/web/src/routes/modules/departureCoordinator.tsx":"0844a697b146b07fceb1835da7c4410db8812bc07bdea362f3386e991a2bc075","apps/web/src/routes/modules/composedSettingsRegistration.tsx":"bd2ba2dd92da486ce9d3890fe74af6d3878b3394ed410014313412fdceee377d","apps/web/src/routes/modules/settingsDeparture.ts":"80c3a5787df8eb02102c4a508f2fe67c1fbd6a6b8ba7f16b3a65c3f542c8548b","packages/plugin-web-settings-rest/src/panes/morePane.tsx":"96c8694df00b7e81e9466b874749dd4b54faab04b1078ecbd29d586acb3dde7f","packages/plugin-web-settings-rest/src/panes/collaboratePane.tsx":"2a1470161972d9dda5d0493f54b805802e4adc3f581d2df85d45e90fbdada5a4","packages/plugin-web-settings-rest/src/panes/stickyPane.tsx":"721d75568660872328e2c6c46d4dd405335596b881233947b60b85f5cd97155f","packages/plugin-web-storage/src/internal/usePrefAsync.ts":"541fae97413104b8db90c20d7b565a5492f17fc74d79b3e975f954d7189a4491","packages/plugin-web-storage/src/internal/prefMutation.ts":"3f8840ac8e7e824ddc9aacb6839d19a0602244235dbfd542f686ca749125ec00","packages/xai-web-shell/src/Shell.tsx":"38e25c6b20f6413c9362f53e9be7e2aa121001170898a6097e29fccabf22e432"},"origin":"127.0.0.1 (ephemeral port)"}
{"name":"check","id":"baseline:docs-head-product-tree-equals-fixed","kind":"precondition","pass":true,"productDelta":""}
{"name":"check","id":"baseline:lockfile-gate","kind":"precondition","pass":true}
{"name":"check","id":"baseline:bundle-inputs-pinned-to-archive","kind":"precondition","pass":true,"foreign":[],"productInBundle":true}
{"name":"check","id":"baseline:no-mount-runtime-errors","kind":"precondition","pass":true,"runtimeErrors":[]}
{"name":"check","id":"baseline:react-commit-observer-active","kind":"precondition","pass":true,"commits":2,"hookErrors":0}
{"name":"check","id":"setup:p-mounted","kind":"precondition","pass":true}
{"name":"check","id":"setup:s-mounted:sticky","kind":"precondition","pass":true}
{"name":"check","id":"setup:history-p-then-s","kind":"precondition","pass":true,"P":{"pathname":"/app/settings/date_time","key":"va8db1la","state":{"token":"f1-P"}},"S":{"pathname":"/app/settings/sticky","key":"oedcxoas","state":null},"currentIndex":3}
{"name":"history-entries","P":{"pathname":"/app/settings/date_time","key":"va8db1la","state":{"token":"f1-P"}},"S":{"pathname":"/app/settings/sticky","key":"oedcxoas","state":null},"stack":["6:blank","13:/app/settings/hotkeys","15:/app/settings/date_time","16:/app/settings/sticky"],"currentIndex":3}
{"name":"check","id":"r1:starts-clean-at-s","kind":"precondition","pass":true}
{"name":"check","id":"input:control-present:r1:toggle Pin by Default","kind":"precondition","pass":true,"selector":".settings-detail [role=\"switch\"][aria-label=\"Pin by Default\"]"}
{"name":"check","id":"input:hit-test:r1:toggle Pin by Default","kind":"precondition","pass":true,"selector":".settings-detail [role=\"switch\"][aria-label=\"Pin by Default\"]","hitTarget":"BUTTON.toggle on"}
{"name":"check","id":"r1:save-failed-with-retry-offered","kind":"precondition","pass":true,"denied":[{"seq":36,"op":"set","key":"xai_pref_sticky_pin_default","value":"false","outcome":"denied"}],"alerts":["Pin by Default was not saved.RetryDiscard"]}
{"name":"check","id":"r1:traverse-back-entry-exists","kind":"precondition","pass":true,"currentIndex":3}
{"name":"check","id":"r1:back-held-dialog-open-url-restored","kind":"precondition","pass":true,"dialog":{"label":"Unsaved Sticky Note draft","text":"Sticky Note has unsaved changes.","buttons":["Stay","Export current draft","Discard local changes and leave"]},"location":{"pathname":"/app/settings/sticky","key":"oedcxoas","state":null},"step":{"fromIndex":3,"toIndex":2,"entryId":15}}
{"name":"check","id":"r1:held-guard-label-is-caller-not-fallback","kind":"product","deferred":true,"pass":true,"dialog":{"label":"Unsaved Sticky Note draft","text":"Sticky Note has unsaved changes.","buttons":["Stay","Export current draft","Discard local changes and leave"]}}
{"name":"check","id":"input:button-present:Retry Pin by Default","kind":"precondition","pass":true,"scope":".settings-detail"}
{"name":"check","id":"input:control-present:Retry Pin by Default","kind":"precondition","pass":true,"selector":"[data-f1-target=\"1\"]"}
{"name":"check","id":"input:hit-test:Retry Pin by Default","kind":"precondition","pass":true,"selector":"[data-f1-target=\"1\"]","hitTarget":"BUTTON."}
{"name":"check","id":"r1:location-deep-equal-p","kind":"product","deferred":true,"pass":true,"location":{"pathname":"/app/settings/date_time","key":"va8db1la","state":{"token":"f1-P"}},"expected":{"pathname":"/app/settings/date_time","key":"va8db1la","state":{"token":"f1-P"}}}
{"name":"check","id":"r1:exactly-one-pop-commit-zero-push-replace","kind":"product","deferred":true,"pass":true,"commits":[{"seq":64,"key":"va8db1la","pathname":"/app/settings/date_time","state":{"token":"f1-P"},"action":"POP"}],"history":[],"pops":1,"stackLength":4}
{"name":"check","id":"r1:dialog-closed-latest-written-once","kind":"product","deferred":true,"pass":true,"dialog":null,"writes":[{"seq":54,"op":"set","key":"xai_pref_sticky_pin_default","value":"false","outcome":"ok"}],"latest":"false","physical":"false"}
{"name":"check","id":"r1:blocker-proceed-exactly-once-from-blocked","kind":"product","deferred":true,"pass":true,"blockerCalls":[{"seq":57,"op":"proceed","blocker":2,"liveBlocker":2,"liveState":"blocked","path":"/app/settings/sticky"}]}
{"name":"check","id":"r1:zero-runtime-errors-no-error-boundary","kind":"product","deferred":true,"pass":true,"consoleErrors":[],"errorUi":[],"cdpRuntimeErrors":0}
{"name":"observation","case":"r1","release":"retry","pass":true,"f1Signature":false,"proceeds":1,"staleCommits":2,"guardVersions":[7,9,11,13],"stale":[{"seq":60,"coordinator":{"b":2,"s":"blocked","gv":9,"iv":2},"live":{"id":3,"state":"proceeding"}},{"seq":62,"coordinator":{"b":2,"s":"blocked","gv":11,"iv":2},"live":{"id":3,"state":"proceeding"}}],"timeline":["48 click Retry Pin by Default","49 lock-request xai:pref:v1:xai_pref_sticky_pin_default","50 react-commit p1 coordinator blocker#2:blocked gv=7 iv=1 live=#2:blocked","51 passive-effects-flushed live=#2:blocked","52 react-commit p3 coordinator blocker#2:blocked gv=9 iv=1 live=#2:blocked","54 set false ok","57 PROCEED blocker#2 live=#2:blocked","58 router PUSH /app/settings/sticky#oedcxoas blockers=[3:proceeding]","59 passive-effects-flushed live=#3:proceeding","60 react-commit p3 coordinator blocker#2:blocked gv=9 iv=2 live=#3:proceeding STALE","61 passive-effects-flushed live=#3:proceeding","62 react-commit p3 coordinator blocker#2:blocked gv=11 iv=2 live=#3:proceeding STALE","63 popstate /app/settings/date_time#va8db1la","64 router POP /app/settings/date_time#va8db1la blockers=[1:unblocked]","65 passive-effects-flushed live=#1:unblocked","71 react-commit p1 coordinator blocker#1:unblocked gv=11 iv=2 live=#1:unblocked","72 passive-effects-flushed live=#1:unblocked","73 react-commit p1 coordinator blocker#1:unblocked gv=13 iv=2 live=#1:unblocked","74 passive-effects-flushed live=#1:unblocked"]}
{"name":"check","id":"r1:return:traverse-forward-entry-exists","kind":"precondition","pass":true,"currentIndex":2}
{"name":"check","id":"r1:returned-to-s-clean","kind":"precondition","pass":true,"location":{"pathname":"/app/settings/sticky","key":"oedcxoas","state":null}}
{"name":"check","id":"d1:starts-clean-at-s","kind":"precondition","pass":true}
{"name":"check","id":"input:control-present:d1:toggle Pin by Default","kind":"precondition","pass":true,"selector":".settings-detail [role=\"switch\"][aria-label=\"Pin by Default\"]"}
{"name":"check","id":"input:hit-test:d1:toggle Pin by Default","kind":"precondition","pass":true,"selector":".settings-detail [role=\"switch\"][aria-label=\"Pin by Default\"]","hitTarget":"BUTTON.toggle"}
{"name":"check","id":"d1:save-failed-with-retry-offered","kind":"precondition","pass":true,"denied":[{"seq":92,"op":"set","key":"xai_pref_sticky_pin_default","value":"true","outcome":"denied"}],"alerts":["Pin by Default was not saved.RetryDiscard"]}
{"name":"check","id":"d1:traverse-back-entry-exists","kind":"precondition","pass":true,"currentIndex":3}
{"name":"check","id":"d1:back-held-dialog-open-url-restored","kind":"precondition","pass":true,"dialog":{"label":"Unsaved Sticky Note draft","text":"Sticky Note has unsaved changes.","buttons":["Stay","Export current draft","Discard local changes and leave"]},"location":{"pathname":"/app/settings/sticky","key":"oedcxoas","state":null},"step":{"fromIndex":3,"toIndex":2,"entryId":15}}
{"name":"check","id":"d1:held-guard-label-is-caller-not-fallback","kind":"product","deferred":true,"pass":true,"dialog":{"label":"Unsaved Sticky Note draft","text":"Sticky Note has unsaved changes.","buttons":["Stay","Export current draft","Discard local changes and leave"]}}
{"name":"check","id":"input:button-present:Discard local changes and leave","kind":"precondition","pass":true,"scope":".settings-departure-dialog"}
{"name":"check","id":"input:control-present:Discard local changes and leave","kind":"precondition","pass":true,"selector":"[data-f1-target=\"1\"]"}
{"name":"check","id":"input:hit-test:Discard local changes and leave","kind":"precondition","pass":true,"selector":"[data-f1-target=\"1\"]","hitTarget":"BUTTON."}
{"name":"check","id":"d1:location-deep-equal-p","kind":"product","deferred":true,"pass":true,"location":{"pathname":"/app/settings/date_time","key":"va8db1la","state":{"token":"f1-P"}},"expected":{"pathname":"/app/settings/date_time","key":"va8db1la","state":{"token":"f1-P"}}}
{"name":"check","id":"d1:exactly-one-pop-commit-zero-push-replace","kind":"product","deferred":true,"pass":true,"commits":[{"seq":112,"key":"va8db1la","pathname":"/app/settings/date_time","state":{"token":"f1-P"},"action":"POP"}],"history":[],"pops":1,"stackLength":4}
{"name":"check","id":"d1:dialog-closed-zero-writes","kind":"product","deferred":true,"pass":true,"dialog":null,"writes":[],"latest":"true","physical":"false"}
{"name":"check","id":"d1:blocker-proceed-exactly-once-from-blocked","kind":"product","deferred":true,"pass":true,"blockerCalls":[{"seq":107,"op":"proceed","blocker":4,"liveBlocker":4,"liveState":"blocked","path":"/app/settings/sticky"}]}
{"name":"check","id":"d1:zero-runtime-errors-no-error-boundary","kind":"product","deferred":true,"pass":true,"consoleErrors":[],"errorUi":[],"cdpRuntimeErrors":0}
{"name":"observation","case":"d1","release":"discard","pass":true,"f1Signature":false,"proceeds":1,"staleCommits":1,"guardVersions":[19,21,23],"stale":[{"seq":109,"coordinator":{"b":4,"s":"blocked","gv":19,"iv":4},"live":{"id":5,"state":"proceeding"}}],"timeline":["105 click Discard local changes and leave","107 PROCEED blocker#4 live=#4:blocked","108 router POP /app/settings/sticky#oedcxoas blockers=[5:proceeding]","109 react-commit p1 coordinator blocker#4:blocked gv=19 iv=4 live=#5:proceeding STALE","110 passive-effects-flushed live=#5:proceeding","111 popstate /app/settings/date_time#va8db1la","112 router POP /app/settings/date_time#va8db1la blockers=[1:unblocked]","118 react-commit p1 coordinator blocker#1:unblocked gv=21 iv=4 live=#1:unblocked","119 passive-effects-flushed live=#1:unblocked","120 react-commit p1 coordinator blocker#1:unblocked gv=23 iv=4 live=#1:unblocked","121 passive-effects-flushed live=#1:unblocked"]}
{"name":"check","id":"d1:return:traverse-forward-entry-exists","kind":"precondition","pass":true,"currentIndex":2}
{"name":"check","id":"d1:returned-to-s-clean","kind":"precondition","pass":true,"location":{"pathname":"/app/settings/sticky","key":"oedcxoas","state":null}}
{"name":"check","id":"r2:starts-clean-at-s","kind":"precondition","pass":true}
{"name":"check","id":"input:control-present:r2:toggle Pin by Default","kind":"precondition","pass":true,"selector":".settings-detail [role=\"switch\"][aria-label=\"Pin by Default\"]"}
{"name":"check","id":"input:hit-test:r2:toggle Pin by Default","kind":"precondition","pass":true,"selector":".settings-detail [role=\"switch\"][aria-label=\"Pin by Default\"]","hitTarget":"BUTTON.toggle"}
{"name":"check","id":"r2:save-failed-with-retry-offered","kind":"precondition","pass":true,"denied":[{"seq":139,"op":"set","key":"xai_pref_sticky_pin_default","value":"true","outcome":"denied"}],"alerts":["Pin by Default was not saved.RetryDiscard"]}
{"name":"check","id":"r2:traverse-back-entry-exists","kind":"precondition","pass":true,"currentIndex":3}
{"name":"check","id":"r2:back-held-dialog-open-url-restored","kind":"precondition","pass":true,"dialog":{"label":"Unsaved Sticky Note draft","text":"Sticky Note has unsaved changes.","buttons":["Stay","Export current draft","Discard local changes and leave"]},"location":{"pathname":"/app/settings/sticky","key":"oedcxoas","state":null},"step":{"fromIndex":3,"toIndex":2,"entryId":15}}
{"name":"check","id":"r2:held-guard-label-is-caller-not-fallback","kind":"product","deferred":true,"pass":true,"dialog":{"label":"Unsaved Sticky Note draft","text":"Sticky Note has unsaved changes.","buttons":["Stay","Export current draft","Discard local changes and leave"]}}
{"name":"check","id":"input:button-present:Retry Pin by Default","kind":"precondition","pass":true,"scope":".settings-detail"}
{"name":"check","id":"input:control-present:Retry Pin by Default","kind":"precondition","pass":true,"selector":"[data-f1-target=\"1\"]"}
{"name":"check","id":"input:hit-test:Retry Pin by Default","kind":"precondition","pass":true,"selector":"[data-f1-target=\"1\"]","hitTarget":"BUTTON."}
{"name":"check","id":"r2:location-deep-equal-p","kind":"product","deferred":true,"pass":true,"location":{"pathname":"/app/settings/date_time","key":"va8db1la","state":{"token":"f1-P"}},"expected":{"pathname":"/app/settings/date_time","key":"va8db1la","state":{"token":"f1-P"}}}
{"name":"check","id":"r2:exactly-one-pop-commit-zero-push-replace","kind":"product","deferred":true,"pass":true,"commits":[{"seq":168,"key":"va8db1la","pathname":"/app/settings/date_time","state":{"token":"f1-P"},"action":"POP"}],"history":[],"pops":1,"stackLength":4}
{"name":"check","id":"r2:dialog-closed-latest-written-once","kind":"product","deferred":true,"pass":true,"dialog":null,"writes":[{"seq":158,"op":"set","key":"xai_pref_sticky_pin_default","value":"true","outcome":"ok"}],"latest":"true","physical":"true"}
{"name":"check","id":"r2:blocker-proceed-exactly-once-from-blocked","kind":"product","deferred":true,"pass":true,"blockerCalls":[{"seq":161,"op":"proceed","blocker":6,"liveBlocker":6,"liveState":"blocked","path":"/app/settings/sticky"}]}
{"name":"check","id":"r2:zero-runtime-errors-no-error-boundary","kind":"product","deferred":true,"pass":true,"consoleErrors":[],"errorUi":[],"cdpRuntimeErrors":0}
{"name":"observation","case":"r2","release":"retry","pass":true,"f1Signature":false,"proceeds":1,"staleCommits":2,"guardVersions":[29,31,33,35],"stale":[{"seq":164,"coordinator":{"b":6,"s":"blocked","gv":31,"iv":6},"live":{"id":7,"state":"proceeding"}},{"seq":166,"coordinator":{"b":6,"s":"blocked","gv":33,"iv":6},"live":{"id":7,"state":"proceeding"}}],"timeline":["152 click Retry Pin by Default","153 lock-request xai:pref:v1:xai_pref_sticky_pin_default","154 react-commit p1 coordinator blocker#6:blocked gv=29 iv=5 live=#6:blocked","155 passive-effects-flushed live=#6:blocked","156 react-commit p3 coordinator blocker#6:blocked gv=31 iv=5 live=#6:blocked","158 set true ok","161 PROCEED blocker#6 live=#6:blocked","162 router POP /app/settings/sticky#oedcxoas blockers=[7:proceeding]","163 passive-effects-flushed live=#7:proceeding","164 react-commit p3 coordinator blocker#6:blocked gv=31 iv=6 live=#7:proceeding STALE","165 passive-effects-flushed live=#7:proceeding","166 react-commit p3 coordinator blocker#6:blocked gv=33 iv=6 live=#7:proceeding STALE","167 popstate /app/settings/date_time#va8db1la","168 router POP /app/settings/date_time#va8db1la blockers=[1:unblocked]","169 passive-effects-flushed live=#1:unblocked","175 react-commit p1 coordinator blocker#1:unblocked gv=33 iv=6 live=#1:unblocked","176 passive-effects-flushed live=#1:unblocked","177 react-commit p1 coordinator blocker#1:unblocked gv=35 iv=6 live=#1:unblocked","178 passive-effects-flushed live=#1:unblocked"]}
{"name":"check","id":"r2:return:traverse-forward-entry-exists","kind":"precondition","pass":true,"currentIndex":2}
{"name":"check","id":"r2:returned-to-s-clean","kind":"precondition","pass":true,"location":{"pathname":"/app/settings/sticky","key":"oedcxoas","state":null}}
{"name":"check","id":"run:no-unexpected-javascript-dialogs","kind":"precondition","pass":true,"unexpectedDialogs":[]}
{"name":"check","id":"run:react-observer-never-threw","kind":"precondition","pass":true}
{"name":"result","pass":true,"mode":"sticky","checks":62,"deferredFailures":[],"outcomes":[{"case":"r1","release":"retry","pass":true,"f1Signature":false,"proceeds":1,"staleCommits":2,"guardVersions":[7,9,11,13]},{"case":"d1","release":"discard","pass":true,"f1Signature":false,"proceeds":1,"staleCommits":1,"guardVersions":[19,21,23]},{"case":"r2","release":"retry","pass":true,"f1Signature":false,"proceeds":1,"staleCommits":2,"guardVersions":[29,31,33,35]}],"runtimeErrors":0,"runtimeErrorSamples":[],"consoleWarnings":0}
