revision=d7f1987
exit=1

 RUN  v3.2.7 /var/folders/zk/bxw8sv_15xx51q2mf6xhdb8c0000gn/T/xai-detail-review-WglhJo

 ❯ docs/reviews/web-board-detail-save-diagnosis/detail-contract.test.tsx (3 tests | 3 failed) 205ms
   × checklist: rejected canonical write preserves editable draft and reports failure 109ms
     → expect(element).toHaveValue(Unsaved valuable checklist)

Expected the element to have value:
  Unsaved valuable checklist
Received:

   × attachment: rejected canonical write preserves editable draft and reports failure 48ms
     → expect(element).toHaveValue(https://example.com/valuable-spec)

Expected the element to have value:
  https://example.com/valuable-spec
Received:

   × activity: rejected canonical write preserves editable draft and reports failure 46ms
     → expect(element).toHaveValue(Unsaved valuable activity)

Expected the element to have value:
  Unsaved valuable activity
Received:


 Test Files  1 failed (1)
      Tests  3 failed (3)
   Start at  14:51:27
   Duration  1.56s (transform 463ms, setup 146ms, collect 577ms, tests 205ms, environment 343ms, prepare 78ms)


stderr | docs/reviews/web-board-detail-save-diagnosis/detail-contract.test.tsx > checklist: rejected canonical write preserves editable draft and reports failure
[plugin-web-storage] quota exceeded for xai_boards_v2.

stderr | docs/reviews/web-board-detail-save-diagnosis/detail-contract.test.tsx > attachment: rejected canonical write preserves editable draft and reports failure
[plugin-web-storage] quota exceeded for xai_boards_v2.

stderr | docs/reviews/web-board-detail-save-diagnosis/detail-contract.test.tsx > activity: rejected canonical write preserves editable draft and reports failure
[plugin-web-storage] quota exceeded for xai_boards_v2.


⎯⎯⎯⎯⎯⎯⎯ Failed Tests 3 ⎯⎯⎯⎯⎯⎯⎯

 FAIL  docs/reviews/web-board-detail-save-diagnosis/detail-contract.test.tsx > checklist: rejected canonical write preserves editable draft and reports failure
Error: expect(element).toHaveValue(Unsaved valuable checklist)

Expected the element to have value:
  Unsaved valuable checklist
Received:

 ❯ docs/reviews/web-board-detail-save-diagnosis/detail-contract.test.tsx:19:38

⎯⎯⎯⎯⎯⎯⎯⎯⎯⎯⎯⎯⎯⎯⎯⎯⎯⎯⎯⎯⎯⎯⎯⎯[1/3]⎯

 FAIL  docs/reviews/web-board-detail-save-diagnosis/detail-contract.test.tsx > attachment: rejected canonical write preserves editable draft and reports failure
Error: expect(element).toHaveValue(https://example.com/valuable-spec)

Expected the element to have value:
  https://example.com/valuable-spec
Received:

 ❯ docs/reviews/web-board-detail-save-diagnosis/detail-contract.test.tsx:19:38

⎯⎯⎯⎯⎯⎯⎯⎯⎯⎯⎯⎯⎯⎯⎯⎯⎯⎯⎯⎯⎯⎯⎯⎯[2/3]⎯

 FAIL  docs/reviews/web-board-detail-save-diagnosis/detail-contract.test.tsx > activity: rejected canonical write preserves editable draft and reports failure
Error: expect(element).toHaveValue(Unsaved valuable activity)

Expected the element to have value:
  Unsaved valuable activity
Received:

 ❯ docs/reviews/web-board-detail-save-diagnosis/detail-contract.test.tsx:19:38

⎯⎯⎯⎯⎯⎯⎯⎯⎯⎯⎯⎯⎯⎯⎯⎯⎯⎯⎯⎯⎯⎯⎯⎯[3/3]⎯
