INDEPENDENT ASTRA product=2c5dc319126541085e7620c4c9ae23413db2c816 archive=/var/folders/zk/bxw8sv_15xx51q2mf6xhdb8c0000gn/T/astra-pref-engine-j7dkjteg test_sha256=9714f9d9e4c3ce6dda2914fdd792988356c697c4d9b49c9e1597854a46fc1bc8

 RUN  v3.2.7 /private/var/folders/zk/bxw8sv_15xx51q2mf6xhdb8c0000gn/T/astra-pref-engine-j7dkjteg/packages/plugin-web-storage

 ✓ src/__tests__/astraEngine.test.ts > control: absent create, raw baseline conflict, valid reset and no-op have truthful bytes/publication 3ms
 ✓ src/__tests__/astraEngine.test.ts > registered key codec cannot be replaced by a JSON codec through public mutatePref 0ms
 ✓ src/__tests__/astraEngine.test.ts > registered autosave codec cannot disagree with the registry on an absent key 0ms
 ✓ src/__tests__/astraEngine.test.ts > typed public Account setter must not coerce an object into a registered boolean 0ms
 ✓ src/__tests__/astraEngine.test.ts > typed public Account setter must not turn an invalid domain source into a replacement default 0ms
 ✓ src/__tests__/astraEngine.test.ts > typed public Account reset must not authorize deletion of an invalid domain source 0ms
 ✓ src/__tests__/astraEngine.test.ts > invalid absent default is rejected before invoking a functional updater 0ms
 ✓ src/__tests__/astraEngine.test.ts > invalid absent reset default cannot be returned as a successful validated snapshot 0ms
 ✓ src/__tests__/astraEngine.test.ts > unclassified key resolves to typed invalid refusal rather than rejecting its Promise 0ms
 ✓ src/__tests__/astraEngine.test.ts > control: validator/updater failure, physical null and failed exact read never write 0ms
 ✓ src/__tests__/astraEngine.test.ts > control: generic and both registered public canonical set/reset preserve original bytes 0ms
 ✓ src/__tests__/astraEngine.test.ts > control: all four public pref/autosave APIs wait for the same full physical key lock 1ms
 ✓ src/__tests__/astraEngine.test.ts > control: independent functional callers update latest persisted value, not stale snapshots 0ms
 ✓ src/__tests__/astraEngine.test.ts > control: queued key-lock owner change refuses before writing 0ms
 ✓ src/__tests__/astraEngine.test.ts > control: queued key-lock marker change refuses before writing 0ms
 ✓ src/__tests__/astraEngine.test.ts > control: queued key-lock tombstone change refuses before writing 0ms
 ✓ src/__tests__/astraEngine.test.ts > control: unavailable/rejected account or key lock never falls back to a physical write 0ms
 ✓ src/__tests__/astraEngine.test.ts > control: device branch takes only a key lock and observer exceptions cannot turn commit into failure 0ms
 ✓ src/__tests__/astraEngine.test.ts > public write retry reconciles a physically committed but unpublished readback-uncertain save 0ms
 ✓ src/__tests__/astraEngine.test.ts > public reset retry reconciles a physically removed but unpublished readback-uncertain reset 0ms
 ✓ src/__tests__/astraEngine.test.ts > control: before-migration async write is copied; independently queued writer waits then refuses stale generation 1ms

 Test Files  1 passed (1)
      Tests  21 passed (21)
   Start at  19:43:34
   Duration  835ms (transform 101ms, setup 0ms, collect 117ms, tests 10ms, environment 395ms, prepare 90ms)

EXIT_CODE=0
